11-18 17:35:02.405  1000  1072 I crcs    : Boost event recorded: [boost_package_name: com.oculus.vrshell, boost_type: OpenXR CPU Boost, boost_event: boost disabled, boost_durationMs: 5257]
11-18 17:35:21.020  1000  1072 I crcs    : Boost event recorded: [boost_package_name: com.oculus.vrshell, boost_type: OpenXR CPU Boost, boost_event: boost disabled, boost_durationMs: 6783]
11-18 17:36:04.020  3392  3578 I OpenXR_GPUMemTrace: Swapchain creation, id=186, idx=0, MemoryAllocationSize: 18325 KB
11-18 17:36:04.020  3392  3578 I OpenXR_GPUMemTrace: Swapchain creation, id=186, idx=1, MemoryAllocationSize: 18325 KB
11-18 17:36:04.020  3392  3578 I OpenXR_GPUMemTrace: Swapchain creation, id=186, idx=2, MemoryAllocationSize: 18325 KB
11-18 17:36:04.819  2387  3643 I OpenXR_Anchor: xrQuerySpacesFB: split anchor query enabled
11-18 17:36:04.820  3775  4418 I [CT]    : SP:AP:AnchorPersistenceRuntimeIpcServer: queryAvailableAnchorsSMV2: clientId: 1310376013, maxAnchors: 500, filter: 0, queryMultipleRoomsEnabledByOpenXrVersion: false, source: 2, appId: com.oculus.guardian
11-18 17:36:04.821  3775  4418 I [CT]    : SP:AP:AnchorPersistence: loadAvailableAnchorsLocal: appId: com.oculus.guardian, queryMultipleRoomsEnabledAppId: , queryMultipleRoomsEnabledByOpenXrVersion: false, applyEffectiveSingleRoomFilter: false
11-18 17:36:04.824  3775  4418 I [CT]    : SP:SceneAnchorFilterUtil: filterOutEntitiesAndComponents : Guardian:true, App OpenXR Version patch:34 (vs. min patch without filtering 45), appIdInOverrideString:false, ocKillswitch:false, fsKillswitch:false
11-18 17:36:05.323  3392  3578 I [SEO] VrPlatformOpenXr: xrPollEvent: received XR_TYPE_EVENT_DATA_REFERENCE_SPACE_CHANGE_PENDING event: 1000426000
11-18 17:36:05.323  3392  3578 I [SEO] VrPlatformOpenXr: xrPollEvent: received XR_TYPE_EVENT_DATA_REFERENCE_SPACE_CHANGE_PENDING event: 2
11-18 17:36:05.323  3392  3578 I [SEO] VrPlatformOpenXr: XR_TYPE_EVENT_DATA_REFERENCE_SPACE_CHANGE_PENDING : XR_REFERENCE_SPACE_TYPE_LOCAL
11-18 17:36:05.324  3392  3578 I [SEO] VrPlatformOpenXr: xrPollEvent: received XR_TYPE_EVENT_DATA_REFERENCE_SPACE_CHANGE_PENDING event: 3
11-18 17:36:05.338  3392  3578 I OpenXR_Passthrough: ------------ xrPassthroughLayerPauseFB -----------
11-18 17:36:05.343  1194  1378 I OpenXR_GPUMemTrace: Swapchain deletion destroy id=175, idx=0
11-18 17:36:05.343  1194  1378 I OpenXR_GPUMemTrace: Swapchain deletion destroy id=175, idx=1
11-18 17:36:05.349  3392  3578 I OpenXRAnchorDiscovery: xrDiscoverSpacesMETA: buildFilterMETA: filters is null
11-18 17:36:05.350  3775  4637 I [CT]    : SP:AP:AnchorPersistence: queryEntities: filterInfo: flags: 96, numUuids: 0, radius: -1, enabledComponents: 0, maxNumSpacesToQuery: 0, groupUuids: , tags: , dataSource: 1, hasTrackableStateFilter: 1, appId: com.oculus.vrshell, request: 6, appOpenXrVersion: 281474976710705
11-18 17:36:05.355  3775  4637 I [CT]    : SP:SceneAnchorFilterUtil: filterOutEntitiesAndComponents : Guardian:false, App OpenXR Version patch:49 (vs. min patch without filtering 45), appIdInOverrideString:false, ocKillswitch:false, fsKillswitch:false
11-18 17:36:05.360  1194  1378 I OpenXR_GPUMemTrace: Swapchain creation, id=187, idx=0, MemoryAllocationSize: 1621 KB
11-18 17:36:05.360  1194  1378 I OpenXR_GPUMemTrace: Swapchain creation, id=187, idx=1, MemoryAllocationSize: 1621 KB
11-18 17:36:05.454  1194  1378 I OpenXR_GPUMemTrace: Swapchain deletion destroy id=187, idx=0
11-18 17:36:05.454  1194  1378 I OpenXR_GPUMemTrace: Swapchain deletion destroy id=187, idx=1
11-18 17:36:05.825  2387  3643 I OpenXR_Anchor: xrQuerySpacesFB: split anchor query enabled
11-18 17:36:05.825  2387  3643 I [CT]    : SP:AP:AnchorPersistenceRuntimeIpcClient: loadAvailableAnchors: maxAnchors: 500, filter: 0, queryMultipleRoomsEnabledByOpenXrVersion: false, source: 2, appId: com.oculus.guardian
11-18 17:36:05.829  3775  4418 I [CT]    : SP:AP:AnchorPersistenceRuntimeIpcServer: queryAvailableAnchorsSMV2: clientId: 1310376013, maxAnchors: 500, filter: 0, queryMultipleRoomsEnabledByOpenXrVersion: false, source: 2, appId: com.oculus.guardian
11-18 17:36:05.829  3775  4418 I [CT]    : SP:SM:SceneManager: queryAvailableAnchors: maxAnchors: 500, filter: 0, queryMultipleRoomsEnabledByOpenXrVersion: false, source: 2, appId: com.oculus.guardian
11-18 17:36:05.829  3775  4418 I [CT]    : SP:AP:AnchorPersistence: loadAvailableAnchorsLocal: appId: com.oculus.guardian, queryMultipleRoomsEnabledAppId: , queryMultipleRoomsEnabledByOpenXrVersion: false, applyEffectiveSingleRoomFilter: false
11-18 17:36:05.834  3775  4418 I [CT]    : SP:SceneAnchorFilterUtil: filterOutEntitiesAndComponents : Guardian:true, App OpenXR Version patch:34 (vs. min patch without filtering 45), appIdInOverrideString:false, ocKillswitch:false, fsKillswitch:false
11-18 17:36:05.891  6962  7417 I chromium: [INFO:device/vr/openxr/openxr_api_wrapper.cc:2040] XR_TYPE_EVENT_DATA_REFERENCE_SPACE_CHANGE_PENDING for space 2
11-18 17:36:05.891  6962  7417 I chromium: [INFO:device/vr/openxr/openxr_api_wrapper.cc:2040] XR_TYPE_EVENT_DATA_REFERENCE_SPACE_CHANGE_PENDING for space 3
11-18 17:36:06.829  2387  3643 I OpenXR_Anchor: xrQuerySpacesFB: split anchor query enabled
11-18 17:36:06.831  3775  4418 I [CT]    : SP:AP:AnchorPersistenceRuntimeIpcServer: queryAvailableAnchorsSMV2: clientId: 1310376013, maxAnchors: 500, filter: 0, queryMultipleRoomsEnabledByOpenXrVersion: false, source: 2, appId: com.oculus.guardian
11-18 17:36:06.832  3775  4418 I [CT]    : SP:AP:AnchorPersistence: loadAvailableAnchorsLocal: appId: com.oculus.guardian, queryMultipleRoomsEnabledAppId: , queryMultipleRoomsEnabledByOpenXrVersion: false, applyEffectiveSingleRoomFilter: false
11-18 17:36:06.835  3775  4418 I [CT]    : SP:SceneAnchorFilterUtil: filterOutEntitiesAndComponents : Guardian:true, App OpenXR Version patch:34 (vs. min patch without filtering 45), appIdInOverrideString:false, ocKillswitch:false, fsKillswitch:false
11-18 17:36:07.226  3392  4425 I OpenXR_GPUMemTrace: Swapchain deletion destroy id=166, idx=0
11-18 17:36:07.226  3392  4425 I OpenXR_GPUMemTrace: Swapchain deletion destroy id=166, idx=1
11-18 17:36:07.226  3392  4425 I OpenXR_GPUMemTrace: Swapchain deletion destroy id=166, idx=2
11-18 17:36:07.351  3392  4425 I OpenXR_GPUMemTrace: Swapchain deletion destroy id=113, idx=0
11-18 17:36:07.351  3392  4425 I OpenXR_GPUMemTrace: Swapchain deletion destroy id=113, idx=1
11-18 17:36:07.351  3392  4425 I OpenXR_GPUMemTrace: Swapchain deletion destroy id=113, idx=2
11-18 17:36:07.421  3392  4425 I OpenXR_GPUMemTrace: Swapchain deletion destroy id=184, idx=0
11-18 17:36:07.421  3392  4425 I OpenXR_GPUMemTrace: Swapchain deletion destroy id=184, idx=1
11-18 17:36:07.421  3392  4425 I OpenXR_GPUMemTrace: Swapchain deletion destroy id=184, idx=2
11-18 17:36:07.449  3392  4425 I OpenXR_GPUMemTrace: Swapchain deletion destroy id=183, idx=0
11-18 17:36:07.449  3392  4425 I OpenXR_GPUMemTrace: Swapchain deletion destroy id=183, idx=1
11-18 17:36:07.449  3392  4425 I OpenXR_GPUMemTrace: Swapchain deletion destroy id=183, idx=2
11-18 17:36:07.833  2387  3643 I OpenXR_Anchor: xrQuerySpacesFB: split anchor query enabled
11-18 17:36:07.834  3775  4418 I [CT]    : SP:AP:AnchorPersistenceRuntimeIpcServer: queryAvailableAnchorsSMV2: clientId: 1310376013, maxAnchors: 500, filter: 0, queryMultipleRoomsEnabledByOpenXrVersion: false, source: 2, appId: com.oculus.guardian
11-18 17:36:07.835  3775  4418 I [CT]    : SP:AP:AnchorPersistence: loadAvailableAnchorsLocal: appId: com.oculus.guardian, queryMultipleRoomsEnabledAppId: , queryMultipleRoomsEnabledByOpenXrVersion: false, applyEffectiveSingleRoomFilter: false
11-18 17:36:07.839  3775  4418 I [CT]    : SP:SceneAnchorFilterUtil: filterOutEntitiesAndComponents : Guardian:true, App OpenXR Version patch:34 (vs. min patch without filtering 45), appIdInOverrideString:false, ocKillswitch:false, fsKillswitch:false
11-18 17:36:08.837  2387  3643 I OpenXR_Anchor: xrQuerySpacesFB: split anchor query enabled
11-18 17:36:08.839  3775  4418 I [CT]    : SP:AP:AnchorPersistenceRuntimeIpcServer: queryAvailableAnchorsSMV2: clientId: 1310376013, maxAnchors: 500, filter: 0, queryMultipleRoomsEnabledByOpenXrVersion: false, source: 2, appId: com.oculus.guardian
11-18 17:36:08.839  3775  4418 I [CT]    : SP:AP:AnchorPersistence: loadAvailableAnchorsLocal: appId: com.oculus.guardian, queryMultipleRoomsEnabledAppId: , queryMultipleRoomsEnabledByOpenXrVersion: false, applyEffectiveSingleRoomFilter: false
11-18 17:36:08.842  3775  4418 I [CT]    : SP:SceneAnchorFilterUtil: filterOutEntitiesAndComponents : Guardian:true, App OpenXR Version patch:34 (vs. min patch without filtering 45), appIdInOverrideString:false, ocKillswitch:false, fsKillswitch:false
11-18 17:36:09.888  2387  3643 I OpenXR_Anchor: xrQuerySpacesFB: split anchor query enabled
11-18 17:36:09.889  3775  4418 I [CT]    : SP:AP:AnchorPersistenceRuntimeIpcServer: queryAvailableAnchorsSMV2: clientId: 1310376013, maxAnchors: 500, filter: 0, queryMultipleRoomsEnabledByOpenXrVersion: false, source: 2, appId: com.oculus.guardian
11-18 17:36:09.890  3775  4418 I [CT]    : SP:AP:AnchorPersistence: loadAvailableAnchorsLocal: appId: com.oculus.guardian, queryMultipleRoomsEnabledAppId: , queryMultipleRoomsEnabledByOpenXrVersion: false, applyEffectiveSingleRoomFilter: false
11-18 17:36:09.896  3775  4418 I [CT]    : SP:SceneAnchorFilterUtil: filterOutEntitiesAndComponents : Guardian:true, App OpenXR Version patch:34 (vs. min patch without filtering 45), appIdInOverrideString:false, ocKillswitch:false, fsKillswitch:false
11-18 17:36:11.003  2387  3643 I OpenXR_Anchor: xrQuerySpacesFB: split anchor query enabled
11-18 17:36:11.005  3775  4418 I [CT]    : SP:AP:AnchorPersistenceRuntimeIpcServer: queryAvailableAnchorsSMV2: clientId: 1310376013, maxAnchors: 500, filter: 0, queryMultipleRoomsEnabledByOpenXrVersion: false, source: 2, appId: com.oculus.guardian
11-18 17:36:11.005  3775  4418 I [CT]    : SP:AP:AnchorPersistence: loadAvailableAnchorsLocal: appId: com.oculus.guardian, queryMultipleRoomsEnabledAppId: , queryMultipleRoomsEnabledByOpenXrVersion: false, applyEffectiveSingleRoomFilter: false
11-18 17:36:11.008  3775  4418 I [CT]    : SP:SceneAnchorFilterUtil: filterOutEntitiesAndComponents : Guardian:true, App OpenXR Version patch:34 (vs. min patch without filtering 45), appIdInOverrideString:false, ocKillswitch:false, fsKillswitch:false
11-18 17:36:12.024  1194  1378 I MRSS    : MIXEDREALITY: OpenXrSupport: OpenXR qualified success: xrBeginFrame(clientState_.session, &beginFrameDesc): XR_FRAME_DISCARDED
11-18 17:36:12.033  2387  3643 I OpenXR_Anchor: xrQuerySpacesFB: split anchor query enabled
11-18 17:36:12.037  3775  4418 I [CT]    : SP:AP:AnchorPersistenceRuntimeIpcServer: queryAvailableAnchorsSMV2: clientId: 1310376013, maxAnchors: 500, filter: 0, queryMultipleRoomsEnabledByOpenXrVersion: false, source: 2, appId: com.oculus.guardian
11-18 17:36:12.038  3775  4418 I [CT]    : SP:AP:AnchorPersistence: loadAvailableAnchorsLocal: appId: com.oculus.guardian, queryMultipleRoomsEnabledAppId: , queryMultipleRoomsEnabledByOpenXrVersion: false, applyEffectiveSingleRoomFilter: false
11-18 17:36:12.102  3392  3578 I [SEO] VrPlatformOpenXr: xrPollEvent: received XR_TYPE_EVENT_DATA_DISPLAY_REFRESH_RATE_CHANGED_FB event: fromRate 72.000000 -> toRate 90.000000
11-18 17:36:12.109  1194  1378 I MRSS    : MIXEDREALITY: OpenXrSupport: OpenXR qualified success: xrBeginFrame(clientState_.session, &beginFrameDesc): XR_FRAME_DISCARDED
11-18 17:36:12.225  3775  4418 I [CT]    : SP:SceneAnchorFilterUtil: filterOutEntitiesAndComponents : Guardian:true, App OpenXR Version patch:34 (vs. min patch without filtering 45), appIdInOverrideString:false, ocKillswitch:false, fsKillswitch:false
11-18 17:36:12.892  6962  7417 E chromium: [ERROR:device/vr/openxr/openxr_api_wrapper.cc:2204] Unhandled event type: 1000101000
11-18 17:36:13.104  2387  3643 I OpenXR_Anchor: xrQuerySpacesFB: split anchor query enabled
11-18 17:36:13.105  3775  4418 I [CT]    : SP:AP:AnchorPersistenceRuntimeIpcServer: queryAvailableAnchorsSMV2: clientId: 1310376013, maxAnchors: 500, filter: 0, queryMultipleRoomsEnabledByOpenXrVersion: false, source: 2, appId: com.oculus.guardian
11-18 17:36:13.105  3775  4418 I [CT]    : SP:AP:AnchorPersistence: loadAvailableAnchorsLocal: appId: com.oculus.guardian, queryMultipleRoomsEnabledAppId: , queryMultipleRoomsEnabledByOpenXrVersion: false, applyEffectiveSingleRoomFilter: false
11-18 17:36:13.109  3775  4418 I [CT]    : SP:SceneAnchorFilterUtil: filterOutEntitiesAndComponents : Guardian:true, App OpenXR Version patch:34 (vs. min patch without filtering 45), appIdInOverrideString:false, ocKillswitch:false, fsKillswitch:false
11-18 17:36:14.111  2387  3643 I OpenXR_Anchor: xrQuerySpacesFB: split anchor query enabled
11-18 17:36:14.116  3775  4418 I [CT]    : SP:AP:AnchorPersistenceRuntimeIpcServer: queryAvailableAnchorsSMV2: clientId: 1310376013, maxAnchors: 500, filter: 0, queryMultipleRoomsEnabledByOpenXrVersion: false, source: 2, appId: com.oculus.guardian
11-18 17:36:14.117  3775  4418 I [CT]    : SP:AP:AnchorPersistence: loadAvailableAnchorsLocal: appId: com.oculus.guardian, queryMultipleRoomsEnabledAppId: , queryMultipleRoomsEnabledByOpenXrVersion: false, applyEffectiveSingleRoomFilter: false
11-18 17:36:14.122  3775  4418 I [CT]    : SP:SceneAnchorFilterUtil: filterOutEntitiesAndComponents : Guardian:true, App OpenXR Version patch:34 (vs. min patch without filtering 45), appIdInOverrideString:false, ocKillswitch:false, fsKillswitch:false
11-18 17:36:14.809  3392  3578 I OpenXR_GPUMemTrace: Swapchain creation, id=188, idx=0, MemoryAllocationSize: 25 KB
11-18 17:36:15.119  2387  3643 I OpenXR_Anchor: xrQuerySpacesFB: split anchor query enabled
11-18 17:36:15.122  3775  4418 I [CT]    : SP:AP:AnchorPersistenceRuntimeIpcServer: queryAvailableAnchorsSMV2: clientId: 1310376013, maxAnchors: 500, filter: 0, queryMultipleRoomsEnabledByOpenXrVersion: false, source: 2, appId: com.oculus.guardian
11-18 17:36:15.122  3775  4418 I [CT]    : SP:AP:AnchorPersistence: loadAvailableAnchorsLocal: appId: com.oculus.guardian, queryMultipleRoomsEnabledAppId: , queryMultipleRoomsEnabledByOpenXrVersion: false, applyEffectiveSingleRoomFilter: false
11-18 17:36:15.128  3775  4418 I [CT]    : SP:SceneAnchorFilterUtil: filterOutEntitiesAndComponents : Guardian:true, App OpenXR Version patch:34 (vs. min patch without filtering 45), appIdInOverrideString:false, ocKillswitch:false, fsKillswitch:false
11-18 17:36:16.130  2387  3643 I OpenXR_Anchor: xrQuerySpacesFB: split anchor query enabled
11-18 17:36:16.131  2387  3643 I [CT]    : SP:AP:AnchorPersistenceRuntimeIpcClient: loadAvailableAnchors: maxAnchors: 500, filter: 0, queryMultipleRoomsEnabledByOpenXrVersion: false, source: 2, appId: com.oculus.guardian
11-18 17:36:16.135  3775  4418 I [CT]    : SP:AP:AnchorPersistenceRuntimeIpcServer: queryAvailableAnchorsSMV2: clientId: 1310376013, maxAnchors: 500, filter: 0, queryMultipleRoomsEnabledByOpenXrVersion: false, source: 2, appId: com.oculus.guardian
11-18 17:36:16.135  3775  4418 I [CT]    : SP:SM:SceneManager: queryAvailableAnchors: maxAnchors: 500, filter: 0, queryMultipleRoomsEnabledByOpenXrVersion: false, source: 2, appId: com.oculus.guardian
11-18 17:36:16.135  3775  4418 I [CT]    : SP:AP:AnchorPersistence: loadAvailableAnchorsLocal: appId: com.oculus.guardian, queryMultipleRoomsEnabledAppId: , queryMultipleRoomsEnabledByOpenXrVersion: false, applyEffectiveSingleRoomFilter: false
11-18 17:36:16.143  3775  4418 I [CT]    : SP:SceneAnchorFilterUtil: filterOutEntitiesAndComponents : Guardian:true, App OpenXR Version patch:34 (vs. min patch without filtering 45), appIdInOverrideString:false, ocKillswitch:false, fsKillswitch:false
11-18 17:36:17.156  2387  3643 I OpenXR_Anchor: xrQuerySpacesFB: split anchor query enabled
11-18 17:36:17.157  3775  4418 I [CT]    : SP:AP:AnchorPersistenceRuntimeIpcServer: queryAvailableAnchorsSMV2: clientId: 1310376013, maxAnchors: 500, filter: 0, queryMultipleRoomsEnabledByOpenXrVersion: false, source: 2, appId: com.oculus.guardian
11-18 17:36:17.157  3775  4418 I [CT]    : SP:AP:AnchorPersistence: loadAvailableAnchorsLocal: appId: com.oculus.guardian, queryMultipleRoomsEnabledAppId: , queryMultipleRoomsEnabledByOpenXrVersion: false, applyEffectiveSingleRoomFilter: false
11-18 17:36:17.165  3775  4418 I [CT]    : SP:SceneAnchorFilterUtil: filterOutEntitiesAndComponents : Guardian:true, App OpenXR Version patch:34 (vs. min patch without filtering 45), appIdInOverrideString:false, ocKillswitch:false, fsKillswitch:false
11-18 17:36:18.160  2387  3643 I OpenXR_Anchor: xrQuerySpacesFB: split anchor query enabled
11-18 17:36:18.162  3775  4418 I [CT]    : SP:AP:AnchorPersistenceRuntimeIpcServer: queryAvailableAnchorsSMV2: clientId: 1310376013, maxAnchors: 500, filter: 0, queryMultipleRoomsEnabledByOpenXrVersion: false, source: 2, appId: com.oculus.guardian
11-18 17:36:18.162  3775  4418 I [CT]    : SP:AP:AnchorPersistence: loadAvailableAnchorsLocal: appId: com.oculus.guardian, queryMultipleRoomsEnabledAppId: , queryMultipleRoomsEnabledByOpenXrVersion: false, applyEffectiveSingleRoomFilter: false
11-18 17:36:18.165  3775  4418 I [CT]    : SP:SceneAnchorFilterUtil: filterOutEntitiesAndComponents : Guardian:true, App OpenXR Version patch:34 (vs. min patch without filtering 45), appIdInOverrideString:false, ocKillswitch:false, fsKillswitch:false
11-18 17:36:18.802  3392  3578 I [SEO] VrPlatformOpenXr: xrPollEvent: Unknown event
11-18 17:36:18.802  3392  3578 I [SEO] VrPlatformOpenXr: xrPollEvent: received XR_TYPE_EVENT_DATA_USER_PRESENCE_CHANGED_EXT event: isUserPresent 0
11-18 17:36:18.862  1194  1378 I MRSS    : MIXEDREALITY: OpenXrSupport: OpenXR qualified success: xrBeginFrame(clientState_.session, &beginFrameDesc): XR_FRAME_DISCARDED
11-18 17:36:18.999  1194  1378 I MRSS    : MIXEDREALITY: OpenXrSupport: OpenXR qualified success: xrBeginFrame(clientState_.session, &beginFrameDesc): XR_FRAME_DISCARDED
11-18 17:36:19.069  1194  1378 I MRSS    : MIXEDREALITY: OpenXrSupport: OpenXR qualified success: xrBeginFrame(clientState_.session, &beginFrameDesc): XR_FRAME_DISCARDED
11-18 17:36:19.179  2387  3643 I OpenXR_Anchor: xrQuerySpacesFB: split anchor query enabled
11-18 17:36:19.183  3775  4418 I [CT]    : SP:AP:AnchorPersistenceRuntimeIpcServer: queryAvailableAnchorsSMV2: clientId: 1310376013, maxAnchors: 500, filter: 0, queryMultipleRoomsEnabledByOpenXrVersion: false, source: 2, appId: com.oculus.guardian
11-18 17:36:19.183  3775  4418 I [CT]    : SP:AP:AnchorPersistence: loadAvailableAnchorsLocal: appId: com.oculus.guardian, queryMultipleRoomsEnabledAppId: , queryMultipleRoomsEnabledByOpenXrVersion: false, applyEffectiveSingleRoomFilter: false
11-18 17:36:19.191  3775  4418 I [CT]    : SP:SceneAnchorFilterUtil: filterOutEntitiesAndComponents : Guardian:true, App OpenXR Version patch:34 (vs. min patch without filtering 45), appIdInOverrideString:false, ocKillswitch:false, fsKillswitch:false
11-18 17:36:19.497  2387  3643 I OpenXR_Hands: ------------ xrDestroyHandTrackerEXT -----------
11-18 17:36:19.498  2387  3643 I OpenXR_Hands: ------------ xrDestroyHandTrackerEXT -----------
11-18 17:36:21.060  3392  4425 I OpenXR_GPUMemTrace: Swapchain deletion destroy id=188, idx=0
11-18 17:36:25.692  3392  3578 I [SEO] VrPlatformOpenXr: xrPollEvent: Unknown event
11-18 17:36:25.692  3392  3578 I [SEO] VrPlatformOpenXr: xrPollEvent: received XR_TYPE_EVENT_DATA_USER_PRESENCE_CHANGED_EXT event: isUserPresent 1
11-18 17:36:25.706  3392  3578 I OpenXRAnchorDiscovery: xrDiscoverSpacesMETA: buildFilterMETA: filters is null
11-18 17:36:25.710  3392  3578 W [SEO] InputOpenXr: Interaction Profile retrieval failed: /user/eyes_ext
11-18 17:36:25.712  3392  3578 I OpenXR_Passthrough: ------------ xrPassthroughLayerResumeFB -----------
11-18 17:36:25.714  3775  4637 I [CT]    : SP:AP:AnchorPersistence: queryEntities: filterInfo: flags: 96, numUuids: 0, radius: -1, enabledComponents: 0, maxNumSpacesToQuery: 0, groupUuids: , tags: , dataSource: 1, hasTrackableStateFilter: 1, appId: com.oculus.vrshell, request: 7, appOpenXrVersion: 281474976710705
11-18 17:36:25.717  3392  3578 I [SEO] VrPlatformOpenXr: xrPollEvent: received XR_TYPE_EVENT_DATA_REFERENCE_SPACE_CHANGE_PENDING event: 1000426000
11-18 17:36:25.717  3392  3578 I [SEO] VrPlatformOpenXr: xrPollEvent: received XR_TYPE_EVENT_DATA_REFERENCE_SPACE_CHANGE_PENDING event: 2
11-18 17:36:25.717  3392  3578 I [SEO] VrPlatformOpenXr: XR_TYPE_EVENT_DATA_REFERENCE_SPACE_CHANGE_PENDING : XR_REFERENCE_SPACE_TYPE_LOCAL
11-18 17:36:25.724  2387  3643 W GuardianInput: GuardianInput::UpdateActionData needs a valid OpenXr Session!
11-18 17:36:25.724  2387  3643 W GuardianInput: GuardianInput::UpdateRawHeadLocation needs a valid OpenXr Session!
11-18 17:36:25.740  3775  4637 I [CT]    : SP:SceneAnchorFilterUtil: filterOutEntitiesAndComponents : Guardian:false, App OpenXR Version patch:49 (vs. min patch without filtering 45), appIdInOverrideString:false, ocKillswitch:false, fsKillswitch:false
11-18 17:36:25.829  1194  1378 I MRSS    : MIXEDREALITY: OpenXrSupport: OpenXR qualified success: xrBeginFrame(clientState_.session, &beginFrameDesc): XR_FRAME_DISCARDED
11-18 17:36:25.883  1194  1378 I OpenXR_GPUMemTrace: Swapchain creation, id=189, idx=0, MemoryAllocationSize: 1621 KB
11-18 17:36:25.893  1194  1378 I OpenXR_GPUMemTrace: Swapchain creation, id=189, idx=1, MemoryAllocationSize: 1621 KB
11-18 17:36:25.894  6962  7417 I chromium: [INFO:device/vr/openxr/openxr_api_wrapper.cc:2040] XR_TYPE_EVENT_DATA_REFERENCE_SPACE_CHANGE_PENDING for space 2
11-18 17:36:25.902  1194  1378 I MRSS    : MIXEDREALITY: OpenXrSupport: OpenXR qualified success: xrBeginFrame(clientState_.session, &beginFrameDesc): XR_FRAME_DISCARDED
11-18 17:36:26.056  3392  3578 I [SEO] VrPlatformOpenXr: xrPollEvent: received XR_TYPE_EVENT_DATA_PASSTHROUGH_LAYER_RESUMED_META event
11-18 17:36:26.056  3392  3578 I [SEO] MrServiceClientOpenXr: OnPassthroughLayerResumedEvent: KEYBOARD_HANDS_LAYER[0] PASSTHROUGH_FEATURE_FRAMEWORK_LAYER[1] PROJECTED_LAYER[0]
11-18 17:36:26.304  2387  3643 W GuardianInput: GuardianInput::UpdateRawHeadLocation needs a valid OpenXr Session!
11-18 17:36:26.305  2387  3643 I OpenXR_Hands: ------------ xrCreateHandTrackerEXT -----------
11-18 17:36:26.306  2387  3643 I OpenXR_Hands: ------------ xrCreateHandTrackerEXT -----------
11-18 17:36:26.432  2387  3643 I OpenXR_Anchor: xrQuerySpacesFB: split anchor query enabled
11-18 17:36:26.434  3775  4418 I [CT]    : SP:AP:AnchorPersistenceRuntimeIpcServer: queryAvailableAnchorsSMV2: clientId: 1310376013, maxAnchors: 500, filter: 0, queryMultipleRoomsEnabledByOpenXrVersion: false, source: 2, appId: com.oculus.guardian
11-18 17:36:26.434  3775  4418 I [CT]    : SP:AP:AnchorPersistence: loadAvailableAnchorsLocal: appId: com.oculus.guardian, queryMultipleRoomsEnabledAppId: , queryMultipleRoomsEnabledByOpenXrVersion: false, applyEffectiveSingleRoomFilter: false
11-18 17:36:26.446  3392  3578 I [SEO] VrPlatformOpenXr: xrPollEvent: received XR_TYPE_EVENT_DATA_REFERENCE_SPACE_CHANGE_PENDING event: 1000426000
11-18 17:36:26.446  3392  3578 I [SEO] VrPlatformOpenXr: xrPollEvent: received XR_TYPE_EVENT_DATA_REFERENCE_SPACE_CHANGE_PENDING event: 3
11-18 17:36:26.446  3392  3578 I [SEO] VrPlatformOpenXr: xrPollEvent: received XR_TYPE_EVENT_DATA_REFERENCE_SPACE_CHANGE_PENDING event: 1000426000
11-18 17:36:26.446  3392  3578 I [SEO] VrPlatformOpenXr: xrPollEvent: received XR_TYPE_EVENT_DATA_REFERENCE_SPACE_CHANGE_PENDING event: 2
11-18 17:36:26.446  3392  3578 I [SEO] VrPlatformOpenXr: XR_TYPE_EVENT_DATA_REFERENCE_SPACE_CHANGE_PENDING : XR_REFERENCE_SPACE_TYPE_LOCAL
11-18 17:36:26.453  3775  4418 I [CT]    : SP:SceneAnchorFilterUtil: filterOutEntitiesAndComponents : Guardian:true, App OpenXR Version patch:34 (vs. min patch without filtering 45), appIdInOverrideString:false, ocKillswitch:false, fsKillswitch:false
11-18 17:36:26.894  6962  7417 I chromium: [INFO:device/vr/openxr/openxr_api_wrapper.cc:2040] XR_TYPE_EVENT_DATA_REFERENCE_SPACE_CHANGE_PENDING for space 2
11-18 17:36:26.894  6962  7417 I chromium: [INFO:device/vr/openxr/openxr_api_wrapper.cc:2040] XR_TYPE_EVENT_DATA_REFERENCE_SPACE_CHANGE_PENDING for space 3
11-18 17:36:27.427  3392  3578 I [SEO] VrPlatformOpenXr: xrPollEvent: Unknown event
11-18 17:36:27.427  3392  3578 I [SEO] VrPlatformOpenXr: xrPollEvent: received XR_TYPE_EVENT_DATA_USER_PRESENCE_CHANGED_EXT event: isUserPresent 0
11-18 17:36:27.433  3392  3578 I OpenXR_Passthrough: ------------ xrPassthroughLayerPauseFB -----------
11-18 17:36:27.439  1194  1378 I OpenXR_GPUMemTrace: Swapchain deletion destroy id=189, idx=0
11-18 17:36:27.439  1194  1378 I OpenXR_GPUMemTrace: Swapchain deletion destroy id=189, idx=1
11-18 17:36:27.447  2387  3643 I OpenXRAnchorDiscovery: xrDiscoverSpacesMETA: buildFilterMETA: filters is null
11-18 17:36:27.451  3775  4418 I [CT]    : SP:AP:AnchorPersistence: queryEntities: filterInfo: flags: 96, numUuids: 0, radius: -1, enabledComponents: 0, maxNumSpacesToQuery: 0, groupUuids: , tags: , dataSource: 1, hasTrackableStateFilter: 1, appId: com.oculus.guardian, request: 51, appOpenXrVersion: 281474976710690
11-18 17:36:27.457  1194  1378 I OpenXR_GPUMemTrace: Swapchain creation, id=190, idx=0, MemoryAllocationSize: 1621 KB
11-18 17:36:27.457  1194  1378 I OpenXR_GPUMemTrace: Swapchain creation, id=190, idx=1, MemoryAllocationSize: 1621 KB
11-18 17:36:27.476  3775  4418 I [CT]    : SP:SceneAnchorFilterUtil: filterOutEntitiesAndComponents : Guardian:true, App OpenXR Version patch:34 (vs. min patch without filtering 45), appIdInOverrideString:false, ocKillswitch:false, fsKillswitch:false
11-18 17:36:27.542  1194  1378 I OpenXR_GPUMemTrace: Swapchain deletion destroy id=190, idx=0
11-18 17:36:27.542  1194  1378 I OpenXR_GPUMemTrace: Swapchain deletion destroy id=190, idx=1
11-18 17:36:27.950  3392  3578 I [SEO] VrPlatformOpenXr: xrPollEvent: received XR_TYPE_EVENT_DATA_REFERENCE_SPACE_CHANGE_PENDING event: 1000426000
11-18 17:36:27.951  3392  3578 I [SEO] VrPlatformOpenXr: xrPollEvent: received XR_TYPE_EVENT_DATA_REFERENCE_SPACE_CHANGE_PENDING event: 2
11-18 17:36:27.951  3392  3578 I [SEO] VrPlatformOpenXr: XR_TYPE_EVENT_DATA_REFERENCE_SPACE_CHANGE_PENDING : XR_REFERENCE_SPACE_TYPE_LOCAL
11-18 17:36:27.951  3392  3578 I [SEO] VrPlatformOpenXr: xrPollEvent: received XR_TYPE_EVENT_DATA_REFERENCE_SPACE_CHANGE_PENDING event: 3
11-18 17:36:28.153  2387  3643 I OpenXR_Hands: ------------ xrDestroyHandTrackerEXT -----------
11-18 17:36:28.153  2387  3643 I OpenXR_Hands: ------------ xrDestroyHandTrackerEXT -----------
11-18 17:36:28.263  3392  3578 I [SEO] VrPlatformOpenXr: xrPollEvent: Unknown event
11-18 17:36:28.263  3392  3578 I [SEO] VrPlatformOpenXr: xrPollEvent: received XR_TYPE_EVENT_DATA_USER_PRESENCE_CHANGED_EXT event: isUserPresent 1
11-18 17:36:28.275  3392  3578 I OpenXR_Passthrough: ------------ xrPassthroughLayerResumeFB -----------
11-18 17:36:28.287  3392  3578 I [SEO] VrPlatformOpenXr: xrPollEvent: received XR_TYPE_EVENT_DATA_REFERENCE_SPACE_CHANGE_PENDING event: 1000426000
11-18 17:36:28.287  3392  3578 I [SEO] VrPlatformOpenXr: xrPollEvent: received XR_TYPE_EVENT_DATA_REFERENCE_SPACE_CHANGE_PENDING event: 2
11-18 17:36:28.287  3392  3578 I [SEO] VrPlatformOpenXr: XR_TYPE_EVENT_DATA_REFERENCE_SPACE_CHANGE_PENDING : XR_REFERENCE_SPACE_TYPE_LOCAL
11-18 17:36:28.356  2387  3643 W GuardianInput: GuardianInput::UpdateActionData needs a valid OpenXr Session!
11-18 17:36:28.356  2387  3643 W GuardianInput: GuardianInput::UpdateRawHeadLocation needs a valid OpenXr Session!
11-18 17:36:28.361  1194  1378 I MRSS    : MIXEDREALITY: OpenXrSupport: OpenXR qualified success: xrBeginFrame(clientState_.session, &beginFrameDesc): XR_FRAME_DISCARDED
11-18 17:36:28.369  1194  1378 I OpenXR_GPUMemTrace: Swapchain creation, id=191, idx=0, MemoryAllocationSize: 1621 KB
11-18 17:36:28.369  1194  1378 I OpenXR_GPUMemTrace: Swapchain creation, id=191, idx=1, MemoryAllocationSize: 1621 KB
11-18 17:36:28.428  3392  3578 I [SEO] VrPlatformOpenXr: xrPollEvent: received XR_TYPE_EVENT_DATA_PASSTHROUGH_LAYER_RESUMED_META event
11-18 17:36:28.428  3392  3578 I [SEO] MrServiceClientOpenXr: OnPassthroughLayerResumedEvent: KEYBOARD_HANDS_LAYER[0] PASSTHROUGH_FEATURE_FRAMEWORK_LAYER[1] PROJECTED_LAYER[0]
11-18 17:36:28.875  2387  3643 W GuardianInput: GuardianInput::UpdateRawHeadLocation needs a valid OpenXr Session!
11-18 17:36:28.883  2387  3643 I OpenXR_Hands: ------------ xrCreateHandTrackerEXT -----------
11-18 17:36:28.883  2387  3643 I OpenXR_Hands: ------------ xrCreateHandTrackerEXT -----------
11-18 17:36:28.895  6962  7417 I chromium: [INFO:device/vr/openxr/openxr_api_wrapper.cc:2040] XR_TYPE_EVENT_DATA_REFERENCE_SPACE_CHANGE_PENDING for space 2
11-18 17:36:28.895  6962  7417 I chromium: [INFO:device/vr/openxr/openxr_api_wrapper.cc:2040] XR_TYPE_EVENT_DATA_REFERENCE_SPACE_CHANGE_PENDING for space 3
11-18 17:36:29.043  2387  3643 I OpenXR_Anchor: xrQuerySpacesFB: split anchor query enabled
11-18 17:36:29.046  3775  4418 I [CT]    : SP:AP:AnchorPersistenceRuntimeIpcServer: queryAvailableAnchorsSMV2: clientId: 1310376013, maxAnchors: 500, filter: 0, queryMultipleRoomsEnabledByOpenXrVersion: false, source: 2, appId: com.oculus.guardian
11-18 17:36:29.047  3775  4418 I [CT]    : SP:AP:AnchorPersistence: loadAvailableAnchorsLocal: appId: com.oculus.guardian, queryMultipleRoomsEnabledAppId: , queryMultipleRoomsEnabledByOpenXrVersion: false, applyEffectiveSingleRoomFilter: false
11-18 17:36:29.053  3775  4418 I [CT]    : SP:SceneAnchorFilterUtil: filterOutEntitiesAndComponents : Guardian:true, App OpenXR Version patch:34 (vs. min patch without filtering 45), appIdInOverrideString:false, ocKillswitch:false, fsKillswitch:false
11-18 17:36:29.063  3392  3578 I [SEO] VrPlatformOpenXr: xrPollEvent: received XR_TYPE_EVENT_DATA_REFERENCE_SPACE_CHANGE_PENDING event: 1000426000
11-18 17:36:29.063  3392  3578 I [SEO] VrPlatformOpenXr: xrPollEvent: received XR_TYPE_EVENT_DATA_REFERENCE_SPACE_CHANGE_PENDING event: 2
11-18 17:36:29.063  3392  3578 I [SEO] VrPlatformOpenXr: XR_TYPE_EVENT_DATA_REFERENCE_SPACE_CHANGE_PENDING : XR_REFERENCE_SPACE_TYPE_LOCAL
11-18 17:36:29.063  3392  3578 I [SEO] VrPlatformOpenXr: xrPollEvent: received XR_TYPE_EVENT_DATA_REFERENCE_SPACE_CHANGE_PENDING event: 3
11-18 17:36:29.895  6962  7417 I chromium: [INFO:device/vr/openxr/openxr_api_wrapper.cc:2040] XR_TYPE_EVENT_DATA_REFERENCE_SPACE_CHANGE_PENDING for space 2
11-18 17:36:29.895  6962  7417 I chromium: [INFO:device/vr/openxr/openxr_api_wrapper.cc:2040] XR_TYPE_EVENT_DATA_REFERENCE_SPACE_CHANGE_PENDING for space 3
11-18 17:36:30.084  2387  3643 I OpenXRAnchorDiscovery: xrDiscoverSpacesMETA: buildFilterMETA: filters is null
11-18 17:36:30.086  3775  4418 I [CT]    : SP:AP:AnchorPersistence: queryEntities: filterInfo: flags: 96, numUuids: 0, radius: -1, enabledComponents: 0, maxNumSpacesToQuery: 0, groupUuids: , tags: , dataSource: 1, hasTrackableStateFilter: 1, appId: com.oculus.guardian, request: 53, appOpenXrVersion: 281474976710690
11-18 17:36:30.093  3775  4418 I [CT]    : SP:SceneAnchorFilterUtil: filterOutEntitiesAndComponents : Guardian:true, App OpenXR Version patch:34 (vs. min patch without filtering 45), appIdInOverrideString:false, ocKillswitch:false, fsKillswitch:false
11-18 17:36:30.589  3392  3578 I [SEO] VrPlatformOpenXr: xrPollEvent: received XR_TYPE_EVENT_DATA_REFERENCE_SPACE_CHANGE_PENDING event: 1000426000
11-18 17:36:30.589  3392  3578 I [SEO] VrPlatformOpenXr: xrPollEvent: received XR_TYPE_EVENT_DATA_REFERENCE_SPACE_CHANGE_PENDING event: 3
11-18 17:36:30.600  3392  3578 I [SEO] VrPlatformOpenXr: xrPollEvent: received XR_TYPE_EVENT_DATA_REFERENCE_SPACE_CHANGE_PENDING event: 1000426000
11-18 17:36:30.600  3392  3578 I [SEO] VrPlatformOpenXr: xrPollEvent: received XR_TYPE_EVENT_DATA_REFERENCE_SPACE_CHANGE_PENDING event: 2
11-18 17:36:30.600  3392  3578 I [SEO] VrPlatformOpenXr: XR_TYPE_EVENT_DATA_REFERENCE_SPACE_CHANGE_PENDING : XR_REFERENCE_SPACE_TYPE_LOCAL
11-18 17:36:30.600  3392  3578 I OpenXR_Passthrough: ------------ xrPassthroughLayerPauseFB -----------
11-18 17:36:30.604  1194  1378 I OpenXR_GPUMemTrace: Swapchain deletion destroy id=191, idx=0
11-18 17:36:30.604  1194  1378 I OpenXR_GPUMemTrace: Swapchain deletion destroy id=191, idx=1
11-18 17:36:30.608  3392  3578 I OpenXRAnchorDiscovery: xrDiscoverSpacesMETA: buildFilterMETA: filters is null
11-18 17:36:30.620  1194  1378 I OpenXR_GPUMemTrace: Swapchain creation, id=192, idx=0, MemoryAllocationSize: 1621 KB
11-18 17:36:30.620  1194  1378 I OpenXR_GPUMemTrace: Swapchain creation, id=192, idx=1, MemoryAllocationSize: 1621 KB
11-18 17:36:30.626  3775  4637 I [CT]    : SP:AP:AnchorPersistence: queryEntities: filterInfo: flags: 96, numUuids: 0, radius: -1, enabledComponents: 0, maxNumSpacesToQuery: 0, groupUuids: , tags: , dataSource: 1, hasTrackableStateFilter: 1, appId: com.oculus.vrshell, request: 8, appOpenXrVersion: 281474976710705
11-18 17:36:30.637  3775  4637 I [CT]    : SP:SceneAnchorFilterUtil: filterOutEntitiesAndComponents : Guardian:false, App OpenXR Version patch:49 (vs. min patch without filtering 45), appIdInOverrideString:false, ocKillswitch:false, fsKillswitch:false
11-18 17:36:30.706  1194  1378 I OpenXR_GPUMemTrace: Swapchain deletion destroy id=192, idx=0
11-18 17:36:30.706  1194  1378 I OpenXR_GPUMemTrace: Swapchain deletion destroy id=192, idx=1
11-18 17:36:30.896  6962  7417 I chromium: [INFO:device/vr/openxr/openxr_api_wrapper.cc:2040] XR_TYPE_EVENT_DATA_REFERENCE_SPACE_CHANGE_PENDING for space 2
11-18 17:36:30.896  6962  7417 I chromium: [INFO:device/vr/openxr/openxr_api_wrapper.cc:2040] XR_TYPE_EVENT_DATA_REFERENCE_SPACE_CHANGE_PENDING for space 3
11-18 17:36:31.086  2387  3643 I OpenXR_Anchor: xrQuerySpacesFB: split anchor query enabled
11-18 17:36:31.088  3775  4418 I [CT]    : SP:AP:AnchorPersistenceRuntimeIpcServer: queryAvailableAnchorsSMV2: clientId: 1310376013, maxAnchors: 500, filter: 0, queryMultipleRoomsEnabledByOpenXrVersion: false, source: 2, appId: com.oculus.guardian
11-18 17:36:31.089  3775  4418 I [CT]    : SP:AP:AnchorPersistence: loadAvailableAnchorsLocal: appId: com.oculus.guardian, queryMultipleRoomsEnabledAppId: , queryMultipleRoomsEnabledByOpenXrVersion: false, applyEffectiveSingleRoomFilter: false
11-18 17:36:31.093  3775  4418 I [CT]    : SP:SceneAnchorFilterUtil: filterOutEntitiesAndComponents : Guardian:true, App OpenXR Version patch:34 (vs. min patch without filtering 45), appIdInOverrideString:false, ocKillswitch:false, fsKillswitch:false
11-18 17:36:32.089  2387  3643 I OpenXR_Anchor: xrQuerySpacesFB: split anchor query enabled
11-18 17:36:32.090  3775  4418 I [CT]    : SP:AP:AnchorPersistenceRuntimeIpcServer: queryAvailableAnchorsSMV2: clientId: 1310376013, maxAnchors: 500, filter: 0, queryMultipleRoomsEnabledByOpenXrVersion: false, source: 2, appId: com.oculus.guardian
11-18 17:36:32.091  3775  4418 I [CT]    : SP:AP:AnchorPersistence: loadAvailableAnchorsLocal: appId: com.oculus.guardian, queryMultipleRoomsEnabledAppId: , queryMultipleRoomsEnabledByOpenXrVersion: false, applyEffectiveSingleRoomFilter: false
11-18 17:36:32.098  3775  4418 I [CT]    : SP:SceneAnchorFilterUtil: filterOutEntitiesAndComponents : Guardian:true, App OpenXR Version patch:34 (vs. min patch without filtering 45), appIdInOverrideString:false, ocKillswitch:false, fsKillswitch:false
11-18 17:36:33.091  2387  3643 I OpenXR_Anchor: xrQuerySpacesFB: split anchor query enabled
11-18 17:36:33.093  3775  4418 I [CT]    : SP:AP:AnchorPersistenceRuntimeIpcServer: queryAvailableAnchorsSMV2: clientId: 1310376013, maxAnchors: 500, filter: 0, queryMultipleRoomsEnabledByOpenXrVersion: false, source: 2, appId: com.oculus.guardian
11-18 17:36:33.093  3775  4418 I [CT]    : SP:AP:AnchorPersistence: loadAvailableAnchorsLocal: appId: com.oculus.guardian, queryMultipleRoomsEnabledAppId: , queryMultipleRoomsEnabledByOpenXrVersion: false, applyEffectiveSingleRoomFilter: false
11-18 17:36:33.098  3775  4418 I [CT]    : SP:SceneAnchorFilterUtil: filterOutEntitiesAndComponents : Guardian:true, App OpenXR Version patch:34 (vs. min patch without filtering 45), appIdInOverrideString:false, ocKillswitch:false, fsKillswitch:false
11-18 17:36:34.094  2387  3643 I OpenXR_Anchor: xrQuerySpacesFB: split anchor query enabled
11-18 17:36:34.098  3775  4418 I [CT]    : SP:AP:AnchorPersistenceRuntimeIpcServer: queryAvailableAnchorsSMV2: clientId: 1310376013, maxAnchors: 500, filter: 0, queryMultipleRoomsEnabledByOpenXrVersion: false, source: 2, appId: com.oculus.guardian
11-18 17:36:34.098  3775  4418 I [CT]    : SP:AP:AnchorPersistence: loadAvailableAnchorsLocal: appId: com.oculus.guardian, queryMultipleRoomsEnabledAppId: , queryMultipleRoomsEnabledByOpenXrVersion: false, applyEffectiveSingleRoomFilter: false
11-18 17:36:34.102  3775  4418 I [CT]    : SP:SceneAnchorFilterUtil: filterOutEntitiesAndComponents : Guardian:true, App OpenXR Version patch:34 (vs. min patch without filtering 45), appIdInOverrideString:false, ocKillswitch:false, fsKillswitch:false
11-18 17:36:35.142  2387  3643 I OpenXR_Anchor: xrQuerySpacesFB: split anchor query enabled
11-18 17:36:35.142  2387  3643 I [CT]    : SP:AP:AnchorPersistenceRuntimeIpcClient: loadAvailableAnchors: maxAnchors: 500, filter: 0, queryMultipleRoomsEnabledByOpenXrVersion: false, source: 2, appId: com.oculus.guardian
11-18 17:36:35.143  3775  4418 I [CT]    : SP:AP:AnchorPersistenceRuntimeIpcServer: queryAvailableAnchorsSMV2: clientId: 1310376013, maxAnchors: 500, filter: 0, queryMultipleRoomsEnabledByOpenXrVersion: false, source: 2, appId: com.oculus.guardian
11-18 17:36:35.143  3775  4418 I [CT]    : SP:SM:SceneManager: queryAvailableAnchors: maxAnchors: 500, filter: 0, queryMultipleRoomsEnabledByOpenXrVersion: false, source: 2, appId: com.oculus.guardian
11-18 17:36:35.144  3775  4418 I [CT]    : SP:AP:AnchorPersistence: loadAvailableAnchorsLocal: appId: com.oculus.guardian, queryMultipleRoomsEnabledAppId: , queryMultipleRoomsEnabledByOpenXrVersion: false, applyEffectiveSingleRoomFilter: false
11-18 17:36:35.149  3775  4418 I [CT]    : SP:SceneAnchorFilterUtil: filterOutEntitiesAndComponents : Guardian:true, App OpenXR Version patch:34 (vs. min patch without filtering 45), appIdInOverrideString:false, ocKillswitch:false, fsKillswitch:false
11-18 17:36:36.246  2387  3643 I OpenXR_Anchor: xrQuerySpacesFB: split anchor query enabled
11-18 17:36:36.248  3775  4418 I [CT]    : SP:AP:AnchorPersistenceRuntimeIpcServer: queryAvailableAnchorsSMV2: clientId: 1310376013, maxAnchors: 500, filter: 0, queryMultipleRoomsEnabledByOpenXrVersion: false, source: 2, appId: com.oculus.guardian
11-18 17:36:36.248  3775  4418 I [CT]    : SP:AP:AnchorPersistence: loadAvailableAnchorsLocal: appId: com.oculus.guardian, queryMultipleRoomsEnabledAppId: , queryMultipleRoomsEnabledByOpenXrVersion: false, applyEffectiveSingleRoomFilter: false
11-18 17:36:36.252  3775  4418 I [CT]    : SP:SceneAnchorFilterUtil: filterOutEntitiesAndComponents : Guardian:true, App OpenXR Version patch:34 (vs. min patch without filtering 45), appIdInOverrideString:false, ocKillswitch:false, fsKillswitch:false
11-18 17:36:37.352  2387  3643 I OpenXR_Anchor: xrQuerySpacesFB: split anchor query enabled
11-18 17:36:37.353  3775  4418 I [CT]    : SP:AP:AnchorPersistenceRuntimeIpcServer: queryAvailableAnchorsSMV2: clientId: 1310376013, maxAnchors: 500, filter: 0, queryMultipleRoomsEnabledByOpenXrVersion: false, source: 2, appId: com.oculus.guardian
11-18 17:36:37.354  3775  4418 I [CT]    : SP:AP:AnchorPersistence: loadAvailableAnchorsLocal: appId: com.oculus.guardian, queryMultipleRoomsEnabledAppId: , queryMultipleRoomsEnabledByOpenXrVersion: false, applyEffectiveSingleRoomFilter: false
11-18 17:36:37.357  3775  4418 I [CT]    : SP:SceneAnchorFilterUtil: filterOutEntitiesAndComponents : Guardian:true, App OpenXR Version patch:34 (vs. min patch without filtering 45), appIdInOverrideString:false, ocKillswitch:false, fsKillswitch:false
11-18 17:36:38.470  2387  3643 I OpenXR_Anchor: xrQuerySpacesFB: split anchor query enabled
11-18 17:36:38.472  3775  4418 I [CT]    : SP:AP:AnchorPersistenceRuntimeIpcServer: queryAvailableAnchorsSMV2: clientId: 1310376013, maxAnchors: 500, filter: 0, queryMultipleRoomsEnabledByOpenXrVersion: false, source: 2, appId: com.oculus.guardian
11-18 17:36:38.472  3775  4418 I [CT]    : SP:AP:AnchorPersistence: loadAvailableAnchorsLocal: appId: com.oculus.guardian, queryMultipleRoomsEnabledAppId: , queryMultipleRoomsEnabledByOpenXrVersion: false, applyEffectiveSingleRoomFilter: false
11-18 17:36:38.476  3775  4418 I [CT]    : SP:SceneAnchorFilterUtil: filterOutEntitiesAndComponents : Guardian:true, App OpenXR Version patch:34 (vs. min patch without filtering 45), appIdInOverrideString:false, ocKillswitch:false, fsKillswitch:false
11-18 17:36:39.576  2387  3643 I OpenXR_Anchor: xrQuerySpacesFB: split anchor query enabled
11-18 17:36:39.579  3775  4418 I [CT]    : SP:AP:AnchorPersistenceRuntimeIpcServer: queryAvailableAnchorsSMV2: clientId: 1310376013, maxAnchors: 500, filter: 0, queryMultipleRoomsEnabledByOpenXrVersion: false, source: 2, appId: com.oculus.guardian
11-18 17:36:39.579  3775  4418 I [CT]    : SP:AP:AnchorPersistence: loadAvailableAnchorsLocal: appId: com.oculus.guardian, queryMultipleRoomsEnabledAppId: , queryMultipleRoomsEnabledByOpenXrVersion: false, applyEffectiveSingleRoomFilter: false
11-18 17:36:39.585  3775  4418 I [CT]    : SP:SceneAnchorFilterUtil: filterOutEntitiesAndComponents : Guardian:true, App OpenXR Version patch:34 (vs. min patch without filtering 45), appIdInOverrideString:false, ocKillswitch:false, fsKillswitch:false
11-18 17:36:40.684  2387  3643 I OpenXR_Anchor: xrQuerySpacesFB: split anchor query enabled
11-18 17:36:40.686  3775  4418 I [CT]    : SP:AP:AnchorPersistenceRuntimeIpcServer: queryAvailableAnchorsSMV2: clientId: 1310376013, maxAnchors: 500, filter: 0, queryMultipleRoomsEnabledByOpenXrVersion: false, source: 2, appId: com.oculus.guardian
11-18 17:36:40.686  3775  4418 I [CT]    : SP:AP:AnchorPersistence: loadAvailableAnchorsLocal: appId: com.oculus.guardian, queryMultipleRoomsEnabledAppId: , queryMultipleRoomsEnabledByOpenXrVersion: false, applyEffectiveSingleRoomFilter: false
11-18 17:36:40.689  3775  4418 I [CT]    : SP:SceneAnchorFilterUtil: filterOutEntitiesAndComponents : Guardian:true, App OpenXR Version patch:34 (vs. min patch without filtering 45), appIdInOverrideString:false, ocKillswitch:false, fsKillswitch:false
11-18 17:36:41.790  2387  3643 I OpenXR_Anchor: xrQuerySpacesFB: split anchor query enabled
11-18 17:36:41.790  3775  4418 I [CT]    : SP:AP:AnchorPersistenceRuntimeIpcServer: queryAvailableAnchorsSMV2: clientId: 1310376013, maxAnchors: 500, filter: 0, queryMultipleRoomsEnabledByOpenXrVersion: false, source: 2, appId: com.oculus.guardian
11-18 17:36:41.791  3775  4418 I [CT]    : SP:AP:AnchorPersistence: loadAvailableAnchorsLocal: appId: com.oculus.guardian, queryMultipleRoomsEnabledAppId: , queryMultipleRoomsEnabledByOpenXrVersion: false, applyEffectiveSingleRoomFilter: false
11-18 17:36:41.794  3775  4418 I [CT]    : SP:SceneAnchorFilterUtil: filterOutEntitiesAndComponents : Guardian:true, App OpenXR Version patch:34 (vs. min patch without filtering 45), appIdInOverrideString:false, ocKillswitch:false, fsKillswitch:false
11-18 17:36:42.903  2387  3643 I OpenXR_Anchor: xrQuerySpacesFB: split anchor query enabled
11-18 17:36:42.904  3775  4418 I [CT]    : SP:AP:AnchorPersistenceRuntimeIpcServer: queryAvailableAnchorsSMV2: clientId: 1310376013, maxAnchors: 500, filter: 0, queryMultipleRoomsEnabledByOpenXrVersion: false, source: 2, appId: com.oculus.guardian
11-18 17:36:42.905  3775  4418 I [CT]    : SP:AP:AnchorPersistence: loadAvailableAnchorsLocal: appId: com.oculus.guardian, queryMultipleRoomsEnabledAppId: , queryMultipleRoomsEnabledByOpenXrVersion: false, applyEffectiveSingleRoomFilter: false
11-18 17:36:42.911  3775  4418 I [CT]    : SP:SceneAnchorFilterUtil: filterOutEntitiesAndComponents : Guardian:true, App OpenXR Version patch:34 (vs. min patch without filtering 45), appIdInOverrideString:false, ocKillswitch:false, fsKillswitch:false
11-18 17:36:44.015  2387  3643 I OpenXR_Anchor: xrQuerySpacesFB: split anchor query enabled
11-18 17:36:44.016  3775  4418 I [CT]    : SP:AP:AnchorPersistenceRuntimeIpcServer: queryAvailableAnchorsSMV2: clientId: 1310376013, maxAnchors: 500, filter: 0, queryMultipleRoomsEnabledByOpenXrVersion: false, source: 2, appId: com.oculus.guardian
11-18 17:36:44.017  3775  4418 I [CT]    : SP:AP:AnchorPersistence: loadAvailableAnchorsLocal: appId: com.oculus.guardian, queryMultipleRoomsEnabledAppId: , queryMultipleRoomsEnabledByOpenXrVersion: false, applyEffectiveSingleRoomFilter: false
11-18 17:36:44.020  3775  4418 I [CT]    : SP:SceneAnchorFilterUtil: filterOutEntitiesAndComponents : Guardian:true, App OpenXR Version patch:34 (vs. min patch without filtering 45), appIdInOverrideString:false, ocKillswitch:false, fsKillswitch:false
11-18 17:36:45.119  2387  3643 I OpenXR_Anchor: xrQuerySpacesFB: split anchor query enabled
11-18 17:36:45.120  3775  4418 I [CT]    : SP:AP:AnchorPersistenceRuntimeIpcServer: queryAvailableAnchorsSMV2: clientId: 1310376013, maxAnchors: 500, filter: 0, queryMultipleRoomsEnabledByOpenXrVersion: false, source: 2, appId: com.oculus.guardian
11-18 17:36:45.120  3775  4418 I [CT]    : SP:AP:AnchorPersistence: loadAvailableAnchorsLocal: appId: com.oculus.guardian, queryMultipleRoomsEnabledAppId: , queryMultipleRoomsEnabledByOpenXrVersion: false, applyEffectiveSingleRoomFilter: false
11-18 17:36:45.124  3775  4418 I [CT]    : SP:SceneAnchorFilterUtil: filterOutEntitiesAndComponents : Guardian:true, App OpenXR Version patch:34 (vs. min patch without filtering 45), appIdInOverrideString:false, ocKillswitch:false, fsKillswitch:false
11-18 17:36:46.226  2387  3643 I OpenXR_Anchor: xrQuerySpacesFB: split anchor query enabled
11-18 17:36:46.227  2387  3643 I [CT]    : SP:AP:AnchorPersistenceRuntimeIpcClient: loadAvailableAnchors: maxAnchors: 500, filter: 0, queryMultipleRoomsEnabledByOpenXrVersion: false, source: 2, appId: com.oculus.guardian
11-18 17:36:46.229  3775  4418 I [CT]    : SP:AP:AnchorPersistenceRuntimeIpcServer: queryAvailableAnchorsSMV2: clientId: 1310376013, maxAnchors: 500, filter: 0, queryMultipleRoomsEnabledByOpenXrVersion: false, source: 2, appId: com.oculus.guardian
11-18 17:36:46.229  3775  4418 I [CT]    : SP:SM:SceneManager: queryAvailableAnchors: maxAnchors: 500, filter: 0, queryMultipleRoomsEnabledByOpenXrVersion: false, source: 2, appId: com.oculus.guardian
11-18 17:36:46.230  3775  4418 I [CT]    : SP:AP:AnchorPersistence: loadAvailableAnchorsLocal: appId: com.oculus.guardian, queryMultipleRoomsEnabledAppId: , queryMultipleRoomsEnabledByOpenXrVersion: false, applyEffectiveSingleRoomFilter: false
11-18 17:36:46.234  3775  4418 I [CT]    : SP:SceneAnchorFilterUtil: filterOutEntitiesAndComponents : Guardian:true, App OpenXR Version patch:34 (vs. min patch without filtering 45), appIdInOverrideString:false, ocKillswitch:false, fsKillswitch:false
11-18 17:36:47.338  2387  3643 I OpenXR_Anchor: xrQuerySpacesFB: split anchor query enabled
11-18 17:36:47.340  3775  4418 I [CT]    : SP:AP:AnchorPersistenceRuntimeIpcServer: queryAvailableAnchorsSMV2: clientId: 1310376013, maxAnchors: 500, filter: 0, queryMultipleRoomsEnabledByOpenXrVersion: false, source: 2, appId: com.oculus.guardian
11-18 17:36:47.342  3775  4418 I [CT]    : SP:AP:AnchorPersistence: loadAvailableAnchorsLocal: appId: com.oculus.guardian, queryMultipleRoomsEnabledAppId: , queryMultipleRoomsEnabledByOpenXrVersion: false, applyEffectiveSingleRoomFilter: false
11-18 17:36:47.350  3775  4418 I [CT]    : SP:SceneAnchorFilterUtil: filterOutEntitiesAndComponents : Guardian:true, App OpenXR Version patch:34 (vs. min patch without filtering 45), appIdInOverrideString:false, ocKillswitch:false, fsKillswitch:false
11-18 17:36:48.448  2387  3643 I OpenXR_Anchor: xrQuerySpacesFB: split anchor query enabled
11-18 17:36:48.450  3775  4418 I [CT]    : SP:AP:AnchorPersistenceRuntimeIpcServer: queryAvailableAnchorsSMV2: clientId: 1310376013, maxAnchors: 500, filter: 0, queryMultipleRoomsEnabledByOpenXrVersion: false, source: 2, appId: com.oculus.guardian
11-18 17:36:48.450  3775  4418 I [CT]    : SP:AP:AnchorPersistence: loadAvailableAnchorsLocal: appId: com.oculus.guardian, queryMultipleRoomsEnabledAppId: , queryMultipleRoomsEnabledByOpenXrVersion: false, applyEffectiveSingleRoomFilter: false
11-18 17:36:48.454  3775  4418 I [CT]    : SP:SceneAnchorFilterUtil: filterOutEntitiesAndComponents : Guardian:true, App OpenXR Version patch:34 (vs. min patch without filtering 45), appIdInOverrideString:false, ocKillswitch:false, fsKillswitch:false
11-18 17:36:49.571  2387  3643 I OpenXR_Anchor: xrQuerySpacesFB: split anchor query enabled
11-18 17:36:49.572  3775  4418 I [CT]    : SP:AP:AnchorPersistenceRuntimeIpcServer: queryAvailableAnchorsSMV2: clientId: 1310376013, maxAnchors: 500, filter: 0, queryMultipleRoomsEnabledByOpenXrVersion: false, source: 2, appId: com.oculus.guardian
11-18 17:36:49.572  3775  4418 I [CT]    : SP:AP:AnchorPersistence: loadAvailableAnchorsLocal: appId: com.oculus.guardian, queryMultipleRoomsEnabledAppId: , queryMultipleRoomsEnabledByOpenXrVersion: false, applyEffectiveSingleRoomFilter: false
11-18 17:36:49.575  3775  4418 I [CT]    : SP:SceneAnchorFilterUtil: filterOutEntitiesAndComponents : Guardian:true, App OpenXR Version patch:34 (vs. min patch without filtering 45), appIdInOverrideString:false, ocKillswitch:false, fsKillswitch:false
11-18 17:36:50.682  2387  3643 I OpenXR_Anchor: xrQuerySpacesFB: split anchor query enabled
11-18 17:36:50.683  3775  4418 I [CT]    : SP:AP:AnchorPersistenceRuntimeIpcServer: queryAvailableAnchorsSMV2: clientId: 1310376013, maxAnchors: 500, filter: 0, queryMultipleRoomsEnabledByOpenXrVersion: false, source: 2, appId: com.oculus.guardian
