11-18 17:36:50.683  3775  4418 I [CT]    : SP:AP:AnchorPersistence: loadAvailableAnchorsLocal: appId: com.oculus.guardian, queryMultipleRoomsEnabledAppId: , queryMultipleRoomsEnabledByOpenXrVersion: false, applyEffectiveSingleRoomFilter: false
11-18 17:36:50.687  3775  4418 I [CT]    : SP:SceneAnchorFilterUtil: filterOutEntitiesAndComponents : Guardian:true, App OpenXR Version patch:34 (vs. min patch without filtering 45), appIdInOverrideString:false, ocKillswitch:false, fsKillswitch:false
11-18 17:36:51.792  2387  3643 I OpenXR_Anchor: xrQuerySpacesFB: split anchor query enabled
11-18 17:36:51.793  3775  4418 I [CT]    : SP:AP:AnchorPersistenceRuntimeIpcServer: queryAvailableAnchorsSMV2: clientId: 1310376013, maxAnchors: 500, filter: 0, queryMultipleRoomsEnabledByOpenXrVersion: false, source: 2, appId: com.oculus.guardian
11-18 17:36:51.793  3775  4418 I [CT]    : SP:AP:AnchorPersistence: loadAvailableAnchorsLocal: appId: com.oculus.guardian, queryMultipleRoomsEnabledAppId: , queryMultipleRoomsEnabledByOpenXrVersion: false, applyEffectiveSingleRoomFilter: false
11-18 17:36:51.798  3775  4418 I [CT]    : SP:SceneAnchorFilterUtil: filterOutEntitiesAndComponents : Guardian:true, App OpenXR Version patch:34 (vs. min patch without filtering 45), appIdInOverrideString:false, ocKillswitch:false, fsKillswitch:false
11-18 17:36:52.897  2387  3643 I OpenXR_Anchor: xrQuerySpacesFB: split anchor query enabled
11-18 17:36:52.898  3775  4418 I [CT]    : SP:AP:AnchorPersistenceRuntimeIpcServer: queryAvailableAnchorsSMV2: clientId: 1310376013, maxAnchors: 500, filter: 0, queryMultipleRoomsEnabledByOpenXrVersion: false, source: 2, appId: com.oculus.guardian
11-18 17:36:52.899  3775  4418 I [CT]    : SP:AP:AnchorPersistence: loadAvailableAnchorsLocal: appId: com.oculus.guardian, queryMultipleRoomsEnabledAppId: , queryMultipleRoomsEnabledByOpenXrVersion: false, applyEffectiveSingleRoomFilter: false
11-18 17:36:52.903  3775  4418 I [CT]    : SP:SceneAnchorFilterUtil: filterOutEntitiesAndComponents : Guardian:true, App OpenXR Version patch:34 (vs. min patch without filtering 45), appIdInOverrideString:false, ocKillswitch:false, fsKillswitch:false
11-18 17:36:54.008  2387  3643 I OpenXR_Anchor: xrQuerySpacesFB: split anchor query enabled
11-18 17:36:54.009  3775  4418 I [CT]    : SP:AP:AnchorPersistenceRuntimeIpcServer: queryAvailableAnchorsSMV2: clientId: 1310376013, maxAnchors: 500, filter: 0, queryMultipleRoomsEnabledByOpenXrVersion: false, source: 2, appId: com.oculus.guardian
11-18 17:36:54.009  3775  4418 I [CT]    : SP:AP:AnchorPersistence: loadAvailableAnchorsLocal: appId: com.oculus.guardian, queryMultipleRoomsEnabledAppId: , queryMultipleRoomsEnabledByOpenXrVersion: false, applyEffectiveSingleRoomFilter: false
11-18 17:36:54.014  3775  4418 I [CT]    : SP:SceneAnchorFilterUtil: filterOutEntitiesAndComponents : Guardian:true, App OpenXR Version patch:34 (vs. min patch without filtering 45), appIdInOverrideString:false, ocKillswitch:false, fsKillswitch:false
11-18 17:36:55.125  2387  3643 I OpenXR_Anchor: xrQuerySpacesFB: split anchor query enabled
11-18 17:36:55.127  3775  4418 I [CT]    : SP:AP:AnchorPersistenceRuntimeIpcServer: queryAvailableAnchorsSMV2: clientId: 1310376013, maxAnchors: 500, filter: 0, queryMultipleRoomsEnabledByOpenXrVersion: false, source: 2, appId: com.oculus.guardian
11-18 17:36:55.127  3775  4418 I [CT]    : SP:AP:AnchorPersistence: loadAvailableAnchorsLocal: appId: com.oculus.guardian, queryMultipleRoomsEnabledAppId: , queryMultipleRoomsEnabledByOpenXrVersion: false, applyEffectiveSingleRoomFilter: false
11-18 17:36:55.133  3775  4418 I [CT]    : SP:SceneAnchorFilterUtil: filterOutEntitiesAndComponents : Guardian:true, App OpenXR Version patch:34 (vs. min patch without filtering 45), appIdInOverrideString:false, ocKillswitch:false, fsKillswitch:false
11-18 17:36:56.230  2387  3643 I OpenXRAnchorDiscovery: xrDiscoverSpacesMETA: buildFilterMETA: filters is null
11-18 17:36:56.232  3775  4418 I [CT]    : SP:AP:AnchorPersistence: queryEntities: filterInfo: flags: 96, numUuids: 0, radius: -1, enabledComponents: 0, maxNumSpacesToQuery: 0, groupUuids: , tags: , dataSource: 1, hasTrackableStateFilter: 1, appId: com.oculus.guardian, request: 77, appOpenXrVersion: 281474976710690
11-18 17:36:56.235  3775  4418 I [CT]    : SP:SceneAnchorFilterUtil: filterOutEntitiesAndComponents : Guardian:true, App OpenXR Version patch:34 (vs. min patch without filtering 45), appIdInOverrideString:false, ocKillswitch:false, fsKillswitch:false
11-18 17:36:57.323  3392  3578 I [SEO] VrPlatformOpenXr: xrPollEvent: Unknown event
11-18 17:36:57.323  3392  3578 I [SEO] VrPlatformOpenXr: xrPollEvent: received XR_TYPE_EVENT_DATA_USER_PRESENCE_CHANGED_EXT event: isUserPresent 0
11-18 17:36:58.025  2387  3643 I OpenXR_Hands: ------------ xrDestroyHandTrackerEXT -----------
11-18 17:36:58.025  2387  3643 I OpenXR_Hands: ------------ xrDestroyHandTrackerEXT -----------
11-18 17:36:59.004  3392  3578 I [SEO] VrPlatformOpenXr: xrPollEvent: Unknown event
11-18 17:36:59.004  3392  3578 I [SEO] VrPlatformOpenXr: xrPollEvent: received XR_TYPE_EVENT_DATA_USER_PRESENCE_CHANGED_EXT event: isUserPresent 1
11-18 17:36:59.017  3392  3578 I OpenXRAnchorDiscovery: xrDiscoverSpacesMETA: buildFilterMETA: filters is null
11-18 17:36:59.019  3775  4637 I [CT]    : SP:AP:AnchorPersistence: queryEntities: filterInfo: flags: 96, numUuids: 0, radius: -1, enabledComponents: 0, maxNumSpacesToQuery: 0, groupUuids: , tags: , dataSource: 1, hasTrackableStateFilter: 1, appId: com.oculus.vrshell, request: 9, appOpenXrVersion: 281474976710705
11-18 17:36:59.022  3775  4637 I [CT]    : SP:SceneAnchorFilterUtil: filterOutEntitiesAndComponents : Guardian:false, App OpenXR Version patch:49 (vs. min patch without filtering 45), appIdInOverrideString:false, ocKillswitch:false, fsKillswitch:false
11-18 17:36:59.024  3392  3578 I OpenXR_Passthrough: ------------ xrPassthroughLayerResumeFB -----------
11-18 17:36:59.029  3392  3578 I [SEO] VrPlatformOpenXr: xrPollEvent: received XR_TYPE_EVENT_DATA_REFERENCE_SPACE_CHANGE_PENDING event: 1000426000
11-18 17:36:59.029  3392  3578 I [SEO] VrPlatformOpenXr: xrPollEvent: received XR_TYPE_EVENT_DATA_REFERENCE_SPACE_CHANGE_PENDING event: 2
11-18 17:36:59.029  3392  3578 I [SEO] VrPlatformOpenXr: XR_TYPE_EVENT_DATA_REFERENCE_SPACE_CHANGE_PENDING : XR_REFERENCE_SPACE_TYPE_LOCAL
11-18 17:36:59.032  2387  3643 W GuardianInput: GuardianInput::UpdateActionData needs a valid OpenXr Session!
11-18 17:36:59.032  2387  3643 W GuardianInput: GuardianInput::UpdateRawHeadLocation needs a valid OpenXr Session!
11-18 17:36:59.096  1194  1378 I MRSS    : MIXEDREALITY: OpenXrSupport: OpenXR qualified success: xrBeginFrame(clientState_.session, &beginFrameDesc): XR_FRAME_DISCARDED
11-18 17:36:59.122  1194  1378 I OpenXR_GPUMemTrace: Swapchain creation, id=193, idx=0, MemoryAllocationSize: 1621 KB
11-18 17:36:59.122  1194  1378 I OpenXR_GPUMemTrace: Swapchain creation, id=193, idx=1, MemoryAllocationSize: 1621 KB
11-18 17:36:59.235  3392  3578 I [SEO] VrPlatformOpenXr: xrPollEvent: received XR_TYPE_EVENT_DATA_PASSTHROUGH_LAYER_RESUMED_META event
11-18 17:36:59.235  3392  3578 I [SEO] MrServiceClientOpenXr: OnPassthroughLayerResumedEvent: KEYBOARD_HANDS_LAYER[0] PASSTHROUGH_FEATURE_FRAMEWORK_LAYER[1] PROJECTED_LAYER[0]
11-18 17:36:59.613  2387  3643 W GuardianInput: GuardianInput::UpdateRawHeadLocation needs a valid OpenXr Session!
11-18 17:36:59.614  2387  3643 I OpenXR_Hands: ------------ xrCreateHandTrackerEXT -----------
11-18 17:36:59.614  2387  3643 I OpenXR_Hands: ------------ xrCreateHandTrackerEXT -----------
11-18 17:36:59.741  2387  3643 I OpenXRAnchorDiscovery: xrDiscoverSpacesMETA: buildFilterMETA: filters is null
11-18 17:36:59.742  3775  4418 I [CT]    : SP:AP:AnchorPersistence: queryEntities: filterInfo: flags: 96, numUuids: 0, radius: -1, enabledComponents: 0, maxNumSpacesToQuery: 0, groupUuids: , tags: , dataSource: 1, hasTrackableStateFilter: 1, appId: com.oculus.guardian, request: 78, appOpenXrVersion: 281474976710690
11-18 17:36:59.746  3775  4418 I [CT]    : SP:SceneAnchorFilterUtil: filterOutEntitiesAndComponents : Guardian:true, App OpenXR Version patch:34 (vs. min patch without filtering 45), appIdInOverrideString:false, ocKillswitch:false, fsKillswitch:false
11-18 17:36:59.748  3392  3578 I [SEO] VrPlatformOpenXr: xrPollEvent: received XR_TYPE_EVENT_DATA_REFERENCE_SPACE_CHANGE_PENDING event: 1000426000
11-18 17:36:59.748  3392  3578 I [SEO] VrPlatformOpenXr: xrPollEvent: received XR_TYPE_EVENT_DATA_REFERENCE_SPACE_CHANGE_PENDING event: 2
11-18 17:36:59.748  3392  3578 I [SEO] VrPlatformOpenXr: XR_TYPE_EVENT_DATA_REFERENCE_SPACE_CHANGE_PENDING : XR_REFERENCE_SPACE_TYPE_LOCAL
11-18 17:36:59.748  3392  3578 I [SEO] VrPlatformOpenXr: xrPollEvent: received XR_TYPE_EVENT_DATA_REFERENCE_SPACE_CHANGE_PENDING event: 3
11-18 17:36:59.900  6962  7417 I chromium: [INFO:device/vr/openxr/openxr_api_wrapper.cc:2040] XR_TYPE_EVENT_DATA_REFERENCE_SPACE_CHANGE_PENDING for space 2
11-18 17:36:59.900  6962  7417 I chromium: [INFO:device/vr/openxr/openxr_api_wrapper.cc:2040] XR_TYPE_EVENT_DATA_REFERENCE_SPACE_CHANGE_PENDING for space 3
11-18 17:37:00.854  2387  3643 I OpenXR_Anchor: xrQuerySpacesFB: split anchor query enabled
11-18 17:37:00.855  3775  4418 I [CT]    : SP:AP:AnchorPersistenceRuntimeIpcServer: queryAvailableAnchorsSMV2: clientId: 1310376013, maxAnchors: 500, filter: 0, queryMultipleRoomsEnabledByOpenXrVersion: false, source: 2, appId: com.oculus.guardian
11-18 17:37:00.855  3775  4418 I [CT]    : SP:AP:AnchorPersistence: loadAvailableAnchorsLocal: appId: com.oculus.guardian, queryMultipleRoomsEnabledAppId: , queryMultipleRoomsEnabledByOpenXrVersion: false, applyEffectiveSingleRoomFilter: false
11-18 17:37:00.860  3775  4418 I [CT]    : SP:SceneAnchorFilterUtil: filterOutEntitiesAndComponents : Guardian:true, App OpenXR Version patch:34 (vs. min patch without filtering 45), appIdInOverrideString:false, ocKillswitch:false, fsKillswitch:false
11-18 17:37:01.252  3392  3578 I [SEO] VrPlatformOpenXr: xrPollEvent: received XR_TYPE_EVENT_DATA_REFERENCE_SPACE_CHANGE_PENDING event: 1000426000
11-18 17:37:01.252  3392  3578 I [SEO] VrPlatformOpenXr: xrPollEvent: received XR_TYPE_EVENT_DATA_REFERENCE_SPACE_CHANGE_PENDING event: 3
11-18 17:37:01.263  3392  3578 I [SEO] VrPlatformOpenXr: xrPollEvent: received XR_TYPE_EVENT_DATA_REFERENCE_SPACE_CHANGE_PENDING event: 1000426000
11-18 17:37:01.263  3392  3578 I [SEO] VrPlatformOpenXr: xrPollEvent: received XR_TYPE_EVENT_DATA_REFERENCE_SPACE_CHANGE_PENDING event: 2
11-18 17:37:01.263  3392  3578 I [SEO] VrPlatformOpenXr: XR_TYPE_EVENT_DATA_REFERENCE_SPACE_CHANGE_PENDING : XR_REFERENCE_SPACE_TYPE_LOCAL
11-18 17:37:01.263  3392  3578 I OpenXR_Passthrough: ------------ xrPassthroughLayerPauseFB -----------
11-18 17:37:01.265  1194  1378 I OpenXR_GPUMemTrace: Swapchain deletion destroy id=193, idx=0
11-18 17:37:01.265  1194  1378 I OpenXR_GPUMemTrace: Swapchain deletion destroy id=193, idx=1
11-18 17:37:01.271  3392  3578 I OpenXRAnchorDiscovery: xrDiscoverSpacesMETA: buildFilterMETA: filters is null
11-18 17:37:01.274  3775  4637 I [CT]    : SP:AP:AnchorPersistence: queryEntities: filterInfo: flags: 96, numUuids: 0, radius: -1, enabledComponents: 0, maxNumSpacesToQuery: 0, groupUuids: , tags: , dataSource: 1, hasTrackableStateFilter: 1, appId: com.oculus.vrshell, request: 10, appOpenXrVersion: 281474976710705
11-18 17:37:01.280  1194  1378 I OpenXR_GPUMemTrace: Swapchain creation, id=194, idx=0, MemoryAllocationSize: 1621 KB
11-18 17:37:01.281  1194  1378 I OpenXR_GPUMemTrace: Swapchain creation, id=194, idx=1, MemoryAllocationSize: 1621 KB
11-18 17:37:01.289  3775  4637 I [CT]    : SP:SceneAnchorFilterUtil: filterOutEntitiesAndComponents : Guardian:false, App OpenXR Version patch:49 (vs. min patch without filtering 45), appIdInOverrideString:false, ocKillswitch:false, fsKillswitch:false
11-18 17:37:01.376  1194  1378 I OpenXR_GPUMemTrace: Swapchain deletion destroy id=194, idx=0
11-18 17:37:01.376  1194  1378 I OpenXR_GPUMemTrace: Swapchain deletion destroy id=194, idx=1
11-18 17:37:01.820  3392  3578 I [SEO] VrPlatformOpenXr: xrPollEvent: Unknown event
11-18 17:37:01.821  3392  3578 I [SEO] VrPlatformOpenXr: xrPollEvent: received XR_TYPE_EVENT_DATA_USER_PRESENCE_CHANGED_EXT event: isUserPresent 0
11-18 17:37:01.859  2387  3643 I OpenXR_Anchor: xrQuerySpacesFB: split anchor query enabled
11-18 17:37:01.859  2387  3643 I [CT]    : SP:AP:AnchorPersistenceRuntimeIpcClient: loadAvailableAnchors: maxAnchors: 500, filter: 0, queryMultipleRoomsEnabledByOpenXrVersion: false, source: 2, appId: com.oculus.guardian
11-18 17:37:01.861  3775  4418 I [CT]    : SP:AP:AnchorPersistenceRuntimeIpcServer: queryAvailableAnchorsSMV2: clientId: 1310376013, maxAnchors: 500, filter: 0, queryMultipleRoomsEnabledByOpenXrVersion: false, source: 2, appId: com.oculus.guardian
11-18 17:37:01.861  3775  4418 I [CT]    : SP:SM:SceneManager: queryAvailableAnchors: maxAnchors: 500, filter: 0, queryMultipleRoomsEnabledByOpenXrVersion: false, source: 2, appId: com.oculus.guardian
11-18 17:37:01.863  3775  4418 I [CT]    : SP:AP:AnchorPersistence: loadAvailableAnchorsLocal: appId: com.oculus.guardian, queryMultipleRoomsEnabledAppId: , queryMultipleRoomsEnabledByOpenXrVersion: false, applyEffectiveSingleRoomFilter: false
11-18 17:37:01.866  3775  4418 I [CT]    : SP:SceneAnchorFilterUtil: filterOutEntitiesAndComponents : Guardian:true, App OpenXR Version patch:34 (vs. min patch without filtering 45), appIdInOverrideString:false, ocKillswitch:false, fsKillswitch:false
11-18 17:37:01.900  6962  7417 I chromium: [INFO:device/vr/openxr/openxr_api_wrapper.cc:2040] XR_TYPE_EVENT_DATA_REFERENCE_SPACE_CHANGE_PENDING for space 2
11-18 17:37:01.900  6962  7417 I chromium: [INFO:device/vr/openxr/openxr_api_wrapper.cc:2040] XR_TYPE_EVENT_DATA_REFERENCE_SPACE_CHANGE_PENDING for space 3
11-18 17:37:02.056  3392  3578 I [SEO] VrPlatformOpenXr: xrPollEvent: Unknown event
11-18 17:37:02.056  3392  3578 I [SEO] VrPlatformOpenXr: xrPollEvent: received XR_TYPE_EVENT_DATA_USER_PRESENCE_CHANGED_EXT event: isUserPresent 1
11-18 17:37:02.074  3392  3578 I OpenXR_Passthrough: ------------ xrPassthroughLayerResumeFB -----------
11-18 17:37:02.078  3392  3578 I [SEO] VrPlatformOpenXr: xrPollEvent: received XR_TYPE_EVENT_DATA_REFERENCE_SPACE_CHANGE_PENDING event: 1000426000
11-18 17:37:02.078  3392  3578 I [SEO] VrPlatformOpenXr: xrPollEvent: received XR_TYPE_EVENT_DATA_REFERENCE_SPACE_CHANGE_PENDING event: 2
11-18 17:37:02.078  3392  3578 I [SEO] VrPlatformOpenXr: XR_TYPE_EVENT_DATA_REFERENCE_SPACE_CHANGE_PENDING : XR_REFERENCE_SPACE_TYPE_LOCAL
11-18 17:37:02.125  1194  1378 I MRSS    : MIXEDREALITY: OpenXrSupport: OpenXR qualified success: xrBeginFrame(clientState_.session, &beginFrameDesc): XR_FRAME_DISCARDED
11-18 17:37:02.131  1194  1378 I OpenXR_GPUMemTrace: Swapchain creation, id=195, idx=0, MemoryAllocationSize: 1621 KB
11-18 17:37:02.131  1194  1378 I OpenXR_GPUMemTrace: Swapchain creation, id=195, idx=1, MemoryAllocationSize: 1621 KB
11-18 17:37:02.231  3392  3578 I [SEO] VrPlatformOpenXr: xrPollEvent: received XR_TYPE_EVENT_DATA_PASSTHROUGH_LAYER_RESUMED_META event
11-18 17:37:02.231  3392  3578 I [SEO] MrServiceClientOpenXr: OnPassthroughLayerResumedEvent: KEYBOARD_HANDS_LAYER[0] PASSTHROUGH_FEATURE_FRAMEWORK_LAYER[1] PROJECTED_LAYER[0]
11-18 17:37:02.286  3392  3578 I OpenXRAnchorDiscovery: xrDiscoverSpacesMETA: buildFilterMETA: filters is null
11-18 17:37:02.287  3775  4637 I [CT]    : SP:AP:AnchorPersistence: queryEntities: filterInfo: flags: 96, numUuids: 0, radius: -1, enabledComponents: 0, maxNumSpacesToQuery: 0, groupUuids: , tags: , dataSource: 1, hasTrackableStateFilter: 1, appId: com.oculus.vrshell, request: 11, appOpenXrVersion: 281474976710705
11-18 17:37:02.291  3775  4637 I [CT]    : SP:SceneAnchorFilterUtil: filterOutEntitiesAndComponents : Guardian:false, App OpenXR Version patch:49 (vs. min patch without filtering 45), appIdInOverrideString:false, ocKillswitch:false, fsKillswitch:false
11-18 17:37:02.530  2387  3643 I OpenXR_Hands: ------------ xrDestroyHandTrackerEXT -----------
11-18 17:37:02.530  2387  3643 I OpenXR_Hands: ------------ xrDestroyHandTrackerEXT -----------
11-18 17:37:02.655  2387  3643 W GuardianInput: GuardianInput::UpdateRawHeadLocation needs a valid OpenXr Session!
11-18 17:37:02.656  2387  3643 I OpenXR_Hands: ------------ xrCreateHandTrackerEXT -----------
11-18 17:37:02.656  2387  3643 I OpenXR_Hands: ------------ xrCreateHandTrackerEXT -----------
11-18 17:37:02.685  3392  3578 I [SEO] VrPlatformOpenXr: xrPollEvent: received XR_TYPE_EVENT_DATA_REFERENCE_SPACE_CHANGE_PENDING event: 1000426000
11-18 17:37:02.685  3392  3578 I [SEO] VrPlatformOpenXr: xrPollEvent: received XR_TYPE_EVENT_DATA_REFERENCE_SPACE_CHANGE_PENDING event: 3
11-18 17:37:02.685  3392  3578 I [SEO] VrPlatformOpenXr: xrPollEvent: received XR_TYPE_EVENT_DATA_REFERENCE_SPACE_CHANGE_PENDING event: 1000426000
11-18 17:37:02.685  3392  3578 I [SEO] VrPlatformOpenXr: xrPollEvent: received XR_TYPE_EVENT_DATA_REFERENCE_SPACE_CHANGE_PENDING event: 2
11-18 17:37:02.685  3392  3578 I [SEO] VrPlatformOpenXr: XR_TYPE_EVENT_DATA_REFERENCE_SPACE_CHANGE_PENDING : XR_REFERENCE_SPACE_TYPE_LOCAL
11-18 17:37:02.901  6962  7417 I chromium: [INFO:device/vr/openxr/openxr_api_wrapper.cc:2040] XR_TYPE_EVENT_DATA_REFERENCE_SPACE_CHANGE_PENDING for space 2
11-18 17:37:02.901  6962  7417 I chromium: [INFO:device/vr/openxr/openxr_api_wrapper.cc:2040] XR_TYPE_EVENT_DATA_REFERENCE_SPACE_CHANGE_PENDING for space 3
11-18 17:37:02.964  2387  3643 I OpenXR_Anchor: xrQuerySpacesFB: split anchor query enabled
11-18 17:37:02.966  3775  4418 I [CT]    : SP:AP:AnchorPersistenceRuntimeIpcServer: queryAvailableAnchorsSMV2: clientId: 1310376013, maxAnchors: 500, filter: 0, queryMultipleRoomsEnabledByOpenXrVersion: false, source: 2, appId: com.oculus.guardian
11-18 17:37:02.966  3775  4418 I [CT]    : SP:AP:AnchorPersistence: loadAvailableAnchorsLocal: appId: com.oculus.guardian, queryMultipleRoomsEnabledAppId: , queryMultipleRoomsEnabledByOpenXrVersion: false, applyEffectiveSingleRoomFilter: false
11-18 17:37:02.974  3775  4418 I [CT]    : SP:SceneAnchorFilterUtil: filterOutEntitiesAndComponents : Guardian:true, App OpenXR Version patch:34 (vs. min patch without filtering 45), appIdInOverrideString:false, ocKillswitch:false, fsKillswitch:false
11-18 17:37:04.083  2387  3643 I OpenXRAnchorDiscovery: xrDiscoverSpacesMETA: buildFilterMETA: filters is null
11-18 17:37:04.087  3775  4418 I [CT]    : SP:AP:AnchorPersistence: queryEntities: filterInfo: flags: 96, numUuids: 0, radius: -1, enabledComponents: 0, maxNumSpacesToQuery: 0, groupUuids: , tags: , dataSource: 1, hasTrackableStateFilter: 1, appId: com.oculus.guardian, request: 82, appOpenXrVersion: 281474976710690
11-18 17:37:04.091  3775  4418 I [CT]    : SP:SceneAnchorFilterUtil: filterOutEntitiesAndComponents : Guardian:true, App OpenXR Version patch:34 (vs. min patch without filtering 45), appIdInOverrideString:false, ocKillswitch:false, fsKillswitch:false
11-18 17:37:04.221  3392  3578 I [SEO] VrPlatformOpenXr: xrPollEvent: received XR_TYPE_EVENT_DATA_REFERENCE_SPACE_CHANGE_PENDING event: 1000426000
11-18 17:37:04.221  3392  3578 I [SEO] VrPlatformOpenXr: xrPollEvent: received XR_TYPE_EVENT_DATA_REFERENCE_SPACE_CHANGE_PENDING event: 2
11-18 17:37:04.221  3392  3578 I [SEO] VrPlatformOpenXr: XR_TYPE_EVENT_DATA_REFERENCE_SPACE_CHANGE_PENDING : XR_REFERENCE_SPACE_TYPE_LOCAL
11-18 17:37:04.221  3392  3578 I [SEO] VrPlatformOpenXr: xrPollEvent: received XR_TYPE_EVENT_DATA_REFERENCE_SPACE_CHANGE_PENDING event: 3
11-18 17:37:04.233  3392  3578 I OpenXR_Passthrough: ------------ xrPassthroughLayerPauseFB -----------
11-18 17:37:04.241  3392  3578 I OpenXRAnchorDiscovery: xrDiscoverSpacesMETA: buildFilterMETA: filters is null
11-18 17:37:04.242  3775  4637 I [CT]    : SP:AP:AnchorPersistence: queryEntities: filterInfo: flags: 96, numUuids: 0, radius: -1, enabledComponents: 0, maxNumSpacesToQuery: 0, groupUuids: , tags: , dataSource: 1, hasTrackableStateFilter: 1, appId: com.oculus.vrshell, request: 12, appOpenXrVersion: 281474976710705
11-18 17:37:04.244  1194  1378 I OpenXR_GPUMemTrace: Swapchain deletion destroy id=195, idx=0
11-18 17:37:04.244  1194  1378 I OpenXR_GPUMemTrace: Swapchain deletion destroy id=195, idx=1
11-18 17:37:04.248  3775  4637 I [CT]    : SP:SceneAnchorFilterUtil: filterOutEntitiesAndComponents : Guardian:false, App OpenXR Version patch:49 (vs. min patch without filtering 45), appIdInOverrideString:false, ocKillswitch:false, fsKillswitch:false
11-18 17:37:04.258  1194  1378 I OpenXR_GPUMemTrace: Swapchain creation, id=196, idx=0, MemoryAllocationSize: 1621 KB
11-18 17:37:04.258  1194  1378 I OpenXR_GPUMemTrace: Swapchain creation, id=196, idx=1, MemoryAllocationSize: 1621 KB
11-18 17:37:04.356  1194  1378 I OpenXR_GPUMemTrace: Swapchain deletion destroy id=196, idx=0
11-18 17:37:04.356  1194  1378 I OpenXR_GPUMemTrace: Swapchain deletion destroy id=196, idx=1
11-18 17:37:04.901  6962  7417 I chromium: [INFO:device/vr/openxr/openxr_api_wrapper.cc:2040] XR_TYPE_EVENT_DATA_REFERENCE_SPACE_CHANGE_PENDING for space 2
11-18 17:37:04.901  6962  7417 I chromium: [INFO:device/vr/openxr/openxr_api_wrapper.cc:2040] XR_TYPE_EVENT_DATA_REFERENCE_SPACE_CHANGE_PENDING for space 3
11-18 17:37:05.089  2387  3643 I OpenXR_Anchor: xrQuerySpacesFB: split anchor query enabled
11-18 17:37:05.091  3775  4418 I [CT]    : SP:AP:AnchorPersistenceRuntimeIpcServer: queryAvailableAnchorsSMV2: clientId: 1310376013, maxAnchors: 500, filter: 0, queryMultipleRoomsEnabledByOpenXrVersion: false, source: 2, appId: com.oculus.guardian
11-18 17:37:05.091  3775  4418 I [CT]    : SP:AP:AnchorPersistence: loadAvailableAnchorsLocal: appId: com.oculus.guardian, queryMultipleRoomsEnabledAppId: , queryMultipleRoomsEnabledByOpenXrVersion: false, applyEffectiveSingleRoomFilter: false
11-18 17:37:05.099  3775  4418 I [CT]    : SP:SceneAnchorFilterUtil: filterOutEntitiesAndComponents : Guardian:true, App OpenXR Version patch:34 (vs. min patch without filtering 45), appIdInOverrideString:false, ocKillswitch:false, fsKillswitch:false
11-18 17:37:06.092  2387  3643 I OpenXR_Anchor: xrQuerySpacesFB: split anchor query enabled
11-18 17:37:06.095  3775  4418 I [CT]    : SP:AP:AnchorPersistenceRuntimeIpcServer: queryAvailableAnchorsSMV2: clientId: 1310376013, maxAnchors: 500, filter: 0, queryMultipleRoomsEnabledByOpenXrVersion: false, source: 2, appId: com.oculus.guardian
11-18 17:37:06.095  3775  4418 I [CT]    : SP:AP:AnchorPersistence: loadAvailableAnchorsLocal: appId: com.oculus.guardian, queryMultipleRoomsEnabledAppId: , queryMultipleRoomsEnabledByOpenXrVersion: false, applyEffectiveSingleRoomFilter: false
11-18 17:37:06.100  3775  4418 I [CT]    : SP:SceneAnchorFilterUtil: filterOutEntitiesAndComponents : Guardian:true, App OpenXR Version patch:34 (vs. min patch without filtering 45), appIdInOverrideString:false, ocKillswitch:false, fsKillswitch:false
11-18 17:37:07.095  2387  3643 I OpenXR_Anchor: xrQuerySpacesFB: split anchor query enabled
11-18 17:37:07.097  3775  4418 I [CT]    : SP:AP:AnchorPersistenceRuntimeIpcServer: queryAvailableAnchorsSMV2: clientId: 1310376013, maxAnchors: 500, filter: 0, queryMultipleRoomsEnabledByOpenXrVersion: false, source: 2, appId: com.oculus.guardian
11-18 17:37:07.098  3775  4418 I [CT]    : SP:AP:AnchorPersistence: loadAvailableAnchorsLocal: appId: com.oculus.guardian, queryMultipleRoomsEnabledAppId: , queryMultipleRoomsEnabledByOpenXrVersion: false, applyEffectiveSingleRoomFilter: false
11-18 17:37:07.103  3775  4418 I [CT]    : SP:SceneAnchorFilterUtil: filterOutEntitiesAndComponents : Guardian:true, App OpenXR Version patch:34 (vs. min patch without filtering 45), appIdInOverrideString:false, ocKillswitch:false, fsKillswitch:false
11-18 17:37:08.097  2387  3643 I OpenXR_Anchor: xrQuerySpacesFB: split anchor query enabled
11-18 17:37:08.099  3775  4418 I [CT]    : SP:AP:AnchorPersistenceRuntimeIpcServer: queryAvailableAnchorsSMV2: clientId: 1310376013, maxAnchors: 500, filter: 0, queryMultipleRoomsEnabledByOpenXrVersion: false, source: 2, appId: com.oculus.guardian
11-18 17:37:08.099  3775  4418 I [CT]    : SP:AP:AnchorPersistence: loadAvailableAnchorsLocal: appId: com.oculus.guardian, queryMultipleRoomsEnabledAppId: , queryMultipleRoomsEnabledByOpenXrVersion: false, applyEffectiveSingleRoomFilter: false
11-18 17:37:08.102  3775  4418 I [CT]    : SP:SceneAnchorFilterUtil: filterOutEntitiesAndComponents : Guardian:true, App OpenXR Version patch:34 (vs. min patch without filtering 45), appIdInOverrideString:false, ocKillswitch:false, fsKillswitch:false
11-18 17:37:09.139  2387  3643 I OpenXR_Anchor: xrQuerySpacesFB: split anchor query enabled
11-18 17:37:09.140  3775  4418 I [CT]    : SP:AP:AnchorPersistenceRuntimeIpcServer: queryAvailableAnchorsSMV2: clientId: 1310376013, maxAnchors: 500, filter: 0, queryMultipleRoomsEnabledByOpenXrVersion: false, source: 2, appId: com.oculus.guardian
11-18 17:37:09.141  3775  4418 I [CT]    : SP:AP:AnchorPersistence: loadAvailableAnchorsLocal: appId: com.oculus.guardian, queryMultipleRoomsEnabledAppId: , queryMultipleRoomsEnabledByOpenXrVersion: false, applyEffectiveSingleRoomFilter: false
11-18 17:37:09.143  3775  4418 I [CT]    : SP:SceneAnchorFilterUtil: filterOutEntitiesAndComponents : Guardian:true, App OpenXR Version patch:34 (vs. min patch without filtering 45), appIdInOverrideString:false, ocKillswitch:false, fsKillswitch:false
11-18 17:37:09.677  3392  3578 I [SEO] VrPlatformOpenXr: xrPollEvent: Unknown event
11-18 17:37:09.677  3392  3578 I [SEO] VrPlatformOpenXr: xrPollEvent: received XR_TYPE_EVENT_DATA_USER_PRESENCE_CHANGED_EXT event: isUserPresent 0
11-18 17:37:10.231  2387  3643 I OpenXR_Anchor: xrQuerySpacesFB: split anchor query enabled
11-18 17:37:10.232  3775  4418 I [CT]    : SP:AP:AnchorPersistenceRuntimeIpcServer: queryAvailableAnchorsSMV2: clientId: 1310376013, maxAnchors: 500, filter: 0, queryMultipleRoomsEnabledByOpenXrVersion: false, source: 2, appId: com.oculus.guardian
11-18 17:37:10.233  3775  4418 I [CT]    : SP:AP:AnchorPersistence: loadAvailableAnchorsLocal: appId: com.oculus.guardian, queryMultipleRoomsEnabledAppId: , queryMultipleRoomsEnabledByOpenXrVersion: false, applyEffectiveSingleRoomFilter: false
11-18 17:37:10.235  3775  4418 I [CT]    : SP:SceneAnchorFilterUtil: filterOutEntitiesAndComponents : Guardian:true, App OpenXR Version patch:34 (vs. min patch without filtering 45), appIdInOverrideString:false, ocKillswitch:false, fsKillswitch:false
11-18 17:37:10.437  2387  3643 I OpenXR_Hands: ------------ xrDestroyHandTrackerEXT -----------
11-18 17:37:10.437  2387  3643 I OpenXR_Hands: ------------ xrDestroyHandTrackerEXT -----------
11-18 17:37:10.745  3392  3578 I [SEO] VrPlatformOpenXr: xrPollEvent: Unknown event
11-18 17:37:10.745  3392  3578 I [SEO] VrPlatformOpenXr: xrPollEvent: received XR_TYPE_EVENT_DATA_USER_PRESENCE_CHANGED_EXT event: isUserPresent 1
11-18 17:37:10.756  3392  3578 I OpenXRAnchorDiscovery: xrDiscoverSpacesMETA: buildFilterMETA: filters is null
11-18 17:37:10.756  3775  4637 I [CT]    : SP:AP:AnchorPersistence: queryEntities: filterInfo: flags: 96, numUuids: 0, radius: -1, enabledComponents: 0, maxNumSpacesToQuery: 0, groupUuids: , tags: , dataSource: 1, hasTrackableStateFilter: 1, appId: com.oculus.vrshell, request: 13, appOpenXrVersion: 281474976710705
11-18 17:37:10.759  3775  4637 I [CT]    : SP:SceneAnchorFilterUtil: filterOutEntitiesAndComponents : Guardian:false, App OpenXR Version patch:49 (vs. min patch without filtering 45), appIdInOverrideString:false, ocKillswitch:false, fsKillswitch:false
11-18 17:37:10.763  3392  3578 I OpenXR_Passthrough: ------------ xrPassthroughLayerResumeFB -----------
11-18 17:37:10.767  3392  3578 I [SEO] VrPlatformOpenXr: xrPollEvent: received XR_TYPE_EVENT_DATA_REFERENCE_SPACE_CHANGE_PENDING event: 1000426000
11-18 17:37:10.767  3392  3578 I [SEO] VrPlatformOpenXr: xrPollEvent: received XR_TYPE_EVENT_DATA_REFERENCE_SPACE_CHANGE_PENDING event: 2
11-18 17:37:10.767  3392  3578 I [SEO] VrPlatformOpenXr: XR_TYPE_EVENT_DATA_REFERENCE_SPACE_CHANGE_PENDING : XR_REFERENCE_SPACE_TYPE_LOCAL
11-18 17:37:10.814  1194  1378 I MRSS    : MIXEDREALITY: OpenXrSupport: OpenXR qualified success: xrBeginFrame(clientState_.session, &beginFrameDesc): XR_FRAME_DISCARDED
11-18 17:37:10.838  1194  1378 I OpenXR_GPUMemTrace: Swapchain creation, id=197, idx=0, MemoryAllocationSize: 1621 KB
11-18 17:37:10.838  1194  1378 I OpenXR_GPUMemTrace: Swapchain creation, id=197, idx=1, MemoryAllocationSize: 1621 KB
11-18 17:37:10.842  2387  3643 W GuardianInput: GuardianInput::UpdateActionData needs a valid OpenXr Session!
11-18 17:37:10.843  2387  3643 W GuardianInput: GuardianInput::UpdateRawHeadLocation needs a valid OpenXr Session!
11-18 17:37:10.902  6962  7417 I chromium: [INFO:device/vr/openxr/openxr_api_wrapper.cc:2040] XR_TYPE_EVENT_DATA_REFERENCE_SPACE_CHANGE_PENDING for space 2
11-18 17:37:10.942  3392  3578 I [SEO] VrPlatformOpenXr: xrPollEvent: received XR_TYPE_EVENT_DATA_PASSTHROUGH_LAYER_RESUMED_META event
11-18 17:37:10.942  3392  3578 I [SEO] MrServiceClientOpenXr: OnPassthroughLayerResumedEvent: KEYBOARD_HANDS_LAYER[0] PASSTHROUGH_FEATURE_FRAMEWORK_LAYER[1] PROJECTED_LAYER[0]
11-18 17:37:11.363  2387  3643 W GuardianInput: GuardianInput::UpdateRawHeadLocation needs a valid OpenXr Session!
11-18 17:37:11.364  2387  3643 I OpenXR_Hands: ------------ xrCreateHandTrackerEXT -----------
11-18 17:37:11.364  2387  3643 I OpenXR_Hands: ------------ xrCreateHandTrackerEXT -----------
11-18 17:37:11.465  3392  3578 I [SEO] VrPlatformOpenXr: xrPollEvent: Unknown event
11-18 17:37:11.465  3392  3578 I [SEO] VrPlatformOpenXr: xrPollEvent: received XR_TYPE_EVENT_DATA_USER_PRESENCE_CHANGED_EXT event: isUserPresent 0
11-18 17:37:11.472  3392  3578 I OpenXR_Passthrough: ------------ xrPassthroughLayerPauseFB -----------
11-18 17:37:11.481  1194  1378 I OpenXR_GPUMemTrace: Swapchain deletion destroy id=197, idx=0
11-18 17:37:11.481  1194  1378 I OpenXR_GPUMemTrace: Swapchain deletion destroy id=197, idx=1
11-18 17:37:11.495  1194  1378 I OpenXR_GPUMemTrace: Swapchain creation, id=198, idx=0, MemoryAllocationSize: 1621 KB
11-18 17:37:11.495  1194  1378 I OpenXR_GPUMemTrace: Swapchain creation, id=198, idx=1, MemoryAllocationSize: 1621 KB
11-18 17:37:11.506  2387  3643 I OpenXR_Anchor: xrQuerySpacesFB: split anchor query enabled
11-18 17:37:11.513  3775  4418 I [CT]    : SP:AP:AnchorPersistenceRuntimeIpcServer: queryAvailableAnchorsSMV2: clientId: 1310376013, maxAnchors: 500, filter: 0, queryMultipleRoomsEnabledByOpenXrVersion: false, source: 2, appId: com.oculus.guardian
11-18 17:37:11.514  3775  4418 I [CT]    : SP:AP:AnchorPersistence: loadAvailableAnchorsLocal: appId: com.oculus.guardian, queryMultipleRoomsEnabledAppId: , queryMultipleRoomsEnabledByOpenXrVersion: false, applyEffectiveSingleRoomFilter: false
11-18 17:37:11.519  3392  3578 I [SEO] VrPlatformOpenXr: xrPollEvent: received XR_TYPE_EVENT_DATA_REFERENCE_SPACE_CHANGE_PENDING event: 1000426000
11-18 17:37:11.520  3392  3578 I [SEO] VrPlatformOpenXr: xrPollEvent: received XR_TYPE_EVENT_DATA_REFERENCE_SPACE_CHANGE_PENDING event: 3
11-18 17:37:11.520  3392  3578 I [SEO] VrPlatformOpenXr: xrPollEvent: received XR_TYPE_EVENT_DATA_REFERENCE_SPACE_CHANGE_PENDING event: 1000426000
11-18 17:37:11.520  3392  3578 I [SEO] VrPlatformOpenXr: xrPollEvent: received XR_TYPE_EVENT_DATA_REFERENCE_SPACE_CHANGE_PENDING event: 2
11-18 17:37:11.520  3392  3578 I [SEO] VrPlatformOpenXr: XR_TYPE_EVENT_DATA_REFERENCE_SPACE_CHANGE_PENDING : XR_REFERENCE_SPACE_TYPE_LOCAL
11-18 17:37:11.541  3775  4418 I [CT]    : SP:SceneAnchorFilterUtil: filterOutEntitiesAndComponents : Guardian:true, App OpenXR Version patch:34 (vs. min patch without filtering 45), appIdInOverrideString:false, ocKillswitch:false, fsKillswitch:false
11-18 17:37:11.592  1194  1378 I OpenXR_GPUMemTrace: Swapchain deletion destroy id=198, idx=0
11-18 17:37:11.592  1194  1378 I OpenXR_GPUMemTrace: Swapchain deletion destroy id=198, idx=1
11-18 17:37:11.903  6962  7417 I chromium: [INFO:device/vr/openxr/openxr_api_wrapper.cc:2040] XR_TYPE_EVENT_DATA_REFERENCE_SPACE_CHANGE_PENDING for space 2
11-18 17:37:11.903  6962  7417 I chromium: [INFO:device/vr/openxr/openxr_api_wrapper.cc:2040] XR_TYPE_EVENT_DATA_REFERENCE_SPACE_CHANGE_PENDING for space 3
11-18 17:37:12.211  2387  3643 I OpenXR_Hands: ------------ xrDestroyHandTrackerEXT -----------
11-18 17:37:12.211  2387  3643 I OpenXR_Hands: ------------ xrDestroyHandTrackerEXT -----------
11-18 17:37:26.465  6962  6962 I OpenXR  : nativeOnActivityPaused: com.oculus.browser/com.oculus.browser.WebVRActivity
11-18 17:37:26.580  3392  3578 I OpenXR  : @@@ xrWaitFrame: frameindex = 14236 prediction = 222492664649ns delta = -11674850ns period = 11114390ns targetVSyncTime = 222503779039ns.
11-18 17:37:26.657  1194  1378 I MRSS    : MIXEDREALITY: OpenXrSupport: OpenXR qualified success: xrBeginFrame(clientState_.session, &beginFrameDesc): XR_FRAME_DISCARDED
11-18 17:37:26.703  1194  1378 I MRSS    : MIXEDREALITY: OpenXrSupport: OpenXR qualified success: xrBeginFrame(clientState_.session, &beginFrameDesc): XR_FRAME_DISCARDED
11-18 17:37:26.903  3392  3578 I [SEO] VrPlatformOpenXr: VrPlatformOpenXr::SetPropInhibitHandleHomeKey inhibit:0
11-18 17:37:26.903  3392  3578 I OpenXR_DeviceSettings: ------------ xrSetDeviceSettingBooleanFB -----------
11-18 17:37:26.903  3392  3578 I [SEO] VrPlatformOpenXr: VrPlatformOpenXr::SetPropInhibitHandleHomeKey result = 0
11-18 17:37:26.904  3392  3578 I [SEO] VrPlatformOpenXr: RequestEndSession state XR_SESSION_STATE_FOCUSED    focused:1
11-18 17:37:26.904  3392  3578 I OpenXR  : ------------ RequestExitSession [start] -----------
11-18 17:37:26.904  3392  3578 I OpenXR  : ------------ RequestExitSession [end] -----------
11-18 17:37:26.904  3392  3578 I OpenXR  : PostSessionStateChange:[pid: 3392] XR_SESSION_STATE_FOCUSED -> XR_SESSION_STATE_VISIBLE
11-18 17:37:26.904  3392  3578 I [SEO] VrPlatformOpenXr: xrPollEvent: received XR_TYPE_EVENT_DATA_REFERENCE_SPACE_CHANGE_PENDING event: 1000426000
11-18 17:37:26.904  3392  3578 I OpenXR  : PostSessionStateChange:[pid: 3392] XR_SESSION_STATE_VISIBLE -> XR_SESSION_STATE_SYNCHRONIZED
11-18 17:37:26.904  3392  3578 I [SEO] VrPlatformOpenXr: xrPollEvent: received XR_TYPE_EVENT_DATA_REFERENCE_SPACE_CHANGE_PENDING event: 2
11-18 17:37:26.904  3392  3578 I [SEO] VrPlatformOpenXr: XR_TYPE_EVENT_DATA_REFERENCE_SPACE_CHANGE_PENDING : XR_REFERENCE_SPACE_TYPE_LOCAL
11-18 17:37:26.904  3392  3578 I OpenXR  : PostSessionStateChange:[pid: 3392] XR_SESSION_STATE_SYNCHRONIZED -> XR_SESSION_STATE_STOPPING
11-18 17:37:26.904  3392  3578 I [SEO] VrPlatformOpenXr: xrPollEvent: received XR_TYPE_EVENT_DATA_SESSION_STATE_CHANGED: 4 for session 0x2 at time 222.812288
11-18 17:37:26.904  3392  3578 I [SEO] VrPlatformOpenXr: Session state changed XR_SESSION_STATE_VISIBLE
11-18 17:37:26.904  3392  3578 I [SEO] VrPlatformOpenXr: xrPollEvent: received XR_TYPE_EVENT_DATA_SESSION_STATE_CHANGED: 3 for session 0x2 at time 222.812344
11-18 17:37:26.904  3392  3578 I [SEO] VrPlatformOpenXr: Session state changed XR_SESSION_STATE_SYNCHRONIZED
11-18 17:37:26.904  3392  3578 I [SEO] VrPlatformOpenXr: xrPollEvent: received XR_TYPE_EVENT_DATA_SESSION_STATE_CHANGED: 6 for session 0x2 at time 222.812404
11-18 17:37:26.904  3392  3578 I [SEO] VrPlatformOpenXr: Session state changed XR_SESSION_STATE_STOPPING
11-18 17:37:26.904  3392  3578 I [SEO] VrPlatformOpenXr: EndSession state XR_SESSION_STATE_STOPPING    focused:0
11-18 17:37:26.904  3392  3578 I [SEO] VrPlatformOpenXr: EndSession calling MrServiceClient EndSession
11-18 17:37:26.904  3392  3578 I OpenXR_Passthrough: ------------ xrPassthroughPauseFB -----------
11-18 17:37:26.905  3392  3578 I [SEO] VrPlatformOpenXr: EndSession MrServiceClient EndSession passed
11-18 17:37:26.905  3392  3578 I [SEO] VrPlatformOpenXr: EndSession calling xrEndSession
11-18 17:37:26.905  6962  7417 I chromium: [INFO:device/vr/openxr/openxr_api_wrapper.cc:2040] XR_TYPE_EVENT_DATA_REFERENCE_SPACE_CHANGE_PENDING for space 2
11-18 17:37:26.905  3392  3578 I OpenXR  : ------------ xrEndSession [start] -----------
11-18 17:37:26.910  1194  1378 I MRSS    : MIXEDREALITY: OpenXrSupport: OpenXR qualified success: xrBeginFrame(clientState_.session, &beginFrameDesc): XR_FRAME_DISCARDED
11-18 17:37:26.941  3392  3578 I OpenXR  : PostSessionStateChange:[pid: 3392] XR_SESSION_STATE_STOPPING -> XR_SESSION_STATE_IDLE
11-18 17:37:26.941  3392  3578 I OpenXR  : ------------ xrEndSession [end] -----------
11-18 17:37:26.941  3392  3578 I [SEO] VrPlatformOpenXr: EndSession xrEndSession passed
11-18 17:37:26.941  3392  3578 I [SEO] VrPlatformOpenXr: xrPollEvent: received XR_TYPE_EVENT_DATA_SESSION_STATE_CHANGED: 1 for session 0x2 at time 222.848879
11-18 17:37:26.941  3392  3578 I [SEO] VrPlatformOpenXr: Session state changed XR_SESSION_STATE_IDLE
11-18 17:37:26.941  3392  3578 I OpenXR  : PostSessionStateChange:[pid: 3392] XR_SESSION_STATE_IDLE -> XR_SESSION_STATE_READY
11-18 17:37:26.941  3392  3578 I [SEO] VrPlatformOpenXr: xrPollEvent: received XR_TYPE_EVENT_DATA_SESSION_STATE_CHANGED: 2 for session 0x2 at time 222.849050
11-18 17:37:26.941  3392  3578 I [SEO] VrPlatformOpenXr: Session state changed XR_SESSION_STATE_READY
11-18 17:37:26.951  3392  3578 I [SEO] VrPlatformOpenXr: EndSession passed message polling. count:1  count<maxRetryCount:1  sessionState:2
11-18 17:37:26.951  3392  3578 I [SEO] VrPlatformOpenXr: EndSession end
11-18 17:37:26.974  1194  1378 I MRSS    : MIXEDREALITY: OpenXrSupport: OpenXR qualified success: xrBeginFrame(clientState_.session, &beginFrameDesc): XR_FRAME_DISCARDED
11-18 17:37:27.079  2387  3643 W GuardianInput: GuardianInput::UpdateActionData needs a valid OpenXr Session!
11-18 17:37:27.079  2387  3643 W GuardianInput: GuardianInput::UpdateRawHeadLocation needs a valid OpenXr Session!
11-18 17:37:32.248  1194  1378 I MRSS    : MIXEDREALITY: OpenXrSupport: OpenXR qualified success: xrBeginFrame(clientState_.session, &beginFrameDesc): XR_FRAME_DISCARDED
11-18 17:37:32.320  3392  3578 I OpenXR  : ------------ xrBeginSession [start] -----------
11-18 17:37:32.906  6962  7417 E chromium: [ERROR:device/vr/openxr/openxr_api_wrapper.cc:2204] Unhandled event type: 1000101000
11-18 17:37:32.913  3392  3578 I OpenXR  : usesManifestForCpuBoost:1
11-18 17:37:32.913  3392  3578 I OpenXR  : ------------ xrBeginSession [end] -----------
11-18 17:37:32.913  3392  3578 I [SEO] VrPlatformOpenXr: Setting clock levels to cpu=2, gpu=2
11-18 17:37:32.913  3392  3578 I OpenXR  : xrPerfSettingsSetPerformanceLevelEXT [package=com.oculus.vrshell, domain=cpu, level=sustained high]
11-18 17:37:32.913  3392  3578 I OpenXR  : xrPerfSettingsSetPerformanceLevelEXT [package=com.oculus.vrshell, domain=gpu, level=sustained high]
11-18 17:37:32.913  3392  3578 I OpenXR_Passthrough: ------------ xrPassthroughStartFB -----------
11-18 17:37:32.913  3392  3578 I [SEO] MrServiceClientOpenXr: [InitializePassthroughFeatureFrameworkLayerStyles] textureOpacityFactor reset
11-18 17:37:32.919  3392  3578 I [SEO] VrPlatformOpenXr: VrPlatformOpenXr::SetPropInhibitHandleHomeKey inhibit:1
11-18 17:37:32.919  3392  3578 I OpenXR_DeviceSettings: ------------ xrSetDeviceSettingBooleanFB -----------
11-18 17:37:32.919  3392  3578 I [SEO] VrPlatformOpenXr: VrPlatformOpenXr::SetPropInhibitHandleHomeKey result = 0
11-18 17:37:32.929  1194  1378 I MRSS    : MIXEDREALITY: OpenXrSupport: OpenXR qualified success: xrBeginFrame(clientState_.session, &beginFrameDesc): XR_FRAME_DISCARDED
11-18 17:37:33.005  2387  3643 W GuardianInput: GuardianInput::UpdateRawHeadLocation needs a valid OpenXr Session!
11-18 17:37:33.006  2387  3643 I OpenXR_Hands: ------------ xrCreateHandTrackerEXT -----------
11-18 17:37:33.006  2387  3643 I OpenXR_Hands: ------------ xrCreateHandTrackerEXT -----------
11-18 17:37:33.078  3392  3578 I [SEO] VrPlatformOpenXr: xrPollEvent: Unknown event
11-18 17:37:33.078  3392  3578 I [SEO] VrPlatformOpenXr: xrPollEvent: received XR_TYPE_EVENT_DATA_USER_PRESENCE_CHANGED_EXT event: isUserPresent 0
11-18 17:37:33.078  3392  3578 I [SEO] VrPlatformOpenXr: xrPollEvent: received XR_TYPE_EVENT_DATA_DISPLAY_REFRESH_RATE_CHANGED_FB event: fromRate 90.000000 -> toRate 72.000000
11-18 17:37:33.136  3392  3578 I [SEO] VrPlatformOpenXr: xrPollEvent: received XR_TYPE_EVENT_DATA_REFERENCE_SPACE_CHANGE_PENDING event: 1000426000
11-18 17:37:33.136  3392  3578 I [SEO] VrPlatformOpenXr: xrPollEvent: received XR_TYPE_EVENT_DATA_REFERENCE_SPACE_CHANGE_PENDING event: 2
11-18 17:37:33.136  3392  3578 I [SEO] VrPlatformOpenXr: XR_TYPE_EVENT_DATA_REFERENCE_SPACE_CHANGE_PENDING : XR_REFERENCE_SPACE_TYPE_LOCAL
11-18 17:37:33.140  2387  3643 I OpenXRAnchorDiscovery: xrDiscoverSpacesMETA: buildFilterMETA: filters is null
11-18 17:37:33.143  3775  4418 I [CT]    : SP:AP:AnchorPersistence: queryEntities: filterInfo: flags: 96, numUuids: 0, radius: -1, enabledComponents: 0, maxNumSpacesToQuery: 0, groupUuids: , tags: , dataSource: 1, hasTrackableStateFilter: 1, appId: com.oculus.guardian, request: 90, appOpenXrVersion: 281474976710690
11-18 17:37:33.152  3775  4418 I [CT]    : SP:SceneAnchorFilterUtil: filterOutEntitiesAndComponents : Guardian:true, App OpenXR Version patch:34 (vs. min patch without filtering 45), appIdInOverrideString:false, ocKillswitch:false, fsKillswitch:false
11-18 17:37:33.162  3392  3578 I OpenXR  : PostSessionStateChange:[pid: 3392] XR_SESSION_STATE_READY -> XR_SESSION_STATE_SYNCHRONIZED
11-18 17:37:33.163  3392  3578 I [SEO] VrPlatformOpenXr: xrPollEvent: Unknown event
11-18 17:37:33.163  3392  3578 I OpenXR  : PostSessionStateChange:[pid: 3392] XR_SESSION_STATE_SYNCHRONIZED -> XR_SESSION_STATE_VISIBLE
11-18 17:37:33.163  3392  3578 I OpenXR  : PostSessionStateChange:[pid: 3392] XR_SESSION_STATE_VISIBLE -> XR_SESSION_STATE_FOCUSED
11-18 17:37:33.163  3392  3578 I [SEO] VrPlatformOpenXr: xrPollEvent: received XR_TYPE_EVENT_DATA_USER_PRESENCE_CHANGED_EXT event: isUserPresent 1
11-18 17:37:33.163  3392  3578 I [SEO] VrPlatformOpenXr: xrPollEvent: received XR_TYPE_EVENT_DATA_SESSION_STATE_CHANGED: 3 for session 0x2 at time 229.070631
11-18 17:37:33.163  3392  3578 I [SEO] VrPlatformOpenXr: Session state changed XR_SESSION_STATE_SYNCHRONIZED
11-18 17:37:33.163  3392  3578 I [SEO] VrPlatformOpenXr: xrPollEvent: received XR_TYPE_EVENT_DATA_SESSION_STATE_CHANGED: 4 for session 0x2 at time 229.070721
11-18 17:37:33.163  3392  3578 I [SEO] VrPlatformOpenXr: Session state changed XR_SESSION_STATE_VISIBLE
11-18 17:37:33.163  3392  3578 I [SEO] VrPlatformOpenXr: xrPollEvent: received XR_TYPE_EVENT_DATA_SESSION_STATE_CHANGED: 5 for session 0x2 at time 229.070736
11-18 17:37:33.163  3392  3578 I [SEO] VrPlatformOpenXr: Session state changed XR_SESSION_STATE_FOCUSED
11-18 17:37:33.181  3392  3578 I OpenXR  : xrPerfSettingsSetPerformanceLevelEXT [package=com.oculus.vrshell, domain=cpu, level=boost]
11-18 17:37:33.181  3392  3578 I OpenXR  : xrPerfSettingsSetPerformanceLevelEXT [package=com.oculus.vrshell, domain=gpu, level=boost]
11-18 17:37:33.186  3392  3578 I OpenXR_Passthrough: ------------ xrPassthroughLayerResumeFB -----------
11-18 17:37:33.208  3392  3578 I [SEO] VrPlatformOpenXr: xrPollEvent: received XR_TYPE_EVENT_DATA_REFERENCE_SPACE_CHANGE_PENDING event: 1000426000
11-18 17:37:33.208  3392  3578 I [SEO] VrPlatformOpenXr: xrPollEvent: received XR_TYPE_EVENT_DATA_REFERENCE_SPACE_CHANGE_PENDING event: 2
11-18 17:37:33.208  3392  3578 I [SEO] VrPlatformOpenXr: XR_TYPE_EVENT_DATA_REFERENCE_SPACE_CHANGE_PENDING : XR_REFERENCE_SPACE_TYPE_LOCAL
11-18 17:37:33.260  1194  1378 I MRSS    : MIXEDREALITY: OpenXrSupport: OpenXR qualified success: xrBeginFrame(clientState_.session, &beginFrameDesc): XR_FRAME_DISCARDED
11-18 17:37:33.267  1194  1378 I OpenXR_GPUMemTrace: Swapchain creation, id=201, idx=0, MemoryAllocationSize: 1621 KB
11-18 17:37:33.267  1194  1378 I OpenXR_GPUMemTrace: Swapchain creation, id=201, idx=1, MemoryAllocationSize: 1621 KB
11-18 17:37:33.345  3392  3578 I [SEO] VrPlatformOpenXr: xrPollEvent: Unknown event
11-18 17:37:33.346  3392  3578 I [SEO] VrPlatformOpenXr: xrPollEvent: received XR_TYPE_EVENT_DATA_USER_PRESENCE_CHANGED_EXT event: isUserPresent 0
11-18 17:37:33.351  3392  3578 I OpenXR_Passthrough: ------------ xrPassthroughLayerPauseFB -----------
11-18 17:37:33.393  1194  1378 I OpenXR_GPUMemTrace: Swapchain deletion destroy id=201, idx=0
11-18 17:37:33.393  1194  1378 I OpenXR_GPUMemTrace: Swapchain deletion destroy id=201, idx=1
11-18 17:37:33.445  1194  1378 I OpenXR_GPUMemTrace: Swapchain creation, id=202, idx=0, MemoryAllocationSize: 1621 KB
11-18 17:37:33.445  1194  1378 I OpenXR_GPUMemTrace: Swapchain creation, id=202, idx=1, MemoryAllocationSize: 1621 KB
11-18 17:37:33.503  1194  1378 I OpenXR_GPUMemTrace: Swapchain deletion destroy id=202, idx=0
11-18 17:37:33.503  1194  1378 I OpenXR_GPUMemTrace: Swapchain deletion destroy id=202, idx=1
11-18 17:37:33.636  2387  3643 I OpenXR_Hands: ------------ xrDestroyHandTrackerEXT -----------
11-18 17:37:33.636  2387  3643 I OpenXR_Hands: ------------ xrDestroyHandTrackerEXT -----------
11-18 17:37:33.906  6962  7417 I chromium: [INFO:device/vr/openxr/openxr_api_wrapper.cc:2040] XR_TYPE_EVENT_DATA_REFERENCE_SPACE_CHANGE_PENDING for space 2
11-18 17:37:34.590  3392  3578 I Shell   : OpenXRSystem - Eye tracking is allowed
11-18 17:37:34.590  3392  3578 I Shell   : OpenXRSystem - Face tracking is allowed
11-18 17:37:34.595  3392  3765 I OpenXR_GPUMemTrace: Swapchain creation, id=210, idx=0, MemoryAllocationSize: 8229 KB
11-18 17:37:34.595  3392  3765 I OpenXR_GPUMemTrace: Swapchain creation, id=210, idx=1, MemoryAllocationSize: 8229 KB
11-18 17:37:34.595  3392  3765 I OpenXR_GPUMemTrace: Swapchain creation, id=210, idx=2, MemoryAllocationSize: 8229 KB
11-18 17:37:34.701  3392  3578 I Shell   : OpenXRSystem - notifyFaceTrackingRequestStop, 0
11-18 17:37:34.701  3392  3578 I OpenXR_Face: ------------ xrDestroyFaceTracker2FB -----------
11-18 17:37:34.701  3392  3578 I Shell   : OpenXRSystem - Destroyed face tracking
11-18 17:37:38.173  3392  4425 I OpenXR_GPUMemTrace: Swapchain deletion destroy id=186, idx=0
11-18 17:37:38.173  3392  4425 I OpenXR_GPUMemTrace: Swapchain deletion destroy id=186, idx=1
11-18 17:37:38.173  3392  4425 I OpenXR_GPUMemTrace: Swapchain deletion destroy id=186, idx=2
11-18 17:37:38.299  3392  4425 I OpenXR_GPUMemTrace: Swapchain deletion destroy id=185, idx=0
11-18 17:37:38.299  3392  4425 I OpenXR_GPUMemTrace: Swapchain deletion destroy id=185, idx=1
11-18 17:37:38.299  3392  4425 I OpenXR_GPUMemTrace: Swapchain deletion destroy id=185, idx=2
11-18 17:37:40.763  3392  3578 I OpenXRAnchorDiscovery: xrDiscoverSpacesMETA: buildFilterMETA: filters is null
11-18 17:37:40.764  3775  4637 I [CT]    : SP:AP:AnchorPersistence: queryEntities: filterInfo: flags: 96, numUuids: 0, radius: -1, enabledComponents: 0, maxNumSpacesToQuery: 0, groupUuids: , tags: , dataSource: 1, hasTrackableStateFilter: 1, appId: com.oculus.vrshell, request: 14, appOpenXrVersion: 281474976710705
11-18 17:37:40.767  3775  4637 I [CT]    : SP:SceneAnchorFilterUtil: filterOutEntitiesAndComponents : Guardian:false, App OpenXR Version patch:49 (vs. min patch without filtering 45), appIdInOverrideString:false, ocKillswitch:false, fsKillswitch:false
11-18 17:37:48.357  1194  1378 I MRSS    : MIXEDREALITY: OpenXrSupport: OpenXR qualified success: xrBeginFrame(clientState_.session, &beginFrameDesc): XR_FRAME_DISCARDED
11-18 17:37:48.388  3392  3578 I OpenXR_GPUMemTrace: Swapchain creation, id=211, idx=0, MemoryAllocationSize: 8229 KB
11-18 17:37:48.388  3392  3578 I OpenXR_GPUMemTrace: Swapchain creation, id=211, idx=1, MemoryAllocationSize: 8229 KB
11-18 17:37:48.388  3392  3578 I OpenXR_GPUMemTrace: Swapchain creation, id=211, idx=2, MemoryAllocationSize: 8229 KB
11-18 17:37:48.761  3392  3578 I [SEO] VrPlatformOpenXr: VrPlatformOpenXr::SetPropInhibitHandleHomeKey inhibit:0
11-18 17:37:48.761  3392  3578 I OpenXR_DeviceSettings: ------------ xrSetDeviceSettingBooleanFB -----------
11-18 17:37:48.761  3392  3578 I [SEO] VrPlatformOpenXr: VrPlatformOpenXr::SetPropInhibitHandleHomeKey result = 0
11-18 17:37:48.763  3392  3578 I [SEO] VrPlatformOpenXr: RequestEndSession state XR_SESSION_STATE_FOCUSED    focused:1
11-18 17:37:48.763  3392  3578 I OpenXR  : ------------ RequestExitSession [start] -----------
11-18 17:37:48.763  3392  3578 I OpenXR  : ------------ RequestExitSession [end] -----------
11-18 17:37:48.763  3392  3578 I OpenXR  : PostSessionStateChange:[pid: 3392] XR_SESSION_STATE_FOCUSED -> XR_SESSION_STATE_VISIBLE
11-18 17:37:48.763  3392  3578 I [SEO] VrPlatformOpenXr: xrPollEvent: received XR_TYPE_EVENT_DATA_REFERENCE_SPACE_CHANGE_PENDING event: 1000426000
11-18 17:37:48.763  3392  3578 I OpenXR  : PostSessionStateChange:[pid: 3392] XR_SESSION_STATE_VISIBLE -> XR_SESSION_STATE_SYNCHRONIZED
11-18 17:37:48.763  3392  3578 I [SEO] VrPlatformOpenXr: xrPollEvent: received XR_TYPE_EVENT_DATA_REFERENCE_SPACE_CHANGE_PENDING event: 2
11-18 17:37:48.763  3392  3578 I [SEO] VrPlatformOpenXr: XR_TYPE_EVENT_DATA_REFERENCE_SPACE_CHANGE_PENDING : XR_REFERENCE_SPACE_TYPE_LOCAL
11-18 17:37:48.763  3392  3578 I OpenXR  : PostSessionStateChange:[pid: 3392] XR_SESSION_STATE_SYNCHRONIZED -> XR_SESSION_STATE_STOPPING
11-18 17:37:48.763  3392  3578 I [SEO] VrPlatformOpenXr: xrPollEvent: received XR_TYPE_EVENT_DATA_SESSION_STATE_CHANGED: 4 for session 0x2 at time 244.671381
11-18 17:37:48.763  3392  3578 I [SEO] VrPlatformOpenXr: Session state changed XR_SESSION_STATE_VISIBLE
11-18 17:37:48.763  3392  3578 I [SEO] VrPlatformOpenXr: xrPollEvent: received XR_TYPE_EVENT_DATA_SESSION_STATE_CHANGED: 3 for session 0x2 at time 244.671428
11-18 17:37:48.763  3392  3578 I [SEO] VrPlatformOpenXr: Session state changed XR_SESSION_STATE_SYNCHRONIZED
