11-18 17:40:31.370  3775  4637 I [CT]    : SP:AP:AnchorPersistence: queryEntities: filterInfo: flags: 96, numUuids: 0, radius: -1, enabledComponents: 0, maxNumSpacesToQuery: 0, groupUuids: , tags: , dataSource: 1, hasTrackableStateFilter: 1, appId: com.oculus.vrshell, request: 21, appOpenXrVersion: 281474976710705
11-18 17:40:31.373  3392  3578 W [SEO] InputOpenXr: Interaction Profile retrieval failed: /user/eyes_ext
11-18 17:40:31.374  3775  4637 I [CT]    : SP:SceneAnchorFilterUtil: filterOutEntitiesAndComponents : Guardian:false, App OpenXR Version patch:49 (vs. min patch without filtering 45), appIdInOverrideString:false, ocKillswitch:false, fsKillswitch:false
11-18 17:40:31.377  3392  3578 I OpenXR_Passthrough: ------------ xrPassthroughLayerResumeFB -----------
11-18 17:40:31.382  3392  3578 I [SEO] VrPlatformOpenXr: xrPollEvent: received XR_TYPE_EVENT_DATA_REFERENCE_SPACE_CHANGE_PENDING event: 1000426000
11-18 17:40:31.382  3392  3578 I [SEO] VrPlatformOpenXr: xrPollEvent: received XR_TYPE_EVENT_DATA_REFERENCE_SPACE_CHANGE_PENDING event: 2
11-18 17:40:31.382  3392  3578 I [SEO] VrPlatformOpenXr: XR_TYPE_EVENT_DATA_REFERENCE_SPACE_CHANGE_PENDING : XR_REFERENCE_SPACE_TYPE_LOCAL
11-18 17:40:31.437  1194  1378 I MRSS    : MIXEDREALITY: OpenXrSupport: OpenXR qualified success: xrBeginFrame(clientState_.session, &beginFrameDesc): XR_FRAME_DISCARDED
11-18 17:40:31.471  1194  1378 I OpenXR_GPUMemTrace: Swapchain creation, id=230, idx=0, MemoryAllocationSize: 1621 KB
11-18 17:40:31.471  1194  1378 I OpenXR_GPUMemTrace: Swapchain creation, id=230, idx=1, MemoryAllocationSize: 1621 KB
11-18 17:40:31.496  1194  1378 I MRSS    : MIXEDREALITY: OpenXrSupport: OpenXR qualified success: xrBeginFrame(clientState_.session, &beginFrameDesc): XR_FRAME_DISCARDED
11-18 17:40:31.542  2387  3643 W GuardianInput: GuardianInput::UpdateActionData needs a valid OpenXr Session!
11-18 17:40:31.542  2387  3643 W GuardianInput: GuardianInput::UpdateRawHeadLocation needs a valid OpenXr Session!
11-18 17:40:31.596  3392  3578 I [SEO] VrPlatformOpenXr: xrPollEvent: received XR_TYPE_EVENT_DATA_PASSTHROUGH_LAYER_RESUMED_META event
11-18 17:40:31.596  3392  3578 I [SEO] MrServiceClientOpenXr: OnPassthroughLayerResumedEvent: KEYBOARD_HANDS_LAYER[0] PASSTHROUGH_FEATURE_FRAMEWORK_LAYER[1] PROJECTED_LAYER[0]
11-18 17:40:31.933  6962  7417 I chromium: [INFO:device/vr/openxr/openxr_api_wrapper.cc:2040] XR_TYPE_EVENT_DATA_REFERENCE_SPACE_CHANGE_PENDING for space 2
11-18 17:40:31.968  2387  3643 W GuardianInput: GuardianInput::UpdateRawHeadLocation needs a valid OpenXr Session!
11-18 17:40:31.969  2387  3643 I OpenXR_Hands: ------------ xrCreateHandTrackerEXT -----------
11-18 17:40:31.970  2387  3643 I OpenXR_Hands: ------------ xrCreateHandTrackerEXT -----------
11-18 17:40:32.100  2387  3643 I OpenXRAnchorDiscovery: xrDiscoverSpacesMETA: buildFilterMETA: filters is null
11-18 17:40:32.102  3775  4418 I [CT]    : SP:AP:AnchorPersistence: queryEntities: filterInfo: flags: 96, numUuids: 0, radius: -1, enabledComponents: 0, maxNumSpacesToQuery: 0, groupUuids: , tags: , dataSource: 1, hasTrackableStateFilter: 1, appId: com.oculus.guardian, request: 120, appOpenXrVersion: 281474976710690
11-18 17:40:32.106  3775  4418 I [CT]    : SP:SceneAnchorFilterUtil: filterOutEntitiesAndComponents : Guardian:true, App OpenXR Version patch:34 (vs. min patch without filtering 45), appIdInOverrideString:false, ocKillswitch:false, fsKillswitch:false
11-18 17:40:32.108  3392  3578 I [SEO] VrPlatformOpenXr: xrPollEvent: received XR_TYPE_EVENT_DATA_REFERENCE_SPACE_CHANGE_PENDING event: 1000426000
11-18 17:40:32.108  3392  3578 I [SEO] VrPlatformOpenXr: xrPollEvent: received XR_TYPE_EVENT_DATA_REFERENCE_SPACE_CHANGE_PENDING event: 2
11-18 17:40:32.108  3392  3578 I [SEO] VrPlatformOpenXr: XR_TYPE_EVENT_DATA_REFERENCE_SPACE_CHANGE_PENDING : XR_REFERENCE_SPACE_TYPE_LOCAL
11-18 17:40:32.108  3392  3578 I [SEO] VrPlatformOpenXr: xrPollEvent: received XR_TYPE_EVENT_DATA_REFERENCE_SPACE_CHANGE_PENDING event: 3
11-18 17:40:32.934  6962  7417 I chromium: [INFO:device/vr/openxr/openxr_api_wrapper.cc:2040] XR_TYPE_EVENT_DATA_REFERENCE_SPACE_CHANGE_PENDING for space 2
11-18 17:40:32.934  6962  7417 I chromium: [INFO:device/vr/openxr/openxr_api_wrapper.cc:2040] XR_TYPE_EVENT_DATA_REFERENCE_SPACE_CHANGE_PENDING for space 3
11-18 17:40:33.221  2387  3643 I OpenXR_Anchor: xrQuerySpacesFB: split anchor query enabled
11-18 17:40:33.225  3775  4418 I [CT]    : SP:AP:AnchorPersistenceRuntimeIpcServer: queryAvailableAnchorsSMV2: clientId: 1310376013, maxAnchors: 500, filter: 0, queryMultipleRoomsEnabledByOpenXrVersion: false, source: 2, appId: com.oculus.guardian
11-18 17:40:33.225  3775  4418 I [CT]    : SP:AP:AnchorPersistence: loadAvailableAnchorsLocal: appId: com.oculus.guardian, queryMultipleRoomsEnabledAppId: , queryMultipleRoomsEnabledByOpenXrVersion: false, applyEffectiveSingleRoomFilter: false
11-18 17:40:33.229  3775  4418 I [CT]    : SP:SceneAnchorFilterUtil: filterOutEntitiesAndComponents : Guardian:true, App OpenXR Version patch:34 (vs. min patch without filtering 45), appIdInOverrideString:false, ocKillswitch:false, fsKillswitch:false
11-18 17:40:33.612  3392  3578 I [SEO] VrPlatformOpenXr: xrPollEvent: received XR_TYPE_EVENT_DATA_REFERENCE_SPACE_CHANGE_PENDING event: 1000426000
11-18 17:40:33.612  3392  3578 I [SEO] VrPlatformOpenXr: xrPollEvent: received XR_TYPE_EVENT_DATA_REFERENCE_SPACE_CHANGE_PENDING event: 2
11-18 17:40:33.612  3392  3578 I [SEO] VrPlatformOpenXr: XR_TYPE_EVENT_DATA_REFERENCE_SPACE_CHANGE_PENDING : XR_REFERENCE_SPACE_TYPE_LOCAL
11-18 17:40:33.612  3392  3578 I [SEO] VrPlatformOpenXr: xrPollEvent: received XR_TYPE_EVENT_DATA_REFERENCE_SPACE_CHANGE_PENDING event: 3
11-18 17:40:33.623  3392  3578 I OpenXR_Passthrough: ------------ xrPassthroughLayerPauseFB -----------
11-18 17:40:33.626  1194  1378 I OpenXR_GPUMemTrace: Swapchain deletion destroy id=230, idx=0
11-18 17:40:33.626  1194  1378 I OpenXR_GPUMemTrace: Swapchain deletion destroy id=230, idx=1
11-18 17:40:33.631  3392  3578 I OpenXRAnchorDiscovery: xrDiscoverSpacesMETA: buildFilterMETA: filters is null
11-18 17:40:33.634  3775  4637 I [CT]    : SP:AP:AnchorPersistence: queryEntities: filterInfo: flags: 96, numUuids: 0, radius: -1, enabledComponents: 0, maxNumSpacesToQuery: 0, groupUuids: , tags: , dataSource: 1, hasTrackableStateFilter: 1, appId: com.oculus.vrshell, request: 22, appOpenXrVersion: 281474976710705
11-18 17:40:33.640  1194  1378 I OpenXR_GPUMemTrace: Swapchain creation, id=231, idx=0, MemoryAllocationSize: 1621 KB
11-18 17:40:33.640  1194  1378 I OpenXR_GPUMemTrace: Swapchain creation, id=231, idx=1, MemoryAllocationSize: 1621 KB
11-18 17:40:33.650  3775  4637 I [CT]    : SP:SceneAnchorFilterUtil: filterOutEntitiesAndComponents : Guardian:false, App OpenXR Version patch:49 (vs. min patch without filtering 45), appIdInOverrideString:false, ocKillswitch:false, fsKillswitch:false
11-18 17:40:33.737  1194  1378 I OpenXR_GPUMemTrace: Swapchain deletion destroy id=231, idx=0
11-18 17:40:33.737  1194  1378 I OpenXR_GPUMemTrace: Swapchain deletion destroy id=231, idx=1
11-18 17:40:33.934  6962  7417 I chromium: [INFO:device/vr/openxr/openxr_api_wrapper.cc:2040] XR_TYPE_EVENT_DATA_REFERENCE_SPACE_CHANGE_PENDING for space 2
11-18 17:40:33.934  6962  7417 I chromium: [INFO:device/vr/openxr/openxr_api_wrapper.cc:2040] XR_TYPE_EVENT_DATA_REFERENCE_SPACE_CHANGE_PENDING for space 3
11-18 17:40:34.231  2387  3643 I OpenXR_Anchor: xrQuerySpacesFB: split anchor query enabled
11-18 17:40:34.233  3775  4418 I [CT]    : SP:AP:AnchorPersistenceRuntimeIpcServer: queryAvailableAnchorsSMV2: clientId: 1310376013, maxAnchors: 500, filter: 0, queryMultipleRoomsEnabledByOpenXrVersion: false, source: 2, appId: com.oculus.guardian
11-18 17:40:34.234  3775  4418 I [CT]    : SP:AP:AnchorPersistence: loadAvailableAnchorsLocal: appId: com.oculus.guardian, queryMultipleRoomsEnabledAppId: , queryMultipleRoomsEnabledByOpenXrVersion: false, applyEffectiveSingleRoomFilter: false
11-18 17:40:34.238  3775  4418 I [CT]    : SP:SceneAnchorFilterUtil: filterOutEntitiesAndComponents : Guardian:true, App OpenXR Version patch:34 (vs. min patch without filtering 45), appIdInOverrideString:false, ocKillswitch:false, fsKillswitch:false
11-18 17:40:35.234  2387  3643 I OpenXR_Anchor: xrQuerySpacesFB: split anchor query enabled
11-18 17:40:35.235  3775  4418 I [CT]    : SP:AP:AnchorPersistenceRuntimeIpcServer: queryAvailableAnchorsSMV2: clientId: 1310376013, maxAnchors: 500, filter: 0, queryMultipleRoomsEnabledByOpenXrVersion: false, source: 2, appId: com.oculus.guardian
11-18 17:40:35.236  3775  4418 I [CT]    : SP:AP:AnchorPersistence: loadAvailableAnchorsLocal: appId: com.oculus.guardian, queryMultipleRoomsEnabledAppId: , queryMultipleRoomsEnabledByOpenXrVersion: false, applyEffectiveSingleRoomFilter: false
11-18 17:40:35.239  3775  4418 I [CT]    : SP:SceneAnchorFilterUtil: filterOutEntitiesAndComponents : Guardian:true, App OpenXR Version patch:34 (vs. min patch without filtering 45), appIdInOverrideString:false, ocKillswitch:false, fsKillswitch:false
11-18 17:40:36.236  2387  3643 I OpenXR_Anchor: xrQuerySpacesFB: split anchor query enabled
11-18 17:40:36.238  3775  4418 I [CT]    : SP:AP:AnchorPersistenceRuntimeIpcServer: queryAvailableAnchorsSMV2: clientId: 1310376013, maxAnchors: 500, filter: 0, queryMultipleRoomsEnabledByOpenXrVersion: false, source: 2, appId: com.oculus.guardian
11-18 17:40:36.238  3775  4418 I [CT]    : SP:AP:AnchorPersistence: loadAvailableAnchorsLocal: appId: com.oculus.guardian, queryMultipleRoomsEnabledAppId: , queryMultipleRoomsEnabledByOpenXrVersion: false, applyEffectiveSingleRoomFilter: false
11-18 17:40:36.242  3775  4418 I [CT]    : SP:SceneAnchorFilterUtil: filterOutEntitiesAndComponents : Guardian:true, App OpenXR Version patch:34 (vs. min patch without filtering 45), appIdInOverrideString:false, ocKillswitch:false, fsKillswitch:false
11-18 17:40:37.239  2387  3643 I OpenXR_Anchor: xrQuerySpacesFB: split anchor query enabled
11-18 17:40:37.239  2387  3643 I [CT]    : SP:AP:AnchorPersistenceRuntimeIpcClient: loadAvailableAnchors: maxAnchors: 500, filter: 0, queryMultipleRoomsEnabledByOpenXrVersion: false, source: 2, appId: com.oculus.guardian
11-18 17:40:37.241  3775  4418 I [CT]    : SP:AP:AnchorPersistenceRuntimeIpcServer: queryAvailableAnchorsSMV2: clientId: 1310376013, maxAnchors: 500, filter: 0, queryMultipleRoomsEnabledByOpenXrVersion: false, source: 2, appId: com.oculus.guardian
11-18 17:40:37.241  3775  4418 I [CT]    : SP:SM:SceneManager: queryAvailableAnchors: maxAnchors: 500, filter: 0, queryMultipleRoomsEnabledByOpenXrVersion: false, source: 2, appId: com.oculus.guardian
11-18 17:40:37.242  3775  4418 I [CT]    : SP:AP:AnchorPersistence: loadAvailableAnchorsLocal: appId: com.oculus.guardian, queryMultipleRoomsEnabledAppId: , queryMultipleRoomsEnabledByOpenXrVersion: false, applyEffectiveSingleRoomFilter: false
11-18 17:40:37.247  3775  4418 I [CT]    : SP:SceneAnchorFilterUtil: filterOutEntitiesAndComponents : Guardian:true, App OpenXR Version patch:34 (vs. min patch without filtering 45), appIdInOverrideString:false, ocKillswitch:false, fsKillswitch:false
^C^C