11-18 17:37:48.763  3392  3578 I [SEO] VrPlatformOpenXr: xrPollEvent: received XR_TYPE_EVENT_DATA_SESSION_STATE_CHANGED: 6 for session 0x2 at time 244.671475
11-18 17:37:48.763  3392  3578 I [SEO] VrPlatformOpenXr: Session state changed XR_SESSION_STATE_STOPPING
11-18 17:37:48.763  3392  3578 I [SEO] VrPlatformOpenXr: EndSession state XR_SESSION_STATE_STOPPING    focused:0
11-18 17:37:48.763  3392  3578 I [SEO] VrPlatformOpenXr: EndSession calling MrServiceClient EndSession
11-18 17:37:48.763  3392  3578 I OpenXR_Passthrough: ------------ xrPassthroughPauseFB -----------
11-18 17:37:48.764  3392  3578 I [SEO] VrPlatformOpenXr: EndSession MrServiceClient EndSession passed
11-18 17:37:48.764  3392  3578 I [SEO] VrPlatformOpenXr: EndSession calling xrEndSession
11-18 17:37:48.764  3392  3578 I OpenXR  : ------------ xrEndSession [start] -----------
11-18 17:37:48.766  1194  1378 I MRSS    : MIXEDREALITY: OpenXrSupport: OpenXR qualified success: xrBeginFrame(clientState_.session, &beginFrameDesc): XR_FRAME_DISCARDED
11-18 17:37:48.789  3392  3578 I OpenXR  : PostSessionStateChange:[pid: 3392] XR_SESSION_STATE_STOPPING -> XR_SESSION_STATE_IDLE
11-18 17:37:48.789  3392  3578 I OpenXR  : ------------ xrEndSession [end] -----------
11-18 17:37:48.789  3392  3578 I [SEO] VrPlatformOpenXr: EndSession xrEndSession passed
11-18 17:37:48.789  3392  3578 I [SEO] VrPlatformOpenXr: xrPollEvent: received XR_TYPE_EVENT_DATA_SESSION_STATE_CHANGED: 1 for session 0x2 at time 244.697227
11-18 17:37:48.789  3392  3578 I [SEO] VrPlatformOpenXr: Session state changed XR_SESSION_STATE_IDLE
11-18 17:37:48.789  3392  3578 I OpenXR  : PostSessionStateChange:[pid: 3392] XR_SESSION_STATE_IDLE -> XR_SESSION_STATE_READY
11-18 17:37:48.789  3392  3578 I [SEO] VrPlatformOpenXr: xrPollEvent: received XR_TYPE_EVENT_DATA_SESSION_STATE_CHANGED: 2 for session 0x2 at time 244.697452
11-18 17:37:48.789  3392  3578 I [SEO] VrPlatformOpenXr: Session state changed XR_SESSION_STATE_READY
11-18 17:37:48.799  3392  3578 I [SEO] VrPlatformOpenXr: EndSession passed message polling. count:1  count<maxRetryCount:1  sessionState:2
11-18 17:37:48.799  3392  3578 I [SEO] VrPlatformOpenXr: EndSession end
11-18 17:37:48.846  1194  1378 I MRSS    : MIXEDREALITY: OpenXrSupport: OpenXR qualified success: xrBeginFrame(clientState_.session, &beginFrameDesc): XR_FRAME_DISCARDED
11-18 17:37:48.868  1194  1378 I MRSS    : MIXEDREALITY: OpenXrSupport: OpenXR qualified success: xrBeginFrame(clientState_.session, &beginFrameDesc): XR_FRAME_DISCARDED
11-18 17:37:48.884  2387  3643 W GuardianInput: GuardianInput::UpdateActionData needs a valid OpenXr Session!
11-18 17:37:48.884  2387  3643 W GuardianInput: GuardianInput::UpdateRawHeadLocation needs a valid OpenXr Session!
11-18 17:37:48.908  6962  7417 I chromium: [INFO:device/vr/openxr/openxr_api_wrapper.cc:2040] XR_TYPE_EVENT_DATA_REFERENCE_SPACE_CHANGE_PENDING for space 2
11-18 17:37:49.026  3392  3578 I OpenXR  : ------------ xrBeginSession [start] -----------
11-18 17:37:49.336  3392  3578 I OpenXR  : usesManifestForCpuBoost:1
11-18 17:37:49.336  3392  3578 I OpenXR  : ------------ xrBeginSession [end] -----------
11-18 17:37:49.336  3392  3578 I [SEO] VrPlatformOpenXr: Setting clock levels to cpu=2, gpu=2
11-18 17:37:49.336  3392  3578 I OpenXR  : xrPerfSettingsSetPerformanceLevelEXT [package=com.oculus.vrshell, domain=cpu, level=sustained high]
11-18 17:37:49.336  3392  3578 I OpenXR  : xrPerfSettingsSetPerformanceLevelEXT [package=com.oculus.vrshell, domain=gpu, level=sustained high]
11-18 17:37:49.336  3392  3578 I OpenXR_Passthrough: ------------ xrPassthroughStartFB -----------
11-18 17:37:49.336  3392  3578 I [SEO] MrServiceClientOpenXr: [InitializePassthroughFeatureFrameworkLayerStyles] textureOpacityFactor reset
11-18 17:37:49.340  3392  3578 I [SEO] VrPlatformOpenXr: VrPlatformOpenXr::SetPropInhibitHandleHomeKey inhibit:1
11-18 17:37:49.340  3392  3578 I OpenXR_DeviceSettings: ------------ xrSetDeviceSettingBooleanFB -----------
11-18 17:37:49.340  3392  3578 I [SEO] VrPlatformOpenXr: VrPlatformOpenXr::SetPropInhibitHandleHomeKey result = 0
11-18 17:37:49.344  1194  1378 I MRSS    : MIXEDREALITY: OpenXrSupport: OpenXR qualified success: xrBeginFrame(clientState_.session, &beginFrameDesc): XR_FRAME_DISCARDED
11-18 17:37:49.413  1194  1378 I MRSS    : MIXEDREALITY: OpenXrSupport: OpenXR qualified success: xrBeginFrame(clientState_.session, &beginFrameDesc): XR_FRAME_DISCARDED
11-18 17:37:49.522  3392  3578 I [SEO] VrPlatformOpenXr: xrPollEvent: Unknown event
11-18 17:37:49.522  3392  3578 I [SEO] VrPlatformOpenXr: xrPollEvent: received XR_TYPE_EVENT_DATA_USER_PRESENCE_CHANGED_EXT event: isUserPresent 1
11-18 17:37:49.522  3392  3578 I [SEO] VrPlatformOpenXr: xrPollEvent: received XR_TYPE_EVENT_DATA_REFERENCE_SPACE_CHANGE_PENDING event: 1000426000
11-18 17:37:49.522  3392  3578 I [SEO] VrPlatformOpenXr: xrPollEvent: received XR_TYPE_EVENT_DATA_REFERENCE_SPACE_CHANGE_PENDING event: 2
11-18 17:37:49.522  3392  3578 I [SEO] VrPlatformOpenXr: XR_TYPE_EVENT_DATA_REFERENCE_SPACE_CHANGE_PENDING : XR_REFERENCE_SPACE_TYPE_LOCAL
11-18 17:37:49.536  3392  3578 I OpenXR  : xrPerfSettingsSetPerformanceLevelEXT [package=com.oculus.vrshell, domain=cpu, level=boost]
11-18 17:37:49.536  3392  3578 I OpenXR  : xrPerfSettingsSetPerformanceLevelEXT [package=com.oculus.vrshell, domain=gpu, level=boost]
11-18 17:37:49.541  3392  3578 I OpenXR_Passthrough: ------------ xrPassthroughLayerResumeFB -----------
11-18 17:37:49.544  3392  3578 I OpenXR  : PostSessionStateChange:[pid: 3392] XR_SESSION_STATE_READY -> XR_SESSION_STATE_SYNCHRONIZED
11-18 17:37:49.544  3392  3578 I [SEO] VrPlatformOpenXr: xrPollEvent: received XR_TYPE_EVENT_DATA_SESSION_STATE_CHANGED: 3 for session 0x2 at time 245.451968
11-18 17:37:49.544  3392  3578 I [SEO] VrPlatformOpenXr: Session state changed XR_SESSION_STATE_SYNCHRONIZED
11-18 17:37:49.544  3392  3578 I OpenXR  : PostSessionStateChange:[pid: 3392] XR_SESSION_STATE_SYNCHRONIZED -> XR_SESSION_STATE_VISIBLE
11-18 17:37:49.544  3392  3578 I OpenXR  : PostSessionStateChange:[pid: 3392] XR_SESSION_STATE_VISIBLE -> XR_SESSION_STATE_FOCUSED
11-18 17:37:49.544  3392  3578 I [SEO] VrPlatformOpenXr: xrPollEvent: received XR_TYPE_EVENT_DATA_SESSION_STATE_CHANGED: 4 for session 0x2 at time 245.452039
11-18 17:37:49.544  3392  3578 I [SEO] VrPlatformOpenXr: Session state changed XR_SESSION_STATE_VISIBLE
11-18 17:37:49.544  3392  3578 I [SEO] VrPlatformOpenXr: xrPollEvent: received XR_TYPE_EVENT_DATA_SESSION_STATE_CHANGED: 5 for session 0x2 at time 245.452051
11-18 17:37:49.544  3392  3578 I [SEO] VrPlatformOpenXr: Session state changed XR_SESSION_STATE_FOCUSED
11-18 17:37:49.558  3392  3578 I [SEO] VrPlatformOpenXr: xrPollEvent: received XR_TYPE_EVENT_DATA_REFERENCE_SPACE_CHANGE_PENDING event: 1000426000
11-18 17:37:49.558  3392  3578 I [SEO] VrPlatformOpenXr: xrPollEvent: received XR_TYPE_EVENT_DATA_REFERENCE_SPACE_CHANGE_PENDING event: 2
11-18 17:37:49.558  3392  3578 I [SEO] VrPlatformOpenXr: XR_TYPE_EVENT_DATA_REFERENCE_SPACE_CHANGE_PENDING : XR_REFERENCE_SPACE_TYPE_LOCAL
11-18 17:37:49.598  2387  3643 W GuardianInput: GuardianInput::UpdateRawHeadLocation needs a valid OpenXr Session!
11-18 17:37:49.600  2387  3643 I OpenXR_Hands: ------------ xrCreateHandTrackerEXT -----------
11-18 17:37:49.600  2387  3643 I OpenXR_Hands: ------------ xrCreateHandTrackerEXT -----------
11-18 17:37:49.606  1194  1378 I MRSS    : MIXEDREALITY: OpenXrSupport: OpenXR qualified success: xrBeginFrame(clientState_.session, &beginFrameDesc): XR_FRAME_DISCARDED
11-18 17:37:49.610  1194  1378 I OpenXR_GPUMemTrace: Swapchain creation, id=214, idx=0, MemoryAllocationSize: 1621 KB
11-18 17:37:49.610  1194  1378 I OpenXR_GPUMemTrace: Swapchain creation, id=214, idx=1, MemoryAllocationSize: 1621 KB
11-18 17:37:49.618  3392  3578 I Shell   : OpenXRSystem - Eye tracking is allowed
11-18 17:37:49.618  3392  3578 I Shell   : OpenXRSystem - Face tracking is allowed
11-18 17:37:49.626  3392  3578 I Shell   : OpenXRSystem - notifyFaceTrackingRequestStart, 1
11-18 17:37:49.626  3392  3578 I OpenXR_Face: ------------ xrCreateFaceTracker2FB -----------
11-18 17:37:49.632  3392  3578 I Shell   : OpenXRSystem - Initialized face tracking
11-18 17:37:49.633  3392  3766 I OpenXR_GPUMemTrace: Swapchain creation, id=215, idx=0, MemoryAllocationSize: 18325 KB
11-18 17:37:49.636  3392  3766 I OpenXR_GPUMemTrace: Swapchain creation, id=215, idx=1, MemoryAllocationSize: 18325 KB
11-18 17:37:49.636  3392  3766 I OpenXR_GPUMemTrace: Swapchain creation, id=215, idx=2, MemoryAllocationSize: 18325 KB
11-18 17:37:49.646  3392  4425 W Telemetry: [OpenXR] swapchain rect invalid;
11-18 17:37:49.674  3392  3578 I OpenXR_GPUMemTrace: Swapchain creation, id=216, idx=0, MemoryAllocationSize: 18325 KB
11-18 17:37:49.674  3392  3578 I OpenXR_GPUMemTrace: Swapchain creation, id=216, idx=1, MemoryAllocationSize: 18325 KB
11-18 17:37:49.674  3392  3578 I OpenXR_GPUMemTrace: Swapchain creation, id=216, idx=2, MemoryAllocationSize: 18325 KB
11-18 17:37:49.729  2387  3643 I OpenXR_Anchor: xrQuerySpacesFB: split anchor query enabled
11-18 17:37:49.730  3392  4425 I OpenXR  : xrEndFrame frameTransaction failure detected, might due to compositor frame blocking, swapchains not marked as used-in-frame 15378
11-18 17:37:49.733  3775  4418 I [CT]    : SP:AP:AnchorPersistenceRuntimeIpcServer: queryAvailableAnchorsSMV2: clientId: 1310376013, maxAnchors: 500, filter: 0, queryMultipleRoomsEnabledByOpenXrVersion: false, source: 2, appId: com.oculus.guardian
11-18 17:37:49.734  3775  4418 I [CT]    : SP:AP:AnchorPersistence: loadAvailableAnchorsLocal: appId: com.oculus.guardian, queryMultipleRoomsEnabledAppId: , queryMultipleRoomsEnabledByOpenXrVersion: false, applyEffectiveSingleRoomFilter: false
11-18 17:37:49.752  3775  4418 I [CT]    : SP:SceneAnchorFilterUtil: filterOutEntitiesAndComponents : Guardian:true, App OpenXR Version patch:34 (vs. min patch without filtering 45), appIdInOverrideString:false, ocKillswitch:false, fsKillswitch:false
11-18 17:37:49.857  3392  3578 I [SEO] VrPlatformOpenXr: xrPollEvent: received XR_TYPE_EVENT_DATA_PASSTHROUGH_LAYER_RESUMED_META event
11-18 17:37:49.857  3392  3578 I [SEO] MrServiceClientOpenXr: OnPassthroughLayerResumedEvent: KEYBOARD_HANDS_LAYER[0] PASSTHROUGH_FEATURE_FRAMEWORK_LAYER[1] PROJECTED_LAYER[0]
11-18 17:37:49.865  1194  1378 I OpenXR_GPUMemTrace: Swapchain creation, id=218, idx=0, MemoryAllocationSize: 1621 KB
11-18 17:37:49.865  1194  1378 I OpenXR_GPUMemTrace: Swapchain creation, id=218, idx=1, MemoryAllocationSize: 1621 KB
11-18 17:37:49.909  6962  7417 I chromium: [INFO:device/vr/openxr/openxr_api_wrapper.cc:2040] XR_TYPE_EVENT_DATA_REFERENCE_SPACE_CHANGE_PENDING for space 2
11-18 17:37:50.057  1194  1378 I OpenXR_GPUMemTrace: Swapchain deletion destroy id=218, idx=0
11-18 17:37:50.057  1194  1378 I OpenXR_GPUMemTrace: Swapchain deletion destroy id=218, idx=1
11-18 17:37:50.096  2387  3643 I OpenXR_Hands: ------------ xrDestroyHandTrackerEXT -----------
11-18 17:37:50.096  2387  3643 I OpenXR_Hands: ------------ xrDestroyHandTrackerEXT -----------
11-18 17:37:50.961  3392  3578 I OpenXR  : xrPerfSettingsSetPerformanceLevelEXT [package=com.oculus.vrshell, domain=cpu, level=sustained high]
11-18 17:37:50.961  3392  3578 I OpenXR  : xrPerfSettingsSetPerformanceLevelEXT [package=com.oculus.vrshell, domain=gpu, level=sustained high]
11-18 17:37:50.963  3392  3578 I Shell   : OpenXRSystem - Eye tracking is allowed
11-18 17:37:50.963  3392  3578 I Shell   : OpenXRSystem - Face tracking is allowed
11-18 17:37:50.972  3392  3764 I OpenXR_GPUMemTrace: Swapchain creation, id=225, idx=0, MemoryAllocationSize: 8229 KB
11-18 17:37:50.972  3392  3764 I OpenXR_GPUMemTrace: Swapchain creation, id=225, idx=1, MemoryAllocationSize: 8229 KB
11-18 17:37:50.972  3392  3764 I OpenXR_GPUMemTrace: Swapchain creation, id=225, idx=2, MemoryAllocationSize: 8229 KB
11-18 17:37:51.076  3392  3578 I Shell   : OpenXRSystem - notifyFaceTrackingRequestStop, 0
11-18 17:37:51.076  3392  3578 I OpenXR_Face: ------------ xrDestroyFaceTracker2FB -----------
11-18 17:37:51.076  3392  3578 I Shell   : OpenXRSystem - Destroyed face tracking
11-18 17:37:52.258  3392  3578 W [SEO] InputOpenXr: Interaction Profile retrieval failed: /user/eyes_ext
11-18 17:37:52.272  3392  3578 W [SEO] InputOpenXr: Interaction Profile retrieval failed: /user/eyes_ext
11-18 17:37:52.286  3392  3578 W [SEO] InputOpenXr: Interaction Profile retrieval failed: /user/eyes_ext
11-18 17:37:59.981  3392  3578 W [SEO] InputOpenXr: Interaction Profile retrieval failed: /user/eyes_ext
11-18 17:38:10.771  3392  3578 I OpenXRAnchorDiscovery: xrDiscoverSpacesMETA: buildFilterMETA: filters is null
11-18 17:38:10.772  3775  4637 I [CT]    : SP:AP:AnchorPersistence: queryEntities: filterInfo: flags: 96, numUuids: 0, radius: -1, enabledComponents: 0, maxNumSpacesToQuery: 0, groupUuids: , tags: , dataSource: 1, hasTrackableStateFilter: 1, appId: com.oculus.vrshell, request: 15, appOpenXrVersion: 281474976710705
11-18 17:38:10.775  3775  4637 I [CT]    : SP:SceneAnchorFilterUtil: filterOutEntitiesAndComponents : Guardian:false, App OpenXR Version patch:49 (vs. min patch without filtering 45), appIdInOverrideString:false, ocKillswitch:false, fsKillswitch:false
11-18 17:38:32.824  3392  3578 W [SEO] InputOpenXr: Interaction Profile retrieval failed: /user/eyes_ext
11-18 17:38:40.774  3392  3578 I OpenXRAnchorDiscovery: xrDiscoverSpacesMETA: buildFilterMETA: filters is null
11-18 17:38:40.775  3775  4637 I [CT]    : SP:AP:AnchorPersistence: queryEntities: filterInfo: flags: 96, numUuids: 0, radius: -1, enabledComponents: 0, maxNumSpacesToQuery: 0, groupUuids: , tags: , dataSource: 1, hasTrackableStateFilter: 1, appId: com.oculus.vrshell, request: 16, appOpenXrVersion: 281474976710705
11-18 17:38:40.778  3775  4637 I [CT]    : SP:SceneAnchorFilterUtil: filterOutEntitiesAndComponents : Guardian:false, App OpenXR Version patch:49 (vs. min patch without filtering 45), appIdInOverrideString:false, ocKillswitch:false, fsKillswitch:false
11-18 17:38:44.633  3392  3578 I OpenXR  : xrPerfSettingsSetPerformanceLevelEXT [package=com.oculus.vrshell, domain=cpu, level=boost]
11-18 17:38:44.633  3392  3578 I OpenXR  : xrPerfSettingsSetPerformanceLevelEXT [package=com.oculus.vrshell, domain=gpu, level=boost]
11-18 17:38:44.658  3392  3578 I OpenXR_GPUMemTrace: Swapchain creation, id=226, idx=0, MemoryAllocationSize: 8229 KB
11-18 17:38:44.658  3392  3578 I OpenXR_GPUMemTrace: Swapchain creation, id=226, idx=1, MemoryAllocationSize: 8229 KB
11-18 17:38:44.658  3392  3578 I OpenXR_GPUMemTrace: Swapchain creation, id=226, idx=2, MemoryAllocationSize: 8229 KB
11-18 17:38:44.672  3392  3578 I Shell   : OpenXR: set refresh-rate: 90.000000Hz by Overlay Client
11-18 17:38:44.741  6962  7041 I OpenXR  : nativeOnActivityReady: com.oculus.browser/com.oculus.browser.WebVRActivity
11-18 17:38:44.815  2120  2120 I XrRuntimeSharedClientState: OpenXRClientState::shutdown
11-18 17:38:44.839  3392  3578 I [SEO] VrPlatformOpenXr: xrPollEvent: received XR_TYPE_EVENT_DATA_DISPLAY_REFRESH_RATE_CHANGED_FB event: fromRate 72.000000 -> toRate 90.000000
11-18 17:38:44.870  3392  3578 I [SEO] VrPlatformOpenXr: VrPlatformOpenXr::SetPropInhibitHandleHomeKey inhibit:1
11-18 17:38:44.870  3392  3578 I OpenXR_DeviceSettings: ------------ xrSetDeviceSettingBooleanFB -----------
11-18 17:38:44.870  3392  3578 I [SEO] VrPlatformOpenXr: VrPlatformOpenXr::SetPropInhibitHandleHomeKey result = 0
11-18 17:38:44.887  3392  3578 I [SEO] VrPlatformOpenXr: xrPollEvent: received XR_TYPE_EVENT_DATA_REFERENCE_SPACE_CHANGE_PENDING event: 1000426000
11-18 17:38:44.887  3392  3578 I [SEO] VrPlatformOpenXr: xrPollEvent: received XR_TYPE_EVENT_DATA_REFERENCE_SPACE_CHANGE_PENDING event: 2
11-18 17:38:44.887  3392  3578 I [SEO] VrPlatformOpenXr: XR_TYPE_EVENT_DATA_REFERENCE_SPACE_CHANGE_PENDING : XR_REFERENCE_SPACE_TYPE_LOCAL
11-18 17:38:44.889  2387  3643 W GuardianInput: GuardianInput::UpdateRawHeadLocation needs a valid OpenXr Session!
11-18 17:38:44.891  2387  3643 I OpenXR_Hands: ------------ xrCreateHandTrackerEXT -----------
11-18 17:38:44.891  2387  3643 I OpenXR_Hands: ------------ xrCreateHandTrackerEXT -----------
11-18 17:38:44.917  6962  7417 I chromium: [INFO:device/vr/openxr/openxr_api_wrapper.cc:2040] XR_TYPE_EVENT_DATA_REFERENCE_SPACE_CHANGE_PENDING for space 2
11-18 17:38:44.917  6962  7417 E chromium: [ERROR:device/vr/openxr/openxr_api_wrapper.cc:2204] Unhandled event type: 1000101000
11-18 17:38:45.036  2387  3643 I OpenXRAnchorDiscovery: xrDiscoverSpacesMETA: buildFilterMETA: filters is null
11-18 17:38:45.039  3775  4418 I [CT]    : SP:AP:AnchorPersistence: queryEntities: filterInfo: flags: 96, numUuids: 0, radius: -1, enabledComponents: 0, maxNumSpacesToQuery: 0, groupUuids: , tags: , dataSource: 1, hasTrackableStateFilter: 1, appId: com.oculus.guardian, request: 92, appOpenXrVersion: 281474976710690
11-18 17:38:45.042  3392  3578 I [SEO] VrPlatformOpenXr: xrPollEvent: received XR_TYPE_EVENT_DATA_REFERENCE_SPACE_CHANGE_PENDING event: 1000426000
11-18 17:38:45.042  3392  3578 I [SEO] VrPlatformOpenXr: xrPollEvent: received XR_TYPE_EVENT_DATA_REFERENCE_SPACE_CHANGE_PENDING event: 2
11-18 17:38:45.042  3392  3578 I [SEO] VrPlatformOpenXr: XR_TYPE_EVENT_DATA_REFERENCE_SPACE_CHANGE_PENDING : XR_REFERENCE_SPACE_TYPE_LOCAL
11-18 17:38:45.042  3392  3578 I [SEO] VrPlatformOpenXr: xrPollEvent: received XR_TYPE_EVENT_DATA_REFERENCE_SPACE_CHANGE_PENDING event: 3
11-18 17:38:45.059  3775  4418 I [CT]    : SP:SceneAnchorFilterUtil: filterOutEntitiesAndComponents : Guardian:true, App OpenXR Version patch:34 (vs. min patch without filtering 45), appIdInOverrideString:false, ocKillswitch:false, fsKillswitch:false
11-18 17:38:45.314  3392  3578 I Shell   : OpenXRSystem - Eye tracking is allowed
11-18 17:38:45.314  3392  3578 I Shell   : OpenXRSystem - Face tracking is allowed
11-18 17:38:45.325  3392  3578 I Shell   : OpenXRSystem - notifyFaceTrackingRequestStart, 1
11-18 17:38:45.325  3392  3578 I OpenXR_Face: ------------ xrCreateFaceTracker2FB -----------
11-18 17:38:45.330  3392  3578 I Shell   : OpenXRSystem - Initialized face tracking
11-18 17:38:45.340  3392  3764 I OpenXR_GPUMemTrace: Swapchain creation, id=227, idx=0, MemoryAllocationSize: 18325 KB
11-18 17:38:45.340  3392  3764 I OpenXR_GPUMemTrace: Swapchain creation, id=227, idx=1, MemoryAllocationSize: 18325 KB
11-18 17:38:45.340  3392  3764 I OpenXR_GPUMemTrace: Swapchain creation, id=227, idx=2, MemoryAllocationSize: 18325 KB
11-18 17:38:45.355  3392  4425 W Telemetry: [OpenXR] swapchain rect invalid;
11-18 17:38:45.385  3392  3578 I OpenXR_GPUMemTrace: Swapchain creation, id=228, idx=0, MemoryAllocationSize: 18325 KB
11-18 17:38:45.385  3392  3578 I OpenXR_GPUMemTrace: Swapchain creation, id=228, idx=1, MemoryAllocationSize: 18325 KB
11-18 17:38:45.385  3392  3578 I OpenXR_GPUMemTrace: Swapchain creation, id=228, idx=2, MemoryAllocationSize: 18325 KB
11-18 17:38:45.917  6962  7417 I chromium: [INFO:device/vr/openxr/openxr_api_wrapper.cc:2040] XR_TYPE_EVENT_DATA_REFERENCE_SPACE_CHANGE_PENDING for space 2
11-18 17:38:45.917  6962  7417 I chromium: [INFO:device/vr/openxr/openxr_api_wrapper.cc:2040] XR_TYPE_EVENT_DATA_REFERENCE_SPACE_CHANGE_PENDING for space 3
11-18 17:38:46.072  2387  3643 I OpenXR_Anchor: xrQuerySpacesFB: split anchor query enabled
11-18 17:38:46.072  2387  3643 I [CT]    : SP:AP:AnchorPersistenceRuntimeIpcClient: loadAvailableAnchors: maxAnchors: 500, filter: 0, queryMultipleRoomsEnabledByOpenXrVersion: false, source: 2, appId: com.oculus.guardian
11-18 17:38:46.073  3775  4418 I [CT]    : SP:AP:AnchorPersistenceRuntimeIpcServer: queryAvailableAnchorsSMV2: clientId: 1310376013, maxAnchors: 500, filter: 0, queryMultipleRoomsEnabledByOpenXrVersion: false, source: 2, appId: com.oculus.guardian
11-18 17:38:46.073  3775  4418 I [CT]    : SP:SM:SceneManager: queryAvailableAnchors: maxAnchors: 500, filter: 0, queryMultipleRoomsEnabledByOpenXrVersion: false, source: 2, appId: com.oculus.guardian
11-18 17:38:46.073  3775  4418 I [CT]    : SP:AP:AnchorPersistence: loadAvailableAnchorsLocal: appId: com.oculus.guardian, queryMultipleRoomsEnabledAppId: , queryMultipleRoomsEnabledByOpenXrVersion: false, applyEffectiveSingleRoomFilter: false
11-18 17:38:46.081  3775  4418 I [CT]    : SP:SceneAnchorFilterUtil: filterOutEntitiesAndComponents : Guardian:true, App OpenXR Version patch:34 (vs. min patch without filtering 45), appIdInOverrideString:false, ocKillswitch:false, fsKillswitch:false
11-18 17:38:46.572  3392  3578 I [SEO] VrPlatformOpenXr: xrPollEvent: received XR_TYPE_EVENT_DATA_REFERENCE_SPACE_CHANGE_PENDING event: 1000426000
11-18 17:38:46.572  3392  3578 I [SEO] VrPlatformOpenXr: xrPollEvent: received XR_TYPE_EVENT_DATA_REFERENCE_SPACE_CHANGE_PENDING event: 2
11-18 17:38:46.572  3392  3578 I [SEO] VrPlatformOpenXr: XR_TYPE_EVENT_DATA_REFERENCE_SPACE_CHANGE_PENDING : XR_REFERENCE_SPACE_TYPE_LOCAL
11-18 17:38:46.572  3392  3578 I [SEO] VrPlatformOpenXr: xrPollEvent: received XR_TYPE_EVENT_DATA_REFERENCE_SPACE_CHANGE_PENDING event: 3
11-18 17:38:46.583  3392  3578 I OpenXR_Passthrough: ------------ xrPassthroughLayerPauseFB -----------
11-18 17:38:46.591  3392  3578 I OpenXRAnchorDiscovery: xrDiscoverSpacesMETA: buildFilterMETA: filters is null
11-18 17:38:46.593  3775  4637 I [CT]    : SP:AP:AnchorPersistence: queryEntities: filterInfo: flags: 96, numUuids: 0, radius: -1, enabledComponents: 0, maxNumSpacesToQuery: 0, groupUuids: , tags: , dataSource: 1, hasTrackableStateFilter: 1, appId: com.oculus.vrshell, request: 17, appOpenXrVersion: 281474976710705
11-18 17:38:46.594  1194  1378 I OpenXR_GPUMemTrace: Swapchain deletion destroy id=214, idx=0
11-18 17:38:46.594  1194  1378 I OpenXR_GPUMemTrace: Swapchain deletion destroy id=214, idx=1
11-18 17:38:46.608  1194  1378 I OpenXR_GPUMemTrace: Swapchain creation, id=229, idx=0, MemoryAllocationSize: 1621 KB
11-18 17:38:46.608  1194  1378 I OpenXR_GPUMemTrace: Swapchain creation, id=229, idx=1, MemoryAllocationSize: 1621 KB
11-18 17:38:46.617  3775  4637 I [CT]    : SP:SceneAnchorFilterUtil: filterOutEntitiesAndComponents : Guardian:false, App OpenXR Version patch:49 (vs. min patch without filtering 45), appIdInOverrideString:false, ocKillswitch:false, fsKillswitch:false
11-18 17:38:46.705  1194  1378 I OpenXR_GPUMemTrace: Swapchain deletion destroy id=229, idx=0
11-18 17:38:46.705  1194  1378 I OpenXR_GPUMemTrace: Swapchain deletion destroy id=229, idx=1
11-18 17:38:46.917  6962  7417 I chromium: [INFO:device/vr/openxr/openxr_api_wrapper.cc:2040] XR_TYPE_EVENT_DATA_REFERENCE_SPACE_CHANGE_PENDING for space 2
11-18 17:38:46.917  6962  7417 I chromium: [INFO:device/vr/openxr/openxr_api_wrapper.cc:2040] XR_TYPE_EVENT_DATA_REFERENCE_SPACE_CHANGE_PENDING for space 3
11-18 17:38:47.082  2387  3643 I OpenXR_Anchor: xrQuerySpacesFB: split anchor query enabled
11-18 17:38:47.083  3775  4418 I [CT]    : SP:AP:AnchorPersistenceRuntimeIpcServer: queryAvailableAnchorsSMV2: clientId: 1310376013, maxAnchors: 500, filter: 0, queryMultipleRoomsEnabledByOpenXrVersion: false, source: 2, appId: com.oculus.guardian
11-18 17:38:47.084  3775  4418 I [CT]    : SP:AP:AnchorPersistence: loadAvailableAnchorsLocal: appId: com.oculus.guardian, queryMultipleRoomsEnabledAppId: , queryMultipleRoomsEnabledByOpenXrVersion: false, applyEffectiveSingleRoomFilter: false
11-18 17:38:47.087  3775  4418 I [CT]    : SP:SceneAnchorFilterUtil: filterOutEntitiesAndComponents : Guardian:true, App OpenXR Version patch:34 (vs. min patch without filtering 45), appIdInOverrideString:false, ocKillswitch:false, fsKillswitch:false
11-18 17:38:47.910  3392  4425 I OpenXR_GPUMemTrace: Swapchain deletion destroy id=211, idx=0
11-18 17:38:47.910  3392  4425 I OpenXR_GPUMemTrace: Swapchain deletion destroy id=211, idx=1
11-18 17:38:47.910  3392  4425 I OpenXR_GPUMemTrace: Swapchain deletion destroy id=211, idx=2
11-18 17:38:47.932  3392  4425 I OpenXR_GPUMemTrace: Swapchain deletion destroy id=210, idx=0
11-18 17:38:47.932  3392  4425 I OpenXR_GPUMemTrace: Swapchain deletion destroy id=210, idx=1
11-18 17:38:47.932  3392  4425 I OpenXR_GPUMemTrace: Swapchain deletion destroy id=210, idx=2
11-18 17:38:48.021  3392  4425 I OpenXR_GPUMemTrace: Swapchain deletion destroy id=216, idx=0
11-18 17:38:48.021  3392  4425 I OpenXR_GPUMemTrace: Swapchain deletion destroy id=216, idx=1
11-18 17:38:48.021  3392  4425 I OpenXR_GPUMemTrace: Swapchain deletion destroy id=216, idx=2
11-18 17:38:48.085  2387  3643 I OpenXR_Anchor: xrQuerySpacesFB: split anchor query enabled
11-18 17:38:48.086  3775  4418 I [CT]    : SP:AP:AnchorPersistenceRuntimeIpcServer: queryAvailableAnchorsSMV2: clientId: 1310376013, maxAnchors: 500, filter: 0, queryMultipleRoomsEnabledByOpenXrVersion: false, source: 2, appId: com.oculus.guardian
11-18 17:38:48.087  3775  4418 I [CT]    : SP:AP:AnchorPersistence: loadAvailableAnchorsLocal: appId: com.oculus.guardian, queryMultipleRoomsEnabledAppId: , queryMultipleRoomsEnabledByOpenXrVersion: false, applyEffectiveSingleRoomFilter: false
11-18 17:38:48.094  3775  4418 I [CT]    : SP:SceneAnchorFilterUtil: filterOutEntitiesAndComponents : Guardian:true, App OpenXR Version patch:34 (vs. min patch without filtering 45), appIdInOverrideString:false, ocKillswitch:false, fsKillswitch:false
11-18 17:38:48.122  3392  4425 I OpenXR_GPUMemTrace: Swapchain deletion destroy id=215, idx=0
11-18 17:38:48.122  3392  4425 I OpenXR_GPUMemTrace: Swapchain deletion destroy id=215, idx=1
11-18 17:38:48.122  3392  4425 I OpenXR_GPUMemTrace: Swapchain deletion destroy id=215, idx=2
11-18 17:38:48.178  3392  4425 I OpenXR_GPUMemTrace: Swapchain deletion destroy id=226, idx=0
11-18 17:38:48.178  3392  4425 I OpenXR_GPUMemTrace: Swapchain deletion destroy id=226, idx=1
11-18 17:38:48.178  3392  4425 I OpenXR_GPUMemTrace: Swapchain deletion destroy id=226, idx=2
11-18 17:38:48.200  3392  4425 I OpenXR_GPUMemTrace: Swapchain deletion destroy id=225, idx=0
11-18 17:38:48.200  3392  4425 I OpenXR_GPUMemTrace: Swapchain deletion destroy id=225, idx=1
11-18 17:38:48.200  3392  4425 I OpenXR_GPUMemTrace: Swapchain deletion destroy id=225, idx=2
11-18 17:38:49.089  2387  3643 I OpenXR_Anchor: xrQuerySpacesFB: split anchor query enabled
11-18 17:38:49.092  3775  4418 I [CT]    : SP:AP:AnchorPersistenceRuntimeIpcServer: queryAvailableAnchorsSMV2: clientId: 1310376013, maxAnchors: 500, filter: 0, queryMultipleRoomsEnabledByOpenXrVersion: false, source: 2, appId: com.oculus.guardian
11-18 17:38:49.093  3775  4418 I [CT]    : SP:AP:AnchorPersistence: loadAvailableAnchorsLocal: appId: com.oculus.guardian, queryMultipleRoomsEnabledAppId: , queryMultipleRoomsEnabledByOpenXrVersion: false, applyEffectiveSingleRoomFilter: false
11-18 17:38:49.098  3775  4418 I [CT]    : SP:SceneAnchorFilterUtil: filterOutEntitiesAndComponents : Guardian:true, App OpenXR Version patch:34 (vs. min patch without filtering 45), appIdInOverrideString:false, ocKillswitch:false, fsKillswitch:false
11-18 17:38:50.092  2387  3643 I OpenXR_Anchor: xrQuerySpacesFB: split anchor query enabled
11-18 17:38:50.093  3775  4418 I [CT]    : SP:AP:AnchorPersistenceRuntimeIpcServer: queryAvailableAnchorsSMV2: clientId: 1310376013, maxAnchors: 500, filter: 0, queryMultipleRoomsEnabledByOpenXrVersion: false, source: 2, appId: com.oculus.guardian
11-18 17:38:50.094  3775  4418 I [CT]    : SP:AP:AnchorPersistence: loadAvailableAnchorsLocal: appId: com.oculus.guardian, queryMultipleRoomsEnabledAppId: , queryMultipleRoomsEnabledByOpenXrVersion: false, applyEffectiveSingleRoomFilter: false
11-18 17:38:50.098  3775  4418 I [CT]    : SP:SceneAnchorFilterUtil: filterOutEntitiesAndComponents : Guardian:true, App OpenXR Version patch:34 (vs. min patch without filtering 45), appIdInOverrideString:false, ocKillswitch:false, fsKillswitch:false
11-18 17:38:51.127  2387  3643 I OpenXR_Anchor: xrQuerySpacesFB: split anchor query enabled
11-18 17:38:51.129  3775  4418 I [CT]    : SP:AP:AnchorPersistenceRuntimeIpcServer: queryAvailableAnchorsSMV2: clientId: 1310376013, maxAnchors: 500, filter: 0, queryMultipleRoomsEnabledByOpenXrVersion: false, source: 2, appId: com.oculus.guardian
11-18 17:38:51.129  3775  4418 I [CT]    : SP:AP:AnchorPersistence: loadAvailableAnchorsLocal: appId: com.oculus.guardian, queryMultipleRoomsEnabledAppId: , queryMultipleRoomsEnabledByOpenXrVersion: false, applyEffectiveSingleRoomFilter: false
11-18 17:38:51.134  3775  4418 I [CT]    : SP:SceneAnchorFilterUtil: filterOutEntitiesAndComponents : Guardian:true, App OpenXR Version patch:34 (vs. min patch without filtering 45), appIdInOverrideString:false, ocKillswitch:false, fsKillswitch:false
11-18 17:38:52.234  2387  3643 I OpenXR_Anchor: xrQuerySpacesFB: split anchor query enabled
11-18 17:38:52.235  3775  4418 I [CT]    : SP:AP:AnchorPersistenceRuntimeIpcServer: queryAvailableAnchorsSMV2: clientId: 1310376013, maxAnchors: 500, filter: 0, queryMultipleRoomsEnabledByOpenXrVersion: false, source: 2, appId: com.oculus.guardian
11-18 17:38:52.236  3775  4418 I [CT]    : SP:AP:AnchorPersistence: loadAvailableAnchorsLocal: appId: com.oculus.guardian, queryMultipleRoomsEnabledAppId: , queryMultipleRoomsEnabledByOpenXrVersion: false, applyEffectiveSingleRoomFilter: false
11-18 17:38:52.239  3775  4418 I [CT]    : SP:SceneAnchorFilterUtil: filterOutEntitiesAndComponents : Guardian:true, App OpenXR Version patch:34 (vs. min patch without filtering 45), appIdInOverrideString:false, ocKillswitch:false, fsKillswitch:false
11-18 17:38:53.340  2387  3643 I OpenXR_Anchor: xrQuerySpacesFB: split anchor query enabled
11-18 17:38:53.341  3775  4418 I [CT]    : SP:AP:AnchorPersistenceRuntimeIpcServer: queryAvailableAnchorsSMV2: clientId: 1310376013, maxAnchors: 500, filter: 0, queryMultipleRoomsEnabledByOpenXrVersion: false, source: 2, appId: com.oculus.guardian
11-18 17:38:53.341  3775  4418 I [CT]    : SP:AP:AnchorPersistence: loadAvailableAnchorsLocal: appId: com.oculus.guardian, queryMultipleRoomsEnabledAppId: , queryMultipleRoomsEnabledByOpenXrVersion: false, applyEffectiveSingleRoomFilter: false
11-18 17:38:53.346  3775  4418 I [CT]    : SP:SceneAnchorFilterUtil: filterOutEntitiesAndComponents : Guardian:true, App OpenXR Version patch:34 (vs. min patch without filtering 45), appIdInOverrideString:false, ocKillswitch:false, fsKillswitch:false
11-18 17:38:54.440  2387  3643 I OpenXR_Anchor: xrQuerySpacesFB: split anchor query enabled
11-18 17:38:54.442  3775  4418 I [CT]    : SP:AP:AnchorPersistenceRuntimeIpcServer: queryAvailableAnchorsSMV2: clientId: 1310376013, maxAnchors: 500, filter: 0, queryMultipleRoomsEnabledByOpenXrVersion: false, source: 2, appId: com.oculus.guardian
11-18 17:38:54.442  3775  4418 I [CT]    : SP:AP:AnchorPersistence: loadAvailableAnchorsLocal: appId: com.oculus.guardian, queryMultipleRoomsEnabledAppId: , queryMultipleRoomsEnabledByOpenXrVersion: false, applyEffectiveSingleRoomFilter: false
11-18 17:38:54.448  3775  4418 I [CT]    : SP:SceneAnchorFilterUtil: filterOutEntitiesAndComponents : Guardian:true, App OpenXR Version patch:34 (vs. min patch without filtering 45), appIdInOverrideString:false, ocKillswitch:false, fsKillswitch:false
11-18 17:38:55.549  2387  3643 I OpenXR_Anchor: xrQuerySpacesFB: split anchor query enabled
11-18 17:38:55.551  3775  4418 I [CT]    : SP:AP:AnchorPersistenceRuntimeIpcServer: queryAvailableAnchorsSMV2: clientId: 1310376013, maxAnchors: 500, filter: 0, queryMultipleRoomsEnabledByOpenXrVersion: false, source: 2, appId: com.oculus.guardian
11-18 17:38:55.551  3775  4418 I [CT]    : SP:AP:AnchorPersistence: loadAvailableAnchorsLocal: appId: com.oculus.guardian, queryMultipleRoomsEnabledAppId: , queryMultipleRoomsEnabledByOpenXrVersion: false, applyEffectiveSingleRoomFilter: false
11-18 17:38:55.560  3775  4418 I [CT]    : SP:SceneAnchorFilterUtil: filterOutEntitiesAndComponents : Guardian:true, App OpenXR Version patch:34 (vs. min patch without filtering 45), appIdInOverrideString:false, ocKillswitch:false, fsKillswitch:false
11-18 17:38:56.656  2387  3643 I OpenXR_Anchor: xrQuerySpacesFB: split anchor query enabled
11-18 17:38:56.657  2387  3643 I [CT]    : SP:AP:AnchorPersistenceRuntimeIpcClient: loadAvailableAnchors: maxAnchors: 500, filter: 0, queryMultipleRoomsEnabledByOpenXrVersion: false, source: 2, appId: com.oculus.guardian
11-18 17:38:56.660  3775  4418 I [CT]    : SP:AP:AnchorPersistenceRuntimeIpcServer: queryAvailableAnchorsSMV2: clientId: 1310376013, maxAnchors: 500, filter: 0, queryMultipleRoomsEnabledByOpenXrVersion: false, source: 2, appId: com.oculus.guardian
11-18 17:38:56.660  3775  4418 I [CT]    : SP:SM:SceneManager: queryAvailableAnchors: maxAnchors: 500, filter: 0, queryMultipleRoomsEnabledByOpenXrVersion: false, source: 2, appId: com.oculus.guardian
11-18 17:38:56.660  3775  4418 I [CT]    : SP:AP:AnchorPersistence: loadAvailableAnchorsLocal: appId: com.oculus.guardian, queryMultipleRoomsEnabledAppId: , queryMultipleRoomsEnabledByOpenXrVersion: false, applyEffectiveSingleRoomFilter: false
11-18 17:38:56.665  3775  4418 I [CT]    : SP:SceneAnchorFilterUtil: filterOutEntitiesAndComponents : Guardian:true, App OpenXR Version patch:34 (vs. min patch without filtering 45), appIdInOverrideString:false, ocKillswitch:false, fsKillswitch:false
11-18 17:38:57.762  2387  3643 I OpenXR_Anchor: xrQuerySpacesFB: split anchor query enabled
11-18 17:38:57.763  3775  4418 I [CT]    : SP:AP:AnchorPersistenceRuntimeIpcServer: queryAvailableAnchorsSMV2: clientId: 1310376013, maxAnchors: 500, filter: 0, queryMultipleRoomsEnabledByOpenXrVersion: false, source: 2, appId: com.oculus.guardian
11-18 17:38:57.764  3775  4418 I [CT]    : SP:AP:AnchorPersistence: loadAvailableAnchorsLocal: appId: com.oculus.guardian, queryMultipleRoomsEnabledAppId: , queryMultipleRoomsEnabledByOpenXrVersion: false, applyEffectiveSingleRoomFilter: false
11-18 17:38:57.769  3775  4418 I [CT]    : SP:SceneAnchorFilterUtil: filterOutEntitiesAndComponents : Guardian:true, App OpenXR Version patch:34 (vs. min patch without filtering 45), appIdInOverrideString:false, ocKillswitch:false, fsKillswitch:false
11-18 17:38:58.873  2387  3643 I OpenXR_Anchor: xrQuerySpacesFB: split anchor query enabled
11-18 17:38:58.874  3775  4418 I [CT]    : SP:AP:AnchorPersistenceRuntimeIpcServer: queryAvailableAnchorsSMV2: clientId: 1310376013, maxAnchors: 500, filter: 0, queryMultipleRoomsEnabledByOpenXrVersion: false, source: 2, appId: com.oculus.guardian
11-18 17:38:58.875  3775  4418 I [CT]    : SP:AP:AnchorPersistence: loadAvailableAnchorsLocal: appId: com.oculus.guardian, queryMultipleRoomsEnabledAppId: , queryMultipleRoomsEnabledByOpenXrVersion: false, applyEffectiveSingleRoomFilter: false
11-18 17:38:58.880  3775  4418 I [CT]    : SP:SceneAnchorFilterUtil: filterOutEntitiesAndComponents : Guardian:true, App OpenXR Version patch:34 (vs. min patch without filtering 45), appIdInOverrideString:false, ocKillswitch:false, fsKillswitch:false
11-18 17:38:59.975  2387  3643 I OpenXR_Anchor: xrQuerySpacesFB: split anchor query enabled
11-18 17:38:59.976  3775  4418 I [CT]    : SP:AP:AnchorPersistenceRuntimeIpcServer: queryAvailableAnchorsSMV2: clientId: 1310376013, maxAnchors: 500, filter: 0, queryMultipleRoomsEnabledByOpenXrVersion: false, source: 2, appId: com.oculus.guardian
11-18 17:38:59.977  3775  4418 I [CT]    : SP:AP:AnchorPersistence: loadAvailableAnchorsLocal: appId: com.oculus.guardian, queryMultipleRoomsEnabledAppId: , queryMultipleRoomsEnabledByOpenXrVersion: false, applyEffectiveSingleRoomFilter: false
11-18 17:38:59.981  3775  4418 I [CT]    : SP:SceneAnchorFilterUtil: filterOutEntitiesAndComponents : Guardian:true, App OpenXR Version patch:34 (vs. min patch without filtering 45), appIdInOverrideString:false, ocKillswitch:false, fsKillswitch:false
11-18 17:39:01.077  2387  3643 I OpenXR_Anchor: xrQuerySpacesFB: split anchor query enabled
11-18 17:39:01.079  3775  4418 I [CT]    : SP:AP:AnchorPersistenceRuntimeIpcServer: queryAvailableAnchorsSMV2: clientId: 1310376013, maxAnchors: 500, filter: 0, queryMultipleRoomsEnabledByOpenXrVersion: false, source: 2, appId: com.oculus.guardian
11-18 17:39:01.079  3775  4418 I [CT]    : SP:AP:AnchorPersistence: loadAvailableAnchorsLocal: appId: com.oculus.guardian, queryMultipleRoomsEnabledAppId: , queryMultipleRoomsEnabledByOpenXrVersion: false, applyEffectiveSingleRoomFilter: false
11-18 17:39:01.082  3775  4418 I [CT]    : SP:SceneAnchorFilterUtil: filterOutEntitiesAndComponents : Guardian:true, App OpenXR Version patch:34 (vs. min patch without filtering 45), appIdInOverrideString:false, ocKillswitch:false, fsKillswitch:false
11-18 17:39:02.182  2387  3643 I OpenXR_Anchor: xrQuerySpacesFB: split anchor query enabled
11-18 17:39:02.184  3775  4418 I [CT]    : SP:AP:AnchorPersistenceRuntimeIpcServer: queryAvailableAnchorsSMV2: clientId: 1310376013, maxAnchors: 500, filter: 0, queryMultipleRoomsEnabledByOpenXrVersion: false, source: 2, appId: com.oculus.guardian
11-18 17:39:02.184  3775  4418 I [CT]    : SP:AP:AnchorPersistence: loadAvailableAnchorsLocal: appId: com.oculus.guardian, queryMultipleRoomsEnabledAppId: , queryMultipleRoomsEnabledByOpenXrVersion: false, applyEffectiveSingleRoomFilter: false
11-18 17:39:02.189  3775  4418 I [CT]    : SP:SceneAnchorFilterUtil: filterOutEntitiesAndComponents : Guardian:true, App OpenXR Version patch:34 (vs. min patch without filtering 45), appIdInOverrideString:false, ocKillswitch:false, fsKillswitch:false
11-18 17:39:03.286  2387  3643 I OpenXR_Anchor: xrQuerySpacesFB: split anchor query enabled
11-18 17:39:03.287  3775  4418 I [CT]    : SP:AP:AnchorPersistenceRuntimeIpcServer: queryAvailableAnchorsSMV2: clientId: 1310376013, maxAnchors: 500, filter: 0, queryMultipleRoomsEnabledByOpenXrVersion: false, source: 2, appId: com.oculus.guardian
11-18 17:39:03.288  3775  4418 I [CT]    : SP:AP:AnchorPersistence: loadAvailableAnchorsLocal: appId: com.oculus.guardian, queryMultipleRoomsEnabledAppId: , queryMultipleRoomsEnabledByOpenXrVersion: false, applyEffectiveSingleRoomFilter: false
11-18 17:39:03.293  3775  4418 I [CT]    : SP:SceneAnchorFilterUtil: filterOutEntitiesAndComponents : Guardian:true, App OpenXR Version patch:34 (vs. min patch without filtering 45), appIdInOverrideString:false, ocKillswitch:false, fsKillswitch:false
11-18 17:39:04.389  2387  3643 I OpenXR_Anchor: xrQuerySpacesFB: split anchor query enabled
11-18 17:39:04.390  3775  4418 I [CT]    : SP:AP:AnchorPersistenceRuntimeIpcServer: queryAvailableAnchorsSMV2: clientId: 1310376013, maxAnchors: 500, filter: 0, queryMultipleRoomsEnabledByOpenXrVersion: false, source: 2, appId: com.oculus.guardian
11-18 17:39:04.391  3775  4418 I [CT]    : SP:AP:AnchorPersistence: loadAvailableAnchorsLocal: appId: com.oculus.guardian, queryMultipleRoomsEnabledAppId: , queryMultipleRoomsEnabledByOpenXrVersion: false, applyEffectiveSingleRoomFilter: false
11-18 17:39:04.396  3775  4418 I [CT]    : SP:SceneAnchorFilterUtil: filterOutEntitiesAndComponents : Guardian:true, App OpenXR Version patch:34 (vs. min patch without filtering 45), appIdInOverrideString:false, ocKillswitch:false, fsKillswitch:false
11-18 17:39:05.497  2387  3643 I OpenXR_Anchor: xrQuerySpacesFB: split anchor query enabled
11-18 17:39:05.498  3775  4418 I [CT]    : SP:AP:AnchorPersistenceRuntimeIpcServer: queryAvailableAnchorsSMV2: clientId: 1310376013, maxAnchors: 500, filter: 0, queryMultipleRoomsEnabledByOpenXrVersion: false, source: 2, appId: com.oculus.guardian
11-18 17:39:05.498  3775  4418 I [CT]    : SP:AP:AnchorPersistence: loadAvailableAnchorsLocal: appId: com.oculus.guardian, queryMultipleRoomsEnabledAppId: , queryMultipleRoomsEnabledByOpenXrVersion: false, applyEffectiveSingleRoomFilter: false
11-18 17:39:05.502  3775  4418 I [CT]    : SP:SceneAnchorFilterUtil: filterOutEntitiesAndComponents : Guardian:true, App OpenXR Version patch:34 (vs. min patch without filtering 45), appIdInOverrideString:false, ocKillswitch:false, fsKillswitch:false
11-18 17:39:06.603  2387  3643 I OpenXR_Anchor: xrQuerySpacesFB: split anchor query enabled
11-18 17:39:06.604  3775  4418 I [CT]    : SP:AP:AnchorPersistenceRuntimeIpcServer: queryAvailableAnchorsSMV2: clientId: 1310376013, maxAnchors: 500, filter: 0, queryMultipleRoomsEnabledByOpenXrVersion: false, source: 2, appId: com.oculus.guardian
11-18 17:39:06.604  3775  4418 I [CT]    : SP:AP:AnchorPersistence: loadAvailableAnchorsLocal: appId: com.oculus.guardian, queryMultipleRoomsEnabledAppId: , queryMultipleRoomsEnabledByOpenXrVersion: false, applyEffectiveSingleRoomFilter: false
11-18 17:39:06.607  3775  4418 I [CT]    : SP:SceneAnchorFilterUtil: filterOutEntitiesAndComponents : Guardian:true, App OpenXR Version patch:34 (vs. min patch without filtering 45), appIdInOverrideString:false, ocKillswitch:false, fsKillswitch:false
11-18 17:39:07.712  2387  3643 I OpenXR_Anchor: xrQuerySpacesFB: split anchor query enabled
11-18 17:39:07.713  2387  3643 I [CT]    : SP:AP:AnchorPersistenceRuntimeIpcClient: loadAvailableAnchors: maxAnchors: 500, filter: 0, queryMultipleRoomsEnabledByOpenXrVersion: false, source: 2, appId: com.oculus.guardian
11-18 17:39:07.714  3775  4418 I [CT]    : SP:AP:AnchorPersistenceRuntimeIpcServer: queryAvailableAnchorsSMV2: clientId: 1310376013, maxAnchors: 500, filter: 0, queryMultipleRoomsEnabledByOpenXrVersion: false, source: 2, appId: com.oculus.guardian
11-18 17:39:07.714  3775  4418 I [CT]    : SP:SM:SceneManager: queryAvailableAnchors: maxAnchors: 500, filter: 0, queryMultipleRoomsEnabledByOpenXrVersion: false, source: 2, appId: com.oculus.guardian
11-18 17:39:07.714  3775  4418 I [CT]    : SP:AP:AnchorPersistence: loadAvailableAnchorsLocal: appId: com.oculus.guardian, queryMultipleRoomsEnabledAppId: , queryMultipleRoomsEnabledByOpenXrVersion: false, applyEffectiveSingleRoomFilter: false
11-18 17:39:07.720  3775  4418 I [CT]    : SP:SceneAnchorFilterUtil: filterOutEntitiesAndComponents : Guardian:true, App OpenXR Version patch:34 (vs. min patch without filtering 45), appIdInOverrideString:false, ocKillswitch:false, fsKillswitch:false
11-18 17:39:08.820  2387  3643 I OpenXR_Anchor: xrQuerySpacesFB: split anchor query enabled
11-18 17:39:08.821  3775  4418 I [CT]    : SP:AP:AnchorPersistenceRuntimeIpcServer: queryAvailableAnchorsSMV2: clientId: 1310376013, maxAnchors: 500, filter: 0, queryMultipleRoomsEnabledByOpenXrVersion: false, source: 2, appId: com.oculus.guardian
11-18 17:39:08.822  3775  4418 I [CT]    : SP:AP:AnchorPersistence: loadAvailableAnchorsLocal: appId: com.oculus.guardian, queryMultipleRoomsEnabledAppId: , queryMultipleRoomsEnabledByOpenXrVersion: false, applyEffectiveSingleRoomFilter: false
11-18 17:39:08.826  3775  4418 I [CT]    : SP:SceneAnchorFilterUtil: filterOutEntitiesAndComponents : Guardian:true, App OpenXR Version patch:34 (vs. min patch without filtering 45), appIdInOverrideString:false, ocKillswitch:false, fsKillswitch:false
11-18 17:39:09.924  2387  3643 I OpenXR_Anchor: xrQuerySpacesFB: split anchor query enabled
11-18 17:39:09.926  3775  4418 I [CT]    : SP:AP:AnchorPersistenceRuntimeIpcServer: queryAvailableAnchorsSMV2: clientId: 1310376013, maxAnchors: 500, filter: 0, queryMultipleRoomsEnabledByOpenXrVersion: false, source: 2, appId: com.oculus.guardian
11-18 17:39:09.927  3775  4418 I [CT]    : SP:AP:AnchorPersistence: loadAvailableAnchorsLocal: appId: com.oculus.guardian, queryMultipleRoomsEnabledAppId: , queryMultipleRoomsEnabledByOpenXrVersion: false, applyEffectiveSingleRoomFilter: false
11-18 17:39:09.931  3775  4418 I [CT]    : SP:SceneAnchorFilterUtil: filterOutEntitiesAndComponents : Guardian:true, App OpenXR Version patch:34 (vs. min patch without filtering 45), appIdInOverrideString:false, ocKillswitch:false, fsKillswitch:false
11-18 17:39:11.029  2387  3643 I OpenXR_Anchor: xrQuerySpacesFB: split anchor query enabled
11-18 17:39:11.031  3775  4418 I [CT]    : SP:AP:AnchorPersistenceRuntimeIpcServer: queryAvailableAnchorsSMV2: clientId: 1310376013, maxAnchors: 500, filter: 0, queryMultipleRoomsEnabledByOpenXrVersion: false, source: 2, appId: com.oculus.guardian
11-18 17:39:11.032  3775  4418 I [CT]    : SP:AP:AnchorPersistence: loadAvailableAnchorsLocal: appId: com.oculus.guardian, queryMultipleRoomsEnabledAppId: , queryMultipleRoomsEnabledByOpenXrVersion: false, applyEffectiveSingleRoomFilter: false
11-18 17:39:11.037  3775  4418 I [CT]    : SP:SceneAnchorFilterUtil: filterOutEntitiesAndComponents : Guardian:true, App OpenXR Version patch:34 (vs. min patch without filtering 45), appIdInOverrideString:false, ocKillswitch:false, fsKillswitch:false
11-18 17:39:12.132  2387  3643 I OpenXRAnchorDiscovery: xrDiscoverSpacesMETA: buildFilterMETA: filters is null
11-18 17:39:12.134  3775  4418 I [CT]    : SP:AP:AnchorPersistence: queryEntities: filterInfo: flags: 96, numUuids: 0, radius: -1, enabledComponents: 0, maxNumSpacesToQuery: 0, groupUuids: , tags: , dataSource: 1, hasTrackableStateFilter: 1, appId: com.oculus.guardian, request: 117, appOpenXrVersion: 281474976710690
11-18 17:39:12.137  3775  4418 I [CT]    : SP:SceneAnchorFilterUtil: filterOutEntitiesAndComponents : Guardian:true, App OpenXR Version patch:34 (vs. min patch without filtering 45), appIdInOverrideString:false, ocKillswitch:false, fsKillswitch:false
11-18 17:39:15.196  2387  3643 I OpenXR_Anchor: xrQuerySpacesFB: split anchor query enabled
11-18 17:39:15.197  3775  4418 I [CT]    : SP:AP:AnchorPersistenceRuntimeIpcServer: queryAvailableAnchorsSMV2: clientId: 1310376013, maxAnchors: 500, filter: 0, queryMultipleRoomsEnabledByOpenXrVersion: false, source: 2, appId: com.oculus.guardian
11-18 17:39:15.197  3775  4418 I [CT]    : SP:AP:AnchorPersistence: loadAvailableAnchorsLocal: appId: com.oculus.guardian, queryMultipleRoomsEnabledAppId: , queryMultipleRoomsEnabledByOpenXrVersion: false, applyEffectiveSingleRoomFilter: false
11-18 17:39:15.201  3775  4418 I [CT]    : SP:SceneAnchorFilterUtil: filterOutEntitiesAndComponents : Guardian:true, App OpenXR Version patch:34 (vs. min patch without filtering 45), appIdInOverrideString:false, ocKillswitch:false, fsKillswitch:false
11-18 17:39:16.599  3392  3578 I OpenXRAnchorDiscovery: xrDiscoverSpacesMETA: buildFilterMETA: filters is null
11-18 17:39:16.600  3775  4637 I [CT]    : SP:AP:AnchorPersistence: queryEntities: filterInfo: flags: 96, numUuids: 0, radius: -1, enabledComponents: 0, maxNumSpacesToQuery: 0, groupUuids: , tags: , dataSource: 1, hasTrackableStateFilter: 1, appId: com.oculus.vrshell, request: 18, appOpenXrVersion: 281474976710705
11-18 17:39:16.603  3775  4637 I [CT]    : SP:SceneAnchorFilterUtil: filterOutEntitiesAndComponents : Guardian:false, App OpenXR Version patch:49 (vs. min patch without filtering 45), appIdInOverrideString:false, ocKillswitch:false, fsKillswitch:false
11-18 17:39:46.602  3392  3578 I OpenXRAnchorDiscovery: xrDiscoverSpacesMETA: buildFilterMETA: filters is null
11-18 17:39:46.603  3775  4637 I [CT]    : SP:AP:AnchorPersistence: queryEntities: filterInfo: flags: 96, numUuids: 0, radius: -1, enabledComponents: 0, maxNumSpacesToQuery: 0, groupUuids: , tags: , dataSource: 1, hasTrackableStateFilter: 1, appId: com.oculus.vrshell, request: 19, appOpenXrVersion: 281474976710705
11-18 17:39:46.607  3775  4637 I [CT]    : SP:SceneAnchorFilterUtil: filterOutEntitiesAndComponents : Guardian:false, App OpenXR Version patch:49 (vs. min patch without filtering 45), appIdInOverrideString:false, ocKillswitch:false, fsKillswitch:false
11-18 17:40:15.206  2387  3643 I OpenXR_Anchor: xrQuerySpacesFB: split anchor query enabled
11-18 17:40:15.207  3775  4418 I [CT]    : SP:AP:AnchorPersistenceRuntimeIpcServer: queryAvailableAnchorsSMV2: clientId: 1310376013, maxAnchors: 500, filter: 0, queryMultipleRoomsEnabledByOpenXrVersion: false, source: 2, appId: com.oculus.guardian
11-18 17:40:15.208  3775  4418 I [CT]    : SP:AP:AnchorPersistence: loadAvailableAnchorsLocal: appId: com.oculus.guardian, queryMultipleRoomsEnabledAppId: , queryMultipleRoomsEnabledByOpenXrVersion: false, applyEffectiveSingleRoomFilter: false
11-18 17:40:15.213  3775  4418 I [CT]    : SP:SceneAnchorFilterUtil: filterOutEntitiesAndComponents : Guardian:true, App OpenXR Version patch:34 (vs. min patch without filtering 45), appIdInOverrideString:false, ocKillswitch:false, fsKillswitch:false
11-18 17:40:16.605  3392  3578 I OpenXRAnchorDiscovery: xrDiscoverSpacesMETA: buildFilterMETA: filters is null
11-18 17:40:16.606  3775  4637 I [CT]    : SP:AP:AnchorPersistence: queryEntities: filterInfo: flags: 96, numUuids: 0, radius: -1, enabledComponents: 0, maxNumSpacesToQuery: 0, groupUuids: , tags: , dataSource: 1, hasTrackableStateFilter: 1, appId: com.oculus.vrshell, request: 20, appOpenXrVersion: 281474976710705
11-18 17:40:16.608  3775  4637 I [CT]    : SP:SceneAnchorFilterUtil: filterOutEntitiesAndComponents : Guardian:false, App OpenXR Version patch:49 (vs. min patch without filtering 45), appIdInOverrideString:false, ocKillswitch:false, fsKillswitch:false
11-18 17:40:19.404  3392  3578 W [SEO] InputOpenXr: Interaction Profile retrieval failed: /user/eyes_ext
11-18 17:40:21.176  3392  3578 I [SEO] VrPlatformOpenXr: xrPollEvent: Unknown event
11-18 17:40:21.176  3392  3578 I [SEO] VrPlatformOpenXr: xrPollEvent: received XR_TYPE_EVENT_DATA_USER_PRESENCE_CHANGED_EXT event: isUserPresent 0
11-18 17:40:21.890  2387  3643 I OpenXR_Hands: ------------ xrDestroyHandTrackerEXT -----------
11-18 17:40:21.890  2387  3643 I OpenXR_Hands: ------------ xrDestroyHandTrackerEXT -----------
11-18 17:40:31.356  3392  3578 I [SEO] VrPlatformOpenXr: xrPollEvent: Unknown event
11-18 17:40:31.356  3392  3578 I [SEO] VrPlatformOpenXr: xrPollEvent: received XR_TYPE_EVENT_DATA_USER_PRESENCE_CHANGED_EXT event: isUserPresent 1
11-18 17:40:31.369  3392  3578 I OpenXRAnchorDiscovery: xrDiscoverSpacesMETA: buildFilterMETA: filters is null
