11-18 18:18:10.693 I/com.oculus.bodyapiservice( 7363): vendor/qcom/proprietary/adsprpc/src/rpcmem_android.c:159: rpcmem_init_internal: opened ION device fd 80, configured heap IDs: system (0x2000000), contig (0x400000), secure (0x200), secure flags (0x80080000)
11-18 18:18:10.693 I/com.oculus.bodyapiservice( 7363): vendor/qcom/proprietary/adsprpc/src/fastrpc_apps_user.c:3110: fastrpc_apps_user_init done with default domain:3 and &fastrpc_trace:0x7e73c5dfa0
11-18 18:18:10.693 I/[CT]    ( 7363): BOLT:HexagonShim: dlopen libhexagon.so 0xbdd07e7d685776fb
11-18 18:18:10.693 I/[CT]    ( 7363): BOLT:HexagonShim:   revision: f63f56550451fbb8d63852d47dfed0d8a86a3da5
11-18 18:18:10.694 I/GuardianVirtualSpaceMgr( 2387): [GuardianVirtualSpaceMgr::UpdateFloorStageAndLocalSpace] : reason setupCompleteAutostationary, setLocalFromHead 1
11-18 18:18:10.695 I/SpatialShiftLogger( 2387): [SpatialShift][Telemetry][FloorHeight]: [ event: STAGE_SPACE_UPDATED, eventReason: [setupCompleteAutostationary], numGuardians: 0 hasActiveSafetyBound: 1 activeSafetyBound: 00000000-0000-0000-0000-000000000000, stageFloorHeight: -1.21731, guardianFloorHeight: -1.21531, isSlamFloorHeightValid: 0 slamFloorHeight: 99997 guardianSlamDiff:99997 guardianStageDiff: 0.00200355 ]
11-18 18:18:10.695 I/VrRuntimeService( 1752): RuntimeServiceSDKServer::UpdateRSSDKSpaces_Internal
11-18 18:18:10.696 W/libc    ( 7363): Access denied finding property "persist.bolt.unsigned_pd"
11-18 18:18:10.696 I/VrRuntimeClient( 3392): UpdateEvents: Detected LOCAL_FLOOR reference space update. Sending reference space update event
11-18 18:18:10.696 I/VrRuntimeClient( 3392): UpdateEvents: Detected STAGE reference space update. Sending reference space update event
11-18 18:18:10.696 I/[SEO] VrPlatformOpenXr( 3392): xrPollEvent: received XR_TYPE_EVENT_DATA_REFERENCE_SPACE_CHANGE_PENDING event: 1000426000
11-18 18:18:10.696 I/[SEO] VrPlatformOpenXr( 3392): xrPollEvent: received XR_TYPE_EVENT_DATA_REFERENCE_SPACE_CHANGE_PENDING event: 3
11-18 18:18:10.697 I/[CT]    ( 2387): RuntimeIpcHelper: RuntimeIpcClient::CALL_RPC isAsync: true, func: discoverSpaces
11-18 18:18:10.697 I/com.oculus.bodyapiservice( 7363): vendor/qcom/proprietary/adsprpc/src/fastrpc_apps_user.c:2660: Successfully opened /vendor/dsp/cdsp/fastrpc_shell_33
11-18 18:18:10.697 I/com.oculus.bodyapiservice( 7363): vendor/qcom/proprietary/adsprpc/src/fastrpc_config.c:200: Reading configuration file: com.oculus.bodyapiservice.debugconfig
11-18 18:18:10.697 I/VrRuntimeService( 1752): RuntimeServiceSDKServer::UpdateLocalSpace
11-18 18:18:10.697 I/VrSpaceState( 1752): UpdateLocalSpace
11-18 18:18:10.697 I/VrSpaceState( 1752): SetStateBatched in UpdateLocalSpace
11-18 18:18:10.697 I/VrSpaceState( 1752): Recenter the position
11-18 18:18:10.697 I/VrSpaceState( 1752): shouldRecenter the position: 0
11-18 18:18:10.698 I/[CT]    ( 3775): SP:AP:AnchorPersistenceRuntimeIpcServer: checkRPC start: sessionUuid:4d22a9d8-02cc-7eb4-0a9e-50534ac4cb28, clientId:1310376013, givenPackageName:com.oculus.guardian
11-18 18:18:10.698 I/[CT]    ( 3775): SP:AP:AnchorPersistenceRuntimeIpcServer: checkPackageAccess - detectedPackageName:com.oculus.guardian, detectedProcessName:com.oculus.vrguardianservice, givenPackageName:com.oculus.guardian
11-18 18:18:10.698 I/[CT]    ( 3775): SP:AP:AnchorPersistenceRuntimeIpcServer: checkRPC package name matches: sessionUuid:4d22a9d8-02cc-7eb4-0a9e-50534ac4cb28, clientId:1310376013, givenPackageName:com.oculus.guardian, detectedPackageName:com.oculus.guardian, detectedProcessName:com.oculus.vrguardianservice
11-18 18:18:10.698 I/[CT]    ( 3775): SP:AP:AnchorPersistence: queryEntities: filterInfo: flags: 96, numUuids: 0, radius: -1, enabledComponents: 0, maxNumSpacesToQuery: 0, groupUuids: , tags: , dataSource: 1, hasTrackableStateFilter: 1, appId: com.oculus.guardian, request: 365, appOpenXrVersion: 281474976710690
11-18 18:18:10.698 I/[CT]    ( 3775): SP:AP:AnchorPersistenceConfig: getSceneRuntimePermissionEnabled: USE_SCENE permission is enabled on this device
11-18 18:18:10.698 I/[CT]    ( 3775): SP:AP:AnchorPersistenceScenePermissions: hasClientGrantedScenePermission: USE_SCENE permission is enabled on this device, check client 1310376013, grant is true
11-18 18:18:10.698 I/[CT]    ( 3775): SP:AP:AnchorPersistence: discoverSpacesLocal: translateFilters complete. filterVector size: 2
11-18 18:18:10.698 I/[CT]    ( 3775): SP:AP:AnchorPersistence:     Filter #0: type: AnchorDiscoveryFilterType::APP(3)
11-18 18:18:10.698 I/[CT]    ( 3775): SP:AP:AnchorPersistence:     Filter #1: type: AnchorDiscoveryFilterType::TRACKABLE_STATE(8)
11-18 18:18:10.698 I/[CT]    ( 3775): SP:AP:AnchorPersistence: discoverSpacesLocal: Scheduling local query for Anchors, with 2 filters, request: 365
11-18 18:18:10.698 I/[CT]    ( 3775): SP:AP:AnchorPersistence: discoverSpacesLocal Attempting local query, request: 365
11-18 18:18:10.698 I/[CT]    ( 3775): SP:AP:AnchorLocalStorageQuery: operator() : No uuidFilter is provided
11-18 18:18:10.698 I/[CT]    ( 3775): SP:AP:AnchorLocalStorageQuery: applyFilters: appId com.oculus.guardian
11-18 18:18:10.698 I/[CT]    ( 3775): SP:AP:AnchorLocalStorage: appId com.oculus.guardian loadOnlySceneModelAnchors false includeGuardianSpatialAnchor false
11-18 18:18:10.697 I/VrSpaceState( 1752): UpdateLocalSpace: Src: 3, Version: 105, VersionUser: 0, RawFloorHeightOld: -1.215305, RawFloorHeightNew: -1.215305
11-18 18:18:10.699 I/VrRuntimeService( 1752): RuntimeServiceSDKServer::UpdateRSSDKSpaces_Internal
11-18 18:18:10.700 I/VrRuntimeClient( 1194): UpdateEvents: Detected LOCAL_FLOOR reference space update. Sending reference space update event
11-18 18:18:10.700 I/VrRuntimeClient( 1194): UpdateEvents: Detected LOCAL reference space update. Sending reference space update event
11-18 18:18:10.700 I/VrRuntimeClient( 1194): UpdateEvents: Detected STAGE reference space update. Sending reference space update event
11-18 18:18:10.701 I/VrRuntimeService( 1752): RuntimeServiceSDKServer::SetGuardianStationaryInfo: 1310376013
11-18 18:18:10.704 W/[CT]    ( 3775): SP:AP:AnchorLocalStorage: listAllAnchors listed 0 anchors
11-18 18:18:10.704 I/[CT]    ( 3775): SP:AP:AnchorPersistenceConfig: getSceneRuntimePermissionEnabled: USE_SCENE permission is enabled on this device
11-18 18:18:10.705 I/VrRuntimeClient( 2387): UpdateEvents: Detected LOCAL_FLOOR reference space update. Sending reference space update event
11-18 18:18:10.705 I/VrRuntimeClient( 2387): UpdateEvents: Detected LOCAL reference space update. Sending reference space update event
11-18 18:18:10.705 I/VrRuntimeClient( 2387): UpdateEvents: Detected STAGE reference space update. Sending reference space update event
11-18 18:18:10.707 I/[CT]    ( 3775): SP:SceneAnchorFilterUtil: filterSceneDataByPermission: com.oculus.guardian permission check passed, keep scene data. anchors size: 0
11-18 18:18:10.707 I/[CT]    ( 3775): SP:AP:AnchorLocalStorageQuery: applyFilters: no anchors to load
11-18 18:18:10.707 I/[CT]    ( 3775): SP:AP:AnchorLocalStorageQuery: operator(): Discovered 0 anchors locally
11-18 18:18:10.707 I/VrRuntimeClient( 3392): UpdateEvents: Detected LOCAL_FLOOR reference space update. Sending reference space update event
11-18 18:18:10.707 I/VrRuntimeClient( 3392): UpdateEvents: Detected LOCAL reference space update. Sending reference space update event
11-18 18:18:10.707 I/[SEO] VrPlatformOpenXr( 3392): xrPollEvent: received XR_TYPE_EVENT_DATA_REFERENCE_SPACE_CHANGE_PENDING event: 1000426000
11-18 18:18:10.708 I/[SEO] VrPlatformOpenXr( 3392): xrPollEvent: received XR_TYPE_EVENT_DATA_REFERENCE_SPACE_CHANGE_PENDING event: 2
11-18 18:18:10.708 I/[SEO] VrPlatformOpenXr( 3392): XR_TYPE_EVENT_DATA_REFERENCE_SPACE_CHANGE_PENDING : XR_REFERENCE_SPACE_TYPE_LOCAL
11-18 18:18:10.708 I/[CT]    ( 3775): SP:AP:AnchorPersistence: discoverSpacesLocal queryResult success, request: 365
11-18 18:18:10.708 I/[CT]    ( 3775): SP:AP:AnchorPersistence: DiscoverSpaces local query success took: 0.009716459
11-18 18:18:10.708 I/[CT]    ( 3775): SP:AP:AnchorPersistence: discoverSpacesLocal: Checking for killswitch based filtering
11-18 18:18:10.708 I/[CT]    ( 3775): SP:SceneAnchorFilterUtil: filterOutEntitiesAndComponents : Guardian:true, App OpenXR Version patch:34 (vs. min patch without filtering 45), appIdInOverrideString:false, ocKillswitch:false, fsKillswitch:false
11-18 18:18:10.709 I/[CT]    ( 3775): SP:AP:AnchorPersistence: DiscoverSpaces local query success finish took: 0.010246719
11-18 18:18:10.710 I/[CT]    ( 3775): SP:AP:AnchorPersistence: Sending DiscoverSpaces finish event returnCode: 0, request: 365
11-18 18:18:10.710 I/[CT]    ( 3775): SP:AP:AnchorPersistenceRuntimeIpcServer: PostClientEvent for DiscoverSpaces finish event: requestHandle 365, resultCode: 0
11-18 18:18:10.712 I/[SEO] LocalSpace( 3392): New Space: quat(0.204527, 0.003485, -0.016677, 0.978713), translation(0.000000, 1.220000, 0.000000) - Prior Space: quat(0.204527, 0.003485, -0.016677, 0.978713), translation(0.000000, 1.220000, 0.000000)
11-18 18:18:10.712 I/[SEO] LocalSpace( 3392): Local space version from 104 to 105, local space user version from 0 to 0.
11-18 18:18:10.713 I/[CT]    ( 2387): SP:AF:AnchorFramework: Received DiscoverSpaces finish event returnCode: 0, request: 365, extension suite: ApiExtensionSuite::META(1), exp version: ExperimentalVersion::PROD(1)
11-18 18:18:10.713 I/[CT]    ( 2387): SP:AF:AnchorFramework: registerDiscoverSpacesEventHandler discoverSpacesComplete result code: 0
11-18 18:18:10.714 I/[SEO] SystemUXControllerHelper( 3392): OnReorient(reason: 3)
11-18 18:18:10.714 I/[SEO] TelemetryProvider( 3392): aui_reorient system -29 0 0 com.oculus.browser
11-18 18:18:10.715 I/com.oculus.bodyapiservice( 7363): vendor/qcom/proprietary/adsprpc/src/fastrpc_apps_user.c:2867: Created user PD on domain 3 (attrs 0x0, debug_trace 0x0)
11-18 18:18:10.721 I/com.oculus.bodyapiservice( 7363): vendor/qcom/proprietary/adsprpc/src/listener_android.c:111: listener thread starting
11-18 18:18:10.721 I/com.oculus.bodyapiservice( 7363): vendor/qcom/proprietary/adsprpc/src/fastrpc_perf.c:273: fastrpc_perf_init: enabled systrace 0x0 and RPC traces (kernel 0, dsp 0) with frequency 1000
11-18 18:18:10.722 I/com.oculus.bodyapiservice( 7363): vendor/qcom/proprietary/adsprpc/src/log_config.c:347: file_watcher_thread starting for domain 3
11-18 18:18:10.722 E/com.oculus.bodyapiservice( 7363): vendor/qcom/proprietary/adsprpc/src/log_config.c:270:Error 0x200: fopen failed for /vendor/lib/rfsa/adsp/com.oculus.bodyapiservice.farf. (No such file or directory)
11-18 18:18:10.722 E/com.oculus.bodyapiservice( 7363): vendor/qcom/proprietary/adsprpc/src/log_config.c:270:Error 0x200: fopen failed for /vendor/dsp/cdsp/com.oculus.bodyapiservice.farf. (No such file or directory)
11-18 18:18:10.724 I/[SEO] DisplayStatePreservationController( 3392): Applied preserved state by adapter: taskBarPositionAdapter
11-18 18:18:10.724 I/[SEO] DisplayStatePreservationController( 3392): Applied preserved state by adapter: keyboardPreservationAdapter
11-18 18:18:10.724 I/[SEO] DisplayStatePreservationController( 3392): Applied preserved state by adapter: spatialPanelsPositionAdapter
11-18 18:18:10.724 E/com.oculus.bodyapiservice( 7363): vendor/qcom/proprietary/adsprpc/src/log_config.c:270:Error 0x200: fopen failed for /vendor/dsp/com.oculus.bodyapiservice.farf. (No such file or directory)
11-18 18:18:10.726 I/com.oculus.bodyapiservice( 7363): vendor/qcom/proprietary/adsprpc/src/mod_table.c:687: open_mod_table_open_from_static: reverse module apps_std opened with handle 0x73c60a28 (idx 0)
11-18 18:18:10.726 I/com.oculus.bodyapiservice( 7363): vendor/qcom/proprietary/adsprpc/src/mod_table.c:464: is_reverse_handle_opened: reverse module apps_std  already found with handle 0x73c60a28 (idx 0)
11-18 18:18:10.727 I/com.oculus.bodyapiservice( 7363): vendor/qcom/proprietary/adsprpc/src/mod_table.c:687: open_mod_table_open_from_static: reverse module apps_std opened with handle 0x73c60a28 (idx 0)
11-18 18:18:10.727 E/Shell   ( 3392): createPhysicsShape() called with invalid obb extents (0.000000, 0.000000, 0.000000)
11-18 18:18:10.727 E/Shell   ( 3392): _createAndSetupHsrCollisionObject() called with invalid shapeBase
11-18 18:18:10.727 E/Shell   ( 3392): createPhysicsShape() called with invalid obb extents (0.000000, 0.000000, 0.000000)
11-18 18:18:10.727 E/Shell   ( 3392): _createAndSetupHsrCollisionObject() called with invalid shapeBase
11-18 18:18:10.727 E/Shell   ( 3392): createPhysicsShape() called with invalid obb extents (0.000000, 0.000000, 0.000000)
11-18 18:18:10.727 E/Shell   ( 3392): _createAndSetupHsrCollisionObject() called with invalid shapeBase
11-18 18:18:10.729 E/com.oculus.bodyapiservice( 7363): vendor/qcom/proprietary/adsprpc/src/listener_android.c:64::error: 512: AEE_SUCCESS == (nErr = mod_table_close(handle, errStr, errStrLen, dlErr))
11-18 18:18:10.734 I/com.oculus.bodyapiservice( 7363): vendor/qcom/proprietary/adsprpc/src/apps_std_imp.c:875: Successfully opened file /vendor/lib/rfsa/adsp/libhexagon_skel.so
11-18 18:18:10.737 E/ShellHsr( 3392): Physics: Invalid sphere radius 0
11-18 18:18:10.737 E/ShellHsr( 3392): Physics: Invalid sphere shape
11-18 18:18:10.737 E/ShellHsr( 3392): Physics: PhysxShape::activate() failed ("", ent ID 1192559): Failed to initialize primitive Shape, Result = ErrorInvalidArg
11-18 18:18:10.737 E/ShellHsr( 3392): Physics: Failed to activate shape ("", ent ID 1192559) (parent (invalid entity)): PhysxShape::activate() failed
11-18 18:18:10.737 E/ShellHsr( 3392): Physics: Invalid sphere radius 0
11-18 18:18:10.737 E/ShellHsr( 3392): Physics: Invalid sphere shape
11-18 18:18:10.737 E/ShellHsr( 3392): Physics: PhysxShape::activate() failed ("", ent ID 1192560): Failed to initialize primitive Shape, Result = ErrorInvalidArg
11-18 18:18:10.738 E/ShellHsr( 3392): Physics: Failed to activate shape ("", ent ID 1192560) (parent (invalid entity)): PhysxShape::activate() failed
11-18 18:18:10.738 E/ShellHsr( 3392): Physics: Invalid sphere radius 0
11-18 18:18:10.738 E/ShellHsr( 3392): Physics: Invalid sphere shape
11-18 18:18:10.738 E/ShellHsr( 3392): Physics: PhysxShape::activate() failed ("", ent ID 1192561): Failed to initialize primitive Shape, Result = ErrorInvalidArg
11-18 18:18:10.738 E/ShellHsr( 3392): Physics: Failed to activate shape ("", ent ID 1192561) (parent (invalid entity)): PhysxShape::activate() failed
11-18 18:18:10.734 W/healthd (    0): battery l=73 v=4057 t=38.0 h=2 st=4 c=-488 fc=3747000 cc=8 chg=a
11-18 18:18:10.748 W/ShellHsr( 3392): Entity: Failed to activate asset 0:0:0 for component horizon::physics::ShapeComponent on entity 1192559 (ErrorInvalidArg).
11-18 18:18:10.748 W/ShellHsr( 3392): Entity: Failed to activate asset 0:0:0 for component horizon::physics::ShapeComponent on entity 1192560 (ErrorInvalidArg).
11-18 18:18:10.748 W/ShellHsr( 3392): Entity: Failed to activate asset 0:0:0 for component horizon::physics::ShapeComponent on entity 1192561 (ErrorInvalidArg).
11-18 18:18:10.755 I/com.oculus.bodyapiservice( 7363): vendor/qcom/proprietary/adsprpc/src/mod_table.c:687: open_mod_table_open_from_static: reverse module apps_mem opened with handle 0x73c60b28 (idx 1)
11-18 18:18:10.756 W/Tracking( 1215): VIPER: Frame Tracking (0.038044327 [sec]) exceeded camera sampling time (0.033333333 [sec]).
11-18 18:18:10.757 I/Tracking( 1215): LocalizationStateMachine: LocalizationStateMachine updated from FineLocalizationOnly to Cooldown
11-18 18:18:10.794 I/com.oculus.bodyapiservice( 7363): vendor/qcom/proprietary/adsprpc/src/apps_std_imp.c:855: Successfully opened file /vendor/dsp/cdsp/libc++.so.1
11-18 18:18:10.810 I/com.oculus.bodyapiservice( 7363): vendor/qcom/proprietary/adsprpc/src/apps_std_imp.c:855: Successfully opened file /vendor/dsp/cdsp/libc++abi.so.1
11-18 18:18:10.825 I/com.oculus.bodyapiservice( 7363): vendor/qcom/proprietary/adsprpc/src/fastrpc_apps_user.c:1416: remote_handle64_open: Successfully opened handle 0x8c384290 for file:///libhexagon_skel.so?hexagon_skel_handle_invoke&_modver=1.0&_dom=cdsp on domain 3
11-18 18:18:10.825 I/[CT]    ( 7363): BOLT:HexagonShim: hexagon_init result: 0
11-18 18:18:10.825 I/[CT]    ( 7363): BOLT:HexagonShim: Hexagon revisions and ABI versions
11-18 18:18:10.826 I/[CT]    ( 7363): BOLT:HexagonShim:   hexagon: f63f56550451fbb8d63852d47dfed0d8a86a3da5
11-18 18:18:10.826 I/[CT]    ( 7363): BOLT:HexagonShim: [EVENT] HexagonStart
11-18 18:18:10.827 I/[CT]    ( 7363): boltlib: Waited 0.001262552 for all SFRPC worker threads
11-18 18:18:10.828 I/[CT]    ( 7363): BoltSDK::Soc-Hexagon: Acquiring memory pool resources from Bolt SDK
11-18 18:18:10.830 I/[CT]    ( 7363): HexagonMemMgr: Allocated addr 0x7df7200000, with FD 100, and virtAddr 0x1400000
11-18 18:18:10.830 I/[CT]    ( 7363): BOLT:HexagonShim: memtest is a success
11-18 18:18:10.830 I/[CT]    ( 7363): HexagonMemMgr: HexagonMemTest returned 0
11-18 18:18:10.830 I/[CT]    ( 7363): BoltSDK::Soc-Hexagon: Reserved RpcMemory bytes = 12582912
11-18 18:18:10.830 I/[CT]    ( 7363): BoltSDK::Soc: [EVENT] defaultMemPool: Hexagon ref count changed from 1 to 2
11-18 18:18:10.830 I/[CT]    ( 7363): BoltSDK::Soc: [EVENT] DEFAULT HexagonPool:BoltMemDetail: Hexagon ref count changed from 2 to 3
11-18 18:18:10.830 I/[CT]    ( 7363): BoltSDK::Soc: [EVENT] defaultMemPool: Hexagon ref count changed from 3 to 2
11-18 18:18:10.830 I/[CT]    ( 7363): BOLT:TorchDelegate: backendName: hexagon
11-18 18:18:10.831 I/[CT]    ( 7363): BOLT:TorchDelegate: modelDict contains: backend
11-18 18:18:10.831 I/[CT]    ( 7363): BOLT:TorchDelegate: modelDict contains: json
11-18 18:18:10.831 I/[CT]    ( 7363): BOLT:TorchDelegate: modelDict contains: bin
11-18 18:18:10.834 I/GuardianMapMgr( 2387): [GuardianMapMgr::SetCachedGroundPlaneHeightErrorCode] Updating cached ground plane height error code from 99997 to 0
11-18 18:18:10.835 I/StateMachine2( 2387): StateMachine2Base::AddHistoryEntry BoundaryNotFound: Transition  RelocalizingGracePeriod -> HasActiveSafetyBoundary
11-18 18:18:10.835 I/StateMachine2( 2387): StateMachine2Base::AddHistoryEntry AutoStationaryIndicator: Transition  OldStationary -> Active
11-18 18:18:10.836 I/[CT]    ( 2387): SP:TREX:SpatialPersistencePlugin: Event type: 23
11-18 18:18:10.836 I/TREX    ( 2387): Spatial Persistence event: spEvent_DiscoverSpacesFinish
11-18 18:18:10.836 I/XrRuntimeSystem_Client( 2387): spEvent_DiscoverSpacesFound: handled in META_spatial_entity_discovery
11-18 18:18:10.836 I/GuardianTelemetry( 2387): [ovrStatsThreadGuardian::SendGuardianStateChangeTelemetry] Sending state change event ANCHOR_QUERY_FAILED, dialog 
11-18 18:18:10.846 I/[SEO] GuardianController( 3392): [MaybeUpdateInterstitialRequest] Received an updated Guardian interstitial of type NONE with reason TRANSITION_TO_AUTO_STATIONARY
11-18 18:18:10.846 I/[SEO] GuardianController( 3392): [MaybeUpdateInterstitialRequest] Replacing interstitial type NONE with type NONE because reason is TRANSITION_TO_AUTO_STATIONARY, and we do not want to submit black nor loading dots for this reason
11-18 18:18:10.846 I/[SEO] GuardianController( 3392): [MaybeUpdateInterstitialRequest] Requesting interstitial type NONE for interstitial reason TRANSITION_TO_AUTO_STATIONARY
11-18 18:18:10.846 I/VrRuntimeService( 1752): RuntimeServiceSDKServer::UpdateInterstitialRequest 0
11-18 18:18:10.847 I/InterstitialManager( 1752): Guardian request: none
11-18 18:18:10.905 I/[CT]    ( 7363): boltlib: Initialized model fbs_boltnn_delegate with 0 HTA subgraph(s)
11-18 18:18:10.908 I/[CT]    ( 7363): BODY:FBS:ModelRunner: Initialized model config inputs:
11-18 18:18:10.909 I/[CT]    ( 7363): BODY:FBS:ModelRunner: inputParamsNames [b_head, b_r_wrist, b_l_wrist, ]
11-18 18:18:10.909 I/[CT]    ( 7363): BODY:FBS:ModelRunner: timeWindowSize: 27
11-18 18:18:10.909 I/[CT]    ( 7363): BODY:FBS:ModelRunner: nParamsPerJoints: 9
11-18 18:18:10.909 I/[CT]    ( 7363): BODY:FBS:ModelRunner: Initialized model config outputs:
11-18 18:18:10.909 I/[CT]    ( 7363): BODY:FBS:ModelRunner: anatomyVersion: 2
11-18 18:18:10.909 I/[CT]    ( 7363): BODY:FBS:ModelRunner: outputParamsNames: [root_tx, root_ty, root_tz, root_rx, root_ry, root_rz, spine_twist0, spine_lean0, spine_bend0, spine_twist1, spine_lean1, spine_bend1, neck_twist, neck_lean, neck_bend, head_rz, r_shoulder_rx, r_shoulder_ry, r_shoulder_rz, r_scap_rx, r_arm_ry, r_scap_rz, r_arm_rz, r_arm_twist, r_forearm_rz, r_forearm_twist, r_wrist_ry, r_wrist_rz, l_shoulder_rx, l_shoulder_ry, l_shoulder_rz, l_scap_rx, l_arm_ry, l_scap_rz, l_arm_rz, l_arm_twist, l_forearm_rz, l_forearm_twist, l_wrist_ry, l_wrist_rz, r_upleg_twist, r_upleg_ry, r_upleg_rz, r_leg_rz, r_leg_twist, r_talocrural_rz, r_subtalar_rx, r_transeversetarsal_rx, r_ball_rz, l_upleg_twist, l_upleg_ry, l_upleg_rz, l_leg_rz, l_leg_twist, l_talocrural_rz, l_subtalar_rx, l_transeversetarsal_rx, l_ball_rz, scale_spinelength, scale_neck_length, scale_shoulderwidth, scale_arms, scale_forearms, scale_hipwidth, scale_uplegs, scale_legs, ]
11-18 18:18:10.910 I/[CT]    ( 7363): BODY:FBS:ModelRunner: Initializing lstm model with hidden units: 64
11-18 18:18:10.910 I/[CT]    ( 7363): BODY:BodyRunner: Initialized FbsEngine with inference mode: FBS_3PT
11-18 18:18:10.910 I/BodyApiService( 7363): NativeCode:Update
11-18 18:18:10.913 W/MemoryBroker( 1447): attachClient: found client in attached list (uid: 10074, pid: 7363)
11-18 18:18:10.913 W/MemoryBrokerClient( 7363): BodyTracker: failed to remap BODY_TRACKER: getSharedMemoryFileDescriptor (Status(-1, EX_SECURITY): 'client connected before TrackingService')
11-18 18:18:10.961 I/StateMachine2( 2387): StateMachine2Base::AddHistoryEntry AnchorQuery: Transition  Discovery -> ReadyToQuery | Discovery complete
11-18 18:18:10.962 I/StateMachine2( 2387): StateMachine2Base::AddHistoryEntry ForceShow: Signal forceShowBoundaryForDuration event
11-18 18:18:10.962 I/ForceShowStateMachine( 2387): ForceShowGuardian for 4.249037 seconds.
11-18 18:18:10.962 I/StateMachine2( 2387): StateMachine2Base::AddHistoryEntry ForceShow: Transition  ForceShowOff -> ForceShowOnForTime | forceShowForTimeEvent
11-18 18:18:10.970 W/Tracking( 1215): VIPER: Frame Tracking (0.051866828 [sec]) exceeded camera sampling time (0.033333333 [sec]).
11-18 18:18:10.988 I/Tracking( 1215): BOLT:HexagonTelemetry: Global DSP utilization: 38.63% (1934 / 5007 ms), Scalar Util: 67.18%, HVX Util: 45.12%, HMX Util: 0.00%, DMA Active: 0.00%, Freq: 1497.6 MHz
11-18 18:18:10.988 I/Tracking( 1215): boltlib: Logging Rpc stats (detailed=false, onAbort=false)
11-18 18:18:10.988 I/Tracking( 1215): boltlib: DSP Rpc stats over 5008 ms: {"GraphModule":150,"HexagonCornerHarrisEdgeIndexedSlicesAsync":48,"HexagonPyramid3x3Async":76,"a2e_boltnn_delegate":126,"dd_boltnn_delegate":85,"dpe_encoder_fusion_boltnn_delegate":105,"dpe_encoder_image_backbone_boltnn_delegate":105,"miramar_detnet_ver0_hta":96}
11-18 18:18:10.999 I/HorizonDsatHelper( 2808): fetchTokenValueAsync - callingPackage: com.oculus.horizon, actionName: com.oculus.auth.ACTION_FETCH_HORIZON_DEVICE_SCOPED_CREDENTIALS
11-18 18:18:11.000 I/HorizonDsatHelper( 2808): fetchTokenAsync - forceRefresh: false, actionName: com.oculus.auth.ACTION_FETCH_HORIZON_DEVICE_SCOPED_CREDENTIALS
11-18 18:18:11.002 I/HorizonDsatHelper( 2808): Returning stored token
11-18 18:18:11.003 I/AuthLogger( 2808): Action succeeded: OBTAIN_TOKEN, callingPackage: com.oculus.horizon, accountType: com.oculus, tokenType: dsat, extras: {logging_source=HorizonDsatHelper, options={"forceRefresh":false,"method":"fetchTokenValueAsync","isCachedToken":true}, token_scope=ROOT, outcome=token, status=success}, duration: 0ms
11-18 18:18:11.003 I/HorizonDsatHelper( 2808): fetchTokenAsync:: OnResult - callingPackage: com.oculus.horizon, actionName: com.oculus.auth.ACTION_FETCH_HORIZON_DEVICE_SCOPED_CREDENTIALS, forceRefresh: false, isResultPresent: true
11-18 18:18:11.014 I/[CT]    ( 3775): SP:AP:AnchorPersistenceConfig: PreferencesManager: has_seen_spatial_data_sharing_notice_v2: false
11-18 18:18:11.015 I/[CT]    ( 3775): SP:AP:AnchorPersistenceConfig: PreferencesManager: anchor_persistence_cloud_anchor_service_enabled: true
11-18 18:18:11.015 I/[CT]    ( 3775): SP:AP:AnchorPersistenceConfig: getCloudPermissionEnabledVps: userPreference(anchor_persistence_cloud_anchor_service_enabled_vps)=true, cloudPermissionOverride: -1
11-18 18:18:11.017 I/VrApi   ( 3392): FPS=90/90,Prd=34ms,Tear=0,Early=0,Stale=0,Stale2/5/10/max=0/0/0/0,VSnc=1,Lat=-1,Fov=0,CPU4/GPU=2/3,1171/441MHz,OC=FF,TA=0/0/0,SP=N/N/N,Mem=2092MHz,Free=2429MB,PLS=0,Temp=40.5C/0.0C,TW=2.36ms,App=7.14ms,GD=0.00ms,CPU&GPU=13.66ms,LCnt=3(DR90,LM3),GPU%=0.79,CPU%=0.37(W0.39),CFL=11.65/16.60,ICFLp95=14.46,LD=0,SF=1.00,LP=0,DVFS=0
11-18 18:18:11.022 I/[CT]    ( 3775): CasNetworkTelemetryObserver: CasNetworkTelemetryObserver onEOM
11-18 18:18:11.025 I/[CT]    ( 3775): SP:VpsModule:RequestHandler: VPS request finished event uuid: 599799b5-44fa-c8f3-2395-0a8fa9913b74
11-18 18:18:11.025 E/[CT]    ( 3775): SP:VpsModule:TelemertyReporter: VPS request failed with vps error code: -40009 event uuid: 599799b5-44fa-c8f3-2395-0a8fa9913b74
11-18 18:18:11.025 E/[CT]    ( 3775): SP:VpsModule:TelemertyReporter: VPS request failed with graphql errors: 4319001
11-18 18:18:11.026 D/TelemetryService( 1151): PathwayGuard: from OSSDK/NDK is not allowed to send oculus_sps_network_stats; dropping; Please use the Statsd approach https://www.internalfb.com/intern/wiki/HzOS_Systems/HzOS_Systems_Performance_and_Reliability/VROS_System_Insights/VROS_Telemetry/XFN/Statsd/
11-18 18:18:11.026 W/MemoryBroker( 1447): attachClient: found client in attached list (uid: 10074, pid: 7363)
11-18 18:18:11.026 D/TelemetryService( 1151): Reported oculus_telemetry_blocked_ossdk_events breach event
11-18 18:18:11.031 I/[CT]    ( 3775): SlamAnchorPersistenceRuntimeIpcClient: SlamAnchorPersistenceRuntimeIpcClient: Get Features Query took 0.015853543 s. Query timestamp = 1466355997799
11-18 18:18:11.065 I/VrRuntimeClient( 6962): UpdateEvents: Detected LOCAL_FLOOR reference space update. Sending reference space update event
11-18 18:18:11.065 I/VrRuntimeClient( 6962): UpdateEvents: Detected LOCAL reference space update. Sending reference space update event
11-18 18:18:11.065 I/VrRuntimeClient( 6962): UpdateEvents: Detected STAGE reference space update. Sending reference space update event
11-18 18:18:11.065 I/chromium( 6962): [INFO:device/vr/openxr/openxr_api_wrapper.cc:2040] XR_TYPE_EVENT_DATA_REFERENCE_SPACE_CHANGE_PENDING for space 2
11-18 18:18:11.065 I/chromium( 6962): [INFO:device/vr/openxr/openxr_api_wrapper.cc:2040] XR_TYPE_EVENT_DATA_REFERENCE_SPACE_CHANGE_PENDING for space 3
11-18 18:18:11.150 W/ShellHsr( 3392): Embodiment: arvr/projects/hsr/modules/embodiment/code/source/RequestManager.cpp(77) :  requestProcessor_.hasAvatarChanged(entityId = 131073) failed with result 10, ovrAvatar2Result_InvalidEntity
11-18 18:18:11.329 W/[CT]    ( 7363): BODY:input_handler: No keypoints received from tracking service
11-18 18:18:11.414 I/Tracking( 1215): NIMBLE:UnifiedHandBodyTracking:ExposureControl: [Throttled count=149] FMM: enabled: true; active: false
11-18 18:18:11.447 I/Tracking( 1215): NIMBLE:UnifiedHandBodyTracking:ExposureControl: [Frame  3471 camera 0] [HT] has_hand =  NO, irradiance_proxy =   4763.3, intensity =   96.3, exposure =  5.054ms, gain =    4
11-18 18:18:11.447 I/Tracking( 1215): NIMBLE:UnifiedHandBodyEngine: Pipeline Latency P50: 14.05ms; Capture Latency P50: 15.55ms [arrival:14.56ms|engine:0.87ms|process:0.04ms]
11-18 18:18:11.447 I/Tracking( 1215): NIMBLE:UnifiedHandBodyEngine: Pipeline Latency P95: 21.26ms; Capture Latency P95: 16.25ms [arrival:15.28ms|engine:1.54ms|process:0.11ms]
11-18 18:18:11.447 I/Tracking( 1215): NIMBLE:UnifiedHandBodyEngine: Hand Tracking Processed FPS = 29.96 Hz / Camera FPS = 29.96 Hz
11-18 18:18:11.506 V/telemetry-statsd( 1151): Fetching statsd reports
11-18 18:18:11.538 I/Tracking( 1215): LocalizationStateMachine: LocalizationStateMachine updated from Cooldown to FineLocalizationOnly
11-18 18:18:11.540 I/[CT]    ( 3775): SP:AP:AnchorPersistenceConfig: PreferencesManager: has_seen_spatial_data_sharing_notice_v2: false
11-18 18:18:11.542 I/[CT]    ( 3775): SP:AP:AnchorPersistenceConfig: PreferencesManager: anchor_persistence_cloud_anchor_service_enabled: true
11-18 18:18:11.542 I/[CT]    ( 3775): SP:AP:AnchorPersistenceConfig: getCloudPermissionEnabledVps: userPreference(anchor_persistence_cloud_anchor_service_enabled_vps)=true, cloudPermissionOverride: -1
11-18 18:18:11.553 I/[CT]    ( 3775): SlamAnchorPersistenceRuntimeIpcClient: SlamAnchorPersistenceRuntimeIpcClient: Get Features Query took 0.011335574 s. Query timestamp = 1466868741964
11-18 18:18:11.625 I/[CT]    ( 3775): CasNetworkTelemetryObserver: CasNetworkTelemetryObserver onEOM
11-18 18:18:11.627 D/TelemetryService( 1151): PathwayGuard: from OSSDK/NDK is not allowed to send oculus_sps_network_stats; dropping; Please use the Statsd approach https://www.internalfb.com/intern/wiki/HzOS_Systems/HzOS_Systems_Performance_and_Reliability/VROS_System_Insights/VROS_Telemetry/XFN/Statsd/
11-18 18:18:11.628 D/TelemetryService( 1151): Reported oculus_telemetry_blocked_ossdk_events breach event
11-18 18:18:11.628 I/[CT]    ( 3775): SP:VpsModule:RequestHandler: VPS request finished event uuid: 09055302-2c6e-1f6e-abaf-7d137b70325e
11-18 18:18:11.628 E/[CT]    ( 3775): SP:VpsModule:TelemertyReporter: VPS request failed with vps error code: -40009 event uuid: 09055302-2c6e-1f6e-abaf-7d137b70325e
11-18 18:18:11.628 E/[CT]    ( 3775): SP:VpsModule:TelemertyReporter: VPS request failed with graphql errors: 4319001
11-18 18:18:11.658 I/AtomToFalcoEventTranslator( 1151): lengthDelimitedFieldBuilder: Unable to parse  as double for atom field 8
11-18 18:18:11.658 I/AtomToFalcoEventTranslator( 1151): lengthDelimitedFieldBuilder: Unable to parse cb7c2bd41cbc as double for atom field 10
11-18 18:18:11.658 I/AtomToFalcoEventTranslator( 1151): lengthDelimitedFieldBuilder: Unable to parse  as double for atom field 11
11-18 18:18:11.658 I/AtomToFalcoEventTranslator( 1151): lengthDelimitedFieldBuilder: Unable to process LONG type for atom field 17
11-18 18:18:11.658 W/AtomToFalcoEventTranslator( 1151): Failed to translate atom id: 116091, failureType: FIELD_TYPE_MISMATCH, failureContext: Failed to translate min_height_over_estimated_ground_m, falco expected DOUBLE while protobuf uses LEN; Failed to translate motion_extent_y_m, falco expected DOUBLE while protobuf uses LEN; Failed to translate motion_extent_z_m, falco expected DOUBLE while protobuf uses LEN; Failed to translate vision_event_count, falco expected LONG while protobuf uses LEN; 
11-18 18:18:11.659 W/TelemetryService( 1151): Dropping Atom #116091 due to translation failure
11-18 18:18:11.703 I/OpenXR_Anchor( 2387): xrQuerySpacesFB: split anchor query enabled
11-18 18:18:11.703 I/[CT]    ( 2387): SP:AF:InsightAnchorApi: QueryAnchorSpaces loadAndQueryAvailableAnchors flow. (task start) duration: 0.000000000 [sec], flags: 44, location: StorageLocation::LOCAL(1), method: 1, request: 366, source: SourceType::EXCLUDE_LIVE_TRACKER(2)
11-18 18:18:11.703 I/[CT]    ( 2387): SP:AP:AnchorPersistenceRuntimeIpcClient: loadAvailableAnchors: maxAnchors: 500, filter: 0, queryMultipleRoomsEnabledByOpenXrVersion: false, source: 2, appId: com.oculus.guardian
11-18 18:18:11.704 I/[CT]    ( 2387): RuntimeIpcHelper: RuntimeIpcClient::CALL_RPC isAsync: true, func: loadAvailableAnchors
11-18 18:18:11.704 I/[CT]    ( 3775): SP:AP:AnchorPersistenceRuntimeIpcServer: checkRPC start: sessionUuid:4d22a9d8-02cc-7eb4-0a9e-50534ac4cb28, clientId:1310376013, givenPackageName:com.oculus.guardian
11-18 18:18:11.704 I/[CT]    ( 3775): SP:AP:AnchorPersistenceRuntimeIpcServer: checkPackageAccess - detectedPackageName:com.oculus.guardian, detectedProcessName:com.oculus.vrguardianservice, givenPackageName:com.oculus.guardian
11-18 18:18:11.704 I/[CT]    ( 3775): SP:AP:AnchorPersistenceRuntimeIpcServer: checkRPC package name matches: sessionUuid:4d22a9d8-02cc-7eb4-0a9e-50534ac4cb28, clientId:1310376013, givenPackageName:com.oculus.guardian, detectedPackageName:com.oculus.guardian, detectedProcessName:com.oculus.vrguardianservice
11-18 18:18:11.704 I/[CT]    ( 3775): SP:AP:AnchorPersistenceRuntimeIpcServer: queryAvailableAnchorsSMV2: clientId: 1310376013, maxAnchors: 500, filter: 0, queryMultipleRoomsEnabledByOpenXrVersion: false, source: 2, appId: com.oculus.guardian
11-18 18:18:11.704 I/[CT]    ( 3775): SP:SM:SceneManager: queryAvailableAnchors: maxAnchors: 500, filter: 0, queryMultipleRoomsEnabledByOpenXrVersion: false, source: 2, appId: com.oculus.guardian
11-18 18:18:11.704 I/[CT]    ( 3775): SP:AP:AnchorPersistenceConfig: getSceneRuntimePermissionEnabled: USE_SCENE permission is enabled on this device
11-18 18:18:11.704 I/[CT]    ( 3775): SP:AP:AnchorPersistenceScenePermissions: hasClientGrantedScenePermission: USE_SCENE permission is enabled on this device, check client 1310376013, grant is true
11-18 18:18:11.704 I/[CT]    ( 3775): SP:AP:AnchorPersistenceConfig: getSceneRuntimePermissionEnabled: USE_SCENE permission is enabled on this device
11-18 18:18:11.704 I/[CT]    ( 3775): SP:AP:AnchorPersistenceScenePermissions: hasClientGrantedScenePermission: USE_SCENE permission is enabled on this device, check client 1310376013, grant is true
11-18 18:18:11.705 I/StateMachine2( 2387): StateMachine2Base::AddHistoryEntry AnchorQuery: Transition  ReadyToQuery -> Querying
11-18 18:18:11.705 I/[CT]    ( 3775): SP:AP:AnchorPersistence: loadAvailableAnchorsLocal: appId: com.oculus.guardian, queryMultipleRoomsEnabledAppId: , queryMultipleRoomsEnabledByOpenXrVersion: false, applyEffectiveSingleRoomFilter: false
11-18 18:18:11.706 I/Tracking( 1215): ANCHOR_MANAGER: Kicking off foreground Local Anchor Discovery in Tracking Service.
11-18 18:18:11.706 E/Tracking( 1215): StructureHelper: RootUid cc6a8615-ae39-f7c3-f962-1c3b7eca506f cannot be found in MapDB!
11-18 18:18:11.706 I/Tracking( 1215): VEGA_MAPPER:ANCHOR_TASKS: Starting foreground Anchor Discovery task chain
11-18 18:18:11.708 W/[CT]    ( 3775): SP:AP:AnchorLocalStorage: loadAvailableAnchors loaded 0 anchors
11-18 18:18:11.708 I/[CT]    ( 3775): SP:AP:AnchorPersistenceConfig: getSceneRuntimePermissionEnabled: USE_SCENE permission is enabled on this device
11-18 18:18:11.713 I/[CT]    ( 3775): SP:SceneAnchorFilterUtil: filterSceneDataByPermission: com.oculus.guardian permission check passed, keep scene data. anchors size: 0
11-18 18:18:11.713 I/[CT]    ( 3775): SP:AP:AnchorPersistence: loadAvailableAnchors: Checking for killswitch based filtering
11-18 18:18:11.714 I/[CT]    ( 3775): SP:SceneAnchorFilterUtil: filterOutEntitiesAndComponents : Guardian:true, App OpenXR Version patch:34 (vs. min patch without filtering 45), appIdInOverrideString:false, ocKillswitch:false, fsKillswitch:false
11-18 18:18:11.722 I/[CT]    ( 2387): SP:AF:InsightAnchorApi: QueryAnchorSpaces (task finish) returnCode: AnchorResultCode::SUCCESS(0), numSpacesFound: 0, spacesFoundUuids: [], duration: 0.000000000 [sec], flags: 44, location: 1, method: 1, request: 366
11-18 18:18:11.807 I/Tracking( 1215): LocalizationStateMachine: LocalizationStateMachine updated from FineLocalizationOnly to CoarseLocalizationOnly
11-18 18:18:11.829 I/[CT]    ( 2387): SP:TREX:SpatialPersistencePlugin: Event type: 6
11-18 18:18:11.829 I/TREX    ( 2387): Spatial Persistence event: QuerySpacesFinish
11-18 18:18:11.830 I/GuardianTelemetry( 2387): [ovrStatsThreadGuardian::SendGuardianStateChangeTelemetry] Sending state change event ANCHOR_QUERY_FAILED, dialog 
11-18 18:18:11.830 I/[CT]    ( 2387): MrTrackerMgr: Ignoring abandoned query complete event result. request [674309866132] != current request [32088581143396453]
11-18 18:18:11.912 I/BodyApiService( 7363): NativeCode:Update
11-18 18:18:11.953 I/StateMachine2( 2387): StateMachine2Base::AddHistoryEntry AnchorQuery: Transition  Querying -> ReadyToQuery | Query complete
11-18 18:18:12.010 W/MemoryBroker( 1447): attachClient: found client in attached list (uid: 10074, pid: 7363)
11-18 18:18:12.010 W/MemoryBrokerClient( 7363): BodyTracker: failed to remap BODY_TRACKER: getSharedMemoryFileDescriptor (Status(-1, EX_SECURITY): 'client connected before TrackingService')
11-18 18:18:12.017 I/VrApi   ( 3392): FPS=90/90,Prd=35ms,Tear=0,Early=0,Stale=0,Stale2/5/10/max=0/0/0/0,VSnc=1,Lat=-1,Fov=0,CPU4/GPU=2/4,1171/441MHz,OC=FF,TA=0/0/0,SP=N/N/N,Mem=2092MHz,Free=2429MB,PLS=0,Temp=40.5C/0.0C,TW=2.14ms,App=6.35ms,GD=0.00ms,CPU&GPU=16.13ms,LCnt=3(DR90,LM3),GPU%=0.79,CPU%=0.41(W0.51),CFL=11.98/16.72,ICFLp95=14.62,LD=0,SF=1.00,LP=0,DVFS=0
11-18 18:18:12.072 I/Tracking( 1215): LocalizationStateMachine: LocalizationStateMachine updated from CoarseLocalizationOnly to LoadSubmapList
11-18 18:18:12.072 I/Tracking( 1215): VEGA_MAPPER: Scheduling scheduleLoadSubmapSets with 1 sets
11-18 18:18:12.100 I/libcamerahal(  979): [INSIGHTS][2.01s] recv/ret/req heartbeat: cam0: 120/120/120, cam1: 120/120/120, cam2: 120/120/120, cam3: 120/120/120
11-18 18:18:12.106 I/Tracking( 1215): VegaMapLoader: The map contains multiple spanning trees.
11-18 18:18:12.122 W/MemoryBroker( 1447): attachClient: found client in attached list (uid: 10074, pid: 7363)
11-18 18:18:12.195 I/Tracking( 1215): VegaMapLoader: BA units loaded 5/5, MapPointCount 1857, MapPointFreeSlotNum 2343
11-18 18:18:12.200 I/AutoStationaryHelper( 2387): [AutoStationaryHelper::FindBestFloorHeight] No user-preferred floor height set
11-18 18:18:12.200 I/AutoStationaryHelper( 2387): [AutoStationaryHelper::GetGuardianDataFromNearbyRoomscale] Checking 0 existing guardian data
11-18 18:18:12.200 W/AutoStationaryHelper( 2387): [AutoStationaryHelper::IsFloorHeightPlausible] SLAM Floor Height (Raw=-0.59) relative to HMD (Raw=-0.00) is -0.58: outside of plausible range (-2.50,-0.70)
11-18 18:18:12.200 W/AutoStationaryHelper( 2387): [AutoStationaryHelper::FindBestFloorHeight] Using default floor height (-1.22) recentered on HMD: -1.22
11-18 18:18:12.200 I/GuardianVirtualSpaceMgr( 2387): [GuardianVirtualSpaceMgr::DeferredUpdateSpaces] : reason recenterAutostationary requested
11-18 18:18:12.201 I/VrRuntimeService( 1752): RuntimeServiceSDKServer::SetGuardianStationaryInfo: 1310376013
11-18 18:18:12.201 I/AutoStationaryHelper( 2387): [AutoStationaryHelper::RecenterAutoStationaryIfNeeded] Recentered AutoStationary and updated stage and local space with floor height: -1.223487.
11-18 18:18:12.201 I/StateMachine2( 2387): StateMachine2Base::AddHistoryEntry GuardianInitialization: Transition  AutoStationaryTransitionState -> DefaultMountedState | Tracking valid and exceeded SLAM count down
11-18 18:18:12.202 I/GuardianVirtualSpaceMgr( 2387): [GuardianVirtualSpaceMgr::UpdateFloorStageAndLocalSpace] : reason recenterAutostationary, setLocalFromHead 1
11-18 18:18:12.202 I/VrRuntimeService( 1752): RuntimeServiceSDKServer::UpdateRSSDKSpaces_Internal
11-18 18:18:12.202 I/SpatialShiftLogger( 2387): [SpatialShift][Telemetry][FloorHeight]: [ event: STAGE_SPACE_UPDATED, eventReason: [recenterAutostationary], numGuardians: 0 hasActiveSafetyBound: 1 activeSafetyBound: 00000000-0000-0000-0000-000000000000, stageFloorHeight: -1.21531, guardianFloorHeight: -1.22349, isSlamFloorHeightValid: 1 slamFloorHeight: -0.588059 guardianSlamDiff:-0.635428 guardianStageDiff: -0.00818181 ]
11-18 18:18:12.203 I/VrRuntimeService( 1752): RuntimeServiceSDKServer::UpdateLocalSpace
11-18 18:18:12.203 I/VrSpaceState( 1752): UpdateLocalSpace
11-18 18:18:12.203 I/VrSpaceState( 1752): SetStateBatched in UpdateLocalSpace
11-18 18:18:12.203 I/VrSpaceState( 1752): Recenter the position
11-18 18:18:12.203 I/VrSpaceState( 1752): shouldRecenter the position: 0
11-18 18:18:12.203 I/VrSpaceState( 1752): UpdateLocalSpace: Src: 3, Version: 106, VersionUser: 0, RawFloorHeightOld: -1.223487, RawFloorHeightNew: -1.223487
11-18 18:18:12.203 I/VrRuntimeService( 1752): RuntimeServiceSDKServer::UpdateRSSDKSpaces_Internal
11-18 18:18:12.204 I/VrRuntimeService( 1752): RuntimeServiceSDKServer::SetGuardianStationaryInfo: 1310376013
11-18 18:18:12.211 I/VrRuntimeClient( 3392): UpdateEvents: Detected LOCAL_FLOOR reference space update. Sending reference space update event
11-18 18:18:12.211 I/VrRuntimeClient( 3392): UpdateEvents: Detected LOCAL reference space update. Sending reference space update event
11-18 18:18:12.211 I/VrRuntimeClient( 3392): UpdateEvents: Detected STAGE reference space update. Sending reference space update event
11-18 18:18:12.211 I/[SEO] VrPlatformOpenXr( 3392): xrPollEvent: received XR_TYPE_EVENT_DATA_REFERENCE_SPACE_CHANGE_PENDING event: 1000426000
11-18 18:18:12.211 I/[SEO] VrPlatformOpenXr( 3392): xrPollEvent: received XR_TYPE_EVENT_DATA_REFERENCE_SPACE_CHANGE_PENDING event: 2
11-18 18:18:12.211 I/[SEO] VrPlatformOpenXr( 3392): XR_TYPE_EVENT_DATA_REFERENCE_SPACE_CHANGE_PENDING : XR_REFERENCE_SPACE_TYPE_LOCAL
11-18 18:18:12.211 I/[SEO] VrPlatformOpenXr( 3392): xrPollEvent: received XR_TYPE_EVENT_DATA_REFERENCE_SPACE_CHANGE_PENDING event: 3
11-18 18:18:12.213 I/VrRuntimeClient( 1194): UpdateEvents: Detected LOCAL_FLOOR reference space update. Sending reference space update event
11-18 18:18:12.213 I/VrRuntimeClient( 1194): UpdateEvents: Detected LOCAL reference space update. Sending reference space update event
11-18 18:18:12.213 I/VrRuntimeClient( 1194): UpdateEvents: Detected STAGE reference space update. Sending reference space update event
11-18 18:18:12.216 I/[SEO] LocalSpace( 3392): New Space: quat(0.176181, -0.003138, 0.017529, 0.984197), translation(0.000000, 1.220000, 0.000000) - Prior Space: quat(0.176181, -0.003138, 0.017529, 0.984197), translation(0.000000, 1.220000, 0.000000)
11-18 18:18:12.216 I/[SEO] LocalSpace( 3392): Local space version from 105 to 106, local space user version from 0 to 0.
11-18 18:18:12.218 I/[SEO] SystemUXControllerHelper( 3392): OnReorient(reason: 3)
11-18 18:18:12.218 I/[SEO] TelemetryProvider( 3392): aui_reorient system -29 0 0 com.oculus.browser
11-18 18:18:12.222 I/[SEO] PassthroughFeatureController( 3392): [ConfigureMrServiceClient] Disabling System Reconstructed Passthrough
11-18 18:18:12.222 I/OpenXR_Passthrough( 3392): ------------ xrPassthroughLayerPauseFB -----------
11-18 18:18:12.222 I/MRSS    ( 1194): MIXEDREALITY: MrClientModelStates: setLayerPaused true layer 1002 for client 770767987.
11-18 18:18:12.222 I/MRSS    ( 1194): MIXEDREALITY: MrSvc: PassthroughLayer: setPaused: Layer 1002 is being paused
11-18 18:18:12.222 I/[SEO] PassthroughFeatureController( 3392): [PausePassthroughSession] Passthrough type changed from PT_TYPE_SYSTEM_RECONSTRUCTED to PT_TYPE_PAUSED
11-18 18:18:12.225 I/MRSS    ( 1194): MIXEDREALITY: PassthroughPresentationLayerImpl: Deallocating framebuffers for layer 1002.
11-18 18:18:12.226 I/MRSS    ( 1194): MIXEDREALITY: GlFramebufferFactory: framebuffer pool releasing buffer (elements in pool=0)
11-18 18:18:12.226 I/OpenXR_GPUMemTrace( 1194): Swapchain deletion destroy id=408, idx=0
11-18 18:18:12.226 I/OpenXR_GPUMemTrace( 1194): Swapchain deletion destroy id=408, idx=1
11-18 18:18:12.226 I/VrRuntimeService( 1752): DestroySwapChain: swapchain=408
11-18 18:18:12.227 I/MRSS    ( 1194): MIXEDREALITY: GlFramebufferFactory: framebuffer pool destroying buffer because there are too many instanciated buffers. GlobalCount: 0
11-18 18:18:12.227 I/MRSS    ( 1194): MIXEDREALITY: MrServiceController: clientConnected: 9223372036854775808//system_ext/bin/mrsystemservice//system_ext/bin/mrsystemservice
11-18 18:18:12.227 I/MRSS    ( 1194): MIXEDREALITY: ClientsStatus: ====== Connected clients ======
11-18 18:18:12.227 I/MRSS    ( 1194): MIXEDREALITY: ClientsStatus: Client: 770767987/com.oculus.vrshell/com.oculus.vrshell:3392
11-18 18:18:12.227 I/MRSS    ( 1194): MIXEDREALITY: ClientsStatus:    [Passthrough] -> Started
11-18 18:18:12.227 I/MRSS    ( 1194): MIXEDREALITY: ClientsStatus: Client: 1310376013/com.oculus.guardian/com.oculus.vrguardianservice:2387
11-18 18:18:12.227 I/MRSS    ( 1194): MIXEDREALITY: ClientsStatus:    [Passthrough] -> Created
11-18 18:18:12.227 I/MRSS    ( 1194): MIXEDREALITY: ClientsStatus: ===============================
11-18 18:18:12.227 I/MRSS    ( 1194): MIXEDREALITY: ClientsStatus: Registration from 9223372036854775808//system_ext/bin/mrsystemservice//system_ext/bin/mrsystemservice accepted.
11-18 18:18:12.227 I/MRSS    ( 1194): MIXEDREALITY: MrClientModelStates: registerClient: For client 9223372036854775808 (/system_ext/bin/mrsystemservice:/system_ext/bin/mrsystemservice, in VR mode? true).
11-18 18:18:12.227 I/MRSS    ( 1194): MIXEDREALITY: MrClientModelStates: createLayer: For client 9223372036854775808 with content MR_COMPOSITION_LAYER_BACKGROUND_PASSTHROUGH
11-18 18:18:12.227 I/MRSS    ( 1194): MIXEDREALITY: MrSvc: PassthroughLayer: Layer 1047 started on the creation
11-18 18:18:12.227 I/MRSS    ( 1194): MIXEDREALITY: MrClientModelStates: createLayer: Created layer with id 1047, running, total num layers 1.
11-18 18:18:12.227 I/MRSS    ( 1194): MIXEDREALITY: MrFeatureStatus: Passthrough: Client 9223372036854775808 status changed from Destroyed to Created.
11-18 18:18:12.227 I/MRSS    ( 1194): MIXEDREALITY: MrFeatureStatus: Passthrough for client 9223372036854775808: Target status Started, CurrentStatus: Started
11-18 18:18:12.227 I/MRSS    ( 1194): MIXEDREALITY: MrFeatureStatus: Passthrough: Client 9223372036854775808 status changed from Created to Started.
11-18 18:18:12.227 I/MRSS    ( 1194): MIXEDREALITY: MrFeatureStatus: Passthrough for client 9223372036854775808: Target status Started, CurrentStatus: Started
11-18 18:18:12.227 I/MRSS    ( 1194): MIXEDREALITY: BackgroundPassthroughController: Started in hysteresis
11-18 18:18:12.227 I/MRSS    ( 1194): MIXEDREALITY: MrServiceView: Initialized 1 passthrough layers with presentation layers after processing BG PT.
11-18 18:18:12.227 I/[SEO] DisplayStatePreservationController( 3392): Applied preserved state by adapter: taskBarPositionAdapter
11-18 18:18:12.227 I/[SEO] DisplayStatePreservationController( 3392): Applied preserved state by adapter: keyboardPreservationAdapter
11-18 18:18:12.227 I/[SEO] DisplayStatePreservationController( 3392): Applied preserved state by adapter: spatialPanelsPositionAdapter
11-18 18:18:12.229 I/[SEO] PassthroughFeatureController( 3392): [LogShellEnvironmentAllowedState] isShellEnvironmentAllowed changed from 0 to 1, guardian allows shell env 1, shell allows shell env 1, transition in progress 0, transition percentage 0.000000
11-18 18:18:12.229 I/[SEO] GuardianController( 3392): ShouldAllowShellUi changed from 0 to 1
11-18 18:18:12.229 I/[SEO] GuardianController( 3392): IsShellEnvironmentAllowed changed from 0 to 1
11-18 18:18:12.229 I/OpenXRAnchorDiscovery( 3392): xrDiscoverSpacesMETA: buildFilterMETA: filters is null
11-18 18:18:12.230 I/[CT]    ( 3392): SP:AF:InsightAnchorApi: DiscoverSpaces (task start) flags: 0, request: 71
11-18 18:18:12.230 I/[CT]    ( 3392): SP:AF:AnchorFramework: discoverSpaces: filterInfo: flags: 96, numUuids: 0, radius: -1, enabledComponents: 0, maxNumSpacesToQuery: 0, groupUuids: , tags: , dataSource: 1, hasTrackableStateFilter: 1
11-18 18:18:12.230 I/[CT]    ( 3392): SP:AF:AnchorFramework: Inserting discovery operation request handle 71 -> extension suite ApiExtensionSuite::META(1) + exp version ExperimentalVersion::PROD(1) into map
11-18 18:18:12.230 I/[CT]    ( 3392): RuntimeIpcHelper: RuntimeIpcClient::CALL_RPC isAsync: true, func: discoverSpaces
11-18 18:18:12.230 E/Shell   ( 3392): createPhysicsShape() called with invalid obb extents (0.000000, 0.000000, 0.000000)
11-18 18:18:12.230 E/Shell   ( 3392): _createAndSetupHsrCollisionObject() called with invalid shapeBase
11-18 18:18:12.230 E/Shell   ( 3392): createPhysicsShape() called with invalid obb extents (0.000000, 0.000000, 0.000000)
11-18 18:18:12.230 E/Shell   ( 3392): _createAndSetupHsrCollisionObject() called with invalid shapeBase
11-18 18:18:12.230 E/Shell   ( 3392): createPhysicsShape() called with invalid obb extents (0.000000, 0.000000, 0.000000)
11-18 18:18:12.230 E/Shell   ( 3392): _createAndSetupHsrCollisionObject() called with invalid shapeBase
11-18 18:18:12.231 I/[CT]    ( 3775): SP:AP:AnchorPersistenceRuntimeIpcServer: checkRPC start: sessionUuid:4d22a9d8-02cc-7eb4-0a9e-50534ac4cb28, clientId:770767987, givenPackageName:com.oculus.vrshell
11-18 18:18:12.231 I/[CT]    ( 3775): SP:AP:AnchorPersistenceRuntimeIpcServer: checkPackageAccess - detectedPackageName:com.oculus.vrshell, detectedProcessName:com.oculus.vrshell, givenPackageName:com.oculus.vrshell
11-18 18:18:12.231 I/[CT]    ( 3775): SP:AP:AnchorPersistenceRuntimeIpcServer: checkRPC package name matches: sessionUuid:4d22a9d8-02cc-7eb4-0a9e-50534ac4cb28, clientId:770767987, givenPackageName:com.oculus.vrshell, detectedPackageName:com.oculus.vrshell, detectedProcessName:com.oculus.vrshell
11-18 18:18:12.231 I/[CT]    ( 3775): SP:AP:AnchorPersistence: queryEntities: filterInfo: flags: 96, numUuids: 0, radius: -1, enabledComponents: 0, maxNumSpacesToQuery: 0, groupUuids: , tags: , dataSource: 1, hasTrackableStateFilter: 1, appId: com.oculus.vrshell, request: 71, appOpenXrVersion: 281474976710705
11-18 18:18:12.234 I/MRSS    ( 1194): MIXEDREALITY: PassthroughPresentationLayerImpl: Allocating framebuffers for layer: 1047 of size: 640x640, color internal format: 0x822b, depth internal format: 0x0, swap chain length: 2, textureSamplingFilter: 1, 
11-18 18:18:12.234 I/MRSS    ( 1194): MIXEDREALITY: GlFramebufferFactory: framebuffer pool creating buffer (elements in pool=0)
11-18 18:18:12.234 I/MRSS    ( 1194): MIXEDREALITY: GlFramebufferFactory: framebuffer pool miss (pool was empty=true). GlobalCount: 1
11-18 18:18:12.235 I/VrRuntimeService( 1752): CreateSwapChain: 4258670078
11-18 18:18:12.236 I/VrRuntimeService( 1752): CreateSwapChain: api:gles 2 0x822b 640 640 1 2 2 0 3
11-18 18:18:12.231 I/[CT]    ( 3775): SP:AP:AnchorPersistenceConfig: getSceneRuntimePermissionEnabled: USE_SCENE permission is enabled on this device
