--------- beginning of kernel
11-18 18:17:57.314 I/logd    (    0): logdr: UID=2000 GID=2000 PID=14748 b tail=0 logMask=10099 pid=0 start=0ns deadline=0ns
--------- beginning of main
11-18 18:17:57.454 I/BodyApiService( 7363): NativeCode:Update
11-18 18:17:57.596 I/Tracking( 1215): Vega: [INSIGHTS] Mode=DescriptorVega,6DoF,Agg=51s,Inl=25,30,41,Mem=112.9,FrameDur=16.4,56.2,PoseLat=2.5,3.3,CamImuLat=10.8,14.5,Jit=0.0,0.0,Drops(Cam=0,IMU=0),MeanIr=2515.5,Exp(5.9ms,g=5,I=75)(5.3ms,g=6,I=64)(5.3ms,g=6,I=86)(5.3ms,g=4,I=74),NonInertEnv=?
11-18 18:17:57.732 I/[CT]    ( 3775): SP:AP:AnchorPersistenceConfig: PreferencesManager: has_seen_spatial_data_sharing_notice_v2: false
11-18 18:17:57.734 I/[CT]    ( 3775): SP:AP:AnchorPersistenceConfig: PreferencesManager: anchor_persistence_cloud_anchor_service_enabled: true
11-18 18:17:57.734 I/[CT]    ( 3775): SP:AP:AnchorPersistenceConfig: getCloudPermissionEnabledVps: userPreference(anchor_persistence_cloud_anchor_service_enabled_vps)=true, cloudPermissionOverride: -1
11-18 18:17:57.742 I/[CT]    ( 3775): SlamAnchorPersistenceRuntimeIpcClient: SlamAnchorPersistenceRuntimeIpcClient: Get Features Query took 0.00826547 s. Query timestamp = 1453264056286
11-18 18:17:57.743 W/[CT]    ( 3775): SP:VpsModule:RequestHandler: Dropping new query due to rate limiting. event uuid: dc68efba-db93-aa97-c5a0-bdb2ebab3e6a
11-18 18:17:57.744 I/[CT]    ( 3775): SP:VpsModule:RequestHandler: VPS request finished event uuid: dc68efba-db93-aa97-c5a0-bdb2ebab3e6a
11-18 18:17:57.745 E/[CT]    ( 3775): SP:VpsModule:TelemertyReporter: VPS request failed with vps error code: 40000 event uuid: dc68efba-db93-aa97-c5a0-bdb2ebab3e6a
11-18 18:17:57.809 I/OpenXR_Anchor( 2387): xrQuerySpacesFB: split anchor query enabled
11-18 18:17:57.809 I/[CT]    ( 2387): SP:AF:InsightAnchorApi: QueryAnchorSpaces loadAndQueryAvailableAnchors flow. (task start) duration: 0.000000000 [sec], flags: 44, location: StorageLocation::LOCAL(1), method: 1, request: 362, source: SourceType::EXCLUDE_LIVE_TRACKER(2)
11-18 18:17:57.810 I/[CT]    ( 2387): RuntimeIpcHelper: RuntimeIpcClient::CALL_RPC isAsync: true, func: loadAvailableAnchors
11-18 18:17:57.811 I/[CT]    ( 3775): SP:AP:AnchorPersistenceRuntimeIpcServer: checkRPC start: sessionUuid:4d22a9d8-02cc-7eb4-0a9e-50534ac4cb28, clientId:1310376013, givenPackageName:com.oculus.guardian
11-18 18:17:57.811 I/[CT]    ( 3775): SP:AP:AnchorPersistenceRuntimeIpcServer: checkPackageAccess - detectedPackageName:com.oculus.guardian, detectedProcessName:com.oculus.vrguardianservice, givenPackageName:com.oculus.guardian
11-18 18:17:57.811 I/[CT]    ( 3775): SP:AP:AnchorPersistenceRuntimeIpcServer: checkRPC package name matches: sessionUuid:4d22a9d8-02cc-7eb4-0a9e-50534ac4cb28, clientId:1310376013, givenPackageName:com.oculus.guardian, detectedPackageName:com.oculus.guardian, detectedProcessName:com.oculus.vrguardianservice
11-18 18:17:57.811 I/[CT]    ( 3775): SP:AP:AnchorPersistenceRuntimeIpcServer: queryAvailableAnchorsSMV2: clientId: 1310376013, maxAnchors: 500, filter: 0, queryMultipleRoomsEnabledByOpenXrVersion: false, source: 2, appId: com.oculus.guardian
11-18 18:17:57.811 I/[CT]    ( 3775): SP:AP:AnchorPersistenceConfig: getSceneRuntimePermissionEnabled: USE_SCENE permission is enabled on this device
11-18 18:17:57.811 I/[CT]    ( 3775): SP:AP:AnchorPersistenceScenePermissions: hasClientGrantedScenePermission: USE_SCENE permission is enabled on this device, check client 1310376013, grant is true
11-18 18:17:57.811 I/[CT]    ( 3775): SP:AP:AnchorPersistenceConfig: getSceneRuntimePermissionEnabled: USE_SCENE permission is enabled on this device
11-18 18:17:57.811 I/[CT]    ( 3775): SP:AP:AnchorPersistenceScenePermissions: hasClientGrantedScenePermission: USE_SCENE permission is enabled on this device, check client 1310376013, grant is true
11-18 18:17:57.811 I/[CT]    ( 3775): SP:AP:AnchorPersistence: loadAvailableAnchorsLocal: appId: com.oculus.guardian, queryMultipleRoomsEnabledAppId: , queryMultipleRoomsEnabledByOpenXrVersion: false, applyEffectiveSingleRoomFilter: false
11-18 18:17:57.812 I/StateMachine2( 2387): StateMachine2Base::AddHistoryEntry AnchorQuery: Transition  ReadyToQuery -> Querying
11-18 18:17:57.814 W/[CT]    ( 3775): SP:AP:AnchorLocalStorage: loadAvailableAnchors loaded 0 anchors
11-18 18:17:57.814 I/[CT]    ( 3775): SP:AP:AnchorPersistenceConfig: getSceneRuntimePermissionEnabled: USE_SCENE permission is enabled on this device
11-18 18:17:57.817 I/[CT]    ( 3775): SP:SceneAnchorFilterUtil: filterSceneDataByPermission: com.oculus.guardian permission check passed, keep scene data. anchors size: 0
11-18 18:17:57.817 I/[CT]    ( 3775): SP:AP:AnchorPersistence: loadAvailableAnchors: Checking for killswitch based filtering
11-18 18:17:57.817 I/[CT]    ( 3775): SP:SceneAnchorFilterUtil: filterOutEntitiesAndComponents : Guardian:true, App OpenXR Version patch:34 (vs. min patch without filtering 45), appIdInOverrideString:false, ocKillswitch:false, fsKillswitch:false
11-18 18:17:57.822 I/[CT]    ( 2387): SP:AF:InsightAnchorApi: QueryAnchorSpaces (task finish) returnCode: AnchorResultCode::SUCCESS(0), numSpacesFound: 0, spacesFoundUuids: [], duration: 0.000000000 [sec], flags: 44, location: 1, method: 1, request: 362
11-18 18:17:57.853 W/healthd (    0): battery l=73 v=4057 t=38.0 h=2 st=4 c=0 fc=3747000 cc=8 chg=a
11-18 18:17:57.890 I/[CT]    ( 7363): BOLT:HexagonTelemetry: Global DSP utilization: 51.59% (2581 / 5003 ms), Scalar Util: 79.43%, HVX Util: 47.65%, HMX Util: 0.00%, DMA Active: 0.00%, Freq: 1497.6 MHz
11-18 18:17:57.890 I/[CT]    ( 7363): boltlib: Logging Rpc stats (detailed=false, onAbort=false)
11-18 18:17:57.890 I/[CT]    ( 7363): boltlib: DSP Rpc stats over 5003 ms: {"fbs_boltnn_delegate":180}
11-18 18:17:57.936 I/[CT]    ( 2387): SP:TREX:SpatialPersistencePlugin: Event type: 6
11-18 18:17:57.936 I/TREX    ( 2387): Spatial Persistence event: QuerySpacesFinish
11-18 18:17:57.936 I/GuardianTelemetry( 2387): [ovrStatsThreadGuardian::SendGuardianStateChangeTelemetry] Sending state change event ANCHOR_QUERY_FAILED, dialog 
11-18 18:17:57.936 I/[CT]    ( 2387): MrTrackerMgr: Ignoring abandoned query complete event result. request [674309866128] != current request [32088581143396453]
11-18 18:17:58.015 I/VrApi   ( 3392): FPS=90/90,Prd=33ms,Tear=0,Early=0,Stale=0,Stale2/5/10/max=0/0/0/0,VSnc=1,Lat=-1,Fov=0,CPU4/GPU=2/2,1171/441MHz,OC=FF,TA=0/0/0,SP=N/N/N,Mem=2092MHz,Free=2435MB,PLS=0,Temp=40.5C/0.0C,TW=1.71ms,App=6.78ms,GD=0.00ms,CPU&GPU=15.46ms,LCnt=2(DR90,LM2),GPU%=0.78,CPU%=0.31(W0.33),CFL=11.69/16.28,ICFLp95=14.31,LD=0,SF=1.00,LP=0,DVFS=0
11-18 18:17:58.042 I/[CT]    ( 7363): BOLT:TorchDelegate: Copying output tensor data from 0x7f2c194080 to 0x7e15862890
11-18 18:17:58.058 I/StateMachine2( 2387): StateMachine2Base::AddHistoryEntry AnchorQuery: Transition  Querying -> ReadyToQuery | Query complete
11-18 18:17:58.066 I/[CT]    ( 7363): BOLT:TorchDelegate: Copying input tensor data from 0x7e15835410 to 0x7f2d700080
11-18 18:17:58.072 I/[CT]    ( 3775): TELEMETRY_COLLECTOR: [EVENT] Collected periodic telemetry from 1 aggregators.
--------- beginning of tracking
11-18 18:17:58.079 W/MemoryBroker( 1447): attachClient: found client in attached list (uid: 10074, pid: 7363)
11-18 18:17:58.079 W/MemoryBrokerClient( 7363): BodyTracker: failed to remap BODY_TRACKER: getSharedMemoryFileDescriptor (Status(-1, EX_SECURITY): 'client connected before TrackingService')
11-18 18:17:58.084 I/libcamerahal(  979): [INSIGHTS][2.01s] recv/ret/req heartbeat: cam0: 121/121/121, cam1: 121/121/121, cam2: 121/121/121, cam3: 120/120/120
11-18 18:17:58.190 W/MemoryBroker( 1447): attachClient: found client in attached list (uid: 10074, pid: 7363)
11-18 18:17:58.197 I/Tracking( 1215): LocalizationStateMachine: LocalizationStateMachine updated from Cooldown to CoarseAndFineLocalization
11-18 18:17:58.274 I/Tracking( 1215): LocalizationStateMachine: LocalizationStateMachine updated from CoarseAndFineLocalization to Cooldown
11-18 18:17:58.277 I/[CT]    ( 3775): SP:AP:AnchorPersistenceConfig: PreferencesManager: has_seen_spatial_data_sharing_notice_v2: false
11-18 18:17:58.278 I/[CT]    ( 3775): SP:AP:AnchorPersistenceConfig: PreferencesManager: anchor_persistence_cloud_anchor_service_enabled: true
11-18 18:17:58.278 I/[CT]    ( 3775): SP:AP:AnchorPersistenceConfig: getCloudPermissionEnabledVps: userPreference(anchor_persistence_cloud_anchor_service_enabled_vps)=true, cloudPermissionOverride: -1
11-18 18:17:58.288 I/[CT]    ( 3775): SlamAnchorPersistenceRuntimeIpcClient: SlamAnchorPersistenceRuntimeIpcClient: Get Features Query took 0.009895991 s. Query timestamp = 1453796793787
11-18 18:17:58.289 W/[CT]    ( 3775): SP:VpsModule:RequestHandler: Dropping new query due to rate limiting. event uuid: 4441ac03-50b9-e020-9bff-714bc9f9b630
11-18 18:17:58.289 I/[CT]    ( 3775): SP:VpsModule:RequestHandler: VPS request finished event uuid: 4441ac03-50b9-e020-9bff-714bc9f9b630
11-18 18:17:58.290 E/[CT]    ( 3775): SP:VpsModule:TelemertyReporter: VPS request failed with vps error code: 40000 event uuid: 4441ac03-50b9-e020-9bff-714bc9f9b630
11-18 18:17:58.350 W/FrameSetDispatcher(  979): [{0,0},{1,0},{2,0},{3,0}] Client pid=1215 (IOT): client is taking longer than 33ms to return FrameSets (5x in the past 9.933s)
11-18 18:17:58.356 W/Tracking( 1215): VIPER: Frame Tracking (0.038434535 [sec]) exceeded camera sampling time (0.033333333 [sec]).
11-18 18:17:58.358 I/ServiceInputManager( 1752): HANDTRACKING hand 0 status set to OutOfView
11-18 18:17:58.454 I/BodyApiService( 7363): NativeCode:Update
11-18 18:17:58.475 I/TREX    ( 3392): Interface 'VirtualKeyboardClientInterface', version 1 was not found. Check debug build for more information.
11-18 18:17:58.647 W/Tracking( 1215): NIMBLE:ExposureControl: [Throttled count=25] Unable to compute adjustment without histogram data
11-18 18:17:58.799 I/[CT]    ( 3775): SP:AP:AnchorPersistenceConfig: PreferencesManager: has_seen_spatial_data_sharing_notice_v2: false
11-18 18:17:58.801 I/[CT]    ( 3775): SP:AP:AnchorPersistenceConfig: PreferencesManager: anchor_persistence_cloud_anchor_service_enabled: true
11-18 18:17:58.801 I/[CT]    ( 3775): SP:AP:AnchorPersistenceConfig: getCloudPermissionEnabledVps: userPreference(anchor_persistence_cloud_anchor_service_enabled_vps)=true, cloudPermissionOverride: -1
11-18 18:17:58.809 I/[CT]    ( 3775): SlamAnchorPersistenceRuntimeIpcClient: SlamAnchorPersistenceRuntimeIpcClient: Get Features Query took 0.007581823 s. Query timestamp = 1454331026705
11-18 18:17:58.809 W/[CT]    ( 3775): SP:VpsModule:RequestHandler: Dropping new query due to rate limiting. event uuid: 2980019b-e779-cc03-405b-f255db50ce09
11-18 18:17:58.810 I/[CT]    ( 3775): SP:VpsModule:RequestHandler: VPS request finished event uuid: 2980019b-e779-cc03-405b-f255db50ce09
11-18 18:17:58.810 E/[CT]    ( 3775): SP:VpsModule:TelemertyReporter: VPS request failed with vps error code: 40000 event uuid: 2980019b-e779-cc03-405b-f255db50ce09
11-18 18:17:58.914 I/OpenXRAnchorDiscovery( 2387): xrDiscoverSpacesMETA: buildFilterMETA: filters is null
11-18 18:17:58.914 I/[CT]    ( 2387): SP:AF:InsightAnchorApi: DiscoverSpaces (task start) flags: 0, request: 363
11-18 18:17:58.914 I/[CT]    ( 2387): SP:AF:AnchorFramework: discoverSpaces: filterInfo: flags: 96, numUuids: 0, radius: -1, enabledComponents: 0, maxNumSpacesToQuery: 0, groupUuids: , tags: , dataSource: 1, hasTrackableStateFilter: 1
11-18 18:17:58.914 I/[CT]    ( 2387): SP:AF:AnchorFramework: Inserting discovery operation request handle 363 -> extension suite ApiExtensionSuite::META(1) + exp version ExperimentalVersion::PROD(1) into map
11-18 18:17:58.914 I/StateMachine2( 2387): StateMachine2Base::AddHistoryEntry AnchorQuery: Transition  ReadyToQuery -> Discovery
11-18 18:17:58.915 I/[CT]    ( 2387): RuntimeIpcHelper: RuntimeIpcClient::CALL_RPC isAsync: true, func: discoverSpaces
11-18 18:17:58.915 I/[CT]    ( 3775): SP:AP:AnchorPersistenceRuntimeIpcServer: checkRPC start: sessionUuid:4d22a9d8-02cc-7eb4-0a9e-50534ac4cb28, clientId:1310376013, givenPackageName:com.oculus.guardian
11-18 18:17:58.915 I/[CT]    ( 3775): SP:AP:AnchorPersistenceRuntimeIpcServer: checkPackageAccess - detectedPackageName:com.oculus.guardian, detectedProcessName:com.oculus.vrguardianservice, givenPackageName:com.oculus.guardian
11-18 18:17:58.915 I/[CT]    ( 3775): SP:AP:AnchorPersistenceRuntimeIpcServer: checkRPC package name matches: sessionUuid:4d22a9d8-02cc-7eb4-0a9e-50534ac4cb28, clientId:1310376013, givenPackageName:com.oculus.guardian, detectedPackageName:com.oculus.guardian, detectedProcessName:com.oculus.vrguardianservice
11-18 18:17:58.915 I/[CT]    ( 3775): SP:AP:AnchorPersistence: queryEntities: filterInfo: flags: 96, numUuids: 0, radius: -1, enabledComponents: 0, maxNumSpacesToQuery: 0, groupUuids: , tags: , dataSource: 1, hasTrackableStateFilter: 1, appId: com.oculus.guardian, request: 363, appOpenXrVersion: 281474976710690
11-18 18:17:58.915 I/[CT]    ( 3775): SP:AP:AnchorPersistenceConfig: getSceneRuntimePermissionEnabled: USE_SCENE permission is enabled on this device
11-18 18:17:58.915 I/[CT]    ( 3775): SP:AP:AnchorPersistenceScenePermissions: hasClientGrantedScenePermission: USE_SCENE permission is enabled on this device, check client 1310376013, grant is true
11-18 18:17:58.915 I/[CT]    ( 3775): SP:AP:AnchorPersistence: discoverSpacesLocal: translateFilters complete. filterVector size: 2
11-18 18:17:58.915 I/[CT]    ( 3775): SP:AP:AnchorPersistence:     Filter #0: type: AnchorDiscoveryFilterType::APP(3)
11-18 18:17:58.915 I/[CT]    ( 3775): SP:AP:AnchorPersistence:     Filter #1: type: AnchorDiscoveryFilterType::TRACKABLE_STATE(8)
11-18 18:17:58.915 I/[CT]    ( 3775): SP:AP:AnchorPersistence: discoverSpacesLocal: Scheduling local query for Anchors, with 2 filters, request: 363
11-18 18:17:58.915 I/[CT]    ( 3775): SP:AP:AnchorPersistence: discoverSpacesLocal Attempting local query, request: 363
11-18 18:17:58.916 I/[CT]    ( 3775): SP:AP:AnchorLocalStorageQuery: operator() : No uuidFilter is provided
11-18 18:17:58.916 I/[CT]    ( 3775): SP:AP:AnchorLocalStorageQuery: applyFilters: appId com.oculus.guardian
11-18 18:17:58.917 I/[CT]    ( 3775): SP:AP:AnchorLocalStorage: appId com.oculus.guardian loadOnlySceneModelAnchors false includeGuardianSpatialAnchor false
11-18 18:17:58.918 W/[CT]    ( 3775): SP:AP:AnchorLocalStorage: listAllAnchors listed 0 anchors
11-18 18:17:58.918 I/[CT]    ( 3775): SP:AP:AnchorPersistenceConfig: getSceneRuntimePermissionEnabled: USE_SCENE permission is enabled on this device
11-18 18:17:58.920 I/[CT]    ( 3775): SP:SceneAnchorFilterUtil: filterSceneDataByPermission: com.oculus.guardian permission check passed, keep scene data. anchors size: 0
11-18 18:17:58.920 I/[CT]    ( 3775): SP:AP:AnchorLocalStorageQuery: applyFilters: no anchors to load
11-18 18:17:58.920 I/[CT]    ( 3775): SP:AP:AnchorLocalStorageQuery: operator(): Discovered 0 anchors locally
11-18 18:17:58.920 I/[CT]    ( 3775): SP:AP:AnchorPersistence: discoverSpacesLocal queryResult success, request: 363
11-18 18:17:58.920 I/[CT]    ( 3775): SP:AP:AnchorPersistence: DiscoverSpaces local query success took: 0.005233751
11-18 18:17:58.920 I/[CT]    ( 3775): SP:AP:AnchorPersistence: discoverSpacesLocal: Checking for killswitch based filtering
11-18 18:17:58.921 I/[CT]    ( 3775): SP:SceneAnchorFilterUtil: filterOutEntitiesAndComponents : Guardian:true, App OpenXR Version patch:34 (vs. min patch without filtering 45), appIdInOverrideString:false, ocKillswitch:false, fsKillswitch:false
11-18 18:17:58.921 I/[CT]    ( 3775): SP:AP:AnchorPersistence: DiscoverSpaces local query success finish took: 0.005314428
11-18 18:17:58.921 I/[CT]    ( 3775): SP:AP:AnchorPersistence: Sending DiscoverSpaces finish event returnCode: 0, request: 363
11-18 18:17:58.921 I/[CT]    ( 3775): SP:AP:AnchorPersistenceRuntimeIpcServer: PostClientEvent for DiscoverSpaces finish event: requestHandle 363, resultCode: 0
11-18 18:17:58.921 I/[CT]    ( 2387): SP:AF:AnchorFramework: Received DiscoverSpaces finish event returnCode: 0, request: 363, extension suite: ApiExtensionSuite::META(1), exp version: ExperimentalVersion::PROD(1)
11-18 18:17:58.921 I/[CT]    ( 2387): SP:AF:AnchorFramework: registerDiscoverSpacesEventHandler discoverSpacesComplete result code: 0
11-18 18:17:58.977 I/[SEO] ShellInputConfigurationDataProvider( 3392): InteractionMode changed, mode: Null activation method: No Device Present displayTimeActivated 1454.596997
11-18 18:17:58.982 I/ServiceInputManager( 1752): HANDTRACKING hand 1 status set to OutOfView
11-18 18:17:59.016 I/VrApi   ( 3392): FPS=90/90,Prd=33ms,Tear=0,Early=0,Stale=0,Stale2/5/10/max=0/0/0/0,VSnc=1,Lat=-1,Fov=0,CPU4/GPU=2/2,1171/441MHz,OC=FF,TA=0/0/0,SP=N/N/N,Mem=2092MHz,Free=2435MB,PLS=0,Temp=40.5C/0.0C,TW=1.71ms,App=6.89ms,GD=0.00ms,CPU&GPU=15.48ms,LCnt=2(DR90,LM2),GPU%=0.78,CPU%=0.30(W0.32),CFL=11.64/16.05,ICFLp95=14.24,LD=0,SF=1.00,LP=0,DVFS=0
11-18 18:17:59.038 I/[CT]    ( 2387): SP:TREX:SpatialPersistencePlugin: Event type: 23
11-18 18:17:59.038 I/TREX    ( 2387): Spatial Persistence event: spEvent_DiscoverSpacesFinish
11-18 18:17:59.038 I/XrRuntimeSystem_Client( 2387): spEvent_DiscoverSpacesFound: handled in META_spatial_entity_discovery
11-18 18:17:59.038 I/GuardianTelemetry( 2387): [ovrStatsThreadGuardian::SendGuardianStateChangeTelemetry] Sending state change event ANCHOR_QUERY_FAILED, dialog 
11-18 18:17:59.160 I/StateMachine2( 2387): StateMachine2Base::AddHistoryEntry AnchorQuery: Transition  Discovery -> ReadyToQuery | Discovery complete
11-18 18:17:59.161 I/[CT]    ( 2387): GuardianMapDataMgr: CheckRelocalizationStatus: Relocalization done
11-18 18:17:59.190 W/MemoryBroker( 1447): attachClient: found client in attached list (uid: 10074, pid: 7363)
11-18 18:17:59.190 W/MemoryBrokerClient( 7363): BodyTracker: failed to remap BODY_TRACKER: getSharedMemoryFileDescriptor (Status(-1, EX_SECURITY): 'client connected before TrackingService')
11-18 18:17:59.267 I/Tracking( 1215): LocalizationStateMachine: LocalizationStateMachine updated from Cooldown to CoarseAndFineLocalization
11-18 18:17:59.301 W/MemoryBroker( 1447): attachClient: found client in attached list (uid: 10074, pid: 7363)
11-18 18:17:59.339 I/Tracking( 1215): LocalizationStateMachine: LocalizationStateMachine updated from CoarseAndFineLocalization to Cooldown
11-18 18:17:59.342 I/[CT]    ( 3775): SP:AP:AnchorPersistenceConfig: PreferencesManager: has_seen_spatial_data_sharing_notice_v2: false
11-18 18:17:59.342 I/[CT]    ( 3775): SP:AP:AnchorPersistenceConfig: PreferencesManager: anchor_persistence_cloud_anchor_service_enabled: true
11-18 18:17:59.343 I/[CT]    ( 3775): SP:AP:AnchorPersistenceConfig: getCloudPermissionEnabledVps: userPreference(anchor_persistence_cloud_anchor_service_enabled_vps)=true, cloudPermissionOverride: -1
11-18 18:17:59.351 I/[CT]    ( 3775): SlamAnchorPersistenceRuntimeIpcClient: SlamAnchorPersistenceRuntimeIpcClient: Get Features Query took 0.008379167 s. Query timestamp = 1454866743008
11-18 18:17:59.352 W/[CT]    ( 3775): SP:VpsModule:RequestHandler: Dropping new query due to rate limiting. event uuid: 80b76eff-e0b5-a588-8e9b-3c2a54028e45
11-18 18:17:59.352 I/[CT]    ( 3775): SP:VpsModule:RequestHandler: VPS request finished event uuid: 80b76eff-e0b5-a588-8e9b-3c2a54028e45
11-18 18:17:59.353 E/[CT]    ( 3775): SP:VpsModule:TelemertyReporter: VPS request failed with vps error code: 40000 event uuid: 80b76eff-e0b5-a588-8e9b-3c2a54028e45
11-18 18:17:59.468 I/BodyApiService( 7363): NativeCode:Update
11-18 18:17:59.598 I/Tracking( 1215): LocalizationStateMachine: LocalizationStateMachine updated from Cooldown to CoarseLocalizationOnly
11-18 18:17:59.605 W/healthd (    0): battery l=73 v=4057 t=38.0 h=2 st=4 c=0 fc=3747000 cc=8 chg=a
11-18 18:17:59.805 I/HorizonDsatHelper( 2808): fetchTokenValueAsync - callingPackage: com.oculus.socialplatform, actionName: com.oculus.auth.ACTION_FETCH_HORIZON_DEVICE_SCOPED_CREDENTIALS
11-18 18:17:59.806 I/HorizonDsatHelper( 2808): fetchTokenAsync - forceRefresh: false, actionName: com.oculus.auth.ACTION_FETCH_HORIZON_DEVICE_SCOPED_CREDENTIALS
11-18 18:17:59.806 I/HorizonDsatHelper( 2808): Returning stored token
11-18 18:17:59.806 I/AuthLogger( 2808): Action succeeded: OBTAIN_TOKEN, callingPackage: com.oculus.socialplatform, accountType: com.oculus, tokenType: dsat, extras: {logging_source=HorizonDsatHelper, options={"forceRefresh":false,"method":"fetchTokenValueAsync","isCachedToken":true}, token_scope=ROOT, outcome=token, status=success}, duration: 0ms
11-18 18:17:59.807 I/HorizonDsatHelper( 2808): fetchTokenAsync:: OnResult - callingPackage: com.oculus.socialplatform, actionName: com.oculus.auth.ACTION_FETCH_HORIZON_DEVICE_SCOPED_CREDENTIALS, forceRefresh: false, isResultPresent: true
11-18 18:17:59.811 I/HorizonDsatHelper( 2808): fetchTokenValueAsync - callingPackage: com.oculus.horizon, actionName: com.oculus.auth.ACTION_FETCH_HORIZON_DEVICE_SCOPED_CREDENTIALS
11-18 18:17:59.811 I/HorizonDsatHelper( 2808): fetchTokenAsync - forceRefresh: false, actionName: com.oculus.auth.ACTION_FETCH_HORIZON_DEVICE_SCOPED_CREDENTIALS
11-18 18:17:59.811 I/HorizonDsatHelper( 2808): Returning stored token
11-18 18:17:59.811 I/AuthLogger( 2808): Action succeeded: OBTAIN_TOKEN, callingPackage: com.oculus.horizon, accountType: com.oculus, tokenType: dsat, extras: {logging_source=HorizonDsatHelper, options={"forceRefresh":false,"method":"fetchTokenValueAsync","isCachedToken":true}, token_scope=ROOT, outcome=token, status=success}, duration: 0ms
11-18 18:17:59.812 I/HorizonDsatHelper( 2808): fetchTokenAsync:: OnResult - callingPackage: com.oculus.horizon, actionName: com.oculus.auth.ACTION_FETCH_HORIZON_DEVICE_SCOPED_CREDENTIALS, forceRefresh: false, isResultPresent: true
11-18 18:17:59.867 I/[CT]    ( 3775): SP:AP:AnchorPersistenceConfig: PreferencesManager: has_seen_spatial_data_sharing_notice_v2: false
11-18 18:17:59.869 I/[CT]    ( 3775): SP:AP:AnchorPersistenceConfig: PreferencesManager: anchor_persistence_cloud_anchor_service_enabled: true
11-18 18:17:59.869 I/[CT]    ( 3775): SP:AP:AnchorPersistenceConfig: getCloudPermissionEnabledVps: userPreference(anchor_persistence_cloud_anchor_service_enabled_vps)=true, cloudPermissionOverride: -1
11-18 18:17:59.879 I/[CT]    ( 3775): SlamAnchorPersistenceRuntimeIpcClient: SlamAnchorPersistenceRuntimeIpcClient: Get Features Query took 0.009132605 s. Query timestamp = 1455401037905
11-18 18:17:59.879 W/[CT]    ( 3775): SP:VpsModule:RequestHandler: Dropping new query due to rate limiting. event uuid: 81f988e4-109e-7870-de1f-10bb65f285b2
11-18 18:17:59.880 I/[CT]    ( 3775): SP:VpsModule:RequestHandler: VPS request finished event uuid: 81f988e4-109e-7870-de1f-10bb65f285b2
11-18 18:17:59.881 E/[CT]    ( 3775): SP:VpsModule:TelemertyReporter: VPS request failed with vps error code: 40000 event uuid: 81f988e4-109e-7870-de1f-10bb65f285b2
11-18 18:17:59.998 I/Tracking( 1215): LocalizationStateMachine: LocalizationStateMachine updated from CoarseLocalizationOnly to LoadSubmapList
11-18 18:17:59.999 I/Tracking( 1215): VEGA_MAPPER: Scheduling scheduleLoadSubmapSets with 1 sets
11-18 18:18:00.016 I/VrApi   ( 3392): FPS=90/90,Prd=33ms,Tear=0,Early=0,Stale=0,Stale2/5/10/max=0/0/0/0,VSnc=1,Lat=-1,Fov=0,CPU4/GPU=2/2,1171/441MHz,OC=FF,TA=0/0/0,SP=N/N/N,Mem=2092MHz,Free=2435MB,PLS=0,Temp=40.5C/0.0C,TW=1.70ms,App=6.57ms,GD=0.00ms,CPU&GPU=15.15ms,LCnt=2(DR90,LM2),GPU%=0.77,CPU%=0.29(W0.43),CFL=11.62/16.12,ICFLp95=14.21,LD=0,SF=1.00,LP=0,DVFS=0
11-18 18:18:00.022 I/Tracking( 1215): VegaMapLoader: The map contains multiple spanning trees.
11-18 18:18:00.068 I/Tracking( 1215): VegaMapLoader: BA units loaded 5/5, MapPointCount 1555, MapPointFreeSlotNum 2645
11-18 18:18:00.079 I/Tracking( 1215): LocalizationStateMachine: LocalizationStateMachine updated from LoadSubmapList to FineLocalizationOnly
11-18 18:18:00.084 I/libcamerahal(  979): [INSIGHTS][2.01s] recv/ret/req heartbeat: cam0: 120/120/120, cam1: 120/120/120, cam2: 120/120/120, cam3: 120/120/120
11-18 18:18:00.171 E/[SUI] SocialViewModel( 4829): Failed to fetch current party data
11-18 18:18:00.198 I/Tracking( 1215): LocalizationStateMachine: LocalizationStateMachine updated from FineLocalizationOnly to Cooldown
11-18 18:18:00.301 W/MemoryBroker( 1447): attachClient: found client in attached list (uid: 10074, pid: 7363)
11-18 18:18:00.301 W/MemoryBrokerClient( 7363): BodyTracker: failed to remap BODY_TRACKER: getSharedMemoryFileDescriptor (Status(-1, EX_SECURITY): 'client connected before TrackingService')
11-18 18:18:00.401 I/[CT]    ( 3775): SP:AP:AnchorPersistenceConfig: PreferencesManager: has_seen_spatial_data_sharing_notice_v2: false
11-18 18:18:00.402 I/[CT]    ( 3775): SP:AP:AnchorPersistenceConfig: PreferencesManager: anchor_persistence_cloud_anchor_service_enabled: true
11-18 18:18:00.402 I/[CT]    ( 3775): SP:AP:AnchorPersistenceConfig: getCloudPermissionEnabledVps: userPreference(anchor_persistence_cloud_anchor_service_enabled_vps)=true, cloudPermissionOverride: -1
11-18 18:18:00.411 I/[CT]    ( 3775): SlamAnchorPersistenceRuntimeIpcClient: SlamAnchorPersistenceRuntimeIpcClient: Get Features Query took 0.008797762 s. Query timestamp = 1455933003583
11-18 18:18:00.412 W/[CT]    ( 3775): SP:VpsModule:RequestHandler: Dropping new query due to rate limiting. event uuid: 58619ea0-7d95-47b9-e0be-c70b2e773234
11-18 18:18:00.412 I/[CT]    ( 3775): SP:VpsModule:RequestHandler: VPS request finished event uuid: 58619ea0-7d95-47b9-e0be-c70b2e773234
11-18 18:18:00.413 W/MemoryBroker( 1447): attachClient: found client in attached list (uid: 10074, pid: 7363)
11-18 18:18:00.413 E/[CT]    ( 3775): SP:VpsModule:TelemertyReporter: VPS request failed with vps error code: 40000 event uuid: 58619ea0-7d95-47b9-e0be-c70b2e773234
11-18 18:18:00.468 I/BodyApiService( 7363): NativeCode:Update
11-18 18:18:00.582 I/[SEO] ShellInputConfigurationDataProvider( 3392): InteractionMode changed, mode: HybridChiral activation method: Hand Presence displayTimeActivated 1456.200718
11-18 18:18:00.586 I/ServiceInputManager( 1752): HANDTRACKING hand 0 status set to Tracked
11-18 18:18:00.666 I/Tracking( 1215): Vega: [INSIGHTS] Mode=DescriptorVega,6DoF,Agg=54s,Inl=25,30,41,Mem=112.9,FrameDur=16.3,56.2,PoseLat=2.5,3.3,CamImuLat=10.8,14.5,Jit=0.0,0.1,Drops(Cam=0,IMU=0),MeanIr=2508.2,Exp(5.9ms,g=5,I=75)(6.0ms,g=7,I=50)(6.0ms,g=7,I=100)(5.4ms,g=5,I=74),NonInertEnv=?
11-18 18:18:00.719 W/healthd (    0): battery l=73 v=4057 t=38.0 h=2 st=4 c=0 fc=3747000 cc=8 chg=a
11-18 18:18:00.935 I/[CT]    ( 3775): SP:AP:AnchorPersistenceConfig: PreferencesManager: has_seen_spatial_data_sharing_notice_v2: false
11-18 18:18:00.935 I/[CT]    ( 3775): SP:AP:AnchorPersistenceConfig: PreferencesManager: anchor_persistence_cloud_anchor_service_enabled: true
11-18 18:18:00.935 I/[CT]    ( 3775): SP:AP:AnchorPersistenceConfig: getCloudPermissionEnabledVps: userPreference(anchor_persistence_cloud_anchor_service_enabled_vps)=true, cloudPermissionOverride: -1
11-18 18:18:00.943 I/[CT]    ( 3775): SlamAnchorPersistenceRuntimeIpcClient: SlamAnchorPersistenceRuntimeIpcClient: Get Features Query took 0.007152137 s. Query timestamp = 1456465626345
11-18 18:18:00.943 W/[CT]    ( 3775): SP:VpsModule:RequestHandler: Dropping new query due to rate limiting. event uuid: 25a1a725-7f0c-93fb-765b-d1e3f7369699
11-18 18:18:00.944 I/[CT]    ( 3775): SP:VpsModule:RequestHandler: VPS request finished event uuid: 25a1a725-7f0c-93fb-765b-d1e3f7369699
11-18 18:18:00.944 E/[CT]    ( 3775): SP:VpsModule:TelemertyReporter: VPS request failed with vps error code: 40000 event uuid: 25a1a725-7f0c-93fb-765b-d1e3f7369699
11-18 18:18:00.978 I/Tracking( 1215): BOLT:HexagonTelemetry: Global DSP utilization: 51.96% (2599 / 5003 ms), Scalar Util: 80.02%, HVX Util: 47.70%, HMX Util: 0.00%, DMA Active: 0.00%, Freq: 1497.6 MHz
11-18 18:18:00.978 I/Tracking( 1215): boltlib: Logging Rpc stats (detailed=false, onAbort=false)
11-18 18:18:00.978 I/Tracking( 1215): boltlib: DSP Rpc stats over 5003 ms: {"GraphModule":150,"HexagonCornerHarrisEdgeIndexedSlicesAsync":72,"HexagonPyramid3x3Async":75,"a2e_boltnn_delegate":125,"dd_boltnn_delegate":142,"dpe_encoder_fusion_boltnn_delegate":100,"dpe_encoder_image_backbone_boltnn_delegate":100,"miramar_detnet_ver0_hta":83}
11-18 18:18:01.016 I/VrApi   ( 3392): FPS=90/90,Prd=33ms,Tear=0,Early=0,Stale=0,Stale2/5/10/max=0/0/0/0,VSnc=1,Lat=-1,Fov=0,CPU4/GPU=2/2,1171/441MHz,OC=FF,TA=0/0/0,SP=N/N/N,Mem=2092MHz,Free=2435MB,PLS=0,Temp=40.5C/0.0C,TW=1.70ms,App=6.56ms,GD=0.00ms,CPU&GPU=14.74ms,LCnt=2(DR90,LM2),GPU%=0.76,CPU%=0.31(W0.41),CFL=11.52/16.12,ICFLp95=14.18,LD=0,SF=1.00,LP=0,DVFS=0
11-18 18:18:01.020 I/ServiceInputManager( 1752): HANDTRACKING hand 0 status set to OutOfView
11-18 18:18:01.026 I/[SEO] ShellInputConfigurationDataProvider( 3392): InteractionMode changed, mode: Null activation method: No Device Present displayTimeActivated 1456.646195
11-18 18:18:01.198 I/Tracking( 1215): LocalizationStateMachine: LocalizationStateMachine updated from Cooldown to CoarseAndFineLocalization
11-18 18:18:01.265 I/Tracking( 1215): LocalizationStateMachine: LocalizationStateMachine updated from CoarseAndFineLocalization to LoadSubmapList
11-18 18:18:01.265 I/Tracking( 1215): VEGA_MAPPER: Scheduling scheduleLoadSubmapSets with 1 sets
11-18 18:18:01.289 I/Tracking( 1215): VegaMapLoader: The map contains multiple spanning trees.
11-18 18:18:01.301 W/MemoryBroker( 1447): attachClient: found client in attached list (uid: 10074, pid: 7363)
11-18 18:18:01.302 W/MemoryBrokerClient( 7363): BodyTracker: failed to remap BODY_TRACKER: getSharedMemoryFileDescriptor (Status(-1, EX_SECURITY): 'client connected before TrackingService')
11-18 18:18:01.302 W/[CT]    ( 7363): BODY:input_handler: No keypoints received from tracking service
11-18 18:18:01.353 I/Tracking( 1215): VegaMapLoader: BA units loaded 5/5, MapPointCount 1849, MapPointFreeSlotNum 2351
11-18 18:18:01.365 I/Tracking( 1215): LocalizationStateMachine: LocalizationStateMachine updated from LoadSubmapList to FineLocalizationOnly
11-18 18:18:01.369 I/ClientSharedTelemetryStats( 2387): App memory usage: PSS=48 MiB, PrivateDirty=36 MiB, PrivateClean=4 MiB, GPU=2.9/4.1 MiB (72% allocated)
11-18 18:18:01.381 I/Tracking( 1215): NIMBLE:UnifiedHandBodyTracking:ExposureControl: [Throttled count=150] FMM: enabled: true; active: false
11-18 18:18:01.382 I/Tracking( 1215): NIMBLE:UnifiedHandBodyTracking:ExposureControl: [Frame  3169 camera 0] [HT] has_hand =  NO, irradiance_proxy =   4694.3, intensity =   96.3, exposure =  5.130ms, gain =    4
11-18 18:18:01.382 I/Tracking( 1215): NIMBLE:UnifiedHandBodyEngine: Pipeline Latency P50: 14.08ms; Capture Latency P50: 15.55ms [arrival:14.55ms|engine:0.87ms|process:0.04ms]
11-18 18:18:01.382 I/Tracking( 1215): NIMBLE:UnifiedHandBodyEngine: Pipeline Latency P95: 21.44ms; Capture Latency P95: 16.25ms [arrival:15.28ms|engine:1.64ms|process:0.11ms]
11-18 18:18:01.382 I/Tracking( 1215): NIMBLE:UnifiedHandBodyEngine: Hand Tracking Processed FPS = 30.02 Hz / Camera FPS = 30.02 Hz
11-18 18:18:01.413 W/MemoryBroker( 1447): attachClient: found client in attached list (uid: 10074, pid: 7363)
11-18 18:18:01.468 I/BodyApiService( 7363): NativeCode:Update
11-18 18:18:01.482 I/[CT]    ( 3775): SP:AP:AnchorPersistenceConfig: PreferencesManager: has_seen_spatial_data_sharing_notice_v2: false
11-18 18:18:01.484 I/[CT]    ( 3775): SP:AP:AnchorPersistenceConfig: PreferencesManager: anchor_persistence_cloud_anchor_service_enabled: true
11-18 18:18:01.484 I/[CT]    ( 3775): SP:AP:AnchorPersistenceConfig: getCloudPermissionEnabledVps: userPreference(anchor_persistence_cloud_anchor_service_enabled_vps)=true, cloudPermissionOverride: -1
11-18 18:18:01.491 I/[CT]    ( 3775): SlamAnchorPersistenceRuntimeIpcClient: SlamAnchorPersistenceRuntimeIpcClient: Get Features Query took 0.006643959 s. Query timestamp = 1456936331496
11-18 18:18:01.492 W/[CT]    ( 3775): SP:VpsModule:RequestHandler: Dropping new query due to rate limiting. event uuid: fe9fb24a-5afe-ff5a-fd18-e6f98bec4b5c
11-18 18:18:01.492 I/[CT]    ( 3775): SP:VpsModule:RequestHandler: VPS request finished event uuid: fe9fb24a-5afe-ff5a-fd18-e6f98bec4b5c
11-18 18:18:01.492 E/[CT]    ( 3775): SP:VpsModule:TelemertyReporter: VPS request failed with vps error code: 40000 event uuid: fe9fb24a-5afe-ff5a-fd18-e6f98bec4b5c
11-18 18:18:01.506 V/telemetry-statsd( 1151): Fetching statsd reports
11-18 18:18:01.534 I/Tracking( 1215): LocalizationStateMachine: LocalizationStateMachine updated from FineLocalizationOnly to Cooldown
11-18 18:18:02.001 I/[CT]    ( 3775): SP:AP:AnchorPersistenceConfig: PreferencesManager: has_seen_spatial_data_sharing_notice_v2: false
11-18 18:18:02.002 I/[CT]    ( 3775): SP:AP:AnchorPersistenceConfig: PreferencesManager: anchor_persistence_cloud_anchor_service_enabled: true
11-18 18:18:02.002 I/[CT]    ( 3775): SP:AP:AnchorPersistenceConfig: getCloudPermissionEnabledVps: userPreference(anchor_persistence_cloud_anchor_service_enabled_vps)=true, cloudPermissionOverride: -1
11-18 18:18:02.009 I/[CT]    ( 3775): SlamAnchorPersistenceRuntimeIpcClient: SlamAnchorPersistenceRuntimeIpcClient: Get Features Query took 0.00692724 s. Query timestamp = 1457531045982
11-18 18:18:02.010 W/[CT]    ( 3775): SP:VpsModule:RequestHandler: Dropping new query due to rate limiting. event uuid: 4f6b29c2-47ba-3c5a-a1a0-0637776e768d
11-18 18:18:02.010 I/[CT]    ( 3775): SP:VpsModule:RequestHandler: VPS request finished event uuid: 4f6b29c2-47ba-3c5a-a1a0-0637776e768d
11-18 18:18:02.011 E/[CT]    ( 3775): SP:VpsModule:TelemertyReporter: VPS request failed with vps error code: 40000 event uuid: 4f6b29c2-47ba-3c5a-a1a0-0637776e768d
11-18 18:18:02.016 I/VrApi   ( 3392): FPS=90/90,Prd=33ms,Tear=0,Early=0,Stale=0,Stale2/5/10/max=0/0/0/0,VSnc=1,Lat=-1,Fov=0,CPU4/GPU=2/2,1171/441MHz,OC=FF,TA=0/0/0,SP=N/N/N,Mem=2092MHz,Free=2435MB,PLS=0,Temp=40.5C/0.0C,TW=1.71ms,App=6.56ms,GD=0.00ms,CPU&GPU=15.50ms,LCnt=2(DR90,LM2),GPU%=0.78,CPU%=0.31(W0.39),CFL=11.53/16.26,ICFLp95=14.13,LD=0,SF=1.00,LP=0,DVFS=0
11-18 18:18:02.099 I/libcamerahal(  979): [INSIGHTS][2.02s] recv/ret/req heartbeat: cam0: 120/120/120, cam1: 120/120/120, cam2: 121/121/121, cam3: 120/120/120
11-18 18:18:02.118 I/[SEO] ShellInputConfigurationDataProvider( 3392): InteractionMode changed, mode: HybridChiral activation method: Hand Presence displayTimeActivated 1457.737616
11-18 18:18:02.123 I/ServiceInputManager( 1752): HANDTRACKING hand 0 status set to Tracked
11-18 18:18:02.240 I/[SEO] ShellInputConfigurationDataProvider( 3392): InteractionMode changed, mode: Null activation method: No Device Present displayTimeActivated 1457.860123
11-18 18:18:02.245 I/ServiceInputManager( 1752): HANDTRACKING hand 0 status set to OutOfView
11-18 18:18:02.344 D/OnDemandManager( 1151): On demand telemetry statsd fetched 0 statsd reports
11-18 18:18:02.344 D/OnDemandManager( 1151): On demand telemetry statsd fetched 0 samples
11-18 18:18:02.413 W/MemoryBroker( 1447): attachClient: found client in attached list (uid: 10074, pid: 7363)
11-18 18:18:02.413 W/MemoryBrokerClient( 7363): BodyTracker: failed to remap BODY_TRACKER: getSharedMemoryFileDescriptor (Status(-1, EX_SECURITY): 'client connected before TrackingService')
11-18 18:18:02.481 I/BodyApiService( 7363): NativeCode:Update
11-18 18:18:02.524 W/MemoryBroker( 1447): attachClient: found client in attached list (uid: 10074, pid: 7363)
11-18 18:18:02.532 I/Tracking( 1215): LocalizationStateMachine: LocalizationStateMachine updated from Cooldown to CoarseAndFineLocalization
11-18 18:18:02.535 I/[CT]    ( 3775): SP:AP:AnchorPersistenceConfig: PreferencesManager: has_seen_spatial_data_sharing_notice_v2: false
11-18 18:18:02.536 I/[CT]    ( 3775): SP:AP:AnchorPersistenceConfig: PreferencesManager: anchor_persistence_cloud_anchor_service_enabled: true
11-18 18:18:02.536 I/[CT]    ( 3775): SP:AP:AnchorPersistenceConfig: getCloudPermissionEnabledVps: userPreference(anchor_persistence_cloud_anchor_service_enabled_vps)=true, cloudPermissionOverride: -1
11-18 18:18:02.546 I/[CT]    ( 3775): SlamAnchorPersistenceRuntimeIpcClient: SlamAnchorPersistenceRuntimeIpcClient: Get Features Query took 0.009171303 s. Query timestamp = 1458064075775
11-18 18:18:02.546 W/[CT]    ( 3775): SP:VpsModule:RequestHandler: Dropping new query due to rate limiting. event uuid: f2deeffc-0d37-9c15-6e0c-1057cf02437e
11-18 18:18:02.547 I/[CT]    ( 3775): SP:VpsModule:RequestHandler: VPS request finished event uuid: f2deeffc-0d37-9c15-6e0c-1057cf02437e
11-18 18:18:02.547 E/[CT]    ( 3775): SP:VpsModule:TelemertyReporter: VPS request failed with vps error code: 40000 event uuid: f2deeffc-0d37-9c15-6e0c-1057cf02437e
11-18 18:18:02.601 I/Tracking( 1215): LocalizationStateMachine: LocalizationStateMachine updated from CoarseAndFineLocalization to LoadSubmapList
11-18 18:18:02.602 I/Tracking( 1215): VEGA_MAPPER: Scheduling scheduleLoadSubmapSets with 1 sets
11-18 18:18:02.625 I/Tracking( 1215): VegaMapLoader: The map contains multiple spanning trees.
11-18 18:18:02.670 I/Tracking( 1215): VegaMapLoader: BA units loaded 5/5, MapPointCount 1555, MapPointFreeSlotNum 2645
11-18 18:18:02.681 I/Tracking( 1215): LocalizationStateMachine: LocalizationStateMachine updated from LoadSubmapList to FineLocalizationOnly
11-18 18:18:02.798 I/Tracking( 1215): LocalizationStateMachine: LocalizationStateMachine updated from FineLocalizationOnly to Cooldown
11-18 18:18:02.893 I/[CT]    ( 7363): BOLT:HexagonTelemetry: Global DSP utilization: 51.38% (2570 / 5003 ms), Scalar Util: 78.37%, HVX Util: 47.56%, HMX Util: 0.00%, DMA Active: 0.00%, Freq: 1497.6 MHz
11-18 18:18:02.893 I/[CT]    ( 7363): boltlib: Logging Rpc stats (detailed=false, onAbort=false)
11-18 18:18:02.893 I/[CT]    ( 7363): boltlib: DSP Rpc stats over 5002 ms: {"fbs_boltnn_delegate":180}
11-18 18:18:02.954 I/OpenXR_Anchor( 2387): xrQuerySpacesFB: split anchor query enabled
11-18 18:18:02.954 I/[CT]    ( 2387): SP:AF:InsightAnchorApi: QueryAnchorSpaces loadAndQueryAvailableAnchors flow. (task start) duration: 0.000000000 [sec], flags: 44, location: StorageLocation::LOCAL(1), method: 1, request: 364, source: SourceType::EXCLUDE_LIVE_TRACKER(2)
11-18 18:18:02.954 I/StateMachine2( 2387): StateMachine2Base::AddHistoryEntry AnchorQuery: Transition  ReadyToQuery -> Querying
11-18 18:18:02.954 I/[CT]    ( 2387): RuntimeIpcHelper: RuntimeIpcClient::CALL_RPC isAsync: true, func: loadAvailableAnchors
11-18 18:18:02.955 I/[CT]    ( 2387): GuardianMapDataMgr: CheckRelocalizationStatus: Relocalization started
11-18 18:18:02.955 I/[CT]    ( 3775): SP:AP:AnchorPersistenceRuntimeIpcServer: checkRPC start: sessionUuid:4d22a9d8-02cc-7eb4-0a9e-50534ac4cb28, clientId:1310376013, givenPackageName:com.oculus.guardian
11-18 18:18:02.955 I/[CT]    ( 3775): SP:AP:AnchorPersistenceRuntimeIpcServer: checkPackageAccess - detectedPackageName:com.oculus.guardian, detectedProcessName:com.oculus.vrguardianservice, givenPackageName:com.oculus.guardian
11-18 18:18:02.955 I/[CT]    ( 3775): SP:AP:AnchorPersistenceRuntimeIpcServer: checkRPC package name matches: sessionUuid:4d22a9d8-02cc-7eb4-0a9e-50534ac4cb28, clientId:1310376013, givenPackageName:com.oculus.guardian, detectedPackageName:com.oculus.guardian, detectedProcessName:com.oculus.vrguardianservice
11-18 18:18:02.955 I/[CT]    ( 3775): SP:AP:AnchorPersistenceRuntimeIpcServer: queryAvailableAnchorsSMV2: clientId: 1310376013, maxAnchors: 500, filter: 0, queryMultipleRoomsEnabledByOpenXrVersion: false, source: 2, appId: com.oculus.guardian
11-18 18:18:02.955 I/[CT]    ( 3775): SP:AP:AnchorPersistenceConfig: getSceneRuntimePermissionEnabled: USE_SCENE permission is enabled on this device
11-18 18:18:02.956 I/[CT]    ( 3775): SP:AP:AnchorPersistenceScenePermissions: hasClientGrantedScenePermission: USE_SCENE permission is enabled on this device, check client 1310376013, grant is true
11-18 18:18:02.956 I/[CT]    ( 3775): SP:AP:AnchorPersistenceConfig: getSceneRuntimePermissionEnabled: USE_SCENE permission is enabled on this device
11-18 18:18:02.956 I/[CT]    ( 3775): SP:AP:AnchorPersistenceScenePermissions: hasClientGrantedScenePermission: USE_SCENE permission is enabled on this device, check client 1310376013, grant is true
11-18 18:18:02.957 I/Tracking( 1215): ANCHOR_MANAGER: Kicking off foreground Local Anchor Discovery in Tracking Service.
11-18 18:18:02.957 I/[CT]    ( 3775): SP:AP:AnchorPersistence: loadAvailableAnchorsLocal: appId: com.oculus.guardian, queryMultipleRoomsEnabledAppId: , queryMultipleRoomsEnabledByOpenXrVersion: false, applyEffectiveSingleRoomFilter: false
11-18 18:18:02.957 E/Tracking( 1215): StructureHelper: RootUid cc6a8615-ae39-f7c3-f962-1c3b7eca506f cannot be found in MapDB!
11-18 18:18:02.957 I/Tracking( 1215): VEGA_MAPPER:ANCHOR_TASKS: Starting foreground Anchor Discovery task chain
11-18 18:18:02.959 W/[CT]    ( 3775): SP:AP:AnchorLocalStorage: loadAvailableAnchors loaded 0 anchors
11-18 18:18:02.959 I/[CT]    ( 3775): SP:AP:AnchorPersistenceConfig: getSceneRuntimePermissionEnabled: USE_SCENE permission is enabled on this device
11-18 18:18:02.962 I/[CT]    ( 3775): SP:SceneAnchorFilterUtil: filterSceneDataByPermission: com.oculus.guardian permission check passed, keep scene data. anchors size: 0
11-18 18:18:02.962 I/[CT]    ( 3775): SP:AP:AnchorPersistence: loadAvailableAnchors: Checking for killswitch based filtering
11-18 18:18:02.962 I/[CT]    ( 3775): SP:SceneAnchorFilterUtil: filterOutEntitiesAndComponents : Guardian:true, App OpenXR Version patch:34 (vs. min patch without filtering 45), appIdInOverrideString:false, ocKillswitch:false, fsKillswitch:false
11-18 18:18:02.965 I/[CT]    ( 2387): SP:AF:InsightAnchorApi: QueryAnchorSpaces (task finish) returnCode: AnchorResultCode::SUCCESS(0), numSpacesFound: 0, spacesFoundUuids: [], duration: 0.000000000 [sec], flags: 44, location: 1, method: 1, request: 364
11-18 18:18:03.016 I/VrApi   ( 3392): FPS=90/90,Prd=33ms,Tear=0,Early=0,Stale=0,Stale2/5/10/max=0/0/0/0,VSnc=1,Lat=-1,Fov=0,CPU4/GPU=2/2,1171/441MHz,OC=FF,TA=0/0/0,SP=N/N/N,Mem=2092MHz,Free=2435MB,PLS=0,Temp=40.5C/0.0C,TW=1.70ms,App=6.74ms,GD=0.00ms,CPU&GPU=14.84ms,LCnt=2(DR90,LM2),GPU%=0.77,CPU%=0.30(W0.33),CFL=11.57/16.16,ICFLp95=14.21,LD=0,SF=1.00,LP=0,DVFS=0
11-18 18:18:03.069 I/[CT]    ( 3775): SP:AP:AnchorPersistenceConfig: PreferencesManager: has_seen_spatial_data_sharing_notice_v2: false
11-18 18:18:03.070 I/[CT]    ( 3775): SP:AP:AnchorPersistenceConfig: PreferencesManager: anchor_persistence_cloud_anchor_service_enabled: true
11-18 18:18:03.070 I/[CT]    ( 3775): SP:AP:AnchorPersistenceConfig: getCloudPermissionEnabledVps: userPreference(anchor_persistence_cloud_anchor_service_enabled_vps)=true, cloudPermissionOverride: -1
11-18 18:18:03.071 I/[CT]    ( 7363): BOLT:TorchDelegate: Copying output tensor data from 0x7f2c194080 to 0x7e15967080
11-18 18:18:03.078 I/[CT]    ( 2387): SP:TREX:SpatialPersistencePlugin: Event type: 6
11-18 18:18:03.078 I/TREX    ( 2387): Spatial Persistence event: QuerySpacesFinish
11-18 18:18:03.079 I/GuardianTelemetry( 2387): [ovrStatsThreadGuardian::SendGuardianStateChangeTelemetry] Sending state change event ANCHOR_QUERY_FAILED, dialog 
11-18 18:18:03.079 I/[CT]    ( 2387): MrTrackerMgr: Ignoring abandoned query complete event result. request [674309866130] != current request [32088581143396453]
11-18 18:18:03.083 I/[CT]    ( 3775): SlamAnchorPersistenceRuntimeIpcClient: SlamAnchorPersistenceRuntimeIpcClient: Get Features Query took 0.012884116 s. Query timestamp = 1458600688485
11-18 18:18:03.085 W/[CT]    ( 3775): SP:VpsModule:RequestHandler: Dropping new query due to rate limiting. event uuid: 771b53f2-9c3e-7b67-543f-08f1e63c3be2
11-18 18:18:03.085 I/[CT]    ( 3775): SP:VpsModule:RequestHandler: VPS request finished event uuid: 771b53f2-9c3e-7b67-543f-08f1e63c3be2
11-18 18:18:03.086 E/[CT]    ( 3775): SP:VpsModule:TelemertyReporter: VPS request failed with vps error code: 40000 event uuid: 771b53f2-9c3e-7b67-543f-08f1e63c3be2
11-18 18:18:03.093 I/[CT]    ( 7363): BOLT:TorchDelegate: Copying input tensor data from 0x7e15835410 to 0x7f2d700080
11-18 18:18:03.202 I/StateMachine2( 2387): StateMachine2Base::AddHistoryEntry AnchorQuery: Transition  Querying -> ReadyToQuery | Query complete
11-18 18:18:03.202 I/[CT]    ( 2387): GuardianMapDataMgr: CheckRelocalizationStatus: Relocalization done
11-18 18:18:03.413 W/MemoryBroker( 1447): attachClient: found client in attached list (uid: 10074, pid: 7363)
11-18 18:18:03.413 W/MemoryBrokerClient( 7363): BodyTracker: failed to remap BODY_TRACKER: getSharedMemoryFileDescriptor (Status(-1, EX_SECURITY): 'client connected before TrackingService')
11-18 18:18:03.481 I/BodyApiService( 7363): NativeCode:Update
11-18 18:18:03.524 W/MemoryBroker( 1447): attachClient: found client in attached list (uid: 10074, pid: 7363)
11-18 18:18:03.604 I/[CT]    ( 3775): SP:AP:AnchorPersistenceConfig: PreferencesManager: has_seen_spatial_data_sharing_notice_v2: false
11-18 18:18:03.606 I/[CT]    ( 3775): SP:AP:AnchorPersistenceConfig: PreferencesManager: anchor_persistence_cloud_anchor_service_enabled: true
11-18 18:18:03.606 I/[CT]    ( 3775): SP:AP:AnchorPersistenceConfig: getCloudPermissionEnabledVps: userPreference(anchor_persistence_cloud_anchor_service_enabled_vps)=true, cloudPermissionOverride: -1
11-18 18:18:03.615 I/[CT]    ( 3775): SlamAnchorPersistenceRuntimeIpcClient: SlamAnchorPersistenceRuntimeIpcClient: Get Features Query took 0.00844125 s. Query timestamp = 1459133502392
11-18 18:18:03.615 W/[CT]    ( 3775): SP:VpsModule:RequestHandler: Dropping new query due to rate limiting. event uuid: 9fb2b88f-6c0f-ed95-e102-fcf7b60addd2
11-18 18:18:03.615 I/[CT]    ( 3775): SP:VpsModule:RequestHandler: VPS request finished event uuid: 9fb2b88f-6c0f-ed95-e102-fcf7b60addd2
11-18 18:18:03.616 E/[CT]    ( 3775): SP:VpsModule:TelemertyReporter: VPS request failed with vps error code: 40000 event uuid: 9fb2b88f-6c0f-ed95-e102-fcf7b60addd2
11-18 18:18:03.714 I/[SEO] ShellFrameAnalytics( 3392): ShellFrame frameFunction: 11112us/29140us, trace: 1us/40us, process commands: 16us/176us, system update: 86us/693us, render 77us/587us, post render 0us/0us, input processing 531us/1811us, input dispatch 81us/455us, stale frames: 5386, refresh rate: 90
11-18 18:18:03.734 I/Tracking( 1215): Vega: [INSIGHTS] Mode=DescriptorVega,6DoF,Agg=57s,Inl=25,30,44,Mem=122.0,FrameDur=16.3,56.2,PoseLat=2.5,3.3,CamImuLat=10.8,14.5,Jit=0.0,0.1,Drops(Cam=0,IMU=0),MeanIr=2488.7,Exp(5.4ms,g=6,I=75)(7.0ms,g=8,I=54)(7.0ms,g=8,I=68)(5.5ms,g=5,I=140),NonInertEnv=?
11-18 18:18:03.755 I/[SEO] ShellInputConfigurationDataProvider( 3392): InteractionMode changed, mode: HybridChiral activation method: Hand Presence displayTimeActivated 1459.374744
11-18 18:18:03.760 I/ServiceInputManager( 1752): HANDTRACKING hand 1 status set to Tracked
11-18 18:18:03.798 I/Tracking( 1215): LocalizationStateMachine: LocalizationStateMachine updated from Cooldown to CoarseAndFineLocalization
11-18 18:18:03.861 D/TelemetryService( 1151): Upload complete after 558 ms with result: success
11-18 18:18:03.871 I/Tracking( 1215): LocalizationStateMachine: LocalizationStateMachine updated from CoarseAndFineLocalization to Cooldown
11-18 18:18:03.886 W/DGW     ( 5698): W[onPingFailure:574] ConnectivityManager ping failure TransientError domain: TigonLigerErrorDomain code: 3 detail: AsyncSocketException: connect timed out after 29925ms, type = Timed out
11-18 18:18:03.887 V/DGW     ( 5698): V[cancelPingTimers:740] ConnectivityManager cancel pings.
11-18 18:18:03.887 D/DGW     ( 5698): D[schedulePing:663] ConnectivityManager schedule ping in 30000.
11-18 18:18:03.887 D/DGW     ( 5698): D[drainPingCallbacks:529] ConnectivityManager drain ping callbacks.
11-18 18:18:04.016 I/VrApi   ( 3392): FPS=90/90,Prd=33ms,Tear=0,Early=0,Stale=0,Stale2/5/10/max=0/0/0/0,VSnc=1,Lat=-1,Fov=0,CPU4/GPU=2/2,1171/441MHz,OC=FF,TA=0/0/0,SP=N/N/N,Mem=2092MHz,Free=2435MB,PLS=0,Temp=40.5C/0.0C,TW=1.69ms,App=6.55ms,GD=0.00ms,CPU&GPU=14.82ms,LCnt=2(DR90,LM2),GPU%=0.76,CPU%=0.34(W0.39),CFL=11.52/16.07,ICFLp95=14.18,LD=0,SF=1.00,LP=0,DVFS=0
11-18 18:18:04.016 I/ServiceInputManager( 1752): HANDTRACKING hand 0 status set to Tracked
11-18 18:18:04.099 I/libcamerahal(  979): [INSIGHTS][2.01s] recv/ret/req heartbeat: cam0: 121/121/121, cam1: 120/120/120, cam2: 119/119/119, cam3: 120/120/120
11-18 18:18:04.134 I/[CT]    ( 3775): SP:AP:AnchorPersistenceConfig: PreferencesManager: has_seen_spatial_data_sharing_notice_v2: false
11-18 18:18:04.135 I/[CT]    ( 3775): SP:AP:AnchorPersistenceConfig: PreferencesManager: anchor_persistence_cloud_anchor_service_enabled: true
11-18 18:18:04.136 I/[CT]    ( 3775): SP:AP:AnchorPersistenceConfig: getCloudPermissionEnabledVps: userPreference(anchor_persistence_cloud_anchor_service_enabled_vps)=true, cloudPermissionOverride: -1
11-18 18:18:04.144 I/[CT]    ( 3775): SlamAnchorPersistenceRuntimeIpcClient: SlamAnchorPersistenceRuntimeIpcClient: Get Features Query took 0.007379793 s. Query timestamp = 1459664251507
11-18 18:18:04.145 W/[CT]    ( 3775): SP:VpsModule:RequestHandler: Dropping new query due to rate limiting. event uuid: 94032c3e-151f-ef81-83c5-8ac8aebc5844
11-18 18:18:04.145 I/[CT]    ( 3775): SP:VpsModule:RequestHandler: VPS request finished event uuid: 94032c3e-151f-ef81-83c5-8ac8aebc5844
11-18 18:18:04.146 E/[CT]    ( 3775): SP:VpsModule:TelemertyReporter: VPS request failed with vps error code: 40000 event uuid: 94032c3e-151f-ef81-83c5-8ac8aebc5844
11-18 18:18:04.289 I/ShellHsr( 3392): Verts: ShellApp.cpp:3189 [FRS] Passthrough suggested refreshrate: 0(0,1,0,0)
11-18 18:18:04.289 I/Shell   ( 3392): I1118 18:18:04.000000 -906245648 ShellApp.cpp:3189] [FRS] Passthrough suggested refreshrate: 0(0,1,0,0)
11-18 18:18:04.289 I/OpenXRAnchorDiscovery( 3392): xrDiscoverSpacesMETA: buildFilterMETA: filters is null
11-18 18:18:04.289 I/[CT]    ( 3392): SP:AF:InsightAnchorApi: DiscoverSpaces (task start) flags: 0, request: 69
