11-18 18:18:15.002 I/[CT]    ( 3775): SP:AP:AnchorPersistenceConfig: getCloudPermissionEnabledVps: userPreference(anchor_persistence_cloud_anchor_service_enabled_vps)=true, cloudPermissionOverride: -1
11-18 18:18:15.012 I/[CT]    ( 3775): SlamAnchorPersistenceRuntimeIpcClient: SlamAnchorPersistenceRuntimeIpcClient: Get Features Query took 0.010285313 s. Query timestamp = 1470340491425
11-18 18:18:15.017 I/VrApi   ( 3392): FPS=90/90,Prd=34ms,Tear=0,Early=0,Stale=0,Stale2/5/10/max=0/0/0/0,VSnc=1,Lat=-1,Fov=0,CPU4/GPU=2/3,1171/441MHz,OC=FF,TA=0/0/0,SP=N/N/N,Mem=2092MHz,Free=2429MB,PLS=0,Temp=40.5C/0.0C,TW=2.12ms,App=6.04ms,GD=0.38ms,CPU&GPU=15.70ms,LCnt=3(DR90,LM3),GPU%=0.78,CPU%=0.31(W0.36),CFL=11.82/16.25,ICFLp95=14.56,LD=0,SF=1.00,LP=0,DVFS=0
11-18 18:18:15.135 W/MemoryBroker( 1447): attachClient: found client in attached list (uid: 10074, pid: 7363)
11-18 18:18:15.135 W/MemoryBrokerClient( 7363): BodyTracker: failed to remap BODY_TRACKER: getSharedMemoryFileDescriptor (Status(-1, EX_SECURITY): 'client connected before TrackingService')
11-18 18:18:15.135 I/[CT]    ( 3775): CasNetworkTelemetryObserver: CasNetworkTelemetryObserver onEOM
11-18 18:18:15.137 I/[CT]    ( 3775): SP:VpsModule:RequestHandler: VPS request finished event uuid: e35df1e9-26a9-43fa-f9e1-5d1ffe6a29e9
11-18 18:18:15.137 E/[CT]    ( 3775): SP:VpsModule:TelemertyReporter: VPS request failed with vps error code: -40009 event uuid: e35df1e9-26a9-43fa-f9e1-5d1ffe6a29e9
11-18 18:18:15.137 E/[CT]    ( 3775): SP:VpsModule:TelemertyReporter: VPS request failed with graphql errors: 4319001
11-18 18:18:15.141 D/TelemetryService( 1151): PathwayGuard: from OSSDK/NDK is not allowed to send oculus_sps_network_stats; dropping; Please use the Statsd approach https://www.internalfb.com/intern/wiki/HzOS_Systems/HzOS_Systems_Performance_and_Reliability/VROS_System_Insights/VROS_Telemetry/XFN/Statsd/
11-18 18:18:15.141 D/TelemetryService( 1151): Reported oculus_telemetry_blocked_ossdk_events breach event
11-18 18:18:15.246 W/MemoryBroker( 1447): attachClient: found client in attached list (uid: 10074, pid: 7363)
11-18 18:18:15.263 I/Tracking( 1215): LocalizationStateMachine: LocalizationStateMachine updated from CoarseAndFineLocalization to LoadSubmapList
11-18 18:18:15.263 I/Tracking( 1215): VEGA_MAPPER: Scheduling scheduleLoadSubmapSets with 1 sets
11-18 18:18:15.285 I/Tracking( 1215): VegaMapLoader: The map contains multiple spanning trees.
11-18 18:18:15.354 I/Tracking( 1215): VegaMapLoader: BA units loaded 5/5, MapPointCount 1857, MapPointFreeSlotNum 2343
11-18 18:18:15.515 I/[SEO] ShellInputConfigurationDataProvider( 3392): InteractionMode changed, mode: HybridChiral activation method: Hand Presence displayTimeActivated 1471.135356
11-18 18:18:15.520 I/ServiceInputManager( 1752): HANDTRACKING hand 0 status set to Tracked
11-18 18:18:15.530 I/Tracking( 1215): LocalizationStateMachine: LocalizationStateMachine updated from LoadSubmapList to FineLocalizationOnly
11-18 18:18:15.534 I/[CT]    ( 3775): SP:AP:AnchorPersistenceConfig: PreferencesManager: has_seen_spatial_data_sharing_notice_v2: false
11-18 18:18:15.535 I/[CT]    ( 3775): SP:AP:AnchorPersistenceConfig: PreferencesManager: anchor_persistence_cloud_anchor_service_enabled: true
11-18 18:18:15.535 I/[CT]    ( 3775): SP:AP:AnchorPersistenceConfig: getCloudPermissionEnabledVps: userPreference(anchor_persistence_cloud_anchor_service_enabled_vps)=true, cloudPermissionOverride: -1
11-18 18:18:15.544 I/[CT]    ( 3775): SlamAnchorPersistenceRuntimeIpcClient: SlamAnchorPersistenceRuntimeIpcClient: Get Features Query took 0.009400366 s. Query timestamp = 1470862170539
11-18 18:18:15.601 I/[CT]    ( 3775): CasNetworkTelemetryObserver: CasNetworkTelemetryObserver onEOM
11-18 18:18:15.602 I/[CT]    ( 3775): SP:VpsModule:RequestHandler: VPS request finished event uuid: d3c0f303-9176-6360-98d1-ca57a0a810ac
11-18 18:18:15.602 E/[CT]    ( 3775): SP:VpsModule:TelemertyReporter: VPS request failed with vps error code: -40009 event uuid: d3c0f303-9176-6360-98d1-ca57a0a810ac
11-18 18:18:15.602 E/[CT]    ( 3775): SP:VpsModule:TelemertyReporter: VPS request failed with graphql errors: 4319001
11-18 18:18:15.611 D/TelemetryService( 1151): PathwayGuard: from OSSDK/NDK is not allowed to send oculus_sps_network_stats; dropping; Please use the Statsd approach https://www.internalfb.com/intern/wiki/HzOS_Systems/HzOS_Systems_Performance_and_Reliability/VROS_System_Insights/VROS_Telemetry/XFN/Statsd/
11-18 18:18:15.611 D/TelemetryService( 1151): Reported oculus_telemetry_blocked_ossdk_events breach event
11-18 18:18:15.715 I/OpenXR_Anchor( 2387): xrQuerySpacesFB: split anchor query enabled
11-18 18:18:15.715 I/[CT]    ( 2387): SP:AF:InsightAnchorApi: QueryAnchorSpaces loadAndQueryAvailableAnchors flow. (task start) duration: 0.000000000 [sec], flags: 44, location: StorageLocation::LOCAL(1), method: 1, request: 370, source: SourceType::EXCLUDE_LIVE_TRACKER(2)
11-18 18:18:15.715 I/StateMachine2( 2387): StateMachine2Base::AddHistoryEntry AnchorQuery: Transition  ReadyToQuery -> Querying
11-18 18:18:15.716 I/[CT]    ( 2387): RuntimeIpcHelper: RuntimeIpcClient::CALL_RPC isAsync: true, func: loadAvailableAnchors
11-18 18:18:15.717 I/[CT]    ( 3775): SP:AP:AnchorPersistenceRuntimeIpcServer: checkRPC start: sessionUuid:4d22a9d8-02cc-7eb4-0a9e-50534ac4cb28, clientId:1310376013, givenPackageName:com.oculus.guardian
11-18 18:18:15.718 I/[CT]    ( 3775): SP:AP:AnchorPersistenceRuntimeIpcServer: checkPackageAccess - detectedPackageName:com.oculus.guardian, detectedProcessName:com.oculus.vrguardianservice, givenPackageName:com.oculus.guardian
11-18 18:18:15.718 I/[CT]    ( 3775): SP:AP:AnchorPersistenceRuntimeIpcServer: checkRPC package name matches: sessionUuid:4d22a9d8-02cc-7eb4-0a9e-50534ac4cb28, clientId:1310376013, givenPackageName:com.oculus.guardian, detectedPackageName:com.oculus.guardian, detectedProcessName:com.oculus.vrguardianservice
11-18 18:18:15.718 I/[CT]    ( 3775): SP:AP:AnchorPersistenceRuntimeIpcServer: queryAvailableAnchorsSMV2: clientId: 1310376013, maxAnchors: 500, filter: 0, queryMultipleRoomsEnabledByOpenXrVersion: false, source: 2, appId: com.oculus.guardian
11-18 18:18:15.718 I/[CT]    ( 3775): SP:AP:AnchorPersistenceConfig: getSceneRuntimePermissionEnabled: USE_SCENE permission is enabled on this device
11-18 18:18:15.718 I/[CT]    ( 3775): SP:AP:AnchorPersistenceScenePermissions: hasClientGrantedScenePermission: USE_SCENE permission is enabled on this device, check client 1310376013, grant is true
11-18 18:18:15.718 I/[CT]    ( 3775): SP:AP:AnchorPersistenceConfig: getSceneRuntimePermissionEnabled: USE_SCENE permission is enabled on this device
11-18 18:18:15.718 I/[CT]    ( 3775): SP:AP:AnchorPersistenceScenePermissions: hasClientGrantedScenePermission: USE_SCENE permission is enabled on this device, check client 1310376013, grant is true
11-18 18:18:15.719 I/[CT]    ( 3775): SP:AP:AnchorPersistence: loadAvailableAnchorsLocal: appId: com.oculus.guardian, queryMultipleRoomsEnabledAppId: , queryMultipleRoomsEnabledByOpenXrVersion: false, applyEffectiveSingleRoomFilter: false
11-18 18:18:15.722 W/[CT]    ( 3775): SP:AP:AnchorLocalStorage: loadAvailableAnchors loaded 0 anchors
11-18 18:18:15.722 I/[CT]    ( 3775): SP:AP:AnchorPersistenceConfig: getSceneRuntimePermissionEnabled: USE_SCENE permission is enabled on this device
11-18 18:18:15.723 I/[CT]    ( 3775): SP:SceneAnchorFilterUtil: filterSceneDataByPermission: com.oculus.guardian permission check passed, keep scene data. anchors size: 0
11-18 18:18:15.723 I/[CT]    ( 3775): SP:AP:AnchorPersistence: loadAvailableAnchors: Checking for killswitch based filtering
11-18 18:18:15.723 I/[CT]    ( 3775): SP:SceneAnchorFilterUtil: filterOutEntitiesAndComponents : Guardian:true, App OpenXR Version patch:34 (vs. min patch without filtering 45), appIdInOverrideString:false, ocKillswitch:false, fsKillswitch:false
11-18 18:18:15.729 I/[CT]    ( 2387): SP:AF:InsightAnchorApi: QueryAnchorSpaces (task finish) returnCode: AnchorResultCode::SUCCESS(0), numSpacesFound: 0, spacesFoundUuids: [], duration: 0.000000000 [sec], flags: 44, location: 1, method: 1, request: 370
11-18 18:18:15.738 I/[CT]    ( 2387): SP:TREX:SpatialPersistencePlugin: Event type: 6
11-18 18:18:15.738 I/TREX    ( 2387): Spatial Persistence event: QuerySpacesFinish
11-18 18:18:15.738 I/GuardianTelemetry( 2387): [ovrStatsThreadGuardian::SendGuardianStateChangeTelemetry] Sending state change event ANCHOR_QUERY_FAILED, dialog 
11-18 18:18:15.738 I/[CT]    ( 2387): MrTrackerMgr: Ignoring abandoned query complete event result. request [674309866140] != current request [32088581143396453]
11-18 18:18:15.749 I/StateMachine2( 2387): StateMachine2Base::AddHistoryEntry AnchorQuery: Transition  Querying -> ReadyToQuery | Query complete
11-18 18:18:15.780 W/Tracking( 1215): NIMBLE:ExposureControl: [Throttled count=25] Unable to compute adjustment without histogram data
11-18 18:18:15.797 I/Tracking( 1215): LocalizationStateMachine: LocalizationStateMachine updated from FineLocalizationOnly to Cooldown
11-18 18:18:15.836 I/[CT]    ( 7363): BOLT:HexagonTelemetry: Global DSP utilization: 32.86% (1316 / 4006 ms), Scalar Util: 51.70%, HVX Util: 43.43%, HMX Util: 0.00%, DMA Active: 0.00%, Freq: 1497.6 MHz
11-18 18:18:15.837 I/[CT]    ( 7363): boltlib: Logging Rpc stats (detailed=false, onAbort=false)
11-18 18:18:15.837 I/[CT]    ( 7363): boltlib: DSP Rpc stats over 7941 ms: {"HexagonMemMap":1,"HexagonMemUnmap":1,"HexagonRpcMemTest":1,"HexagonStart":1,"HexagonStop":1,"fbs_boltnn_delegate":232,"hexagonNNDestroyModel":1,"hexagonNNStart":1,"hexagonNNStop":1,"hexagonNNVersionCheck":1}
11-18 18:18:15.926 W/healthd (    0): battery l=73 v=4057 t=38.0 h=2 st=4 c=0 fc=3747000 cc=8 chg=a
11-18 18:18:15.940 I/BodyApiService( 7363): NativeCode:Update
11-18 18:18:15.955 I/ServiceInputManager( 1752): HANDTRACKING hand 1 status set to Tracked
11-18 18:18:15.991 I/Tracking( 1215): BOLT:HexagonTelemetry: Global DSP utilization: 32.84% (1643 / 5003 ms), Scalar Util: 50.45%, HVX Util: 43.28%, HMX Util: 0.00%, DMA Active: 0.00%, Freq: 1497.6 MHz
11-18 18:18:15.992 I/Tracking( 1215): boltlib: Logging Rpc stats (detailed=false, onAbort=false)
11-18 18:18:15.992 I/Tracking( 1215): boltlib: DSP Rpc stats over 5003 ms: {"GraphModule":150,"HexagonCornerHarrisEdgeIndexedSlicesAsync":23,"HexagonPyramid3x3Async":75,"a2e_boltnn_delegate":125,"dd_boltnn_delegate":42,"dpe_encoder_fusion_boltnn_delegate":125,"dpe_encoder_image_backbone_boltnn_delegate":125,"miramar_detnet_ver0_hta":85}
11-18 18:18:15.998 I/Tracking( 1215): Vega: [INSIGHTS] Mode=DescriptorVega,6DoF,Agg=10s,Inl=26,34,46,Mem=124.1,FrameDur=19.5,58.2,PoseLat=2.5,3.8,CamImuLat=11.1,23.4,Jit=0.0,0.0,Drops(Cam=0,IMU=0),MeanIr=2401.5,Exp(6.1ms,g=5,I=75)(5.4ms,g=5,I=66)(5.4ms,g=5,I=83)(5.7ms,g=4,I=74),NonInertEnv=?
11-18 18:18:16.017 I/VrApi   ( 3392): FPS=90/90,Prd=35ms,Tear=0,Early=0,Stale=0,Stale2/5/10/max=0/0/0/0,VSnc=1,Lat=-1,Fov=0,CPU4/GPU=2/3,1171/441MHz,OC=FF,TA=0/0/0,SP=N/N/N,Mem=2092MHz,Free=2429MB,PLS=0,Temp=40.5C/0.0C,TW=2.11ms,App=5.87ms,GD=0.38ms,CPU&GPU=15.70ms,LCnt=3(DR90,LM3),GPU%=0.78,CPU%=0.35(W0.40),CFL=11.98/16.26,ICFLp95=14.58,LD=0,SF=1.00,LP=0,DVFS=0
11-18 18:18:16.077 I/[CT]    ( 3775): SP:AP:AnchorPersistenceConfig: PreferencesManager: has_seen_spatial_data_sharing_notice_v2: false
11-18 18:18:16.078 I/[CT]    ( 3775): SP:AP:AnchorPersistenceConfig: PreferencesManager: anchor_persistence_cloud_anchor_service_enabled: true
11-18 18:18:16.078 I/[CT]    ( 3775): SP:AP:AnchorPersistenceConfig: getCloudPermissionEnabledVps: userPreference(anchor_persistence_cloud_anchor_service_enabled_vps)=true, cloudPermissionOverride: -1
11-18 18:18:16.088 I/[CT]    ( 3775): SlamAnchorPersistenceRuntimeIpcClient: SlamAnchorPersistenceRuntimeIpcClient: Get Features Query took 0.009575991 s. Query timestamp = 1471396127051
11-18 18:18:16.116 I/libcamerahal(  979): [INSIGHTS][2.02s] recv/ret/req heartbeat: cam0: 120/120/120, cam1: 120/120/120, cam2: 122/122/122, cam3: 120/120/120
11-18 18:18:16.135 W/MemoryBroker( 1447): attachClient: found client in attached list (uid: 10074, pid: 7363)
11-18 18:18:16.135 W/MemoryBrokerClient( 7363): BodyTracker: failed to remap BODY_TRACKER: getSharedMemoryFileDescriptor (Status(-1, EX_SECURITY): 'client connected before TrackingService')
11-18 18:18:16.142 I/[CT]    ( 3775): CasNetworkTelemetryObserver: CasNetworkTelemetryObserver onEOM
11-18 18:18:16.142 I/[CT]    ( 3775): SP:VpsModule:RequestHandler: VPS request finished event uuid: 79253f71-7ddd-2028-1512-d172740f74dc
11-18 18:18:16.143 E/[CT]    ( 3775): SP:VpsModule:TelemertyReporter: VPS request failed with vps error code: -40009 event uuid: 79253f71-7ddd-2028-1512-d172740f74dc
11-18 18:18:16.143 E/[CT]    ( 3775): SP:VpsModule:TelemertyReporter: VPS request failed with graphql errors: 4319001
11-18 18:18:16.146 D/TelemetryService( 1151): PathwayGuard: from OSSDK/NDK is not allowed to send oculus_sps_network_stats; dropping; Please use the Statsd approach https://www.internalfb.com/intern/wiki/HzOS_Systems/HzOS_Systems_Performance_and_Reliability/VROS_System_Insights/VROS_Telemetry/XFN/Statsd/
11-18 18:18:16.147 D/TelemetryService( 1151): Reported oculus_telemetry_blocked_ossdk_events breach event
11-18 18:18:16.246 W/MemoryBroker( 1447): attachClient: found client in attached list (uid: 10074, pid: 7363)
11-18 18:18:16.329 W/[CT]    ( 7363): BODY:input_handler: No keypoints received from tracking service
11-18 18:18:16.350 I/StateMachine2( 2387): StateMachine2Base::AddHistoryEntry ForceShow: Transition  ForceShowOnForTime -> ForceShowOff | stopForceShowEvent
11-18 18:18:16.362 I/GuardianSDKServerMgr( 2387): GuardianSDKServerStateSnapshot::Sync: Flags changed: 532480, 524288, SYSTEM_GUARDIAN_VISIBLE,SYSTEM_GUARDIAN_VALID to SYSTEM_GUARDIAN_VALID
11-18 18:18:16.362 I/VrRuntimeService( 1752): RuntimeServiceSDKServer::SetGuardianSystemState: 1310376013
11-18 18:18:16.446 I/Tracking( 1215): NIMBLE:UnifiedHandBodyTracking:ExposureControl: [Throttled count=150] FMM: enabled: true; active: false
11-18 18:18:16.467 I/DUMPSYS_LOG(  979): {"additional_data":{"camera_fps":[{"fps":59.808232636320923,"frames":601,"id":0},{"fps":59.808232636320923,"frames":601,"id":1},{"fps":59.808232636320923,"frames":601,"id":2},{"fps":59.808232636320923,"frames":601,"id":3}]},"event":"CameraFPS","service":"SensorService","tid":"491581873008","ts":1763500696466820,"ts_proc":1472066256}
11-18 18:18:16.481 I/Tracking( 1215): NIMBLE:UnifiedHandBodyTracking:ExposureControl: [Frame  3622 camera 0] [HT] has_hand =  NO, irradiance_proxy =   4492.1, intensity =   98.2, exposure =  4.370ms, gain =    5
11-18 18:18:16.481 I/Tracking( 1215): NIMBLE:UnifiedHandBodyEngine: Pipeline Latency P50: 14.05ms; Capture Latency P50: 15.53ms [arrival:14.54ms|engine:0.87ms|process:0.04ms]
11-18 18:18:16.481 I/Tracking( 1215): NIMBLE:UnifiedHandBodyEngine: Pipeline Latency P95: 21.13ms; Capture Latency P95: 16.27ms [arrival:15.28ms|engine:1.52ms|process:0.12ms]
11-18 18:18:16.481 I/Tracking( 1215): NIMBLE:UnifiedHandBodyEngine: Hand Tracking Processed FPS = 30.06 Hz / Camera FPS = 30.06 Hz
11-18 18:18:16.597 I/Tracking( 1215): LocalizationStateMachine: LocalizationStateMachine updated from Cooldown to CoarseAndFineLocalization
11-18 18:18:16.599 I/[CT]    ( 3775): SP:AP:AnchorPersistenceConfig: PreferencesManager: has_seen_spatial_data_sharing_notice_v2: false
11-18 18:18:16.601 I/[CT]    ( 3775): SP:AP:AnchorPersistenceConfig: PreferencesManager: anchor_persistence_cloud_anchor_service_enabled: true
11-18 18:18:16.601 I/[CT]    ( 3775): SP:AP:AnchorPersistenceConfig: getCloudPermissionEnabledVps: userPreference(anchor_persistence_cloud_anchor_service_enabled_vps)=true, cloudPermissionOverride: -1
11-18 18:18:16.610 I/[CT]    ( 3775): SlamAnchorPersistenceRuntimeIpcClient: SlamAnchorPersistenceRuntimeIpcClient: Get Features Query took 0.008539011 s. Query timestamp = 1471934711740
11-18 18:18:16.623 I/ServiceInputManager( 1752): HANDTRACKING hand 0 status set to OutOfView
11-18 18:18:16.762 I/OpenXR_Anchor( 2387): xrQuerySpacesFB: split anchor query enabled
11-18 18:18:16.762 I/[CT]    ( 2387): SP:AF:InsightAnchorApi: QueryAnchorSpaces loadAndQueryAvailableAnchors flow. (task start) duration: 0.000000000 [sec], flags: 44, location: StorageLocation::LOCAL(1), method: 1, request: 371, source: SourceType::EXCLUDE_LIVE_TRACKER(2)
11-18 18:18:16.763 I/StateMachine2( 2387): StateMachine2Base::AddHistoryEntry AnchorQuery: Transition  ReadyToQuery -> Querying
11-18 18:18:16.763 I/[CT]    ( 2387): RuntimeIpcHelper: RuntimeIpcClient::CALL_RPC isAsync: true, func: loadAvailableAnchors
11-18 18:18:16.764 I/[CT]    ( 3775): SP:AP:AnchorPersistenceRuntimeIpcServer: checkRPC start: sessionUuid:4d22a9d8-02cc-7eb4-0a9e-50534ac4cb28, clientId:1310376013, givenPackageName:com.oculus.guardian
11-18 18:18:16.764 I/[CT]    ( 3775): SP:AP:AnchorPersistenceRuntimeIpcServer: checkPackageAccess - detectedPackageName:com.oculus.guardian, detectedProcessName:com.oculus.vrguardianservice, givenPackageName:com.oculus.guardian
11-18 18:18:16.764 I/[CT]    ( 3775): SP:AP:AnchorPersistenceRuntimeIpcServer: checkRPC package name matches: sessionUuid:4d22a9d8-02cc-7eb4-0a9e-50534ac4cb28, clientId:1310376013, givenPackageName:com.oculus.guardian, detectedPackageName:com.oculus.guardian, detectedProcessName:com.oculus.vrguardianservice
11-18 18:18:16.764 I/[CT]    ( 3775): SP:AP:AnchorPersistenceRuntimeIpcServer: queryAvailableAnchorsSMV2: clientId: 1310376013, maxAnchors: 500, filter: 0, queryMultipleRoomsEnabledByOpenXrVersion: false, source: 2, appId: com.oculus.guardian
11-18 18:18:16.764 I/[CT]    ( 3775): SP:AP:AnchorPersistenceConfig: getSceneRuntimePermissionEnabled: USE_SCENE permission is enabled on this device
11-18 18:18:16.764 I/[CT]    ( 3775): SP:AP:AnchorPersistenceScenePermissions: hasClientGrantedScenePermission: USE_SCENE permission is enabled on this device, check client 1310376013, grant is true
11-18 18:18:16.765 I/[CT]    ( 3775): SP:AP:AnchorPersistenceConfig: getSceneRuntimePermissionEnabled: USE_SCENE permission is enabled on this device
11-18 18:18:16.765 I/[CT]    ( 3775): SP:AP:AnchorPersistenceScenePermissions: hasClientGrantedScenePermission: USE_SCENE permission is enabled on this device, check client 1310376013, grant is true
11-18 18:18:16.765 I/[CT]    ( 3775): SP:AP:AnchorPersistence: loadAvailableAnchorsLocal: appId: com.oculus.guardian, queryMultipleRoomsEnabledAppId: , queryMultipleRoomsEnabledByOpenXrVersion: false, applyEffectiveSingleRoomFilter: false
11-18 18:18:16.765 I/Tracking( 1215): ANCHOR_MANAGER: Kicking off foreground Local Anchor Discovery in Tracking Service.
11-18 18:18:16.766 E/Tracking( 1215): StructureHelper: RootUid cc6a8615-ae39-f7c3-f962-1c3b7eca506f cannot be found in MapDB!
11-18 18:18:16.766 I/Tracking( 1215): VEGA_MAPPER:ANCHOR_TASKS: Starting foreground Anchor Discovery task chain
11-18 18:18:16.768 W/[CT]    ( 3775): SP:AP:AnchorLocalStorage: loadAvailableAnchors loaded 0 anchors
11-18 18:18:16.768 I/[CT]    ( 3775): SP:AP:AnchorPersistenceConfig: getSceneRuntimePermissionEnabled: USE_SCENE permission is enabled on this device
11-18 18:18:16.770 I/[CT]    ( 3775): SP:SceneAnchorFilterUtil: filterSceneDataByPermission: com.oculus.guardian permission check passed, keep scene data. anchors size: 0
11-18 18:18:16.770 I/[CT]    ( 3775): SP:AP:AnchorPersistence: loadAvailableAnchors: Checking for killswitch based filtering
11-18 18:18:16.770 I/[CT]    ( 3775): SP:SceneAnchorFilterUtil: filterOutEntitiesAndComponents : Guardian:true, App OpenXR Version patch:34 (vs. min patch without filtering 45), appIdInOverrideString:false, ocKillswitch:false, fsKillswitch:false
11-18 18:18:16.774 I/[CT]    ( 2387): SP:AF:InsightAnchorApi: QueryAnchorSpaces (task finish) returnCode: AnchorResultCode::SUCCESS(0), numSpacesFound: 0, spacesFoundUuids: [], duration: 0.000000000 [sec], flags: 44, location: 1, method: 1, request: 371
11-18 18:18:16.854 I/[CT]    ( 3775): CasNetworkTelemetryObserver: CasNetworkTelemetryObserver onEOM
11-18 18:18:16.855 I/[CT]    ( 3775): SP:VpsModule:RequestHandler: VPS request finished event uuid: 5775742b-6edc-0886-4a71-25274e6f3c86
11-18 18:18:16.855 E/[CT]    ( 3775): SP:VpsModule:TelemertyReporter: VPS request failed with vps error code: -40009 event uuid: 5775742b-6edc-0886-4a71-25274e6f3c86
11-18 18:18:16.855 E/[CT]    ( 3775): SP:VpsModule:TelemertyReporter: VPS request failed with graphql errors: 4319001
11-18 18:18:16.858 D/TelemetryService( 1151): PathwayGuard: from OSSDK/NDK is not allowed to send oculus_sps_network_stats; dropping; Please use the Statsd approach https://www.internalfb.com/intern/wiki/HzOS_Systems/HzOS_Systems_Performance_and_Reliability/VROS_System_Insights/VROS_Telemetry/XFN/Statsd/
11-18 18:18:16.859 D/TelemetryService( 1151): Reported oculus_telemetry_blocked_ossdk_events breach event
11-18 18:18:16.869 I/Tracking( 1215): LocalizationStateMachine: LocalizationStateMachine updated from CoarseAndFineLocalization to Cooldown
11-18 18:18:16.888 I/[CT]    ( 2387): SP:TREX:SpatialPersistencePlugin: Event type: 6
11-18 18:18:16.888 I/TREX    ( 2387): Spatial Persistence event: QuerySpacesFinish
11-18 18:18:16.889 I/GuardianTelemetry( 2387): [ovrStatsThreadGuardian::SendGuardianStateChangeTelemetry] Sending state change event ANCHOR_QUERY_FAILED, dialog 
11-18 18:18:16.889 I/[CT]    ( 2387): MrTrackerMgr: Ignoring abandoned query complete event result. request [674309866142] != current request [32088581143396453]
11-18 18:18:16.900 I/crcs    ( 1000): SetClockLevels: Apply pending clock request change: 2,3 -> 2,2
11-18 18:18:16.901 I/XrFeedbackController( 1752): XrFeedbackController: onStateChanged
11-18 18:18:16.902 W/perfservice(  973): no IRQ hint VR_MODE_GPU_2 found
11-18 18:18:16.902 I/XrFeedbackController( 1752): XrFeedbackController: feature://xr/feedback/gpu_level --> 2 (raw 0.187500)
11-18 18:18:16.940 I/BodyApiService( 7363): NativeCode:Update
11-18 18:18:17.011 I/StateMachine2( 2387): StateMachine2Base::AddHistoryEntry AnchorQuery: Transition  Querying -> ReadyToQuery | Query complete
11-18 18:18:17.017 I/VrApi   ( 3392): FPS=90/90,Prd=34ms,Tear=0,Early=0,Stale=0,Stale2/5/10/max=0/0/0/0,VSnc=1,Lat=-1,Fov=0,CPU4/GPU=2/3,1171/490MHz,OC=FF,TA=0/0/0,SP=N/N/N,Mem=1804MHz,Free=2429MB,PLS=0,Temp=40.5C/0.0C,TW=2.14ms,App=6.11ms,GD=0.42ms,CPU&GPU=15.79ms,LCnt=2(DR90,LM2),GPU%=0.79,CPU%=0.32(W0.36),CFL=12.04/16.31,ICFLp95=14.59,LD=0,SF=1.00,LP=0,DVFS=0
11-18 18:18:17.135 I/[CT]    ( 3775): SP:AP:AnchorPersistenceConfig: PreferencesManager: has_seen_spatial_data_sharing_notice_v2: false
11-18 18:18:17.136 W/MemoryBroker( 1447): attachClient: found client in attached list (uid: 10074, pid: 7363)
11-18 18:18:17.136 W/MemoryBrokerClient( 7363): BodyTracker: failed to remap BODY_TRACKER: getSharedMemoryFileDescriptor (Status(-1, EX_SECURITY): 'client connected before TrackingService')
11-18 18:18:17.137 I/[CT]    ( 3775): SP:AP:AnchorPersistenceConfig: PreferencesManager: anchor_persistence_cloud_anchor_service_enabled: true
11-18 18:18:17.137 I/[CT]    ( 3775): SP:AP:AnchorPersistenceConfig: getCloudPermissionEnabledVps: userPreference(anchor_persistence_cloud_anchor_service_enabled_vps)=true, cloudPermissionOverride: -1
11-18 18:18:17.147 I/[CT]    ( 3775): SlamAnchorPersistenceRuntimeIpcClient: SlamAnchorPersistenceRuntimeIpcClient: Get Features Query took 0.009599064 s. Query timestamp = 1472467996845
11-18 18:18:17.195 I/JniUtils-inl( 1752): Creating temporary JNIEnv. This is a heavy operation and should be infrequent. To optimize, use JNI AttachCurrentThread on calling thread
11-18 18:18:17.218 I/[CT]    ( 3775): SP:VpsModule:RequestHandler: VPS request finished event uuid: 8e80812b-456d-37bf-7ea1-865e7818ae7a
11-18 18:18:17.218 E/[CT]    ( 3775): SP:VpsModule:TelemertyReporter: VPS request failed with vps error code: -40009 event uuid: 8e80812b-456d-37bf-7ea1-865e7818ae7a
11-18 18:18:17.218 E/[CT]    ( 3775): SP:VpsModule:TelemertyReporter: VPS request failed with graphql errors: 4319001
11-18 18:18:17.219 I/[CT]    ( 3775): CasNetworkTelemetryObserver: CasNetworkTelemetryObserver onEOM
11-18 18:18:17.226 D/TelemetryService( 1151): PathwayGuard: from OSSDK/NDK is not allowed to send oculus_sps_network_stats; dropping; Please use the Statsd approach https://www.internalfb.com/intern/wiki/HzOS_Systems/HzOS_Systems_Performance_and_Reliability/VROS_System_Insights/VROS_Telemetry/XFN/Statsd/
11-18 18:18:17.227 D/TelemetryService( 1151): Reported oculus_telemetry_blocked_ossdk_events breach event
11-18 18:18:17.246 W/MemoryBroker( 1447): attachClient: found client in attached list (uid: 10074, pid: 7363)
11-18 18:18:17.342 I/MRSS    ( 1194): DEPTH: DepthSystem: onPause: starting asynchronous core deactivation. Active client ids: 'NONE'
11-18 18:18:17.342 I/MRSS    ( 1194): DepthComputeCapabilityBase: onStop.
11-18 18:18:17.343 I/MRSS    ( 1194): DEPTH: DepthSystemCoreImpl: Core deactivated
11-18 18:18:17.658 I/[CT]    ( 3775): CasNetworkTelemetryObserver: CasNetworkTelemetryObserver onEOM
11-18 18:18:17.659 I/[CT]    ( 3775): SP:VpsModule:RequestHandler: VPS request finished event uuid: be9b60bd-a277-bc4d-b2a5-548fb2cd29bf
11-18 18:18:17.660 D/TelemetryService( 1151): PathwayGuard: from OSSDK/NDK is not allowed to send oculus_sps_network_stats; dropping; Please use the Statsd approach https://www.internalfb.com/intern/wiki/HzOS_Systems/HzOS_Systems_Performance_and_Reliability/VROS_System_Insights/VROS_Telemetry/XFN/Statsd/
11-18 18:18:17.661 D/TelemetryService( 1151): Reported oculus_telemetry_blocked_ossdk_events breach event
11-18 18:18:17.661 E/[CT]    ( 3775): SP:VpsModule:TelemertyReporter: VPS request failed with vps error code: -40009 event uuid: be9b60bd-a277-bc4d-b2a5-548fb2cd29bf
11-18 18:18:17.661 E/[CT]    ( 3775): SP:VpsModule:TelemertyReporter: VPS request failed with graphql errors: 4319001
11-18 18:18:17.664 I/Tracking( 1215): LocalizationStateMachine: LocalizationStateMachine updated from Cooldown to CoarseAndFineLocalization
11-18 18:18:17.668 I/[CT]    ( 3775): SP:AP:AnchorPersistenceConfig: PreferencesManager: has_seen_spatial_data_sharing_notice_v2: false
11-18 18:18:17.669 I/[CT]    ( 3775): SP:AP:AnchorPersistenceConfig: PreferencesManager: anchor_persistence_cloud_anchor_service_enabled: true
11-18 18:18:17.669 I/[CT]    ( 3775): SP:AP:AnchorPersistenceConfig: getCloudPermissionEnabledVps: userPreference(anchor_persistence_cloud_anchor_service_enabled_vps)=true, cloudPermissionOverride: -1
11-18 18:18:17.683 I/[CT]    ( 3775): SlamAnchorPersistenceRuntimeIpcClient: SlamAnchorPersistenceRuntimeIpcClient: Get Features Query took 0.013695522 s. Query timestamp = 1472998383044
11-18 18:18:17.870 I/OpenXR_Anchor( 2387): xrQuerySpacesFB: split anchor query enabled
11-18 18:18:17.870 I/[CT]    ( 2387): SP:AF:InsightAnchorApi: QueryAnchorSpaces loadAndQueryAvailableAnchors flow. (task start) duration: 0.000000000 [sec], flags: 44, location: StorageLocation::LOCAL(1), method: 1, request: 372, source: SourceType::EXCLUDE_LIVE_TRACKER(2)
11-18 18:18:17.870 I/StateMachine2( 2387): StateMachine2Base::AddHistoryEntry AnchorQuery: Transition  ReadyToQuery -> Querying
11-18 18:18:17.870 I/[CT]    ( 2387): RuntimeIpcHelper: RuntimeIpcClient::CALL_RPC isAsync: true, func: loadAvailableAnchors
11-18 18:18:17.871 I/[CT]    ( 3775): SP:AP:AnchorPersistenceRuntimeIpcServer: checkRPC start: sessionUuid:4d22a9d8-02cc-7eb4-0a9e-50534ac4cb28, clientId:1310376013, givenPackageName:com.oculus.guardian
11-18 18:18:17.871 I/[CT]    ( 3775): SP:AP:AnchorPersistenceRuntimeIpcServer: checkPackageAccess - detectedPackageName:com.oculus.guardian, detectedProcessName:com.oculus.vrguardianservice, givenPackageName:com.oculus.guardian
11-18 18:18:17.871 I/[CT]    ( 3775): SP:AP:AnchorPersistenceRuntimeIpcServer: checkRPC package name matches: sessionUuid:4d22a9d8-02cc-7eb4-0a9e-50534ac4cb28, clientId:1310376013, givenPackageName:com.oculus.guardian, detectedPackageName:com.oculus.guardian, detectedProcessName:com.oculus.vrguardianservice
11-18 18:18:17.871 I/[CT]    ( 3775): SP:AP:AnchorPersistenceRuntimeIpcServer: queryAvailableAnchorsSMV2: clientId: 1310376013, maxAnchors: 500, filter: 0, queryMultipleRoomsEnabledByOpenXrVersion: false, source: 2, appId: com.oculus.guardian
11-18 18:18:17.871 I/[CT]    ( 3775): SP:AP:AnchorPersistenceConfig: getSceneRuntimePermissionEnabled: USE_SCENE permission is enabled on this device
11-18 18:18:17.871 I/[CT]    ( 3775): SP:AP:AnchorPersistenceScenePermissions: hasClientGrantedScenePermission: USE_SCENE permission is enabled on this device, check client 1310376013, grant is true
11-18 18:18:17.871 I/[CT]    ( 3775): SP:AP:AnchorPersistenceConfig: getSceneRuntimePermissionEnabled: USE_SCENE permission is enabled on this device
11-18 18:18:17.871 I/[CT]    ( 3775): SP:AP:AnchorPersistenceScenePermissions: hasClientGrantedScenePermission: USE_SCENE permission is enabled on this device, check client 1310376013, grant is true
11-18 18:18:17.872 I/[CT]    ( 3775): SP:AP:AnchorPersistence: loadAvailableAnchorsLocal: appId: com.oculus.guardian, queryMultipleRoomsEnabledAppId: , queryMultipleRoomsEnabledByOpenXrVersion: false, applyEffectiveSingleRoomFilter: false
11-18 18:18:17.873 W/[CT]    ( 3775): SP:AP:AnchorLocalStorage: loadAvailableAnchors loaded 0 anchors
11-18 18:18:17.873 I/[CT]    ( 3775): SP:AP:AnchorPersistenceConfig: getSceneRuntimePermissionEnabled: USE_SCENE permission is enabled on this device
11-18 18:18:17.875 I/[CT]    ( 3775): SP:SceneAnchorFilterUtil: filterSceneDataByPermission: com.oculus.guardian permission check passed, keep scene data. anchors size: 0
11-18 18:18:17.875 I/[CT]    ( 3775): SP:AP:AnchorPersistence: loadAvailableAnchors: Checking for killswitch based filtering
11-18 18:18:17.875 I/[CT]    ( 3775): SP:SceneAnchorFilterUtil: filterOutEntitiesAndComponents : Guardian:true, App OpenXR Version patch:34 (vs. min patch without filtering 45), appIdInOverrideString:false, ocKillswitch:false, fsKillswitch:false
11-18 18:18:17.878 I/[CT]    ( 2387): SP:AF:InsightAnchorApi: QueryAnchorSpaces (task finish) returnCode: AnchorResultCode::SUCCESS(0), numSpacesFound: 0, spacesFoundUuids: [], duration: 0.000000000 [sec], flags: 44, location: 1, method: 1, request: 372
11-18 18:18:17.930 I/Tracking( 1215): LocalizationStateMachine: LocalizationStateMachine updated from CoarseAndFineLocalization to CoarseLocalizationOnly
11-18 18:18:17.954 I/BodyApiService( 7363): NativeCode:Update
11-18 18:18:17.994 I/[CT]    ( 2387): SP:TREX:SpatialPersistencePlugin: Event type: 6
11-18 18:18:17.994 I/TREX    ( 2387): Spatial Persistence event: QuerySpacesFinish
11-18 18:18:17.994 I/GuardianTelemetry( 2387): [ovrStatsThreadGuardian::SendGuardianStateChangeTelemetry] Sending state change event ANCHOR_QUERY_FAILED, dialog 
11-18 18:18:17.994 I/[CT]    ( 2387): MrTrackerMgr: Ignoring abandoned query complete event result. request [674309866144] != current request [32088581143396453]
11-18 18:18:18.017 I/VrApi   ( 3392): FPS=90/90,Prd=34ms,Tear=0,Early=0,Stale=0,Stale2/5/10/max=0/0/0/0,VSnc=1,Lat=-1,Fov=0,CPU4/GPU=2/2,1171/490MHz,OC=FF,TA=0/0/0,SP=N/N/N,Mem=1804MHz,Free=2429MB,PLS=0,Temp=40.5C/0.0C,TW=1.70ms,App=6.65ms,GD=0.00ms,CPU&GPU=14.52ms,LCnt=2(DR90,LM2),GPU%=0.76,CPU%=0.33(W0.41),CFL=11.72/16.18,ICFLp95=14.30,LD=0,SF=1.00,LP=0,DVFS=0
11-18 18:18:18.111 I/[CT]    ( 7363): BOLT:TorchDelegate: Copying output tensor data from 0x7f2c194080 to 0x7e8c383eb0
11-18 18:18:18.117 I/libcamerahal(  979): [INSIGHTS][2.01s] recv/ret/req heartbeat: cam0: 120/120/120, cam1: 121/121/121, cam2: 119/119/119, cam3: 120/120/120
11-18 18:18:18.117 I/StateMachine2( 2387): StateMachine2Base::AddHistoryEntry AnchorQuery: Transition  Querying -> ReadyToQuery | Query complete
11-18 18:18:18.135 I/[CT]    ( 7363): BOLT:TorchDelegate: Copying input tensor data from 0x7dff68c810 to 0x7f2d700080
11-18 18:18:18.191 I/[CT]    ( 3775): CasNetworkTelemetryObserver: CasNetworkTelemetryObserver onEOM
11-18 18:18:18.192 I/[CT]    ( 3775): SP:VpsModule:RequestHandler: VPS request finished event uuid: d5d80cfa-0cf1-3e14-7b5b-a3859161bbb4
11-18 18:18:18.192 E/[CT]    ( 3775): SP:VpsModule:TelemertyReporter: VPS request failed with vps error code: -40009 event uuid: d5d80cfa-0cf1-3e14-7b5b-a3859161bbb4
11-18 18:18:18.192 E/[CT]    ( 3775): SP:VpsModule:TelemertyReporter: VPS request failed with graphql errors: 4319001
11-18 18:18:18.196 D/TelemetryService( 1151): PathwayGuard: from OSSDK/NDK is not allowed to send oculus_sps_network_stats; dropping; Please use the Statsd approach https://www.internalfb.com/intern/wiki/HzOS_Systems/HzOS_Systems_Performance_and_Reliability/VROS_System_Insights/VROS_Telemetry/XFN/Statsd/
11-18 18:18:18.196 D/TelemetryService( 1151): Reported oculus_telemetry_blocked_ossdk_events breach event
11-18 18:18:18.201 I/Tracking( 1215): LocalizationStateMachine: LocalizationStateMachine updated from CoarseLocalizationOnly to LoadSubmapList
11-18 18:18:18.201 I/Tracking( 1215): VEGA_MAPPER: Scheduling scheduleLoadSubmapSets with 1 sets
11-18 18:18:18.222 I/Tracking( 1215): VegaMapLoader: The map contains multiple spanning trees.
11-18 18:18:18.232 W/MemoryBroker( 1447): attachClient: found client in attached list (uid: 10074, pid: 7363)
11-18 18:18:18.233 W/MemoryBrokerClient( 7363): BodyTracker: failed to remap BODY_TRACKER: getSharedMemoryFileDescriptor (Status(-1, EX_SECURITY): 'client connected before TrackingService')
11-18 18:18:18.262 I/Tracking( 1215): VegaMapLoader: BA units loaded 5/5, MapPointCount 1563, MapPointFreeSlotNum 2637
11-18 18:18:18.277 I/[CT]    ( 3775): SP:AP:AnchorPersistenceConfig: PreferencesManager: has_seen_spatial_data_sharing_notice_v2: false
11-18 18:18:18.278 I/[CT]    ( 3775): SP:AP:AnchorPersistenceConfig: PreferencesManager: anchor_persistence_cloud_anchor_service_enabled: true
11-18 18:18:18.279 I/[CT]    ( 3775): SP:AP:AnchorPersistenceConfig: getCloudPermissionEnabledVps: userPreference(anchor_persistence_cloud_anchor_service_enabled_vps)=true, cloudPermissionOverride: -1
11-18 18:18:18.288 I/[CT]    ( 3775): SlamAnchorPersistenceRuntimeIpcClient: SlamAnchorPersistenceRuntimeIpcClient: Get Features Query took 0.009014896 s. Query timestamp = 1473529100128
11-18 18:18:18.343 W/MemoryBroker( 1447): attachClient: found client in attached list (uid: 10074, pid: 7363)
11-18 18:18:18.449 I/ServiceInputManager( 1752): HANDTRACKING hand 0 status set to Tracked
11-18 18:18:18.464 I/Tracking( 1215): LocalizationStateMachine: LocalizationStateMachine updated from LoadSubmapList to FineLocalizationOnly
11-18 18:18:18.477 I/TREX    ( 3392): Interface 'VirtualKeyboardClientInterface', version 1 was not found. Check debug build for more information.
11-18 18:18:18.531 I/Tracking( 1215): VEGA_LOCALIZER: Localized into root 42ef4f4e
11-18 18:18:18.731 I/Tracking( 1215): LocalizationStateMachine: LocalizationStateMachine updated from FineLocalizationOnly to Cooldown
11-18 18:18:18.784 I/Tracking( 1215): TrackedSubmapsBookkeeper: ViT submap Submap id = 1, version = 416121437 detected.
11-18 18:18:18.784 I/Tracking( 1215): VioSubmapHelpers: Adding Submap id = 1, version = 416121437 from reloc.
11-18 18:18:18.804 I/[CT]    ( 3775): CasNetworkTelemetryObserver: CasNetworkTelemetryObserver onEOM
11-18 18:18:18.806 I/[CT]    ( 3775): SP:VpsModule:RequestHandler: VPS request finished event uuid: 41e2236a-84ba-8023-fccd-226440851472
11-18 18:18:18.806 E/[CT]    ( 3775): SP:VpsModule:TelemertyReporter: VPS request failed with vps error code: -40009 event uuid: 41e2236a-84ba-8023-fccd-226440851472
11-18 18:18:18.806 E/[CT]    ( 3775): SP:VpsModule:TelemertyReporter: VPS request failed with graphql errors: 4319001
11-18 18:18:18.809 D/TelemetryService( 1151): PathwayGuard: from OSSDK/NDK is not allowed to send oculus_sps_network_stats; dropping; Please use the Statsd approach https://www.internalfb.com/intern/wiki/HzOS_Systems/HzOS_Systems_Performance_and_Reliability/VROS_System_Insights/VROS_Telemetry/XFN/Statsd/
11-18 18:18:18.809 D/TelemetryService( 1151): Reported oculus_telemetry_blocked_ossdk_events breach event
11-18 18:18:18.817 W/FrameSetDispatcher(  979): [{0,0},{1,0},{2,0},{3,0}] Client pid=1215 (IOT): client is taking longer than 33ms to return FrameSets (9x in the past 9.333s)
11-18 18:18:18.831 W/Tracking( 1215): VIPER: Frame Tracking (0.047336307 [sec]) exceeded camera sampling time (0.033333333 [sec]).
11-18 18:18:18.895 W/Tracking( 1215): VIPER: Frame Tracking (0.044940265 [sec]) exceeded camera sampling time (0.033333333 [sec]).
11-18 18:18:18.951 I/ServiceInputManager( 1752): HANDTRACKING hand 0 status set to OutOfView
11-18 18:18:18.954 I/BodyApiService( 7363): NativeCode:Update
11-18 18:18:18.960 W/Tracking( 1215): VIPER: Frame Tracking (0.042860786 [sec]) exceeded camera sampling time (0.033333333 [sec]).
11-18 18:18:18.973 I/OpenXR_Anchor( 2387): xrQuerySpacesFB: split anchor query enabled
11-18 18:18:18.974 I/[CT]    ( 2387): SP:AF:InsightAnchorApi: QueryAnchorSpaces loadAndQueryAvailableAnchors flow. (task start) duration: 0.000000000 [sec], flags: 44, location: StorageLocation::LOCAL(1), method: 1, request: 373, source: SourceType::EXCLUDE_LIVE_TRACKER(2)
11-18 18:18:18.974 I/StateMachine2( 2387): StateMachine2Base::AddHistoryEntry AnchorQuery: Transition  ReadyToQuery -> Querying
11-18 18:18:18.974 I/[CT]    ( 2387): RuntimeIpcHelper: RuntimeIpcClient::CALL_RPC isAsync: true, func: loadAvailableAnchors
11-18 18:18:18.975 I/[CT]    ( 3775): SP:AP:AnchorPersistenceRuntimeIpcServer: checkRPC start: sessionUuid:4d22a9d8-02cc-7eb4-0a9e-50534ac4cb28, clientId:1310376013, givenPackageName:com.oculus.guardian
11-18 18:18:18.975 I/[CT]    ( 3775): SP:AP:AnchorPersistenceRuntimeIpcServer: checkPackageAccess - detectedPackageName:com.oculus.guardian, detectedProcessName:com.oculus.vrguardianservice, givenPackageName:com.oculus.guardian
11-18 18:18:18.975 I/[CT]    ( 3775): SP:AP:AnchorPersistenceRuntimeIpcServer: checkRPC package name matches: sessionUuid:4d22a9d8-02cc-7eb4-0a9e-50534ac4cb28, clientId:1310376013, givenPackageName:com.oculus.guardian, detectedPackageName:com.oculus.guardian, detectedProcessName:com.oculus.vrguardianservice
11-18 18:18:18.975 I/[CT]    ( 3775): SP:AP:AnchorPersistenceRuntimeIpcServer: queryAvailableAnchorsSMV2: clientId: 1310376013, maxAnchors: 500, filter: 0, queryMultipleRoomsEnabledByOpenXrVersion: false, source: 2, appId: com.oculus.guardian
11-18 18:18:18.975 I/[CT]    ( 3775): SP:AP:AnchorPersistenceConfig: getSceneRuntimePermissionEnabled: USE_SCENE permission is enabled on this device
11-18 18:18:18.976 I/[CT]    ( 3775): SP:AP:AnchorPersistenceScenePermissions: hasClientGrantedScenePermission: USE_SCENE permission is enabled on this device, check client 1310376013, grant is true
11-18 18:18:18.976 I/[CT]    ( 3775): SP:AP:AnchorPersistenceConfig: getSceneRuntimePermissionEnabled: USE_SCENE permission is enabled on this device
11-18 18:18:18.976 I/[CT]    ( 3775): SP:AP:AnchorPersistenceScenePermissions: hasClientGrantedScenePermission: USE_SCENE permission is enabled on this device, check client 1310376013, grant is true
11-18 18:18:18.976 I/[CT]    ( 3775): SP:AP:AnchorPersistence: loadAvailableAnchorsLocal: appId: com.oculus.guardian, queryMultipleRoomsEnabledAppId: , queryMultipleRoomsEnabledByOpenXrVersion: false, applyEffectiveSingleRoomFilter: false
11-18 18:18:18.978 W/[CT]    ( 3775): SP:AP:AnchorLocalStorage: loadAvailableAnchors loaded 0 anchors
11-18 18:18:18.978 I/[CT]    ( 3775): SP:AP:AnchorPersistenceConfig: getSceneRuntimePermissionEnabled: USE_SCENE permission is enabled on this device
11-18 18:18:18.980 I/[CT]    ( 3775): SP:SceneAnchorFilterUtil: filterSceneDataByPermission: com.oculus.guardian permission check passed, keep scene data. anchors size: 0
11-18 18:18:18.980 I/[CT]    ( 3775): SP:AP:AnchorPersistence: loadAvailableAnchors: Checking for killswitch based filtering
11-18 18:18:18.980 I/[CT]    ( 3775): SP:SceneAnchorFilterUtil: filterOutEntitiesAndComponents : Guardian:true, App OpenXR Version patch:34 (vs. min patch without filtering 45), appIdInOverrideString:false, ocKillswitch:false, fsKillswitch:false
11-18 18:18:18.982 W/Tracking( 1215): NIMBLE:ExposureControl: [Throttled count=3] Unable to compute adjustment without histogram data
11-18 18:18:18.986 I/[CT]    ( 2387): SP:AF:InsightAnchorApi: QueryAnchorSpaces (task finish) returnCode: AnchorResultCode::SUCCESS(0), numSpacesFound: 0, spacesFoundUuids: [], duration: 0.000000000 [sec], flags: 44, location: 1, method: 1, request: 373
11-18 18:18:19.017 I/VrApi   ( 3392): FPS=90/90,Prd=33ms,Tear=0,Early=0,Stale=0,Stale2/5/10/max=0/0/0/0,VSnc=1,Lat=-1,Fov=0,CPU4/GPU=2/2,1171/490MHz,OC=FF,TA=0/0/0,SP=N/N/N,Mem=1804MHz,Free=2429MB,PLS=0,Temp=40.5C/0.0C,TW=1.69ms,App=6.58ms,GD=0.00ms,CPU&GPU=15.13ms,LCnt=2(DR90,LM2),GPU%=0.76,CPU%=0.32(W0.36),CFL=11.63/16.07,ICFLp95=14.25,LD=0,SF=1.00,LP=0,DVFS=0
11-18 18:18:19.027 W/Tracking( 1215): VEGA:HM:MAP_TRACKING: Validation failed on Submap id = 1, version = 416121437
11-18 18:18:19.028 W/Tracking( 1215): VIPER: Frame Tracking (0.043662088 [sec]) exceeded camera sampling time (0.033333333 [sec]).
11-18 18:18:19.031 I/[CT]    ( 3775): SP:AP:AnchorPersistenceConfig: PreferencesManager: has_seen_spatial_data_sharing_notice_v2: false
11-18 18:18:19.031 I/[CT]    ( 3775): SP:AP:AnchorPersistenceConfig: PreferencesManager: anchor_persistence_cloud_anchor_service_enabled: true
11-18 18:18:19.031 I/[CT]    ( 3775): SP:AP:AnchorPersistenceConfig: getCloudPermissionEnabledVps: userPreference(anchor_persistence_cloud_anchor_service_enabled_vps)=true, cloudPermissionOverride: -1
11-18 18:18:19.040 I/[CT]    ( 3775): SlamAnchorPersistenceRuntimeIpcClient: SlamAnchorPersistenceRuntimeIpcClient: Get Features Query took 0.008828335 s. Query timestamp = 1474330591354
11-18 18:18:19.070 I/Tracking( 1215): Vega: [INSIGHTS] Mode=DescriptorVega,6DoF,Agg=13s,Inl=26,32,46,Mem=125.1,FrameDur=18.9,58.2,PoseLat=2.5,3.8,CamImuLat=11.0,23.4,Jit=0.0,0.0,Drops(Cam=0,IMU=0),MeanIr=2474.6,Exp(5.5ms,g=6,I=74)(5.8ms,g=6,I=65)(5.8ms,g=6,I=81)(5.0ms,g=5,I=75),NonInertEnv=?
11-18 18:18:19.101 I/[CT]    ( 2387): SP:TREX:SpatialPersistencePlugin: Event type: 6
11-18 18:18:19.101 I/TREX    ( 2387): Spatial Persistence event: QuerySpacesFinish
11-18 18:18:19.101 I/GuardianTelemetry( 2387): [ovrStatsThreadGuardian::SendGuardianStateChangeTelemetry] Sending state change event ANCHOR_QUERY_FAILED, dialog 
11-18 18:18:19.101 I/[CT]    ( 2387): MrTrackerMgr: Ignoring abandoned query complete event result. request [674309866146] != current request [32088581143396453]
11-18 18:18:19.104 D/telemetry( 1151): SessionTelemetryReporter: power state locked mounted False
11-18 18:18:19.105 D/telemetry( 1151): SessionTelemetryReporter: power state locked unmounted False
11-18 18:18:19.118 I/ServiceInputManager( 1752): HANDTRACKING hand 0 status set to Tracked
11-18 18:18:19.218 I/ServiceInputManager( 1752): HANDTRACKING hand 1 status set to OutOfView
11-18 18:18:19.223 I/StateMachine2( 2387): StateMachine2Base::AddHistoryEntry AnchorQuery: Transition  Querying -> ReadyToQuery | Query complete
11-18 18:18:19.232 W/MemoryBroker( 1447): attachClient: found client in attached list (uid: 10074, pid: 7363)
11-18 18:18:19.233 W/MemoryBrokerClient( 7363): BodyTracker: failed to remap BODY_TRACKER: getSharedMemoryFileDescriptor (Status(-1, EX_SECURITY): 'client connected before TrackingService')
11-18 18:18:19.307 I/ServiceInputManager( 1752): HANDTRACKING hand 0 status set to OutOfView
11-18 18:18:19.313 I/[SEO] ShellInputConfigurationDataProvider( 3392): InteractionMode changed, mode: Null activation method: No Device Present displayTimeActivated 1474.933052
11-18 18:18:19.343 W/MemoryBroker( 1447): attachClient: found client in attached list (uid: 10074, pid: 7363)
11-18 18:18:19.345 I/HorizonDsatHelper( 2808): fetchTokenValueAsync - callingPackage: com.oculus.socialplatform, actionName: com.oculus.auth.ACTION_FETCH_HORIZON_DEVICE_SCOPED_CREDENTIALS
11-18 18:18:19.345 I/HorizonDsatHelper( 2808): fetchTokenAsync - forceRefresh: false, actionName: com.oculus.auth.ACTION_FETCH_HORIZON_DEVICE_SCOPED_CREDENTIALS
11-18 18:18:19.345 I/HorizonDsatHelper( 2808): Returning stored token
11-18 18:18:19.346 I/AuthLogger( 2808): Action succeeded: OBTAIN_TOKEN, callingPackage: com.oculus.socialplatform, accountType: com.oculus, tokenType: dsat, extras: {logging_source=HorizonDsatHelper, options={"forceRefresh":false,"method":"fetchTokenValueAsync","isCachedToken":true}, token_scope=ROOT, outcome=token, status=success}, duration: 0ms
11-18 18:18:19.346 I/HorizonDsatHelper( 2808): fetchTokenAsync:: OnResult - callingPackage: com.oculus.socialplatform, actionName: com.oculus.auth.ACTION_FETCH_HORIZON_DEVICE_SCOPED_CREDENTIALS, forceRefresh: false, isResultPresent: true
11-18 18:18:19.356 W/Tracking( 1215): VIPER: Frame Tracking (0.038813806 [sec]) exceeded camera sampling time (0.033333333 [sec]).
11-18 18:18:19.532 I/Tracking( 1215): LocalizationStateMachine: LocalizationStateMachine updated from Cooldown to FineLocalizationOnly
11-18 18:18:19.535 I/[CT]    ( 3775): SP:AP:AnchorPersistenceConfig: PreferencesManager: has_seen_spatial_data_sharing_notice_v2: false
11-18 18:18:19.536 I/[CT]    ( 3775): SP:AP:AnchorPersistenceConfig: PreferencesManager: anchor_persistence_cloud_anchor_service_enabled: true
11-18 18:18:19.536 I/[CT]    ( 3775): SP:AP:AnchorPersistenceConfig: getCloudPermissionEnabledVps: userPreference(anchor_persistence_cloud_anchor_service_enabled_vps)=true, cloudPermissionOverride: -1
11-18 18:18:19.544 I/[CT]    ( 3775): SlamAnchorPersistenceRuntimeIpcClient: SlamAnchorPersistenceRuntimeIpcClient: Get Features Query took 0.007414585 s. Query timestamp = 1474862578855
11-18 18:18:19.550 I/[CT]    ( 3775): CasNetworkTelemetryObserver: CasNetworkTelemetryObserver onEOM
11-18 18:18:19.554 D/TelemetryService( 1151): PathwayGuard: from OSSDK/NDK is not allowed to send oculus_sps_network_stats; dropping; Please use the Statsd approach https://www.internalfb.com/intern/wiki/HzOS_Systems/HzOS_Systems_Performance_and_Reliability/VROS_System_Insights/VROS_Telemetry/XFN/Statsd/
11-18 18:18:19.554 D/TelemetryService( 1151): Reported oculus_telemetry_blocked_ossdk_events breach event
11-18 18:18:19.581 I/[CT]    ( 3775): SP:VpsModule:RequestHandler: VPS request finished event uuid: f2ed3764-6076-b76a-fdba-35f261085743
11-18 18:18:19.581 E/[CT]    ( 3775): SP:VpsModule:TelemertyReporter: VPS request failed with vps error code: -40009 event uuid: f2ed3764-6076-b76a-fdba-35f261085743
11-18 18:18:19.581 E/[CT]    ( 3775): SP:VpsModule:TelemertyReporter: VPS request failed with graphql errors: 4319001
11-18 18:18:19.624 W/Tracking( 1215): VIPER: Frame Tracking (0.039258077 [sec]) exceeded camera sampling time (0.033333333 [sec]).
11-18 18:18:19.654 E/[SUI] SocialViewModel( 4829): Failed to fetch current party data
11-18 18:18:19.824 W/Tracking( 1215): VIPER: Frame Tracking (0.038332348 [sec]) exceeded camera sampling time (0.033333333 [sec]).
11-18 18:18:19.825 I/Tracking( 1215): LocalizationStateMachine: LocalizationStateMachine updated from FineLocalizationOnly to Cooldown
11-18 18:18:19.968 I/BodyApiService( 7363): NativeCode:Update
11-18 18:18:20.017 I/VrApi   ( 3392): FPS=90/90,Prd=33ms,Tear=0,Early=0,Stale=0,Stale2/5/10/max=0/0/0/0,VSnc=1,Lat=-1,Fov=0,CPU4/GPU=2/2,1171/490MHz,OC=FF,TA=0/0/0,SP=N/N/N,Mem=1804MHz,Free=2429MB,PLS=0,Temp=40.5C/0.0C,TW=1.69ms,App=6.88ms,GD=0.00ms,CPU&GPU=15.60ms,LCnt=2(DR90,LM2),GPU%=0.78,CPU%=0.32(W0.38),CFL=11.64/16.28,ICFLp95=14.30,LD=0,SF=1.00,LP=0,DVFS=0
11-18 18:18:20.069 I/Tracking( 1215): VEGA_MAP_BUILDER: Created keyrig
11-18 18:18:20.078 I/OpenXR_Anchor( 2387): xrQuerySpacesFB: split anchor query enabled
11-18 18:18:20.078 I/[CT]    ( 3775): SP:AP:AnchorPersistenceConfig: PreferencesManager: has_seen_spatial_data_sharing_notice_v2: false
11-18 18:18:20.078 I/[CT]    ( 2387): SP:AF:InsightAnchorApi: QueryAnchorSpaces loadAndQueryAvailableAnchors flow. (task start) duration: 0.000000000 [sec], flags: 44, location: StorageLocation::LOCAL(1), method: 1, request: 374, source: SourceType::EXCLUDE_LIVE_TRACKER(2)
11-18 18:18:20.079 I/[CT]    ( 2387): RuntimeIpcHelper: RuntimeIpcClient::CALL_RPC isAsync: true, func: loadAvailableAnchors
11-18 18:18:20.079 I/[CT]    ( 3775): SP:AP:AnchorPersistenceConfig: PreferencesManager: anchor_persistence_cloud_anchor_service_enabled: true
11-18 18:18:20.079 I/[CT]    ( 3775): SP:AP:AnchorPersistenceConfig: getCloudPermissionEnabledVps: userPreference(anchor_persistence_cloud_anchor_service_enabled_vps)=true, cloudPermissionOverride: -1
11-18 18:18:20.080 I/[CT]    ( 3775): SP:AP:AnchorPersistenceRuntimeIpcServer: checkRPC start: sessionUuid:4d22a9d8-02cc-7eb4-0a9e-50534ac4cb28, clientId:1310376013, givenPackageName:com.oculus.guardian
11-18 18:18:20.080 I/StateMachine2( 2387): StateMachine2Base::AddHistoryEntry AnchorQuery: Transition  ReadyToQuery -> Querying
11-18 18:18:20.080 I/[CT]    ( 3775): SP:AP:AnchorPersistenceRuntimeIpcServer: checkPackageAccess - detectedPackageName:com.oculus.guardian, detectedProcessName:com.oculus.vrguardianservice, givenPackageName:com.oculus.guardian
11-18 18:18:20.080 I/[CT]    ( 3775): SP:AP:AnchorPersistenceRuntimeIpcServer: checkRPC package name matches: sessionUuid:4d22a9d8-02cc-7eb4-0a9e-50534ac4cb28, clientId:1310376013, givenPackageName:com.oculus.guardian, detectedPackageName:com.oculus.guardian, detectedProcessName:com.oculus.vrguardianservice
11-18 18:18:20.080 I/[CT]    ( 3775): SP:AP:AnchorPersistenceRuntimeIpcServer: queryAvailableAnchorsSMV2: clientId: 1310376013, maxAnchors: 500, filter: 0, queryMultipleRoomsEnabledByOpenXrVersion: false, source: 2, appId: com.oculus.guardian
11-18 18:18:20.080 I/[CT]    ( 3775): SP:AP:AnchorPersistenceConfig: getSceneRuntimePermissionEnabled: USE_SCENE permission is enabled on this device
