11-18 18:18:12.237 I/[CT]    ( 3775): SP:AP:AnchorPersistenceScenePermissions: hasClientGrantedScenePermission: USE_SCENE permission is enabled on this device, check client 770767987, grant is true
11-18 18:18:12.237 I/[CT]    ( 3775): SP:AP:AnchorPersistence: discoverSpacesLocal: translateFilters complete. filterVector size: 2
11-18 18:18:12.237 I/[CT]    ( 3775): SP:AP:AnchorPersistence:     Filter #0: type: AnchorDiscoveryFilterType::APP(3)
11-18 18:18:12.237 I/[CT]    ( 3775): SP:AP:AnchorPersistence:     Filter #1: type: AnchorDiscoveryFilterType::TRACKABLE_STATE(8)
11-18 18:18:12.237 I/[CT]    ( 3775): SP:AP:AnchorPersistence: discoverSpacesLocal: Scheduling local query for Anchors, with 2 filters, request: 71
11-18 18:18:12.237 I/[CT]    ( 3775): SP:AP:AnchorPersistence: discoverSpacesLocal Attempting local query, request: 71
11-18 18:18:12.237 I/[CT]    ( 3775): SP:AP:AnchorLocalStorageQuery: operator() : No uuidFilter is provided
11-18 18:18:12.237 I/[CT]    ( 3775): SP:AP:AnchorLocalStorageQuery: applyFilters: appId com.oculus.vrshell
11-18 18:18:12.237 I/@@@     ( 1752): surface: SUCCESS posting result to queue
11-18 18:18:12.238 I/CompositorServer( 1752): CreateTextureSwapChain: result importswapchainfromdevice 1
11-18 18:18:12.238 I/[CT]    ( 3775): SP:AP:AnchorLocalStorage: appId com.oculus.vrshell loadOnlySceneModelAnchors false includeGuardianSpatialAnchor false
11-18 18:18:12.238 I/[CT]    ( 3775): SP:AP:AnchorLocalStorage: appId com.oculus.guardian loadOnlySceneModelAnchors true includeGuardianSpatialAnchor false
11-18 18:18:12.238 W/[CT]    ( 3775): SP:AP:AnchorLocalStorage: listAllAnchors listed 0 anchors
11-18 18:18:12.238 I/[CT]    ( 3775): SP:AP:AnchorPersistenceConfig: getSceneRuntimePermissionEnabled: USE_SCENE permission is enabled on this device
11-18 18:18:12.238 I/[CT]    ( 3775): SP:AP:AnchorPersistenceConfig: PreferencesManager: has_seen_spatial_data_sharing_notice_v2: false
11-18 18:18:12.239 I/[CT]    ( 3775): SP:SceneAnchorFilterUtil: filterSceneDataByPermission: com.oculus.vrshell permission check passed, keep scene data. anchors size: 0
11-18 18:18:12.239 I/[CT]    ( 3775): SP:AP:AnchorLocalStorageQuery: applyFilters: no anchors to load
11-18 18:18:12.239 I/[CT]    ( 3775): SP:AP:AnchorLocalStorageQuery: operator(): Discovered 0 anchors locally
11-18 18:18:12.239 I/[CT]    ( 3775): SP:AP:AnchorPersistence: discoverSpacesLocal queryResult success, request: 71
11-18 18:18:12.239 I/[CT]    ( 3775): SP:AP:AnchorPersistence: DiscoverSpaces local query success took: 0.008041042
11-18 18:18:12.239 I/[CT]    ( 3775): SP:AP:AnchorPersistence: discoverSpacesLocal: Checking for killswitch based filtering
11-18 18:18:12.240 I/[CT]    ( 3775): SP:SceneAnchorFilterUtil: filterOutEntitiesAndComponents : Guardian:false, App OpenXR Version patch:49 (vs. min patch without filtering 45), appIdInOverrideString:false, ocKillswitch:false, fsKillswitch:false
11-18 18:18:12.240 I/[CT]    ( 3775): SP:AP:AnchorPersistence: DiscoverSpaces local query success finish took: 0.008392448
11-18 18:18:12.240 I/OpenXR_GPUMemTrace( 1194): Swapchain creation, id=409, idx=0, MemoryAllocationSize: 1621 KB
11-18 18:18:12.240 I/OpenXR_GPUMemTrace( 1194): Swapchain creation, id=409, idx=1, MemoryAllocationSize: 1621 KB
11-18 18:18:12.242 E/ShellHsr( 3392): Physics: Invalid sphere radius 0
11-18 18:18:12.242 E/ShellHsr( 3392): Physics: Invalid sphere shape
11-18 18:18:12.242 E/ShellHsr( 3392): Physics: PhysxShape::activate() failed ("", ent ID 1192562): Failed to initialize primitive Shape, Result = ErrorInvalidArg
11-18 18:18:12.242 E/ShellHsr( 3392): Physics: Failed to activate shape ("", ent ID 1192562) (parent (invalid entity)): PhysxShape::activate() failed
11-18 18:18:12.242 E/ShellHsr( 3392): Physics: Invalid sphere radius 0
11-18 18:18:12.242 E/ShellHsr( 3392): Physics: Invalid sphere shape
11-18 18:18:12.242 E/ShellHsr( 3392): Physics: PhysxShape::activate() failed ("", ent ID 1192563): Failed to initialize primitive Shape, Result = ErrorInvalidArg
11-18 18:18:12.242 E/ShellHsr( 3392): Physics: Failed to activate shape ("", ent ID 1192563) (parent (invalid entity)): PhysxShape::activate() failed
11-18 18:18:12.242 E/ShellHsr( 3392): Physics: Invalid sphere radius 0
11-18 18:18:12.242 E/ShellHsr( 3392): Physics: Invalid sphere shape
11-18 18:18:12.242 E/ShellHsr( 3392): Physics: PhysxShape::activate() failed ("", ent ID 1192564): Failed to initialize primitive Shape, Result = ErrorInvalidArg
11-18 18:18:12.242 E/ShellHsr( 3392): Physics: Failed to activate shape ("", ent ID 1192564) (parent (invalid entity)): PhysxShape::activate() failed
11-18 18:18:12.243 I/[CT]    ( 3775): SP:AP:AnchorPersistence: Sending DiscoverSpaces finish event returnCode: 0, request: 71
11-18 18:18:12.243 I/[CT]    ( 3775): SP:AP:AnchorPersistenceRuntimeIpcServer: PostClientEvent for DiscoverSpaces finish event: requestHandle 71, resultCode: 0
11-18 18:18:12.243 I/[CT]    ( 3392): SP:AF:AnchorFramework: Received DiscoverSpaces finish event returnCode: 0, request: 71, extension suite: ApiExtensionSuite::META(1), exp version: ExperimentalVersion::PROD(1)
11-18 18:18:12.243 I/[CT]    ( 3392): SP:AF:AnchorFramework: registerDiscoverSpacesEventHandler discoverSpacesComplete result code: 0
11-18 18:18:12.244 I/[CT]    ( 3775): SP:AP:AnchorPersistenceConfig: PreferencesManager: anchor_persistence_cloud_anchor_service_enabled: true
11-18 18:18:12.244 I/[CT]    ( 3775): SP:AP:AnchorPersistenceConfig: getCloudPermissionEnabledVps: userPreference(anchor_persistence_cloud_anchor_service_enabled_vps)=true, cloudPermissionOverride: -1
11-18 18:18:12.245 I/[CT]    ( 3392): SP:TREX:SpatialPersistencePlugin: Event type: 23
11-18 18:18:12.245 I/TREX    ( 3392): Spatial Persistence event: spEvent_DiscoverSpacesFinish
11-18 18:18:12.245 I/XrRuntimeSystem_Client( 3392): spEvent_DiscoverSpacesFound: handled in META_spatial_entity_discovery
11-18 18:18:12.247 I/MRSS    ( 1194): MIXEDREALITY: MrService: Throttling render thread (this iteration took 4 ms)
11-18 18:18:12.248 I/CompositorVR( 1752): Passthrough usage state changed: app 0, guardian 0, shell 0, system 0
11-18 18:18:12.248 I/CompositorVR( 1752): Overall Passthrough usage state changed to unused
11-18 18:18:12.251 W/ShellHsr( 3392): Entity: Failed to activate asset 0:0:0 for component horizon::physics::ShapeComponent on entity 1192562 (ErrorInvalidArg).
11-18 18:18:12.251 W/ShellHsr( 3392): Entity: Failed to activate asset 0:0:0 for component horizon::physics::ShapeComponent on entity 1192563 (ErrorInvalidArg).
11-18 18:18:12.251 W/ShellHsr( 3392): Entity: Failed to activate asset 0:0:0 for component horizon::physics::ShapeComponent on entity 1192564 (ErrorInvalidArg).
11-18 18:18:12.252 I/ClientSurface( 1752): ClientSurface.SetOvrState: vr_compositor_3664x1920 ovrState=7
11-18 18:18:12.253 I/ClientSurface( 1752): ClientSurface.SetOvrState: vr_compositor_protected_3664x1920 ovrState=7
11-18 18:18:12.253 I/ClientSurface( 1752): ClientSurface.SetOvrState: vr_compositor_with_depth_test_3664x1920 ovrState=7
11-18 18:18:12.257 I/XrPerformanceManager( 1752): [EVENT] Performance profile changed to: SOCIAL_PRESENCE
11-18 18:18:12.259 I/ClientMgr( 1752): Performance event: PROFILE_CHANGED to 2.
11-18 18:18:12.264 I/[CT]    ( 3775): SP:VpsModule:RequestHandler: VPS request finished event uuid: 102b0600-ec2a-881a-f670-1cbf0a2387ad
11-18 18:18:12.266 I/OacrNetworkUtil( 5698): new network status 1
11-18 18:18:12.269 E/[CT]    ( 3775): SP:VpsModule:TelemertyReporter: VPS request failed with vps error code: -40009 event uuid: 102b0600-ec2a-881a-f670-1cbf0a2387ad
11-18 18:18:12.269 E/[CT]    ( 3775): SP:VpsModule:TelemertyReporter: VPS request failed with graphql errors: 4319001
11-18 18:18:12.269 I/[CT]    ( 3775): CasNetworkTelemetryObserver: CasNetworkTelemetryObserver onEOM
11-18 18:18:12.291 I/[CT]    ( 3775): SlamAnchorPersistenceRuntimeIpcClient: SlamAnchorPersistenceRuntimeIpcClient: Get Features Query took 0.046559327 s. Query timestamp = 1467406369258
11-18 18:18:12.296 D/TrafficStats( 2945): tagSocket(176) with statsTag=0x2e, statsUid=-1
11-18 18:18:12.308 V/CompositorUtil( 1752): TryDelete: Deleting 1 swapchains
11-18 18:18:12.308 V/Context ( 1752): QueryVersion() - Context Version: 3.2
11-18 18:18:12.308 V/CompositorUtil( 1752): SwapChainDeferDeletion: destroying texture swap chain id=408 ptr=0x7dda8f9800, client id=1
11-18 18:18:12.309 W/Tracking( 1215): VIPER: Frame Tracking (0.044994171 [sec]) exceeded camera sampling time (0.033333333 [sec]).
11-18 18:18:12.309 I/SwapChain_Vulkan_Foveated( 1752): CreateTextureSwapChainFoveationVulkan: Destroyed foveation resources
11-18 18:18:12.311 D/TelemetryService( 1151): PathwayGuard: from OSSDK/NDK is not allowed to send oculus_sps_network_stats; dropping; Please use the Statsd approach https://www.internalfb.com/intern/wiki/HzOS_Systems/HzOS_Systems_Performance_and_Reliability/VROS_System_Insights/VROS_Telemetry/XFN/Statsd/
11-18 18:18:12.312 D/TelemetryService( 1151): Reported oculus_telemetry_blocked_ossdk_events breach event
11-18 18:18:12.314 D/AudioFlinger(  996): mixer(0xb400007b02d31ac0) throttle end: throttle time(1)
11-18 18:18:12.326 I/crcs    ( 1000): Performance profile changed to socialPresence
11-18 18:18:12.330 I/StateMachine2( 2387): StateMachine2Base::AddHistoryEntry ForceShow: Signal forceShowBoundaryForDuration event
11-18 18:18:12.331 I/VrRuntimeClient( 2387): UpdateEvents: Detected LOCAL_FLOOR reference space update. Sending reference space update event
11-18 18:18:12.331 I/VrRuntimeClient( 2387): UpdateEvents: Detected LOCAL reference space update. Sending reference space update event
11-18 18:18:12.331 I/VrRuntimeClient( 2387): UpdateEvents: Detected STAGE reference space update. Sending reference space update event
11-18 18:18:12.335 I/MRSS    ( 1194): MIXEDREALITY: BackgroundPassthroughController: Hysteresis ended
11-18 18:18:12.335 I/MRSS    ( 1194): MIXEDREALITY: MrFeatureStatus: Passthrough: Client 9223372036854775808 status changed from Started to Paused.
11-18 18:18:12.335 I/MRSS    ( 1194): MIXEDREALITY: MrFeatureStatus: Passthrough for client 9223372036854775808: Target status Started, CurrentStatus: Started
11-18 18:18:12.336 I/MRSS    ( 1194): MIXEDREALITY: MrFeatureStatus: Passthrough: Client 9223372036854775808 status changed from Paused to Destroyed.
11-18 18:18:12.336 I/MRSS    ( 1194): MIXEDREALITY: MrFeatureStatus: Passthrough for client 9223372036854775808: Target status Started, CurrentStatus: Started
11-18 18:18:12.336 I/MRSS    ( 1194): MIXEDREALITY: MrServiceController: clientDisconnected: 9223372036854775808//system_ext/bin/mrsystemservice//system_ext/bin/mrsystemservice
11-18 18:18:12.336 I/MRSS    ( 1194): MIXEDREALITY: ClientsStatus: ====== Connected clients ======
11-18 18:18:12.336 I/MRSS    ( 1194): MIXEDREALITY: ClientsStatus: Client: 770767987/com.oculus.vrshell/com.oculus.vrshell:3392
11-18 18:18:12.336 I/MRSS    ( 1194): MIXEDREALITY: ClientsStatus:    [Passthrough] -> Started
11-18 18:18:12.336 I/MRSS    ( 1194): MIXEDREALITY: ClientsStatus: Client: 9223372036854775808//system_ext/bin/mrsystemservice//system_ext/bin/mrsystemservice
11-18 18:18:12.336 I/MRSS    ( 1194): MIXEDREALITY: ClientsStatus:    [Passthrough] -> Destroyed
11-18 18:18:12.336 I/MRSS    ( 1194): MIXEDREALITY: ClientsStatus: Client: 1310376013/com.oculus.guardian/com.oculus.vrguardianservice:2387
11-18 18:18:12.336 I/MRSS    ( 1194): MIXEDREALITY: ClientsStatus:    [Passthrough] -> Created
11-18 18:18:12.336 I/MRSS    ( 1194): MIXEDREALITY: ClientsStatus: ===============================
11-18 18:18:12.336 I/MRSS    ( 1194): MIXEDREALITY: MrClientModelStates: unregisterClient: For client 9223372036854775808.
11-18 18:18:12.336 I/MRSS    ( 1194): MIXEDREALITY: ClientsStatus: Unregistration from 9223372036854775808//system_ext/bin/mrsystemservice//system_ext/bin/mrsystemservice accepted.
11-18 18:18:12.336 I/MRSS    ( 1194): MIXEDREALITY: MrClientModelStates: commitClientState: layer 1047 was queued for destruction
11-18 18:18:12.336 I/MRSS    ( 1194): MIXEDREALITY: PassthroughPresentationLayerImpl: Deallocating framebuffers for layer 1047.
11-18 18:18:12.336 I/MRSS    ( 1194): MIXEDREALITY: GlFramebufferFactory: framebuffer pool releasing buffer (elements in pool=0)
11-18 18:18:12.336 I/OpenXR_GPUMemTrace( 1194): Swapchain deletion destroy id=409, idx=0
11-18 18:18:12.336 I/OpenXR_GPUMemTrace( 1194): Swapchain deletion destroy id=409, idx=1
11-18 18:18:12.337 I/VrRuntimeService( 1752): DestroySwapChain: swapchain=409
11-18 18:18:12.337 I/MRSS    ( 1194): MIXEDREALITY: GlFramebufferFactory: framebuffer pool destroying buffer because there are too many instanciated buffers. GlobalCount: 0
11-18 18:18:12.337 I/MRSS    ( 1194): MIXEDREALITY: MrClientModelStates: Cleaned up resources for client 9223372036854775808
11-18 18:18:12.337 I/MRSS    ( 1194): MIXEDREALITY: MrRuntimeImpl: Changing mode to kNone
11-18 18:18:12.337 I/MRSS    ( 1194): MIXEDREALITY: MrRuntimeImpl: onPause: Capability Passthrough on device 2.
11-18 18:18:12.337 I/MRSS    ( 1194): MIXEDREALITY: PassthroughComputeCapability: onStop: Deleting Passthrough.
11-18 18:18:12.337 I/MRSS    ( 1194): MIXEDREALITY: PassthroughTelemetry: Passthrough compute telemetry over 2.3 seconds:
11-18 18:18:12.337 I/MRSS    ( 1194): MIXEDREALITY: PassthroughTelemetry: - using online cal: yes, calibration age: 34.7 minutes
11-18 18:18:12.337 I/MRSS    ( 1194): MIXEDREALITY: PassthroughTelemetry: - frames processed (stereo/depth): 71.0 (71.0/0.0)
11-18 18:18:12.337 I/MRSS    ( 1194): MIXEDREALITY: PassthroughTelemetry: - avg exp/gain stereo: 5.8/5.6 depth: 0.0/0.0
11-18 18:18:12.337 I/MRSS    ( 1194): MIXEDREALITY: PassthroughTelemetry: - per frame: primary: 0.0,0.0,0.0, secondary: 0.0,0.0,0.0, prev mesh: 0.0,0.0,0.0
11-18 18:18:12.337 I/MRSS    ( 1194): MIXEDREALITY: PassthroughTelemetry: - cvp per frame (stereo/depth): count: 2998.3/0.0, extracted: 9053.5/0.0, sparsified: 2998.3/0.0
11-18 18:18:12.337 I/MRSS    ( 1194): MIXEDREALITY: PassthroughTelemetry: - refinement: refine: 50221.0, temporal hist: 88432.0
11-18 18:18:12.337 I/MRSS    ( 1194): MIXEDREALITY: PassthroughTelemetry: - points: new: 204345.0, prior: 87092.0, primary: 58613.0, secondary: 28744.0
11-18 18:18:12.337 I/MRSS    ( 1194): MIXEDREALITY: PassthroughComputeCapability: sendComputeTelemetry: Logging telemetry.
11-18 18:18:12.338 I/MRSS    ( 1194): MIXEDREALITY: MrSystemServiceIPCServer: Got notification for Passthrough, fidelity level: NONE, command: 0
11-18 18:18:12.338 I/MRSS    ( 1194): MIXEDREALITY: CapabilityController: Stop Passthrough duration: 1.071146 millisec.
11-18 18:18:12.338 I/MRSS    ( 1194): MIXEDREALITY: EnvironmentDepthTelemetry: Environment Depth compute telemetry over 2.3 seconds:
11-18 18:18:12.338 I/MRSS    ( 1194): MIXEDREALITY: EnvironmentDepthTelemetry: - using online calibration: yes, calibration age: 2079 seconds
11-18 18:18:12.338 I/MRSS    ( 1194): MIXEDREALITY: DepthStatsCollector: sendTelemetry: Logging environment depth telemetry.
11-18 18:18:12.338 I/MRSS    ( 1194): MIXEDREALITY: DepthStatsCollector: sendTelemetry: Logging depth compute telemetry.
11-18 18:18:12.338 I/MRSS    ( 1194): MIXEDREALITY: StereoPipeline: removeClient: removing client SceneReconstruction, active clients: 'Passthrough,SceneReconstruction'.
11-18 18:18:12.339 I/[SEO] GuardianController( 3392): [MaybeUpdateInterstitialRequest] Received an updated Guardian interstitial of type NONE with reason MOUNTED
11-18 18:18:12.339 I/[SEO] GuardianController( 3392): [MaybeUpdateInterstitialRequest] Replacing interstitial type NONE with type NONE because reason is MOUNTED, and we do not want to submit black nor loading dots for this reason
11-18 18:18:12.339 I/[SEO] GuardianController( 3392): [MaybeUpdateInterstitialRequest] Requesting interstitial type NONE for interstitial reason MOUNTED
11-18 18:18:12.340 I/VrRuntimeService( 1752): RuntimeServiceSDKServer::UpdateInterstitialRequest 0
11-18 18:18:12.340 I/InterstitialManager( 1752): Guardian request: none
11-18 18:18:12.341 I/MRSS    ( 1194): DEPTH: DepthSystem: deactivateClient: depth client 1 is deactivated.
11-18 18:18:12.341 I/MRSS    ( 1194): MIXEDREALITY: StereoPipeline: removeClient: removing client Passthrough, active clients: 'Passthrough'.
11-18 18:18:12.341 I/MRSS    ( 1194): DEPTH: DepthSystem: deactivateClient: depth client 0 is deactivated.
11-18 18:18:12.342 I/MRSS    ( 1194): MIXEDREALITY: MrSystemServiceIPCServer: Got notification for Depth, fidelity level: NONE, command: 0
11-18 18:18:12.342 I/MRSS    ( 1194): MIXEDREALITY: CapabilityController: Stop Depth duration: 3.919011 millisec.
11-18 18:18:12.342 I/MRSS    ( 1194): MIXEDREALITY: MrSystemServiceIPCServer: Got notification for Camera, fidelity level: NONE, command: 0
11-18 18:18:12.342 I/MRSS    ( 1194): MIXEDREALITY: CapabilityController: Stop Camera duration: 0.210886 millisec.
11-18 18:18:12.342 I/MRSS    ( 1194): TELEMETRY_COLLECTOR: Stopping periodic telemetry polling.
11-18 18:18:12.343 I/MRSS    ( 1194): TELEMETRY_COLLECTOR: [EVENT] Collected periodic telemetry from 1 aggregators.
11-18 18:18:12.343 I/MRSS    ( 1194): MIXEDREALITY: MrSystemServiceIPCServer: Got notification for VisionInterfaceTelemetry, fidelity level: NONE, command: 0
11-18 18:18:12.343 I/MRSS    ( 1194): MIXEDREALITY: CapabilityController: Stop VisionInterfaceTelemetry duration: 0.375052 millisec.
11-18 18:18:12.343 I/MRSS    ( 1194): MIXEDREALITY: MrSystemService: FramesetTelemetry: valid: -/-, stereo/depth/color: avail:  101/   0/   0, accepted %: 100.0/0.0/0.0, dropped %: 0.0/0.0/0.0, valid %: 100.0/0.0/0.0, textured %: 100.0/0.0/0.0.
11-18 18:18:12.343 I/MRSS    ( 1194): MIXEDREALITY: MrSystemService: FramesetTelemetry: timeouts stereo/color: compute side: 0/0, render side: 0/0, egl: 0.
11-18 18:18:12.343 I/MRSS    ( 1194): MIXEDREALITY: PassthroughRenderer: Deleting camera distortion textures.
11-18 18:18:12.343 I/MRSS    ( 1194): MIXEDREALITY: PassthroughRenderer: cleanup of GL resources.
11-18 18:18:12.343 I/MRSS    ( 1194): MIXEDREALITY: MrRuntimeImpl: EglStorage: cleared EGL images
11-18 18:18:12.343 I/MRSS    ( 1194): MIXEDREALITY: [Insights] PassthroughTelemetry: rendering over 2.3 sec, session 2.4 sec, dropped_draw_rate: 0.0% (0 failed draw calls)
11-18 18:18:12.343 I/MRSS    ( 1194): MIXEDREALITY: [Insights] PassthroughTelemetry: - TTFR completed: 129.9 ms, predicted: 117.7 ms, begin-to-img: 87.4 ms, img-to-end-pred: 30.4 ms
11-18 18:18:12.343 I/MRSS    ( 1194): MIXEDREALITY: [Insights] PassthroughTelemetry: - TTFR depth rendered: 184.5 ms, computed: 87.4 ms
11-18 18:18:12.343 I/MRSS    ( 1194): MIXEDREALITY: [Insights] PassthroughTelemetry: - rates: rendering: 86.3/90.0, images: gray 29.9, geometry: 30.4 fps
11-18 18:18:12.343 I/MRSS    ( 1194): MIXEDREALITY: [Insights] PassthroughTelemetry: - p2pLat: -,-,- p2geomLat: -,-,- ms, min,avg,max
11-18 18:18:12.343 I/MRSS    ( 1194): MIXEDREALITY: [Insights] PassthroughTelemetry: - system latency: c2a: -,-,- a2w: -,-,- w2r: -,-,- ms, min,avg,max
11-18 18:18:12.343 I/MRSS    ( 1194): MIXEDREALITY: [Insights] PassthroughTelemetry: - avg exp/gain  5.8/5.6
11-18 18:18:12.343 I/MRSS    ( 1194): MIXEDREALITY: [Insights] PassthroughTelemetry: - consecutive frame drops count: 0/0/0 (>1/>3/>7)
11-18 18:18:12.343 I/MRSS    ( 1194): MIXEDREALITY: PassthroughRenderingTelemetry: sendPassthroughRenderingTelemetry: Logging telemetry.
11-18 18:18:12.345 I/MRSS    ( 1194): MIXEDREALITY: MrServiceView: renderIteration: Sleeping the rendering thread for 500 ms since ID is off and no active PT layers.
11-18 18:18:12.347 I/TrackingFidelityService( 1206): Request(s)={mr_passthrough:0,}
11-18 18:18:12.347 I/TrackingFidelityService( 1206): Request(s)={mr_passthrough:0,pt_display_sync:0,hyperscape_room_scanning:0,low_latency_pt:0,}, Mux mode idx=0, name=, score=-2147483648
11-18 18:18:12.347 E/TrackingFidelityService( 1206): Attempting to apply a mux mode for a color translator with no camera system available. THIS SHOULD NOT HAPPEN OUTSIDE OF TESTING!
11-18 18:18:12.347 E/TrackingFidelityService( 1206): requestFeaturesWithFidelities: Neither inside out, face/eye nor color translator can process requested feature fidelities.
11-18 18:18:12.350 D/OnDemandManager( 1151): On demand telemetry statsd fetched 0 statsd reports
11-18 18:18:12.352 W/Tracking( 1215): VIPER: Frame Tracking (0.034943336 [sec]) exceeded camera sampling time (0.033333333 [sec]).
11-18 18:18:12.354 I/Tracking( 1215): LocalizationStateMachine: LocalizationStateMachine updated from LoadSubmapList to FineLocalizationOnly
11-18 18:18:12.355 D/OnDemandManager( 1151): On demand telemetry statsd fetched 0 samples
11-18 18:18:12.356 I/MRSS    ( 1194): MIXEDREALITY: MrServiceView: renderIteration: Sleeping the rendering thread for 500 ms since ID is off and no active PT layers.
11-18 18:18:12.362 I/VrRuntimeService( 1752): RuntimeServiceSDKServer::SetGuardianSystemState: 1310376013
11-18 18:18:12.362 I/GuardianSDKServerMgr( 2387): GuardianSDKServerStateSnapshot::Sync: Flags changed: 524288, 532480, SYSTEM_GUARDIAN_VALID to SYSTEM_GUARDIAN_VISIBLE,SYSTEM_GUARDIAN_VALID
11-18 18:18:12.370 I/EnvironmentBlendModeHelper( 1752): Client 6 (com.oculus.vrguardianservice) changed environment blend mode to OPAQUE
11-18 18:18:12.501 I/PreferenceListener( 1752): Preference 'is_displaying_passthrough_content' set to 0
11-18 18:18:12.501 I/VrRuntimeService( 1752): Input preference 'is_displaying_passthrough_content' changed from 1 to 0
11-18 18:18:12.502 I/GuardianPreferenceStoreListener( 2387): [GuardianPreferenceStoreListener] synced preference change: is_displaying_passthrough_content: 1 -> 0
11-18 18:18:12.607 I/Tracking( 1215): LocalizationStateMachine: LocalizationStateMachine updated from FineLocalizationOnly to Cooldown
11-18 18:18:12.706 I/OpenXR_Anchor( 2387): xrQuerySpacesFB: split anchor query enabled
11-18 18:18:12.707 I/[CT]    ( 2387): SP:AF:InsightAnchorApi: QueryAnchorSpaces loadAndQueryAvailableAnchors flow. (task start) duration: 0.000000000 [sec], flags: 44, location: StorageLocation::LOCAL(1), method: 1, request: 367, source: SourceType::EXCLUDE_LIVE_TRACKER(2)
11-18 18:18:12.707 I/StateMachine2( 2387): StateMachine2Base::AddHistoryEntry AnchorQuery: Transition  ReadyToQuery -> Querying
11-18 18:18:12.707 I/[CT]    ( 2387): RuntimeIpcHelper: RuntimeIpcClient::CALL_RPC isAsync: true, func: loadAvailableAnchors
11-18 18:18:12.709 I/[CT]    ( 3775): SP:AP:AnchorPersistenceRuntimeIpcServer: checkRPC start: sessionUuid:4d22a9d8-02cc-7eb4-0a9e-50534ac4cb28, clientId:1310376013, givenPackageName:com.oculus.guardian
11-18 18:18:12.709 I/[CT]    ( 3775): SP:AP:AnchorPersistenceRuntimeIpcServer: checkPackageAccess - detectedPackageName:com.oculus.guardian, detectedProcessName:com.oculus.vrguardianservice, givenPackageName:com.oculus.guardian
11-18 18:18:12.709 I/[CT]    ( 3775): SP:AP:AnchorPersistenceRuntimeIpcServer: checkRPC package name matches: sessionUuid:4d22a9d8-02cc-7eb4-0a9e-50534ac4cb28, clientId:1310376013, givenPackageName:com.oculus.guardian, detectedPackageName:com.oculus.guardian, detectedProcessName:com.oculus.vrguardianservice
11-18 18:18:12.709 I/[CT]    ( 3775): SP:AP:AnchorPersistenceRuntimeIpcServer: queryAvailableAnchorsSMV2: clientId: 1310376013, maxAnchors: 500, filter: 0, queryMultipleRoomsEnabledByOpenXrVersion: false, source: 2, appId: com.oculus.guardian
11-18 18:18:12.709 I/[CT]    ( 3775): SP:AP:AnchorPersistenceConfig: getSceneRuntimePermissionEnabled: USE_SCENE permission is enabled on this device
11-18 18:18:12.709 I/[CT]    ( 3775): SP:AP:AnchorPersistenceScenePermissions: hasClientGrantedScenePermission: USE_SCENE permission is enabled on this device, check client 1310376013, grant is true
11-18 18:18:12.710 I/[CT]    ( 3775): SP:AP:AnchorPersistenceConfig: getSceneRuntimePermissionEnabled: USE_SCENE permission is enabled on this device
11-18 18:18:12.710 I/[CT]    ( 3775): SP:AP:AnchorPersistenceScenePermissions: hasClientGrantedScenePermission: USE_SCENE permission is enabled on this device, check client 1310376013, grant is true
11-18 18:18:12.710 I/[CT]    ( 3775): SP:AP:AnchorPersistence: loadAvailableAnchorsLocal: appId: com.oculus.guardian, queryMultipleRoomsEnabledAppId: , queryMultipleRoomsEnabledByOpenXrVersion: false, applyEffectiveSingleRoomFilter: false
11-18 18:18:12.712 W/[CT]    ( 3775): SP:AP:AnchorLocalStorage: loadAvailableAnchors loaded 0 anchors
11-18 18:18:12.712 I/[CT]    ( 3775): SP:AP:AnchorPersistenceConfig: getSceneRuntimePermissionEnabled: USE_SCENE permission is enabled on this device
11-18 18:18:12.714 I/[CT]    ( 3775): SP:SceneAnchorFilterUtil: filterSceneDataByPermission: com.oculus.guardian permission check passed, keep scene data. anchors size: 0
11-18 18:18:12.714 I/[CT]    ( 3775): SP:AP:AnchorPersistence: loadAvailableAnchors: Checking for killswitch based filtering
11-18 18:18:12.715 I/[CT]    ( 3775): SP:SceneAnchorFilterUtil: filterOutEntitiesAndComponents : Guardian:true, App OpenXR Version patch:34 (vs. min patch without filtering 45), appIdInOverrideString:false, ocKillswitch:false, fsKillswitch:false
11-18 18:18:12.726 I/[CT]    ( 2387): SP:AF:InsightAnchorApi: QueryAnchorSpaces (task finish) returnCode: AnchorResultCode::SUCCESS(0), numSpacesFound: 0, spacesFoundUuids: [], duration: 0.000000000 [sec], flags: 44, location: 1, method: 1, request: 367
11-18 18:18:12.730 I/[CT]    ( 2387): SP:TREX:SpatialPersistencePlugin: Event type: 6
11-18 18:18:12.730 I/TREX    ( 2387): Spatial Persistence event: QuerySpacesFinish
11-18 18:18:12.730 I/GuardianTelemetry( 2387): [ovrStatsThreadGuardian::SendGuardianStateChangeTelemetry] Sending state change event ANCHOR_QUERY_FAILED, dialog 
11-18 18:18:12.731 I/[CT]    ( 2387): MrTrackerMgr: Ignoring abandoned query complete event result. request [674309866134] != current request [32088581143396453]
11-18 18:18:12.740 I/StateMachine2( 2387): StateMachine2Base::AddHistoryEntry AnchorQuery: Transition  Querying -> ReadyToQuery | Query complete
11-18 18:18:12.825 I/ServiceInputManager( 1752): HANDTRACKING hand 0 status set to OutOfView
11-18 18:18:12.857 I/MRSS    ( 1194): MIXEDREALITY: GlFramebufferFactory: framebuffer pool clearing the cache
11-18 18:18:12.857 I/MRSS    ( 1194): MIXEDREALITY: MrServiceView: renderIteration: Hibernating the rendering thread since ID is off and no active PT layers.
11-18 18:18:12.872 I/[CT]    ( 3775): SP:AP:AnchorPersistenceConfig: PreferencesManager: has_seen_spatial_data_sharing_notice_v2: false
11-18 18:18:12.873 I/[CT]    ( 3775): SP:AP:AnchorPersistenceConfig: PreferencesManager: anchor_persistence_cloud_anchor_service_enabled: true
11-18 18:18:12.874 I/[CT]    ( 3775): SP:AP:AnchorPersistenceConfig: getCloudPermissionEnabledVps: userPreference(anchor_persistence_cloud_anchor_service_enabled_vps)=true, cloudPermissionOverride: -1
11-18 18:18:12.883 I/[CT]    ( 3775): SlamAnchorPersistenceRuntimeIpcClient: SlamAnchorPersistenceRuntimeIpcClient: Get Features Query took 0.00901448 s. Query timestamp = 1468206361837
11-18 18:18:12.899 I/[CT]    ( 3775): CasNetworkTelemetryObserver: CasNetworkTelemetryObserver onEOM
11-18 18:18:12.902 D/TelemetryService( 1151): PathwayGuard: from OSSDK/NDK is not allowed to send oculus_sps_network_stats; dropping; Please use the Statsd approach https://www.internalfb.com/intern/wiki/HzOS_Systems/HzOS_Systems_Performance_and_Reliability/VROS_System_Insights/VROS_Telemetry/XFN/Statsd/
11-18 18:18:12.902 D/TelemetryService( 1151): Reported oculus_telemetry_blocked_ossdk_events breach event
11-18 18:18:12.926 I/BodyApiService( 7363): NativeCode:Update
11-18 18:18:12.937 I/[CT]    ( 3775): SP:VpsModule:RequestHandler: VPS request finished event uuid: 30204a4e-a4c9-e914-9f35-1a71ae440c7c
11-18 18:18:12.937 E/[CT]    ( 3775): SP:VpsModule:TelemertyReporter: VPS request failed with vps error code: -40009 event uuid: 30204a4e-a4c9-e914-9f35-1a71ae440c7c
11-18 18:18:12.937 E/[CT]    ( 3775): SP:VpsModule:TelemertyReporter: VPS request failed with graphql errors: 4319001
11-18 18:18:12.955 W/Tracking( 1215): VIPER: Frame Tracking (0.036433545 [sec]) exceeded camera sampling time (0.033333333 [sec]).
11-18 18:18:12.955 I/Tracking( 1215): Vega: [INSIGHTS] Mode=DescriptorVega,6DoF,Agg=7s,Inl=26,34,46,Mem=123.7,FrameDur=21.0,58.2,PoseLat=2.5,3.1,CamImuLat=11.1,23.4,Jit=0.0,0.0,Drops(Cam=0,IMU=0),MeanIr=2297.4,Exp(6.0ms,g=5,I=75)(6.6ms,g=6,I=58)(6.6ms,g=6,I=91)(5.4ms,g=4,I=74),NonInertEnv=?
11-18 18:18:12.959 I/ServiceInputManager( 1752): HANDTRACKING hand 0 status set to Tracked
11-18 18:18:13.017 I/VrApi   ( 3392): FPS=90/90,Prd=35ms,Tear=0,Early=0,Stale=0,Stale2/5/10/max=0/0/0/0,VSnc=1,Lat=-1,Fov=0,CPU4/GPU=2/4,1171/441MHz,OC=FF,TA=0/0/0,SP=N/N/N,Mem=2092MHz,Free=2429MB,PLS=0,Temp=40.5C/0.0C,TW=2.07ms,App=6.27ms,GD=0.00ms,CPU&GPU=15.80ms,LCnt=2(DR90,LM2),GPU%=0.78,CPU%=0.36(W0.43),CFL=11.90/16.54,ICFLp95=14.58,LD=0,SF=1.00,LP=0,DVFS=0
11-18 18:18:13.024 W/MemoryBroker( 1447): attachClient: found client in attached list (uid: 10074, pid: 7363)
11-18 18:18:13.024 W/MemoryBrokerClient( 7363): BodyTracker: failed to remap BODY_TRACKER: getSharedMemoryFileDescriptor (Status(-1, EX_SECURITY): 'client connected before TrackingService')
11-18 18:18:13.066 I/VrRuntimeClient( 6962): UpdateEvents: Detected LOCAL_FLOOR reference space update. Sending reference space update event
11-18 18:18:13.066 I/VrRuntimeClient( 6962): UpdateEvents: Detected LOCAL reference space update. Sending reference space update event
11-18 18:18:13.066 I/VrRuntimeClient( 6962): UpdateEvents: Detected STAGE reference space update. Sending reference space update event
11-18 18:18:13.066 I/chromium( 6962): [INFO:device/vr/openxr/openxr_api_wrapper.cc:2040] XR_TYPE_EVENT_DATA_REFERENCE_SPACE_CHANGE_PENDING for space 2
11-18 18:18:13.066 I/chromium( 6962): [INFO:device/vr/openxr/openxr_api_wrapper.cc:2040] XR_TYPE_EVENT_DATA_REFERENCE_SPACE_CHANGE_PENDING for space 3
11-18 18:18:13.097 I/[CT]    ( 7363): BOLT:TorchDelegate: Copying output tensor data from 0x7f2c194080 to 0x7e15966630
11-18 18:18:13.122 I/[CT]    ( 7363): BOLT:TorchDelegate: Copying input tensor data from 0x7dff68c810 to 0x7f2d700080
11-18 18:18:13.126 I/ServiceInputManager( 1752): HANDTRACKING hand 0 status set to OutOfView
11-18 18:18:13.126 I/TrexHandInputDataServerPlugin( 1752): HandInputData NEW MG changed for hand 1  7
11-18 18:18:13.135 W/MemoryBroker( 1447): attachClient: found client in attached list (uid: 10074, pid: 7363)
11-18 18:18:13.159 I/TrexHandInputDataServerPlugin( 1752): HandInputData NEW MG changed for hand 1  0
11-18 18:18:13.271 I/crcs    ( 1000): SetClockLevels: Apply pending clock request change: 2,4 -> 2,3
11-18 18:18:13.272 I/XrFeedbackController( 1752): XrFeedbackController: onStateChanged
11-18 18:18:13.272 I/XrFeedbackController( 1752): XrFeedbackController: feature://xr/feedback/gpu_level --> 3 (raw 0.250000)
11-18 18:18:13.273 W/perfservice(  973): no IRQ hint VR_MODE_GPU_3 found
11-18 18:18:13.342 D/MrSystemService( 1194): MrEngine pause.
11-18 18:18:13.344 D/CameraStream(  979): [mr_monochrome] Client [MrSSCamS(1194)] attempting stop
11-18 18:18:13.344 I/FrameSetDispatcher(  979): [{0,0},{1,0},{2,0},{3,0}] Client pid=1194 (MrSSCamS): Client thread stopping
11-18 18:18:13.345 I/CameraClientManager(  979): [MrSSCamS(1194)][mr_monochrome] client stopped (estimated 0 started clients remaining)
11-18 18:18:13.345 I/CameraClientManager(  979): [[MrSSCamS(1194)][mr_monochrome]] definitely stopping stream
11-18 18:18:13.345 D/NiceCameraSystem(  979): CameraSystem stopping cameras for purpose mr_monochrome
11-18 18:18:13.345 I/FrameSetCollator(  979): [{0,0},{1,0},{2,0},{3,0}] Skipping stop, start count: 4
11-18 18:18:13.345 I/CameraClientManager(  979): [[MrSSCamS(1194)][mr_monochrome]] stream stop completed
11-18 18:18:13.345 D/CameraStream(  979): [mr_monochrome] Client [MrSSCamS(1194)]: stop complete
11-18 18:18:13.391 I/[CT]    ( 3775): CasNetworkTelemetryObserver: CasNetworkTelemetryObserver onEOM
11-18 18:18:13.393 I/[CT]    ( 3775): SP:VpsModule:RequestHandler: VPS request finished event uuid: 0b428bd3-14ba-8615-e9f1-38d4869968c9
11-18 18:18:13.393 E/[CT]    ( 3775): SP:VpsModule:TelemertyReporter: VPS request failed with vps error code: -40009 event uuid: 0b428bd3-14ba-8615-e9f1-38d4869968c9
11-18 18:18:13.393 E/[CT]    ( 3775): SP:VpsModule:TelemertyReporter: VPS request failed with graphql errors: 4319001
11-18 18:18:13.395 D/TelemetryService( 1151): PathwayGuard: from OSSDK/NDK is not allowed to send oculus_sps_network_stats; dropping; Please use the Statsd approach https://www.internalfb.com/intern/wiki/HzOS_Systems/HzOS_Systems_Performance_and_Reliability/VROS_System_Insights/VROS_Telemetry/XFN/Statsd/
11-18 18:18:13.395 D/TelemetryService( 1151): Reported oculus_telemetry_blocked_ossdk_events breach event
11-18 18:18:13.402 I/Tracking( 1215): LocalizationStateMachine: LocalizationStateMachine updated from Cooldown to CoarseAndFineLocalization
11-18 18:18:13.404 I/[CT]    ( 3775): SP:AP:AnchorPersistenceConfig: PreferencesManager: has_seen_spatial_data_sharing_notice_v2: false
11-18 18:18:13.405 I/[CT]    ( 3775): SP:AP:AnchorPersistenceConfig: PreferencesManager: anchor_persistence_cloud_anchor_service_enabled: true
11-18 18:18:13.405 I/[CT]    ( 3775): SP:AP:AnchorPersistenceConfig: getCloudPermissionEnabledVps: userPreference(anchor_persistence_cloud_anchor_service_enabled_vps)=true, cloudPermissionOverride: -1
11-18 18:18:13.417 I/[CT]    ( 3775): SlamAnchorPersistenceRuntimeIpcClient: SlamAnchorPersistenceRuntimeIpcClient: Get Features Query took 0.01205922 s. Query timestamp = 1468735685275
11-18 18:18:13.668 I/Tracking( 1215): LocalizationStateMachine: LocalizationStateMachine updated from CoarseAndFineLocalization to LoadSubmapList
11-18 18:18:13.668 I/Tracking( 1215): VEGA_MAPPER: Scheduling scheduleLoadSubmapSets with 1 sets
11-18 18:18:13.692 I/Tracking( 1215): VegaMapLoader: The map contains multiple spanning trees.
11-18 18:18:13.710 I/OpenXR_Anchor( 2387): xrQuerySpacesFB: split anchor query enabled
11-18 18:18:13.710 I/[CT]    ( 2387): SP:AF:InsightAnchorApi: QueryAnchorSpaces loadAndQueryAvailableAnchors flow. (task start) duration: 0.000000000 [sec], flags: 44, location: StorageLocation::LOCAL(1), method: 1, request: 368, source: SourceType::EXCLUDE_LIVE_TRACKER(2)
11-18 18:18:13.710 I/StateMachine2( 2387): StateMachine2Base::AddHistoryEntry AnchorQuery: Transition  ReadyToQuery -> Querying
11-18 18:18:13.711 I/[CT]    ( 2387): RuntimeIpcHelper: RuntimeIpcClient::CALL_RPC isAsync: true, func: loadAvailableAnchors
11-18 18:18:13.712 I/[CT]    ( 3775): SP:AP:AnchorPersistenceRuntimeIpcServer: checkRPC start: sessionUuid:4d22a9d8-02cc-7eb4-0a9e-50534ac4cb28, clientId:1310376013, givenPackageName:com.oculus.guardian
11-18 18:18:13.712 I/[CT]    ( 3775): SP:AP:AnchorPersistenceRuntimeIpcServer: checkPackageAccess - detectedPackageName:com.oculus.guardian, detectedProcessName:com.oculus.vrguardianservice, givenPackageName:com.oculus.guardian
11-18 18:18:13.712 I/[CT]    ( 3775): SP:AP:AnchorPersistenceRuntimeIpcServer: checkRPC package name matches: sessionUuid:4d22a9d8-02cc-7eb4-0a9e-50534ac4cb28, clientId:1310376013, givenPackageName:com.oculus.guardian, detectedPackageName:com.oculus.guardian, detectedProcessName:com.oculus.vrguardianservice
11-18 18:18:13.712 I/[CT]    ( 3775): SP:AP:AnchorPersistenceRuntimeIpcServer: queryAvailableAnchorsSMV2: clientId: 1310376013, maxAnchors: 500, filter: 0, queryMultipleRoomsEnabledByOpenXrVersion: false, source: 2, appId: com.oculus.guardian
11-18 18:18:13.712 I/[CT]    ( 3775): SP:AP:AnchorPersistenceConfig: getSceneRuntimePermissionEnabled: USE_SCENE permission is enabled on this device
11-18 18:18:13.712 I/[CT]    ( 3775): SP:AP:AnchorPersistenceScenePermissions: hasClientGrantedScenePermission: USE_SCENE permission is enabled on this device, check client 1310376013, grant is true
11-18 18:18:13.712 I/[CT]    ( 3775): SP:AP:AnchorPersistenceConfig: getSceneRuntimePermissionEnabled: USE_SCENE permission is enabled on this device
11-18 18:18:13.712 I/[CT]    ( 3775): SP:AP:AnchorPersistenceScenePermissions: hasClientGrantedScenePermission: USE_SCENE permission is enabled on this device, check client 1310376013, grant is true
11-18 18:18:13.712 I/[CT]    ( 3775): SP:AP:AnchorPersistence: loadAvailableAnchorsLocal: appId: com.oculus.guardian, queryMultipleRoomsEnabledAppId: , queryMultipleRoomsEnabledByOpenXrVersion: false, applyEffectiveSingleRoomFilter: false
11-18 18:18:13.715 W/[CT]    ( 3775): SP:AP:AnchorLocalStorage: loadAvailableAnchors loaded 0 anchors
11-18 18:18:13.715 I/[CT]    ( 3775): SP:AP:AnchorPersistenceConfig: getSceneRuntimePermissionEnabled: USE_SCENE permission is enabled on this device
11-18 18:18:13.718 I/[CT]    ( 3775): SP:SceneAnchorFilterUtil: filterSceneDataByPermission: com.oculus.guardian permission check passed, keep scene data. anchors size: 0
11-18 18:18:13.718 I/[CT]    ( 3775): SP:AP:AnchorPersistence: loadAvailableAnchors: Checking for killswitch based filtering
11-18 18:18:13.718 I/[CT]    ( 3775): SP:SceneAnchorFilterUtil: filterOutEntitiesAndComponents : Guardian:true, App OpenXR Version patch:34 (vs. min patch without filtering 45), appIdInOverrideString:false, ocKillswitch:false, fsKillswitch:false
11-18 18:18:13.727 I/[CT]    ( 2387): SP:AF:InsightAnchorApi: QueryAnchorSpaces (task finish) returnCode: AnchorResultCode::SUCCESS(0), numSpacesFound: 0, spacesFoundUuids: [], duration: 0.000000000 [sec], flags: 44, location: 1, method: 1, request: 368
11-18 18:18:13.733 I/[CT]    ( 2387): SP:TREX:SpatialPersistencePlugin: Event type: 6
11-18 18:18:13.733 I/TREX    ( 2387): Spatial Persistence event: QuerySpacesFinish
11-18 18:18:13.733 I/GuardianTelemetry( 2387): [ovrStatsThreadGuardian::SendGuardianStateChangeTelemetry] Sending state change event ANCHOR_QUERY_FAILED, dialog 
11-18 18:18:13.733 I/[CT]    ( 2387): MrTrackerMgr: Ignoring abandoned query complete event result. request [674309866136] != current request [32088581143396453]
11-18 18:18:13.743 I/StateMachine2( 2387): StateMachine2Base::AddHistoryEntry AnchorQuery: Transition  Querying -> ReadyToQuery | Query complete
11-18 18:18:13.773 I/Tracking( 1215): VegaMapLoader: BA units loaded 5/5, MapPointCount 1718, MapPointFreeSlotNum 2482
11-18 18:18:13.926 I/[CT]    ( 3775): CasNetworkTelemetryObserver: CasNetworkTelemetryObserver onEOM
11-18 18:18:13.927 I/[CT]    ( 3775): SP:VpsModule:RequestHandler: VPS request finished event uuid: 0b519e93-611f-873a-d362-0b93e5052bda
11-18 18:18:13.927 E/[CT]    ( 3775): SP:VpsModule:TelemertyReporter: VPS request failed with vps error code: -40009 event uuid: 0b519e93-611f-873a-d362-0b93e5052bda
11-18 18:18:13.927 E/[CT]    ( 3775): SP:VpsModule:TelemertyReporter: VPS request failed with graphql errors: 4319001
11-18 18:18:13.928 I/BodyApiService( 7363): NativeCode:Update
11-18 18:18:13.930 D/TelemetryService( 1151): PathwayGuard: from OSSDK/NDK is not allowed to send oculus_sps_network_stats; dropping; Please use the Statsd approach https://www.internalfb.com/intern/wiki/HzOS_Systems/HzOS_Systems_Performance_and_Reliability/VROS_System_Insights/VROS_Telemetry/XFN/Statsd/
11-18 18:18:13.930 D/TelemetryService( 1151): Reported oculus_telemetry_blocked_ossdk_events breach event
11-18 18:18:13.937 I/Tracking( 1215): LocalizationStateMachine: LocalizationStateMachine updated from LoadSubmapList to FineLocalizationOnly
11-18 18:18:13.940 I/[CT]    ( 3775): SP:AP:AnchorPersistenceConfig: PreferencesManager: has_seen_spatial_data_sharing_notice_v2: false
11-18 18:18:13.941 I/[CT]    ( 3775): SP:AP:AnchorPersistenceConfig: PreferencesManager: anchor_persistence_cloud_anchor_service_enabled: true
11-18 18:18:13.941 I/[CT]    ( 3775): SP:AP:AnchorPersistenceConfig: getCloudPermissionEnabledVps: userPreference(anchor_persistence_cloud_anchor_service_enabled_vps)=true, cloudPermissionOverride: -1
11-18 18:18:13.953 I/[CT]    ( 3775): SlamAnchorPersistenceRuntimeIpcClient: SlamAnchorPersistenceRuntimeIpcClient: Get Features Query took 0.011424272 s. Query timestamp = 1469265152776
11-18 18:18:14.001 W/Tracking( 1215): VisionInterface: IMU Update exceeded imu sampling period: update=0.001264948 [sec], period=0.001000000 [sec].
11-18 18:18:14.017 I/VrApi   ( 3392): FPS=90/90,Prd=34ms,Tear=0,Early=0,Stale=0,Stale2/5/10/max=0/0/0/0,VSnc=1,Lat=-1,Fov=0,CPU4/GPU=2/3,1171/441MHz,OC=FF,TA=0/0/0,SP=N/N/N,Mem=2092MHz,Free=2429MB,PLS=0,Temp=40.5C/0.0C,TW=2.02ms,App=5.69ms,GD=0.46ms,CPU&GPU=16.32ms,LCnt=3(DR90,LM3),GPU%=0.77,CPU%=0.34(W0.43),CFL=11.83/16.36,ICFLp95=14.51,LD=0,SF=1.00,LP=0,DVFS=0
11-18 18:18:14.024 W/MemoryBroker( 1447): attachClient: found client in attached list (uid: 10074, pid: 7363)
11-18 18:18:14.025 W/MemoryBrokerClient( 7363): BodyTracker: failed to remap BODY_TRACKER: getSharedMemoryFileDescriptor (Status(-1, EX_SECURITY): 'client connected before TrackingService')
11-18 18:18:14.100 I/libcamerahal(  979): [INSIGHTS][2.01s] recv/ret/req heartbeat: cam0: 120/120/120, cam1: 120/120/120, cam2: 119/119/119, cam3: 120/120/120
11-18 18:18:14.135 W/MemoryBroker( 1447): attachClient: found client in attached list (uid: 10074, pid: 7363)
11-18 18:18:14.197 I/Tracking( 1215): LocalizationStateMachine: LocalizationStateMachine updated from FineLocalizationOnly to Cooldown
11-18 18:18:14.395 I/ServiceInputManager( 1752): HANDTRACKING hand 0 status set to Tracked
11-18 18:18:14.439 I/HorizonDsatHelper( 2808): fetchTokenValueAsync - callingPackage: com.oculus.socialplatform, actionName: com.oculus.auth.ACTION_FETCH_HORIZON_DEVICE_SCOPED_CREDENTIALS
11-18 18:18:14.439 I/HorizonDsatHelper( 2808): fetchTokenAsync - forceRefresh: false, actionName: com.oculus.auth.ACTION_FETCH_HORIZON_DEVICE_SCOPED_CREDENTIALS
11-18 18:18:14.439 I/HorizonDsatHelper( 2808): Returning stored token
11-18 18:18:14.440 I/AuthLogger( 2808): Action succeeded: OBTAIN_TOKEN, callingPackage: com.oculus.socialplatform, accountType: com.oculus, tokenType: dsat, extras: {logging_source=HorizonDsatHelper, options={"forceRefresh":false,"method":"fetchTokenValueAsync","isCachedToken":true}, token_scope=ROOT, outcome=token, status=success}, duration: 0ms
11-18 18:18:14.440 I/HorizonDsatHelper( 2808): fetchTokenAsync:: OnResult - callingPackage: com.oculus.socialplatform, actionName: com.oculus.auth.ACTION_FETCH_HORIZON_DEVICE_SCOPED_CREDENTIALS, forceRefresh: false, isResultPresent: true
11-18 18:18:14.470 I/[CT]    ( 3775): CasNetworkTelemetryObserver: CasNetworkTelemetryObserver onEOM
11-18 18:18:14.471 I/[CT]    ( 3775): SP:AP:AnchorPersistenceConfig: PreferencesManager: has_seen_spatial_data_sharing_notice_v2: false
11-18 18:18:14.472 I/[CT]    ( 3775): SP:VpsModule:RequestHandler: VPS request finished event uuid: 87396bfe-b6b7-04ba-6bbe-b63cefd1dda2
11-18 18:18:14.472 E/[CT]    ( 3775): SP:VpsModule:TelemertyReporter: VPS request failed with vps error code: -40009 event uuid: 87396bfe-b6b7-04ba-6bbe-b63cefd1dda2
11-18 18:18:14.472 E/[CT]    ( 3775): SP:VpsModule:TelemertyReporter: VPS request failed with graphql errors: 4319001
11-18 18:18:14.473 D/TelemetryService( 1151): PathwayGuard: from OSSDK/NDK is not allowed to send oculus_sps_network_stats; dropping; Please use the Statsd approach https://www.internalfb.com/intern/wiki/HzOS_Systems/HzOS_Systems_Performance_and_Reliability/VROS_System_Insights/VROS_Telemetry/XFN/Statsd/
11-18 18:18:14.473 D/TelemetryService( 1151): Reported oculus_telemetry_blocked_ossdk_events breach event
11-18 18:18:14.475 I/[CT]    ( 3775): SP:AP:AnchorPersistenceConfig: PreferencesManager: anchor_persistence_cloud_anchor_service_enabled: true
11-18 18:18:14.476 I/[CT]    ( 3775): SP:AP:AnchorPersistenceConfig: getCloudPermissionEnabledVps: userPreference(anchor_persistence_cloud_anchor_service_enabled_vps)=true, cloudPermissionOverride: -1
11-18 18:18:14.491 I/[CT]    ( 3775): SlamAnchorPersistenceRuntimeIpcClient: SlamAnchorPersistenceRuntimeIpcClient: Get Features Query took 0.015511147 s. Query timestamp = 1469796338766
11-18 18:18:14.496 I/ServiceInputManager( 1752): HANDTRACKING hand 0 status set to OutOfView
11-18 18:18:14.581 W/Tracking( 1215): NIMBLE:ExposureControl: [Throttled count=15] Unable to compute adjustment without histogram data
11-18 18:18:14.605 D/TelemetryService( 1151): Upload complete after 711 ms with result: success
11-18 18:18:14.713 I/OpenXR_Anchor( 2387): xrQuerySpacesFB: split anchor query enabled
11-18 18:18:14.713 I/[CT]    ( 2387): SP:AF:InsightAnchorApi: QueryAnchorSpaces loadAndQueryAvailableAnchors flow. (task start) duration: 0.000000000 [sec], flags: 44, location: StorageLocation::LOCAL(1), method: 1, request: 369, source: SourceType::EXCLUDE_LIVE_TRACKER(2)
11-18 18:18:14.713 I/StateMachine2( 2387): StateMachine2Base::AddHistoryEntry AnchorQuery: Transition  ReadyToQuery -> Querying
11-18 18:18:14.713 I/[CT]    ( 2387): RuntimeIpcHelper: RuntimeIpcClient::CALL_RPC isAsync: true, func: loadAvailableAnchors
11-18 18:18:14.715 I/[CT]    ( 3775): SP:AP:AnchorPersistenceRuntimeIpcServer: checkRPC start: sessionUuid:4d22a9d8-02cc-7eb4-0a9e-50534ac4cb28, clientId:1310376013, givenPackageName:com.oculus.guardian
11-18 18:18:14.715 I/[CT]    ( 3775): SP:AP:AnchorPersistenceRuntimeIpcServer: checkPackageAccess - detectedPackageName:com.oculus.guardian, detectedProcessName:com.oculus.vrguardianservice, givenPackageName:com.oculus.guardian
11-18 18:18:14.715 I/[CT]    ( 3775): SP:AP:AnchorPersistenceRuntimeIpcServer: checkRPC package name matches: sessionUuid:4d22a9d8-02cc-7eb4-0a9e-50534ac4cb28, clientId:1310376013, givenPackageName:com.oculus.guardian, detectedPackageName:com.oculus.guardian, detectedProcessName:com.oculus.vrguardianservice
11-18 18:18:14.715 I/[CT]    ( 3775): SP:AP:AnchorPersistenceRuntimeIpcServer: queryAvailableAnchorsSMV2: clientId: 1310376013, maxAnchors: 500, filter: 0, queryMultipleRoomsEnabledByOpenXrVersion: false, source: 2, appId: com.oculus.guardian
11-18 18:18:14.715 I/[CT]    ( 3775): SP:AP:AnchorPersistenceConfig: getSceneRuntimePermissionEnabled: USE_SCENE permission is enabled on this device
11-18 18:18:14.715 I/[CT]    ( 3775): SP:AP:AnchorPersistenceScenePermissions: hasClientGrantedScenePermission: USE_SCENE permission is enabled on this device, check client 1310376013, grant is true
11-18 18:18:14.715 I/[CT]    ( 3775): SP:AP:AnchorPersistenceConfig: getSceneRuntimePermissionEnabled: USE_SCENE permission is enabled on this device
11-18 18:18:14.715 I/[CT]    ( 3775): SP:AP:AnchorPersistenceScenePermissions: hasClientGrantedScenePermission: USE_SCENE permission is enabled on this device, check client 1310376013, grant is true
11-18 18:18:14.715 I/[CT]    ( 3775): SP:AP:AnchorPersistence: loadAvailableAnchorsLocal: appId: com.oculus.guardian, queryMultipleRoomsEnabledAppId: , queryMultipleRoomsEnabledByOpenXrVersion: false, applyEffectiveSingleRoomFilter: false
11-18 18:18:14.718 W/[CT]    ( 3775): SP:AP:AnchorLocalStorage: loadAvailableAnchors loaded 0 anchors
11-18 18:18:14.718 I/[CT]    ( 3775): SP:AP:AnchorPersistenceConfig: getSceneRuntimePermissionEnabled: USE_SCENE permission is enabled on this device
11-18 18:18:14.721 I/[CT]    ( 3775): SP:SceneAnchorFilterUtil: filterSceneDataByPermission: com.oculus.guardian permission check passed, keep scene data. anchors size: 0
11-18 18:18:14.721 I/[CT]    ( 3775): SP:AP:AnchorPersistence: loadAvailableAnchors: Checking for killswitch based filtering
11-18 18:18:14.722 I/[CT]    ( 3775): SP:SceneAnchorFilterUtil: filterOutEntitiesAndComponents : Guardian:true, App OpenXR Version patch:34 (vs. min patch without filtering 45), appIdInOverrideString:false, ocKillswitch:false, fsKillswitch:false
11-18 18:18:14.722 E/[SUI] SocialViewModel( 4829): Failed to fetch current party data
11-18 18:18:14.725 I/[CT]    ( 2387): SP:AF:InsightAnchorApi: QueryAnchorSpaces (task finish) returnCode: AnchorResultCode::SUCCESS(0), numSpacesFound: 0, spacesFoundUuids: [], duration: 0.000000000 [sec], flags: 44, location: 1, method: 1, request: 369
11-18 18:18:14.736 I/[CT]    ( 2387): SP:TREX:SpatialPersistencePlugin: Event type: 6
11-18 18:18:14.736 I/TREX    ( 2387): Spatial Persistence event: QuerySpacesFinish
11-18 18:18:14.736 I/GuardianTelemetry( 2387): [ovrStatsThreadGuardian::SendGuardianStateChangeTelemetry] Sending state change event ANCHOR_QUERY_FAILED, dialog 
11-18 18:18:14.736 I/[CT]    ( 2387): MrTrackerMgr: Ignoring abandoned query complete event result. request [674309866138] != current request [32088581143396453]
11-18 18:18:14.741 I/ServiceInputManager( 1752): HANDTRACKING hand 1 status set to OutOfView
11-18 18:18:14.746 I/[SEO] ShellInputConfigurationDataProvider( 3392): InteractionMode changed, mode: Null activation method: No Device Present displayTimeActivated 1470.366908
11-18 18:18:14.746 I/StateMachine2( 2387): StateMachine2Base::AddHistoryEntry AnchorQuery: Transition  Querying -> ReadyToQuery | Query complete
11-18 18:18:14.924 D/ControllerNotifications( 2132): Enabling notifications
11-18 18:18:14.926 I/ControllerNotifications( 2132): Skipping input notifications for device 0 (state=ConnectedBatteryNormal) (mShuttingDown?: false, mNotificationsEnabled?: true, mHandTrackingEnabled?: true, mMultimodalityEnabled?: false)
11-18 18:18:14.926 I/ControllerNotifications( 2132): Skipping input notifications for device 2 (state=NotPaired) (mShuttingDown?: false, mNotificationsEnabled?: true, mHandTrackingEnabled?: true, mMultimodalityEnabled?: false)
11-18 18:18:14.940 I/BodyApiService( 7363): NativeCode:Update
11-18 18:18:14.997 I/Tracking( 1215): LocalizationStateMachine: LocalizationStateMachine updated from Cooldown to CoarseAndFineLocalization
11-18 18:18:15.001 I/[CT]    ( 3775): SP:AP:AnchorPersistenceConfig: PreferencesManager: has_seen_spatial_data_sharing_notice_v2: false
11-18 18:18:15.001 I/[CT]    ( 3775): SP:AP:AnchorPersistenceConfig: PreferencesManager: anchor_persistence_cloud_anchor_service_enabled: true
