11-18 18:22:20.112 I/ShellHsr( 3392): Embodiment: EmbodimentAvatar Setting Avatar 131073 to visible with default avatar because avatar loading failed 1 times
11-18 18:22:20.112 E/Tracking( 1215): ConstellationHealthMonitor: Attempting to register a 4-th controller with id, 17761232222865225157
11-18 18:22:20.112 I/[SEO] TelemetryProvider( 3392): Reporting wake time 800
11-18 18:22:20.112 I/VrRuntimeClient( 3392): UpdateEvents: Detected LOCAL_FLOOR reference space update. Sending reference space update event
11-18 18:22:20.112 I/VrRuntimeClient( 3392): UpdateEvents: Detected LOCAL reference space update. Sending reference space update event
11-18 18:22:20.112 I/[SEO] VrPlatformOpenXr( 3392): xrPollEvent: received XR_TYPE_EVENT_DATA_REFERENCE_SPACE_CHANGE_PENDING event: 1000426000
11-18 18:22:20.112 I/[SEO] VrPlatformOpenXr( 3392): xrPollEvent: received XR_TYPE_EVENT_DATA_REFERENCE_SPACE_CHANGE_PENDING event: 2
11-18 18:22:20.112 I/[SEO] VrPlatformOpenXr( 3392): XR_TYPE_EVENT_DATA_REFERENCE_SPACE_CHANGE_PENDING : XR_REFERENCE_SPACE_TYPE_LOCAL
11-18 18:22:20.112 I/Shell   ( 3392): BaseApp : hibernate event recorded: eh=UNHI,PEND,HBNT,UNHI,PEND,HBNT,UNHI,PEND,HBNT,UNHI,PEND,HBNT,UNHI,PEND,HBNT,UNHI  et=00215333,00222807,00222807,00222c72,0023de83,0023de83,0023e28e,0024efc2,0024efc2,0025103d,0025a295,0025a295,0025abfd,0029ebc2,0029ebc2,002c4b50,
11-18 18:22:20.112 I/Shell   ( 3392): LocalHsrAvatarSystem::setLocalUserInactive(): inactive = 0
11-18 18:22:20.113 I/VrRuntimeClient( 3392): UpdateEvents: HMT was mounted
11-18 18:22:20.114 I/FenceChecker( 3392): FenceChecker::MainLoop - started
11-18 18:22:20.114 I/Tracking( 1215): CNNDetectorBase: Initializing CNNHandRegressionDetector with expected input size 640(width)x480(height)
11-18 18:22:20.114 I/Tracking( 1215): NIMBLE:CNNHandRegressionDetector: Creating CNNHandRegressionDetector with stackSize 6 nnWH:640x480, outputNo:1, isPtl: false
11-18 18:22:20.114 I/Tracking( 1215): NIMBLE:CNNHandRegressionDetector: Done: CNNHandRegressionDetector created.
11-18 18:22:20.114 I/Tracking( 1215): NIMBLE:PipelineAssetManager: [Prepare] Loading pose network v2 from: /system/etc/handtracking/runtime/dpe/DPEV29MG.ptl
11-18 18:22:20.114 I/Tracking( 1215): NIMBLE:DPE_HandTracker: Initializing DPETorchModelV2 with model: /system/etc/handtracking/runtime/dpe/DPEV29MG.ptl
11-18 18:22:20.119 D/ControllerManagement( 2125): RemoteService::recordControllerStatusUpdate: device f67c929a891a75c5: status: CONNECTED_ACTIVE tracking: NONE, errors: --
11-18 18:22:20.121 I/[CT]    ( 3775): SP:SceneAnchorFilterUtil: filterSceneDataByPermission: com.oculus.vrshell permission check passed, keep scene data. anchors size: 0
11-18 18:22:20.121 I/[CT]    ( 3775): SP:AP:AnchorLocalStorageQuery: applyFilters: no anchors to load
11-18 18:22:20.121 I/[CT]    ( 3775): SP:AP:AnchorLocalStorageQuery: operator(): Discovered 0 anchors locally
11-18 18:22:20.121 I/[CT]    ( 3775): SP:AP:AnchorPersistence: discoverSpacesLocal queryResult success, request: 82
11-18 18:22:20.121 I/[CT]    ( 3775): SP:AP:AnchorPersistence: DiscoverSpaces local query success took: 0.011357084
11-18 18:22:20.121 I/[CT]    ( 3775): SP:AP:AnchorPersistence: discoverSpacesLocal: Checking for killswitch based filtering
11-18 18:22:20.121 I/[CT]    ( 3775): SP:SceneAnchorFilterUtil: filterOutEntitiesAndComponents : Guardian:false, App OpenXR Version patch:49 (vs. min patch without filtering 45), appIdInOverrideString:false, ocKillswitch:false, fsKillswitch:false
11-18 18:22:20.121 I/[CT]    ( 3775): SP:AP:AnchorPersistence: DiscoverSpaces local query success finish took: 0.011433178
11-18 18:22:20.122 I/[CT]    ( 3775): SP:AP:AnchorPersistence: Sending DiscoverSpaces finish event returnCode: 0, request: 82
11-18 18:22:20.122 I/[CT]    ( 3775): SP:AP:AnchorPersistenceRuntimeIpcServer: PostClientEvent for DiscoverSpaces finish event: requestHandle 82, resultCode: 0
11-18 18:22:20.122 I/[CT]    ( 3392): SP:AF:AnchorFramework: Received DiscoverSpaces finish event returnCode: 0, request: 82, extension suite: ApiExtensionSuite::META(1), exp version: ExperimentalVersion::PROD(1)
11-18 18:22:20.122 I/[CT]    ( 3392): SP:AF:AnchorFramework: registerDiscoverSpacesEventHandler discoverSpacesComplete result code: 0
11-18 18:22:20.131 W/VrDeviceManagerService( 1224): Thread 13984 died before priority could be set on it
11-18 18:22:20.131 W/VrDeviceManagerService( 1224): Thread 13984 in process 1752 died before policy 2 could be set on it
11-18 18:22:20.132 I/SyncBossInput(  979): [info   ] [jedi (right) f67c929a891a75c5]: 13639821 [info   ] {THDG}: inactive_connected -> active_seek
11-18 18:22:20.134 I/Shell   ( 3392): HomeAvatarSystem - solo body visibility set to false
11-18 18:22:20.135 W/ShellHsr( 3392): Embodiment: arvr/projects/hsr/modules/embodiment/code/source/RequestManager.cpp(77) :  requestProcessor_.hasAvatarChanged(entityId = 131073) failed with result 10, ovrAvatar2Result_InvalidEntity
11-18 18:22:20.137 I/[CT]    ( 3392): SP:TREX:SpatialPersistencePlugin: Event type: 23
11-18 18:22:20.137 I/TREX    ( 3392): Spatial Persistence event: spEvent_DiscoverSpacesFinish
11-18 18:22:20.137 I/XrRuntimeSystem_Client( 3392): spEvent_DiscoverSpacesFound: handled in META_spatial_entity_discovery
11-18 18:22:20.137 I/OpenXR  ( 3392): PostSessionStateChange:[pid: 3392] XR_SESSION_STATE_READY -> XR_SESSION_STATE_SYNCHRONIZED
11-18 18:22:20.137 I/[SEO] VrPlatformOpenXr( 3392): xrPollEvent: Unknown event
11-18 18:22:20.137 I/OpenXR  ( 3392): PostSessionStateChange:[pid: 3392] XR_SESSION_STATE_SYNCHRONIZED -> XR_SESSION_STATE_VISIBLE
11-18 18:22:20.137 I/OpenXR  ( 3392): PostSessionStateChange:[pid: 3392] XR_SESSION_STATE_VISIBLE -> XR_SESSION_STATE_FOCUSED
11-18 18:22:20.137 I/[SEO] VrPlatformOpenXr( 3392): xrPollEvent: received XR_TYPE_EVENT_DATA_USER_PRESENCE_CHANGED_EXT event: isUserPresent 1
11-18 18:22:20.137 I/[SEO] VrPlatformOpenXr( 3392): xrPollEvent: received XR_TYPE_EVENT_DATA_SESSION_STATE_CHANGED: 3 for session 0x2 at time 1715.736919
11-18 18:22:20.137 I/[SEO] VrPlatformOpenXr( 3392): Session state changed XR_SESSION_STATE_SYNCHRONIZED
11-18 18:22:20.137 I/[SEO] VrPlatformOpenXr( 3392): xrPollEvent: received XR_TYPE_EVENT_DATA_SESSION_STATE_CHANGED: 4 for session 0x2 at time 1715.736967
11-18 18:22:20.137 I/[SEO] VrPlatformOpenXr( 3392): Session state changed XR_SESSION_STATE_VISIBLE
11-18 18:22:20.137 I/[SEO] VrPlatformOpenXr( 3392): xrPollEvent: received XR_TYPE_EVENT_DATA_SESSION_STATE_CHANGED: 5 for session 0x2 at time 1715.736980
11-18 18:22:20.137 I/[SEO] VrPlatformOpenXr( 3392): Session state changed XR_SESSION_STATE_FOCUSED
11-18 18:22:20.153 D/StrataComposer(  946): setupPrimarySDMSurface: show layer 'vr_compositor_3664x1920' composer layer 52
11-18 18:22:20.157 I/[SEO] ShellApp( 3392): HMD Mount State Changed - mounted - duration in prior state 171.062200s
11-18 18:22:20.157 I/[SEO] LocalSpace( 3392): ResetNextFrame
11-18 18:22:20.157 I/[SEO] LocalSpace( 3392): New Space: quat(-0.157378, 0.003820, 0.023960, 0.987240), translation(0.000000, 1.472362, 0.000000) - Prior Space: quat(-0.007080, -0.000073, -0.010303, 0.999922), translation(0.000000, 1.220000, 0.000000)
11-18 18:22:20.157 I/[SEO] LocalSpace( 3392): Local space version from 122 to 123, local space user version from 0 to 0.
11-18 18:22:20.158 I/[SEO] VrShellDesktopBase( 3392): BackgroundDesktop: Spatial, reason guardian
11-18 18:22:20.158 I/[SEO] DesktopPanelController( 3392): Backgrounded desktop Spatial with reason guardian
11-18 18:22:20.158 I/[SEO] DisplayStatePreservationController( 3392): Applied preserved state by adapter: taskBarPositionAdapter
11-18 18:22:20.158 I/[SEO] DisplayStatePreservationController( 3392): Applied preserved state by adapter: keyboardPreservationAdapter
11-18 18:22:20.158 I/[SEO] DisplayStatePreservationController( 3392): Applied preserved state by adapter: spatialPanelsPositionAdapter
11-18 18:22:20.158 I/OpenXR  ( 3392): xrPerfSettingsSetPerformanceLevelEXT [package=com.oculus.vrshell, domain=cpu, level=boost]
11-18 18:22:20.158 I/OpenXR  ( 3392): xrPerfSettingsSetPerformanceLevelEXT [package=com.oculus.vrshell, domain=gpu, level=boost]
11-18 18:22:20.159 I/RuntimeIPCClient [RUNTIMEIPC]( 3392): InitServerStateBuffer: SUCCESS. 1, Client: com.oculus.vrshell:com.oculus.vrshell:3392, Server: com.oculus.systemdriver:com.oculus.vrruntimeservice:0 (ControllerIPCServer)
11-18 18:22:20.159 I/RuntimeIPCClient [RUNTIMEIPC]( 3392): InitServerStateBuffer: SUCCESS. 2, Client: com.oculus.vrshell:com.oculus.vrshell:3392, Server: com.oculus.systemdriver:com.oculus.vrruntimeservice:0 (ControllerIPCServer)
11-18 18:22:20.159 I/RuntimeIPCClient [RUNTIMEIPC]( 3392): InitServerStateBuffer: SUCCESS. 3, Client: com.oculus.vrshell:com.oculus.vrshell:3392, Server: com.oculus.systemdriver:com.oculus.vrruntimeservice:0 (ControllerIPCServer)
11-18 18:22:20.160 I/InputDevice_Hand_Legacy( 3392): BodyPoweredHands checkSysPropForBodyAPIOverride 0
11-18 18:22:20.161 I/InputDevice_Hand_Legacy( 3392): BodyPoweredHands checkSysPropForBodyAPIOverride 0
11-18 18:22:20.161 I/[SEO] PanelAppAnalytics( 3392): Panel render last: 268100ms avg: 62752ms for com.oculus.vrshell/com.oculus.panelapp.toasts.ToastsActivity
11-18 18:22:20.161 I/[SEO] PanelAppAnalytics( 3392): Panel render last: 44065ms avg: 7891ms for com.oculus.systemux/com.oculus.panelapp.anytimeui.AnytimeUIActivity
11-18 18:22:20.162 I/[SEO] PassthroughFeatureController( 3392): [ConfigureMrServiceClient] Enabling System Reconstructed Passthrough
11-18 18:22:20.162 I/OpenXR_Passthrough( 3392): ------------ xrPassthroughLayerResumeFB -----------
11-18 18:22:20.162 I/MRSS    ( 1194): MIXEDREALITY: MrClientModelStates: setLayerPaused false layer 1002 for client 770767987.
11-18 18:22:20.162 I/MRSS    ( 1194): MIXEDREALITY: MrSvc: PassthroughLayer: setPaused: Layer 1002 is being resumed
11-18 18:22:20.162 I/[SEO] PassthroughFeatureController( 3392): [Render] Passthrough type changed from PT_TYPE_PAUSED to PT_TYPE_SYSTEM_RECONSTRUCTED, requestedPassthroughAlpha 1.000000, requestedDimmingBrightness 0.350000
11-18 18:22:20.162 I/[SEO] SystemTaskBar( 3392): UpdateVisibility(Spatial, 0)
11-18 18:22:20.162 I/[SEO] SystemUXControllerHelper( 3392): OnReorient(reason: 3)
11-18 18:22:20.162 I/[SEO] TelemetryProvider( 3392): aui_reorient system -79 0 0 com.oculus.browser
11-18 18:22:20.159 E/        (    0): [drm:_sde_encoder_phys_wb_wait_for_commit_done:1264] [sde error]wb:2 kickoff timed out
11-18 18:22:20.159 E/        (    0): [drm:sde_kms_wait_for_commit_done:1214] [sde error]wait for commit done returned -110
11-18 18:22:20.163 I/Shell   ( 3392): copresence: microphone state transition, unpaused
11-18 18:22:20.165 I/[SEO] LocalSpace( 3392): Reset - initialRawFromLocalPose: quat(-0.079567, -0.918216, -0.137880, 0.362682), translation(0.070760, -0.029065, 0.151127)
11-18 18:22:20.165 I/[SEO] LocalSpace( 3392): Applying VRAPI Reorient, the reorient reason is 3
11-18 18:22:20.165 I/VrRuntimeService( 1752): RuntimeServiceSDKServer::RecenterLocalSpace
11-18 18:22:20.165 I/VrRuntimeService( 1752): RuntimeServiceSDKServer::RecenterLocalSpace_Internal
11-18 18:22:20.165 I/VrSpaceState( 1752): UpdateLocalSpace
11-18 18:22:20.165 I/VrSpaceState( 1752): SetStateBatched in UpdateLocalSpace
11-18 18:22:20.165 I/VrSpaceState( 1752): Recenter the position
11-18 18:22:20.165 I/VrSpaceState( 1752): shouldRecenter the position: 0
11-18 18:22:20.165 I/VrSpaceState( 1752): UpdateLocalSpace: Src: 2, Version: 124, VersionUser: 0, RawFloorHeightOld: -1.501427, RawFloorHeightNew: -1.501427
11-18 18:22:20.166 I/VrRuntimeService( 1752): RuntimeServiceSDKServer::UpdateRSSDKSpaces_Internal
11-18 18:22:20.166 I/VrRuntimeClient( 3392): UpdateEvents: Detected LOCAL_FLOOR reference space update. Sending reference space update event
11-18 18:22:20.166 I/VrRuntimeClient( 3392): UpdateEvents: Detected LOCAL reference space update. Sending reference space update event
11-18 18:22:20.169 I/VrRuntimeClient( 1194): UpdateEvents: Detected LOCAL_FLOOR reference space update. Sending reference space update event
11-18 18:22:20.169 I/VrRuntimeClient( 1194): UpdateEvents: Detected LOCAL reference space update. Sending reference space update event
11-18 18:22:20.169 I/MRSS    ( 1194): MIXEDREALITY: MrServiceView: (Frame #23141/0) Initialized 1 passthrough layers with presentation layers.
11-18 18:22:20.169 I/MRSS    ( 1194): MIXEDREALITY: MrRuntimeImpl: Changing mode to ImagesAndMesh
11-18 18:22:20.169 I/MRSS    ( 1194): MIXEDREALITY: MrRuntimeImpl: setSessionInitTime: Capability Passthrough: timer set to 1715.768763999 ns, duration reset after 171.490188125 s.
11-18 18:22:20.169 I/MRSS    ( 1194): MIXEDREALITY: MrRuntimeImpl: onResume: Capability Passthrough on device 2.
11-18 18:22:20.169 I/MRSS    ( 1194): MIXEDREALITY: CalibrationRefresher: MR: MrRuntimeImpl:onResume: Updated refresh interval to 10 seconds.
11-18 18:22:20.169 I/MRSS    ( 1194): TELEMETRY_COLLECTOR: Starting periodic telemetry polling...
11-18 18:22:20.169 I/MRSS    ( 1194): MIXEDREALITY: MrSystemServiceIPCServer: Got notification for VisionInterfaceTelemetry, fidelity level: NONE, command: 1
11-18 18:22:20.169 I/MRSS    ( 1194): MIXEDREALITY: CapabilityController: Start VisionInterfaceTelemetry duration: 0.174531 millisec.
11-18 18:22:20.169 D/MrSystemService( 1194): MrEngine resume.
11-18 18:22:20.170 D/CameraStream(  979): [mr_monochrome] Client [MrSSCamS(1194)] attempting start
11-18 18:22:20.172 I/StateMachine2( 2387): StateMachine2Base::AddHistoryEntry GuardianInitialization: Transition  UnmountToMountTransitionState -> AutoStationaryTransitionState | Should create new auto stationary
11-18 18:22:20.172 I/StateMachine2( 2387): StateMachine2Base::AddHistoryEntry ForceShow: Transition  ForceShowOnForTime -> ForceShowOff | stopForceShowEvent
11-18 18:22:20.172 I/StateMachine2( 2387): StateMachine2Base::AddHistoryEntry TrackingLost: Transition  LostTransition -> Lost
11-18 18:22:20.173 I/VrGuardianService( 2387): getSupportedVrFeatures for [com.oculus.browser] (non-system-package)
11-18 18:22:20.173 I/FrameSetDispatcher(  979): [{0,0},{1,0},{2,0},{3,0}] Client pid=1194 (MrSSCamS): Client thread[{0,0},{1,0},{2,] started
11-18 18:22:20.173 I/CameraClientManager(  979): [MrSSCamS(1194)][mr_monochrome] client started (estimated 1 started clients total)
11-18 18:22:20.173 I/CameraClientManager(  979): [[MrSSCamS(1194)][mr_monochrome]] definitely starting stream
11-18 18:22:20.173 I/FrameSetCollator(  979): [{0,0},{1,0},{2,0},{3,0}] Skipping start, current start count: 2
11-18 18:22:20.173 I/CameraClientManager(  979): [[MrSSCamS(1194)][mr_monochrome]] stream start completed
11-18 18:22:20.173 D/CameraStream(  979): [mr_monochrome] Client [MrSSCamS(1194)]: start complete
11-18 18:22:20.175 I/[SEO] DisplayStatePreservationController( 3392): Applied preserved state by adapter: taskBarPositionAdapter
11-18 18:22:20.175 I/[SEO] DisplayStatePreservationController( 3392): Applied preserved state by adapter: keyboardPreservationAdapter
11-18 18:22:20.175 I/[SEO] DisplayStatePreservationController( 3392): Applied preserved state by adapter: spatialPanelsPositionAdapter
11-18 18:22:20.176 W/Tracking( 1215): CONSTELLATION_Right: [Throttled count=268] Right: Could not retrieve 3dof fallback pose.
11-18 18:22:20.176 I/Tracking( 1215): CONSTELLATION:IMU_STATUS: 0xf67c929a891a75c5 (R): [#Samples=1] 720.318s | [FusionTracked=0.000, OutputTracked=0.000, OutputValid=0.000] [AccelSat=0.000, GyroSat=0.000] [AccelMinMeanMax: X=-10.764|-10.764|-10.764, Y=-0.881|-0.881|-0.881, Z=-10.372|-10.372|-10.372] [GyroMinMeanMax: X=0.999|0.999|0.999, Y=1.065|1.065|1.065, Z=3.055|3.055|3.055] [AccelStuck: X=0|0.000, Y=0|0.000, Z=0|0.000] [GyroStuck: X=0|0.000, Y=0|0.000, Z=0|0.000]  [Current time=720.318s, last log time=0.000s]
11-18 18:22:20.176 D/TrackingService( 1215): f67c929a891a75c5: isControllerInHand(1715.78s): 1 ctEnabled: 0 btnPress: 1 btnOrTpdTouch: 0 btnOrTpdProx(1715.78s): 1 thbstkOffCenter: 1 
11-18 18:22:20.176 E/Shell   ( 3392): createPhysicsShape() called with invalid obb extents (0.000000, 0.000000, 0.000000)
11-18 18:22:20.176 E/Shell   ( 3392): _createAndSetupHsrCollisionObject() called with invalid shapeBase
11-18 18:22:20.176 D/TrackingService( 1215): [HANDTRACKING] Controller f67c929a891a75c5 in hand: Y, valid: Y
11-18 18:22:20.176 E/Shell   ( 3392): createPhysicsShape() called with invalid obb extents (0.000000, 0.000000, 0.000000)
11-18 18:22:20.176 E/Shell   ( 3392): _createAndSetupHsrCollisionObject() called with invalid shapeBase
11-18 18:22:20.177 E/Shell   ( 3392): createPhysicsShape() called with invalid obb extents (0.000000, 0.000000, 0.000000)
11-18 18:22:20.177 E/Shell   ( 3392): _createAndSetupHsrCollisionObject() called with invalid shapeBase
11-18 18:22:20.178 D/ControllerManagement( 2125): RemoteService::recordControllerStatusUpdate: device f67c929a891a75c5: status: CONNECTED_ACTIVE tracking: NONE, errors: --
11-18 18:22:20.179 I/[SEO] VrPlatformOpenXr( 3392): xrPollEvent: received XR_TYPE_EVENT_DATA_REFERENCE_SPACE_CHANGE_PENDING event: 1000426000
11-18 18:22:20.179 I/[SEO] VrPlatformOpenXr( 3392): xrPollEvent: received XR_TYPE_EVENT_DATA_REFERENCE_SPACE_CHANGE_PENDING event: 2
11-18 18:22:20.179 I/[SEO] VrPlatformOpenXr( 3392): XR_TYPE_EVENT_DATA_REFERENCE_SPACE_CHANGE_PENDING : XR_REFERENCE_SPACE_TYPE_LOCAL
11-18 18:22:20.179 I/SyncBossInput(  979): [info   ] [jedi (right) f67c929a891a75c5]: 13668165 [info   ] {THDG}: active_seek -> inactive_seek
11-18 18:22:20.180 I/PublicLibraryProvider( 2945): Using new entitlement framework to get App data
11-18 18:22:20.181 I/MRSS    ( 1194): MIXEDREALITY: ServiceLogic: onFramesetBegin: Frame types for computation: GENERIC_SLOT_0, rendering: GENERIC_SLOT_0.
11-18 18:22:20.181 I/MRSS    ( 1194): MIXEDREALITY: ServiceLogic: onFramesetBegin: Thread mrss:camera had no tid assigned, now has TID: 15591
11-18 18:22:20.182 I/MRSS    ( 1194): MIXEDREALITY: MrRuntimeCompute: dispatchFrameset : (every 5 seconds). VisionInterfaceTelemetry: ON, Passthrough: OFF, Camera: OFF, Depth: OFF
11-18 18:22:20.184 I/MRSS    ( 1194): MIXEDREALITY: MrSystemServiceIPCServer: Got notification for Camera, fidelity level: NONE, command: 1
11-18 18:22:20.184 I/MRSS    ( 1194): MIXEDREALITY: CapabilityController: Start Camera duration: 15.163908 millisec.
11-18 18:22:20.184 I/MRSS    ( 1194): MIXEDREALITY: CalibrationRefresher: MR: PipelineInstance:onResume: Updated refresh interval to 10 seconds.
11-18 18:22:20.184 I/MRSS    ( 1194): MIXEDREALITY: CalibrationRefresher: MR: PipelineInstance:refreshOnlineCalibration: Successfully read high freq ocal (first time = false)
11-18 18:22:20.184 I/MRSS    ( 1194): MIXEDREALITY: CalibrationRefresher: MR: PipelineInstance:Updated refresh interval to 20 seconds.
11-18 18:22:20.185 I/MRSS    ( 1194): DEPTH: DepthSystemOCalProvider: Online calibration being updated to version 37
11-18 18:22:20.185 I/MRSS    ( 1194): MIXEDREALITY: StereoPipeline: updateOnlineCalibration: Refreshed online calibration, age 38.78333333333333 minutes.
11-18 18:22:20.185 I/MRSS    ( 1194): MIXEDREALITY: PipelineInstance: refreshOnlineCalibration: Refreshed for depth pipeline.
11-18 18:22:20.185 I/MRSS    ( 1194): MIXEDREALITY: StereoCameraGeometries: update: New calibration timestamp 1763498613.
11-18 18:22:20.185 I/MRSS    ( 1194): DEPTH: DepthSystem: onResume: waiting for previous core deinit to finish
11-18 18:22:20.185 I/MRSS    ( 1194): DEPTH: DepthSystemCoreImpl: Core activated
11-18 18:22:20.186 I/MRSS    ( 1194): STEREO_RECTIFIER: Use pyramid camera model (crop=false): n/a
11-18 18:22:20.186 I/MRSS    ( 1194): DEPTH: StereoWarper: Init: I_W=319 I_H=239 O_W=240 O_H=320 ASYNC=false OWN_MEM=false RT=false BL=true TYPE=1 RF=true RFWG=false
11-18 18:22:20.186 I/[SEO] LocalSpace( 3392): New Space: quat(-0.145191, 0.007215, 0.049105, 0.988158), translation(0.000000, 1.474431, 0.000000) - Prior Space: quat(-0.145191, 0.007215, 0.049105, 0.988158), translation(0.000000, 1.474431, 0.000000)
11-18 18:22:20.186 I/[SEO] LocalSpace( 3392): Local space version from 123 to 124, local space user version from 0 to 0.
11-18 18:22:20.186 I/GuardianTelemetry( 2387): [ovrStatsThreadGuardian::SendGuardianStateChangeTelemetry] Sending state change event TRACKING_LOST, dialog TRACKING_LOST_CONTINUE
11-18 18:22:20.186 I/MRSS    ( 1194): DEPTH: DepthSystem: onResume: Successfully resumed the depth system
11-18 18:22:20.186 I/MRSS    ( 1194): DepthComputeCapabilityBase: onStart.
11-18 18:22:20.186 I/MRSS    ( 1194): MIXEDREALITY: StereoPipeline: addClient: adding client Passthrough, active clients: 'NONE'.
11-18 18:22:20.187 I/MRSS    ( 1194): DEPTH: DepthSystem: activateClient: client 0 is activated.
11-18 18:22:20.187 I/MRSS    ( 1194): MIXEDREALITY: StereoPipeline: addClient: adding client SceneReconstruction, active clients: 'Passthrough'.
11-18 18:22:20.187 I/[SEO] SystemUXControllerHelper( 3392): OnReorient(reason: 3)
11-18 18:22:20.187 I/MRSS    ( 1194): DEPTH: DepthSystem: activateClient: client 1 is activated.
11-18 18:22:20.187 I/[SEO] TelemetryProvider( 3392): aui_reorient system -72 0 0 com.oculus.browser
11-18 18:22:20.187 I/MRSS    ( 1194): MIXEDREALITY: PipelineInstance: initializeDenseClient using imageSize: width=480 x height=640 condifence=true segmentation=false
11-18 18:22:20.187 I/GuardianDialogMgr( 2387): [GuardianDialogMgr::SetGuardianDialogAndDefinition] explicitly dismissing dialog
11-18 18:22:20.189 I/VrRuntimeService( 1752): RuntimeServiceSDKServer::SetGuardianSystemState: 1310376013
11-18 18:22:20.190 I/GuardianSDKServerMgr( 2387): GuardianSDKServerStateSnapshot::Sync: Flags changed: 524288, 0, SYSTEM_GUARDIAN_VALID to NONE
11-18 18:22:20.190 I/VrRuntimeClient( 2387): UpdateEvents: Detected LOCAL_FLOOR reference space update. Sending reference space update event
11-18 18:22:20.190 I/VrRuntimeClient( 2387): UpdateEvents: Detected LOCAL reference space update. Sending reference space update event
11-18 18:22:20.190 I/ControllerHandsTransitionObserver( 1752): HANDTRACKING going to controller mode due to controller in hand flag detection
11-18 18:22:20.190 I/ControllerHandsTransitionObserver( 1752): HANDTRACKING Setting pref store signal to Controllers expecting response from VROS
11-18 18:22:20.195 W/InputPreferenceStoreListener( 1752): HANDTRACKING SetMultimodalityEnabled to 0 but it is already 0
11-18 18:22:20.195 I/TrackingFidelityService( 1206): Received hand/controller update: hand_tracking_enabled
11-18 18:22:20.196 I/ServiceInputManager( 1752): HANDTRACKING processed new decision from ModalityTransitionsPolicyManager
11-18 18:22:20.196 I/ClockLimits( 1752): ClockLimitsSettingsCallback: khandTrackingEnabled updated to 0
11-18 18:22:20.196 I/TrackingFidelityService( 1206): checkMultimodalFeature: Attempt made to enable multimodal hands+controllers when not supported by app
11-18 18:22:20.196 I/VrRuntimeService( 1752): [HANDTRACKING] Input preference 'HandTrackingEnabled' changed from false to false
11-18 18:22:20.197 I/VrRuntimeService( 1752): Input preference 'multimodal_hands_and_controllers_enabled' changed from 0 to 0
11-18 18:22:20.199 D/ControllerManagement( 2125): onHandTrackingStateChanged
11-18 18:22:20.199 W/OculusWifi(  981): TxPowerManager does not exist.
11-18 18:22:20.199 I/SyncBossHAL(  979): [info   ] syncboss_hal_input_controller.c(179): Controller 486bfdd6a5361743 battery level changed: 0% -> 40%
11-18 18:22:20.200 W/TrackingFidelityService( 1206): Fidelity data undefined in catalog for enabling feature like controller_selftracked. 16 similar misses.
11-18 18:22:20.200 I/TrackingFidelityService( 1206): Request(s)={constellation:5,controller_selftracked:5,hands:0,environment_lighting:0,keyboard:0,scene_reconstruction:0,}, Mux mode idx=0, name=default, score=-2980
11-18 18:22:20.200 I/TrackingFidelityService( 1206): beginTransition[worldTracking]: handTracking(1)->default(0)
11-18 18:22:20.200 I/TrackingFidelityService( 1206): _applyMuxModeLockedInternal: Applying camera mux mode default via requestFeaturesWithFidelitiesLocked
11-18 18:22:20.200 I/SensorService(  979): [worldTracking] Setting camera mux mode to 0
11-18 18:22:20.200 I/SensorService(  979): updating CameraStream mux states
11-18 18:22:20.201 I/MRSS    ( 1194): MIXEDREALITY: MrSystemServiceIPCServer: Got notification for Depth, fidelity level: NONE, command: 1
11-18 18:22:20.201 I/MRSS    ( 1194): MIXEDREALITY: CapabilityController: Start Depth duration: 17.203908 millisec.
11-18 18:22:20.202 I/MRSS    ( 1194): MIXEDREALITY: MrSystemServiceIPCServer: Got notification for Passthrough, fidelity level: NONE, command: 1
11-18 18:22:20.202 I/MRSS    ( 1194): MIXEDREALITY: CapabilityController: Start Passthrough duration: 0.246823 millisec.
11-18 18:22:20.202 D/SensorService(  979): Syncboss input 486bfdd6a5361743 hardware type 4, subtype 1, revision 0x09
11-18 18:22:20.202 I/SensorService(  979): preparePairedControllerInfo is adding device with valid 1
11-18 18:22:20.202 D/SensorService(  979): Syncboss input f67c929a891a75c5 hardware type 4, subtype 2, revision 0x09
11-18 18:22:20.202 I/SensorService(  979): preparePairedControllerInfo is adding device with valid 1
11-18 18:22:20.202 D/SensorService(  979): stateChangeNotifierFunc(): Reporting controller info. Change token: 51, paired=2 connected=2
11-18 18:22:20.202 D/ControllerManagement( 2125): processStateChange([PairedControllerInfo JEDI 486bfdd6a5361743 connected detached mcnt=0])
11-18 18:22:20.203 I/SensorDataTransforms( 1215): [object:object] Staging mux mode updates for {worldTracking: ind-0, seqId-26},
11-18 18:22:20.203 I/SensorDataTransforms( 1215): [object:object] Signaling start of the mode transition
11-18 18:22:20.203 I/TrackingService( 1215): [object:object] Start configuration update starting
11-18 18:22:20.203 I/TrackingService( 1215): [object:object] Start configuration update done
11-18 18:22:20.203 I/SensorDataTransforms( 1215): [object:object] Mux mode updates successfully staged
11-18 18:22:20.203 D/TrackingService( 1215): [object:object]Queue mux mode update notification: default
11-18 18:22:20.203 D/TrackingService( 1215): [object]start onMuxStateUpdate. ModeId: handTracking -> default
11-18 18:22:20.203 D/TrackingService( 1215): [object][object]handleMuxModeNotification started for muxMode[worldTracking: default]
11-18 18:22:20.203 D/TrackingService( 1215): [object][object]handleMuxModeNotification finished for muxMode[worldTracking: default]
11-18 18:22:20.203 D/TrackingService( 1215): [object]end onMuxStateUpdate. ModeId: handTracking -> default
11-18 18:22:20.203 I/TrackingService( 1215): [                   object:object] Mux Mode Transition from sensor service: handTracking -> default transition time: 0 ms
11-18 18:22:20.204 I/[CT]    ( 7363): BoltSDK::Soc: [EVENT] TorchDelegate: Hexagon ref count changed from 0 to 1
11-18 18:22:20.204 I/[CT]    ( 7363): BoltSDK::Soc-Hexagon: Acquiring all Hexagon resources from Bolt SDK
11-18 18:22:20.204 W/[CT]    ( 7363): BOLT:HexagonShim: boltlib: Can't load libhexagon.so from sphal namespace, falling back to default
11-18 18:22:20.204 I/TrackingFidelityService( 1206): Request(s)={mr_passthrough:3,}
11-18 18:22:20.204 I/TrackingFidelityService( 1206): Request(s)={mr_passthrough:3,pt_display_sync:0,hyperscape_room_scanning:0,low_latency_pt:0,}, Mux mode idx=0, name=, score=-2147483648
11-18 18:22:20.204 E/TrackingFidelityService( 1206): Attempting to apply a mux mode for a color translator with no camera system available. THIS SHOULD NOT HAPPEN OUTSIDE OF TESTING!
11-18 18:22:20.204 E/TrackingFidelityService( 1206): requestFeaturesWithFidelities: Neither inside out, face/eye nor color translator can process requested feature fidelities.
11-18 18:22:20.204 D/SensorControl( 1215): onMuxStateUpdate started for modeIdentifier[cameraSystemName[worldTracking]-modeId[0] ]
11-18 18:22:20.204 I/SensorDataTransforms( 1215): [ExpCtl:exposure_control_worldTracking] Staging mux mode updates for {worldTracking: ind-0, seqId-26},
11-18 18:22:20.205 I/SensorDataTransforms( 1215): [ExpCtl:exposure_control_worldTracking] Signaling start of the mode transition
11-18 18:22:20.205 I/SensorDataTransforms( 1215): [ExpCtl:exposure_control_worldTracking] Mux mode updates successfully staged
11-18 18:22:20.205 D/SensorControl( 1215): onMuxStateUpdate ended for modeIdentifier[cameraSystemName[worldTracking]-modeId[0] ]
11-18 18:22:20.205 D/SensorService(  979): Found paired controllers: 2
11-18 18:22:20.205 D/SensorService(  979): Syncboss input 486bfdd6a5361743 hardware type 4, subtype 1, revision 0x09
11-18 18:22:20.205 I/SensorService(  979): preparePairedControllerInfo is adding device with valid 1
11-18 18:22:20.205 D/SensorService(  979): Syncboss input f67c929a891a75c5 hardware type 4, subtype 2, revision 0x09
11-18 18:22:20.205 I/SensorService(  979): preparePairedControllerInfo is adding device with valid 1
11-18 18:22:20.205 D/ControllerManagement( 2125): processStateChange([PairedControllerInfo JEDI f67c929a891a75c5 connected detached mcnt=0])
11-18 18:22:20.206 I/SensorDataTransforms( 1215): [hand:hand] Staging mux mode updates for {worldTracking: ind-0, seqId-26},
11-18 18:22:20.206 I/SensorDataTransforms( 1215): [hand:hand] Signaling start of the mode transition
11-18 18:22:20.207 I/TrackingService( 1215): [hand:hand] Start configuration update starting
11-18 18:22:20.208 I/Tracking( 1215): NIMBLE:UnifiedHandBodyEngine: startConfigurationUpdateHand()
11-18 18:22:20.208 I/Tracking( 1215): NIMBLE:CameraHandler: startConfigurationUpdate() newImageSensorConfigurations_ size is 4
11-18 18:22:20.208 I/TrackingService( 1215): [hand:hand] Start configuration update done
11-18 18:22:20.208 I/SensorDataTransforms( 1215): [hand:hand] Mux mode updates successfully staged
11-18 18:22:20.208 D/TrackingService( 1215): [hand:hand]Queue mux mode update notification: default
11-18 18:22:20.208 D/TrackingService( 1215): [hand]start onMuxStateUpdate. ModeId: handTracking -> default
11-18 18:22:20.208 D/TrackingService( 1215): [HANDTRACKINGGLUE] handleMuxModeNotification
11-18 18:22:20.208 D/TrackingService( 1215): [HANDTRACKINGGLUE] handleStateChange muxMode=default
11-18 18:22:20.208 I/SensorDataTransforms( 1194): [CameraStreamControl:mr_monochrome] Staging mux mode updates for {worldTracking: ind-0, seqId-26},
11-18 18:22:20.208 I/SensorDataTransforms( 1194): [CameraStreamControl:mr_monochrome] Signaling start of the mode transition
11-18 18:22:20.208 I/SensorDataTransforms( 1194): [CameraStreamControl:mr_monochrome] Mux mode updates succesfully staged
11-18 18:22:20.208 D/SensorService(  979): Found paired controllers: 2
11-18 18:22:20.208 D/SensorService(  979): Syncboss input 486bfdd6a5361743 hardware type 4, subtype 1, revision 0x09
11-18 18:22:20.208 I/SensorService(  979): preparePairedControllerInfo is adding device with valid 1
11-18 18:22:20.208 D/SensorService(  979): Syncboss input f67c929a891a75c5 hardware type 4, subtype 2, revision 0x09
11-18 18:22:20.208 I/SensorService(  979): preparePairedControllerInfo is adding device with valid 1
11-18 18:22:20.209 I/com.oculus.bodyapiservice( 7363): vendor/qcom/proprietary/adsprpc/src/rpcmem_android.c:159: rpcmem_init_internal: opened ION device fd 80, configured heap IDs: system (0x2000000), contig (0x400000), secure (0x200), secure flags (0x80080000)
11-18 18:22:20.209 I/com.oculus.bodyapiservice( 7363): vendor/qcom/proprietary/adsprpc/src/fastrpc_apps_user.c:3110: fastrpc_apps_user_init done with default domain:3 and &fastrpc_trace:0x7e761dbfa0
11-18 18:22:20.209 I/[CT]    ( 7363): BOLT:HexagonShim: dlopen libhexagon.so 0xc1dd19de82ac1171
11-18 18:22:20.209 I/[CT]    ( 7363): BOLT:HexagonShim:   revision: f63f56550451fbb8d63852d47dfed0d8a86a3da5
11-18 18:22:20.209 I/SensorService(  979): ending update to CameraStream mux states
11-18 18:22:20.209 I/SensorDataTransforms( 1215): [iot:iot] Staging mux mode updates for {worldTracking: ind-0, seqId-26},
11-18 18:22:20.209 I/SensorDataTransforms( 1215): [iot:iot] Signaling start of the mode transition
11-18 18:22:20.209 I/TrackingService( 1215): [iot:iot] Start configuration update starting
11-18 18:22:20.209 I/FrameSetDispatcher(  979): [{0,0},{1,0},{2,0},{3,0}] Client pid=1215 (IOT): [worldTracking] Updated CameraMuxMode: 0, Slots: SLOT_0 SLOT_2 
11-18 18:22:20.209 I/TrackingService( 1215): [iot:iot] Start configuration update done
11-18 18:22:20.209 I/FrameSetDispatcher(  979): [{0,0},{1,0},{2,0},{3,0}] Client pid=1194 (MrSSCamS): [worldTracking] Updated CameraMuxMode: 0, Slots: SLOT_0 SLOT_2 
11-18 18:22:20.209 I/FrameSetDispatcher(  979): [{0,0},{1,0},{2,0},{3,0}] Latest MuxModeSettings: 0
11-18 18:22:20.209 I/SensorDataTransforms( 1215): [iot:iot] Mux mode updates successfully staged
11-18 18:22:20.209 I/FrameSetDispatcher(  979): [{0,0},{1,0},{2,0},{3,0}] purpose: exposure_control_worldTracking, slots: SLOT_0 SLOT_1 SLOT_2 SLOT_3 
11-18 18:22:20.209 I/FrameSetDispatcher(  979): [{0,0},{1,0},{2,0},{3,0}] purpose: mr_monochrome, slots: SLOT_0 SLOT_2 
11-18 18:22:20.209 D/TrackingService( 1215): [iot:iot]Queue mux mode update notification: default
11-18 18:22:20.209 I/FrameSetDispatcher(  979): [{0,0},{1,0},{2,0},{3,0}] purpose: object, slots: SLOT_0 SLOT_2 
11-18 18:22:20.209 I/FrameSetDispatcher(  979): [{0,0},{1,0},{2,0},{3,0}] purpose: constellation, slots: SLOT_1 SLOT_3 
11-18 18:22:20.209 I/FrameSetDispatcher(  979): [{0,0},{1,0},{2,0},{3,0}] purpose: active_slots, slots: SLOT_0 SLOT_1 SLOT_2 SLOT_3 
11-18 18:22:20.209 I/FrameSetDispatcher(  979): [{0,0},{1,0},{2,0},{3,0}] purpose: hand, slots: 
11-18 18:22:20.209 I/FrameSetDispatcher(  979): [{0,0},{1,0},{2,0},{3,0}] purpose: iot, slots: SLOT_0 SLOT_2 
11-18 18:22:20.210 D/TrackingService( 1215): [iot]start onMuxStateUpdate. ModeId: handTracking -> default
11-18 18:22:20.210 D/TrackingService( 1215): [iot][iot]handleMuxModeNotification started for muxMode[worldTracking: default]
11-18 18:22:20.210 I/SyncBossHAL(  979): [info   ] syncboss_hal_nice.c(201): Enabling constellation tracking with NICE
11-18 18:22:20.210 D/TrackingService( 1215): [iot][iot]handleMuxModeNotification finished for muxMode[worldTracking: default]
11-18 18:22:20.210 D/TrackingService( 1215): [iot]end onMuxStateUpdate. ModeId: handTracking -> default
11-18 18:22:20.210 I/TrackingService( 1215): [                         iot:iot] Mux Mode Transition from sensor service: handTracking -> default transition time: 0 ms
11-18 18:22:20.210 I/SyncBossInput(  979): [info   ] [jedi (right) f67c929a891a75c5]: 13674565 [info   ] {APP }: Connected
11-18 18:22:20.212 I/SensorDataTransforms( 1215): [constellation:constellation] Staging mux mode updates for {worldTracking: ind-0, seqId-26},
11-18 18:22:20.211 W/libc    ( 7363): Access denied finding property "persist.bolt.unsigned_pd"
11-18 18:22:20.212 I/SensorDataTransforms( 1215): [constellation:constellation] Mux mode updates successfully staged
11-18 18:22:20.212 D/TrackingService( 1215): [constellation:constellation]Queue mux mode update notification: default
11-18 18:22:20.212 I/com.oculus.bodyapiservice( 7363): vendor/qcom/proprietary/adsprpc/src/fastrpc_apps_user.c:2660: Successfully opened /vendor/dsp/cdsp/fastrpc_shell_33
11-18 18:22:20.212 I/com.oculus.bodyapiservice( 7363): vendor/qcom/proprietary/adsprpc/src/fastrpc_config.c:200: Reading configuration file: com.oculus.bodyapiservice.debugconfig
11-18 18:22:20.212 D/TrackingService( 1215): [constellation]start onMuxStateUpdate. ModeId: handTracking -> default
11-18 18:22:20.212 I/SyncBossHAL(  979): [info   ] pulsar_manager.c(164): Setting controller ID 486bfdd6a5361743 LED config to period: 33332us, on-time: 19us, delay: 26498us
11-18 18:22:20.212 I/MRSS    ( 1194): MIXEDREALITY: MrRuntimeImpl: EglStorage: cached 2 EGL images
11-18 18:22:20.212 D/TrackingService( 1215): [constellation][constellation]handleMuxModeNotification started for muxMode[worldTracking: default]
11-18 18:22:20.212 I/MRSS    ( 1194): MIXEDREALITY: MrRuntimeImpl: Initializing Passthrough Rendering Capability
11-18 18:22:20.212 I/MRSS    ( 1194): MIXEDREALITY: PassthroughRenderer: createCameraDistortionTextures: Creating stereo grayscale distortion textures 144x144.
11-18 18:22:20.213 D/CameraStream(  979): [constellation] Client [Cnst(1215)] attempting start
11-18 18:22:20.214 I/FrameSetDispatcher(  979): [{0,0},{1,0},{2,0},{3,0}] Client pid=1215 (Cnst): Client thread[{0,0},{1,0},{2,] started
11-18 18:22:20.214 I/CameraClientManager(  979): [Cnst(1215)][constellation] client started (estimated 1 started clients total)
11-18 18:22:20.214 I/CameraClientManager(  979): [[Cnst(1215)][constellation]] definitely starting stream
11-18 18:22:20.215 I/MRSS    ( 1194): TELEMETRY_COLLECTOR: [EVENT] Collected periodic telemetry from 1 aggregators.
11-18 18:22:20.215 I/MRSS    ( 1194): MIXEDREALITY: ComputeCapabilityComputeResultStats: MrSS Stats (SUCCESS/NOOP/SKIPPING/ASYNC/ASYNC_IN_PROGRESS/SKIPPING_KEYFRAMING/SKIPPING_ALIGN/FAILURE/MISSING_DATA/FAILED_TO_PUBLISH) - [Passthrough] (104/0/0/0/0/0/0/0/2/0) [Depth] (53/0/0/0/0/0/0/0/0/0) [VisionInterfaceTelemetry] (55/0/0/0/0/0/0/0/0/0) 
11-18 18:22:20.216 I/SyncBossFW(  666):  720360 [info   ] {NCM }: Found slot with constellation capability
11-18 18:22:20.217 I/FrameSetCollator(  979): [{0,0},{1,0},{2,0},{3,0}] Skipping start, current start count: 3
11-18 18:22:20.217 I/CameraClientManager(  979): [[Cnst(1215)][constellation]] stream start completed
11-18 18:22:20.217 D/CameraStream(  979): [constellation] Client [Cnst(1215)]: start complete
11-18 18:22:20.217 I/TrackingFidelityService( 1206): Received hand/controller update: multimodal_hands_and_controllers_enabled
11-18 18:22:20.218 I/TrackingFidelityService( 1206): checkMultimodalFeature: Attempt made to enable multimodal hands+controllers when not supported by app
11-18 18:22:20.218 I/TrackingFidelityService( 1206): Request(s)={constellation:5,controller_selftracked:5,hands:0,environment_lighting:0,keyboard:0,scene_reconstruction:0,}, Mux mode idx=0, name=default, score=-2980
11-18 18:22:20.218 I/TrackingFidelityService( 1206): beginTransition[worldTracking]: handTracking(1)->default(0)
11-18 18:22:20.218 I/TrackingFidelityService( 1206): _applyMuxModeLockedInternal: Mode default already set. Returning.
11-18 18:22:20.218 I/TrackingFidelityService( 1206): endTransition[worldTracking]: handTracking(1)->default(0), seqId=-1, succeeded=true
11-18 18:22:20.218 I/SyncBossHAL(  979): [info   ] pulsar_manager.c(164): Setting controller ID f67c929a891a75c5 LED config to period: 33332us, on-time: 19us, delay: 26498us
11-18 18:22:20.218 I/MRSS    ( 1194): Bolt:CVPUtilization: CVP DFS utilization: 0
11-18 18:22:20.218 I/MRSS    ( 1194): Bolt:CVPUtilization: CVP runtime 1546us, frametime 173322768us
11-18 18:22:20.219 I/MRSS    ( 1194): MIXEDREALITY: DepthStatsCollector: sendTelemetry: Logging depth compute telemetry.
11-18 18:22:20.226 I/Tracking( 1215): CONSTELLATION:TRACKING_ENGINE: ConstellationTrackingEngine::onResume
11-18 18:22:20.226 D/TrackingService( 1215): [constellation][constellation]handleMuxModeNotification finished for muxMode[worldTracking: default]
11-18 18:22:20.227 D/TrackingService( 1215): [constellation]end onMuxStateUpdate. ModeId: handTracking -> default
11-18 18:22:20.227 I/TrackingService( 1215): [     constellation:constellation] Mux Mode Transition from sensor service: handTracking -> default transition time: 14 ms
11-18 18:22:20.228 D/ControllerManagement( 2125): RemoteService::recordControllerStatusUpdate: device f67c929a891a75c5: status: CONNECTED_ACTIVE tracking: NONE, errors: --
11-18 18:22:20.228 D/ControllerManagement( 2125): RemoteService::recordControllerStatusUpdate: device 486bfdd6a5361743: status: CONNECTED_ACTIVE tracking: NONE, errors: --
11-18 18:22:20.229 I/ControllerNotifications( 2132): Skipping input notifications for device 0 (state=ConnectedBatteryNormal) (mShuttingDown?: false, mNotificationsEnabled?: false, mHandTrackingEnabled?: false, mMultimodalityEnabled?: false)
11-18 18:22:20.230 I/ControllerNotifications( 2132): Skipping input notifications for device 1 (state=ConnectedBatteryNormal) (mShuttingDown?: false, mNotificationsEnabled?: false, mHandTrackingEnabled?: false, mMultimodalityEnabled?: false)
11-18 18:22:20.232 I/com.oculus.bodyapiservice( 7363): vendor/qcom/proprietary/adsprpc/src/fastrpc_apps_user.c:2867: Created user PD on domain 3 (attrs 0x0, debug_trace 0x0)
11-18 18:22:20.236 I/com.oculus.bodyapiservice( 7363): vendor/qcom/proprietary/adsprpc/src/fastrpc_perf.c:273: fastrpc_perf_init: enabled systrace 0x0 and RPC traces (kernel 0, dsp 0) with frequency 1000
11-18 18:22:20.236 I/com.oculus.bodyapiservice( 7363): vendor/qcom/proprietary/adsprpc/src/log_config.c:347: file_watcher_thread starting for domain 3
11-18 18:22:20.236 E/com.oculus.bodyapiservice( 7363): vendor/qcom/proprietary/adsprpc/src/log_config.c:270:Error 0x200: fopen failed for /vendor/lib/rfsa/adsp/com.oculus.bodyapiservice.farf. (No such file or directory)
11-18 18:22:20.236 E/com.oculus.bodyapiservice( 7363): vendor/qcom/proprietary/adsprpc/src/log_config.c:270:Error 0x200: fopen failed for /vendor/dsp/cdsp/com.oculus.bodyapiservice.farf. (No such file or directory)
11-18 18:22:20.237 E/com.oculus.bodyapiservice( 7363): vendor/qcom/proprietary/adsprpc/src/log_config.c:270:Error 0x200: fopen failed for /vendor/dsp/com.oculus.bodyapiservice.farf. (No such file or directory)
11-18 18:22:20.239 I/Tracking( 1215): VioInitialization: Initialization Complete!
11-18 18:22:20.244 I/com.oculus.bodyapiservice( 7363): vendor/qcom/proprietary/adsprpc/src/listener_android.c:111: listener thread starting
11-18 18:22:20.249 I/com.oculus.bodyapiservice( 7363): vendor/qcom/proprietary/adsprpc/src/mod_table.c:687: open_mod_table_open_from_static: reverse module apps_std opened with handle 0x761dea28 (idx 0)
11-18 18:22:20.250 I/com.oculus.bodyapiservice( 7363): vendor/qcom/proprietary/adsprpc/src/mod_table.c:464: is_reverse_handle_opened: reverse module apps_std  already found with handle 0x761dea28 (idx 0)
11-18 18:22:20.250 I/com.oculus.bodyapiservice( 7363): vendor/qcom/proprietary/adsprpc/src/mod_table.c:687: open_mod_table_open_from_static: reverse module apps_std opened with handle 0x761dea28 (idx 0)
11-18 18:22:20.250 I/Tracking( 1215): VEGA:HM:PERCEPTUAL: [720.280 [sec]] State transition from NoTracking to 3DoF.
11-18 18:22:20.250 I/Tracking( 1215): VIPER: [EVENT] Tracking initialization complete.
11-18 18:22:20.251 I/MRSS    ( 1194): MIXEDREALITY: PassthroughMesh: PassthroughMesh: Initializing.
11-18 18:22:20.252 E/com.oculus.bodyapiservice( 7363): vendor/qcom/proprietary/adsprpc/src/listener_android.c:64::error: 512: AEE_SUCCESS == (nErr = mod_table_close(handle, errStr, errStrLen, dlErr))
11-18 18:22:20.252 I/MRSS    ( 1194): MIXEDREALITY: PassthroughMesh: PassthroughMesh: Initialized.
11-18 18:22:20.252 I/MRSS    ( 1194): MIXEDREALITY: PassthroughMesh: update: Clearing 0 previous mesh points (previous timestamp 0, current 1715.833493).
11-18 18:22:20.252 W/Tracking( 1215): VIPER: Frame Tracking (0.103686781 [sec]) exceeded camera sampling time (0.033333333 [sec]).
11-18 18:22:20.252 I/com.oculus.bodyapiservice( 7363): vendor/qcom/proprietary/adsprpc/src/apps_std_imp.c:875: Successfully opened file /vendor/lib/rfsa/adsp/libhexagon_skel.so
11-18 18:22:20.252 W/Tracking( 1215): VIPER: IMU is running ahead of cam by 0.082807000 [sec], max delta is 0.07. Dropping frame.
11-18 18:22:20.253 I/SyncBossInput(  979): [info   ] [jedi (right) f67c929a891a75c5]: 13674566 [info   ] {THDG}: inactive_seek -> active_connected
11-18 18:22:20.256 I/Tracking( 1215): BoltSDK::Soc: [EVENT] TorchDelegate: Hexagon ref count changed from 24 to 25
11-18 18:22:20.256 I/MRSS    ( 1194): MIXEDREALITY: PassthroughRenderer: createCameraDistortionTextures: Not creating color distortion textures
11-18 18:22:20.256 I/MRSS    ( 1194): MIXEDREALITY: PassthroughRenderer: updateCalibration: Refreshed calibration.
11-18 18:22:20.261 I/TrackingFidelityService( 1206): endTransition[worldTracking]: handTracking(1)->default(0), seqId=26, succeeded=true
11-18 18:22:20.261 I/FrameSetDispatcher(  979): [{0,0},{1,0},{2,0},{3,0}] 1 older Mux Mode settings are removed.
11-18 18:22:20.261 I/FrameSetDispatcher(  979): [{0,0},{1,0},{2,0},{3,0}] Client pid=1215 (Cnst): Remove old Mux Mode 1: slot indices: 
11-18 18:22:20.261 D/SensorDataTransforms( 1215): [constellation:constellation] Erased 1 stale entries from the staged mux states for worldTracking.
11-18 18:22:20.261 I/TrackingService( 1215): [constellation:constellation] Configuration update starting
11-18 18:22:20.262 I/TrackingService( 1215): [constellation:constellation] Configuration update done
11-18 18:22:20.262 I/TrackingService( 1215): [constellation:constellation] Finish configuration update starting
11-18 18:22:20.262 I/TrackingService( 1215): [constellation:constellation] Finish configuration update done
11-18 18:22:20.262 I/Tracking( 1215): TIMESTAMPCHECKER: Received first Camera-CHM capture timestamp: 720.397650000 [sec]. Time since start: 0.897441495 [sec]
11-18 18:22:20.269 I/MRSS    ( 1194): MIXEDREALITY: PassthroughRenderer: init: completed.
11-18 18:22:20.269 I/MRSS    ( 1194): MIXEDREALITY: PassthroughRenderingCapability: Changing PT mode to 2
11-18 18:22:20.270 I/CompositorUtil( 1752): Adjusting 86.94 > 61 to 87
11-18 18:22:20.272 W/PhaseSync( 1194): [PS_Ver_1_0] DiscardFrame is triggered, frame->Stage 2 FrameBeginIndex 23326 
11-18 18:22:20.272 I/MRSS    ( 1194): MIXEDREALITY: OpenXrSupport: OpenXR qualified success: xrBeginFrame(clientState_.session, &beginFrameDesc): XR_FRAME_DISCARDED
11-18 18:22:20.273 I/MRSS    ( 1194): MIXEDREALITY: CalibrationRefresher: MR: MrRuntimeImpl:refreshOnlineCalibration: No high-freq ocal available yet.
11-18 18:22:20.274 E/ShellHsr( 3392): Physics: Invalid sphere radius 0
11-18 18:22:20.274 E/ShellHsr( 3392): Physics: Invalid sphere shape
11-18 18:22:20.274 E/ShellHsr( 3392): Physics: PhysxShape::activate() failed ("", ent ID 1193152): Failed to initialize primitive Shape, Result = ErrorInvalidArg
11-18 18:22:20.274 E/ShellHsr( 3392): Physics: Failed to activate shape ("", ent ID 1193152) (parent (invalid entity)): PhysxShape::activate() failed
11-18 18:22:20.274 E/ShellHsr( 3392): Physics: Invalid sphere radius 0
11-18 18:22:20.274 E/ShellHsr( 3392): Physics: Invalid sphere shape
11-18 18:22:20.274 E/ShellHsr( 3392): Physics: PhysxShape::activate() failed ("", ent ID 1193153): Failed to initialize primitive Shape, Result = ErrorInvalidArg
11-18 18:22:20.274 E/ShellHsr( 3392): Physics: Failed to activate shape ("", ent ID 1193153) (parent (invalid entity)): PhysxShape::activate() failed
11-18 18:22:20.274 E/ShellHsr( 3392): Physics: Invalid sphere radius 0
11-18 18:22:20.274 E/ShellHsr( 3392): Physics: Invalid sphere shape
11-18 18:22:20.274 E/ShellHsr( 3392): Physics: PhysxShape::activate() failed ("", ent ID 1193154): Failed to initialize primitive Shape, Result = ErrorInvalidArg
11-18 18:22:20.274 E/ShellHsr( 3392): Physics: Failed to activate shape ("", ent ID 1193154) (parent (invalid entity)): PhysxShape::activate() failed
11-18 18:22:20.274 I/com.oculus.bodyapiservice( 7363): vendor/qcom/proprietary/adsprpc/src/mod_table.c:687: open_mod_table_open_from_static: reverse module apps_mem opened with handle 0x761deb28 (idx 1)
11-18 18:22:20.276 I/[SEO] DisplayStatePreservationController( 3392): Applied preserved state by adapter: taskBarPositionAdapter
11-18 18:22:20.276 I/[SEO] DisplayStatePreservationController( 3392): Applied preserved state by adapter: keyboardPreservationAdapter
11-18 18:22:20.276 I/[SEO] DisplayStatePreservationController( 3392): Applied preserved state by adapter: spatialPanelsPositionAdapter
11-18 18:22:20.278 W/ProxyLayerLogic( 1752): Proxy layer (ID 1002, content 3) was ignored because its content layer could not be found
11-18 18:22:20.278 W/BackgroundPassthroughLogic( 1752): AppendServicePassthroughLayer: No layer available for BGPT
11-18 18:22:20.278 I/Tracking( 1215): CONSTELLATION_Left: [Throttled count=7] Left: Imu state is invalid when querying vision state!
11-18 18:22:20.278 I/Tracking( 1215): CONSTELLATION_Left: [Throttled count=3] Left: Not reinitializing 6DoF filter yet (no valid pose from vision).
11-18 18:22:20.278 E/Shell   ( 3392): createPhysicsShape() called with invalid obb extents (0.000000, 0.000000, 0.000000)
11-18 18:22:20.278 E/Shell   ( 3392): _createAndSetupHsrCollisionObject() called with invalid shapeBase
11-18 18:22:20.278 E/Shell   ( 3392): createPhysicsShape() called with invalid obb extents (0.000000, 0.000000, 0.000000)
11-18 18:22:20.278 E/Shell   ( 3392): _createAndSetupHsrCollisionObject() called with invalid shapeBase
11-18 18:22:20.278 E/Shell   ( 3392): createPhysicsShape() called with invalid obb extents (0.000000, 0.000000, 0.000000)
11-18 18:22:20.278 E/Shell   ( 3392): _createAndSetupHsrCollisionObject() called with invalid shapeBase
11-18 18:22:20.279 I/Tracking( 1215): CONSTELLATION:VISION_STATUS: 0x486bfdd6a5361743 (L): [#Samples=1] 720.398s | BlobDetection:[#BlobsDetected=(9.00, 0.00)]Matching:[MatchSuccess=0.000, MatchCost=(0.00000, 0.00000), #MatchedBlobs=(0.00, 0.00), #MatchedLeds=(0.00, 0.00), RematchM=0.000, SkipRefine=0.000] MatchMethod:[Prox=0.000, ConstBrute=0.000, AttiBrute=0.000, UnconstBrute=0.000] MatchResets[AnomBlobSize=0.000, SharedMatch=0.000, DenseReacq=0.000] | Fusion:[FusionError=0.000, ImuFromCamMs=(21.813, 0.000), RematchF=0.000] FusionUpdates:[Successful=0.000, Reliable=0.000, TightFusion=0.000, FullPose=0.000, StaticPrior=0.000, StaticForHandTrans=0.000, PoseUpdateMD=(0.0000, 0.0000)] FusionResets[6DoFReset=1.000, ResetSuccess=0.000] FusionStatus[HasPosition=0.000, HasVelocity=0.000]  [Current time=720.398s, last log time=0.000s]
11-18 18:22:20.279 I/Tracking( 1215): TIMESTAMPCHECKER: Received first Camera-Constellation capture timestamp: 720.397650000 [sec]. Time since start: 1715.862255728 [sec]
