11-18 18:49:05.585 I/AuthLogger( 2808): Action succeeded: OBTAIN_TOKEN, callingPackage: com.oculus.socialplatform, accountType: com.oculus, tokenType: dsat, extras: {logging_source=HorizonDsatHelper, options={"forceRefresh":false,"method":"fetchTokenValueAsync","isCachedToken":true}, token_scope=ROOT, outcome=token, status=success}, duration: 0ms
11-18 18:49:05.585 I/HorizonDsatHelper( 2808): fetchTokenAsync:: OnResult - callingPackage: com.oculus.socialplatform, actionName: com.oculus.auth.ACTION_FETCH_HORIZON_DEVICE_SCOPED_CREDENTIALS, forceRefresh: false, isResultPresent: true
11-18 18:49:05.586 I/SyncBossInput(  979): [info   ] [jedi (right) f67c929a891a75c5]: 15280055 [info   ] {THDG}: inactive_connected -> active_connected
11-18 18:49:05.593 W/ProxyLayerLogic( 1752): Layer (Type 1, ID 1002, content 3) was dropped because its required proxy layer could not be found
11-18 18:49:05.593 W/BackgroundPassthroughLogic( 1752): Unmatched layer (ID 1002, content 3) used as replacement for background passthrough layer, because its required proxy layer could not be found
11-18 18:49:05.597 I/Tracking( 1215): VEGA:HM:PERCEPTUAL: [277.232 [sec]] Good tracking while exposing 3DoF, waiting 0.38 more seconds.
11-18 18:49:05.598 I/Tracking( 1215): PERCEPTION:SMOOTH_WORLD: ts = 277.232044. Reset smooth world. Reason: NotShowing6DoF HaveNotSetInitialSmoothWorld 
11-18 18:49:05.604 W/ProxyLayerLogic( 1752): Layer (Type 1, ID 1002, content 3) was dropped because its required proxy layer could not be found
11-18 18:49:05.604 W/BackgroundPassthroughLogic( 1752): Unmatched layer (ID 1002, content 3) used as replacement for background passthrough layer, because its required proxy layer could not be found
11-18 18:49:05.615 W/ProxyLayerLogic( 1752): Layer (Type 1, ID 1002, content 3) was dropped because its required proxy layer could not be found
11-18 18:49:05.615 W/BackgroundPassthroughLogic( 1752): Unmatched layer (ID 1002, content 3) used as replacement for background passthrough layer, because its required proxy layer could not be found
11-18 18:49:05.626 W/ProxyLayerLogic( 1752): Layer (Type 1, ID 1002, content 3) was dropped because its required proxy layer could not be found
11-18 18:49:05.626 W/BackgroundPassthroughLogic( 1752): Unmatched layer (ID 1002, content 3) used as replacement for background passthrough layer, because its required proxy layer could not be found
11-18 18:49:05.637 W/ProxyLayerLogic( 1752): Layer (Type 1, ID 1002, content 3) was dropped because its required proxy layer could not be found
11-18 18:49:05.637 W/BackgroundPassthroughLogic( 1752): Unmatched layer (ID 1002, content 3) used as replacement for background passthrough layer, because its required proxy layer could not be found
11-18 18:49:05.648 W/ProxyLayerLogic( 1752): Layer (Type 1, ID 1002, content 3) was dropped because its required proxy layer could not be found
11-18 18:49:05.648 W/BackgroundPassthroughLogic( 1752): Unmatched layer (ID 1002, content 3) used as replacement for background passthrough layer, because its required proxy layer could not be found
11-18 18:49:05.660 W/ProxyLayerLogic( 1752): Layer (Type 1, ID 1002, content 3) was dropped because its required proxy layer could not be found
11-18 18:49:05.660 W/BackgroundPassthroughLogic( 1752): Unmatched layer (ID 1002, content 3) used as replacement for background passthrough layer, because its required proxy layer could not be found
11-18 18:49:05.663 I/Tracking( 1215): VEGA:HM:PERCEPTUAL: [277.298 [sec]] Good tracking while exposing 3DoF, waiting 0.32 more seconds.
11-18 18:49:05.663 I/Tracking( 1215): PERCEPTION:SMOOTH_WORLD: ts = 277.298708. Reset smooth world. Reason: NotShowing6DoF HaveNotSetInitialSmoothWorld 
11-18 18:49:05.664 I/Tracking( 1215): StationaryStateMachine: 5.033132076263428s elapsed since last tracked stationary 4b2056b0-2655-852c-fef9-40c40dadb70c. Promoting anchor bf57b636-3365-d01e-736c-8225d951e775 to startionary space anchor
11-18 18:49:05.671 W/ProxyLayerLogic( 1752): Layer (Type 1, ID 1002, content 3) was dropped because its required proxy layer could not be found
11-18 18:49:05.671 W/BackgroundPassthroughLogic( 1752): Unmatched layer (ID 1002, content 3) used as replacement for background passthrough layer, because its required proxy layer could not be found
11-18 18:49:05.671 D/BufferPoolAccessor2.0( 1138): bufferpool2 0xee729b18 : 0(0 size) total buffers - 0(0 size) used buffers - 9/17 (recycle/alloc) - 8/30 (fetch/transfer)
11-18 18:49:05.672 D/BufferPoolAccessor2.0( 1138): evictor expired: 1, evicted: 1
11-18 18:49:05.672 D/BufferPoolAccessor2.0( 1172): bufferpool2 0xb4000075c6af2428 : 0(0 size) total buffers - 0(0 size) used buffers - 10/13 (recycle/alloc) - 3/12 (fetch/transfer)
11-18 18:49:05.672 D/BufferPoolAccessor2.0( 1172): evictor expired: 2, evicted: 1
11-18 18:49:05.678 E/SyncBossHAL(  979): [error  ] syncboss_hal_input_controller.c(116): f67c929a891a75c5: IMU corrupt: cur = 277337405, last = 273356200, delta = 3981205, a = {-119, 417, -610}, g = {911, -262, -382}
11-18 18:49:05.680 W/Tracking( 1215): CONSTELLATION_Right: [Throttled count=278] Right: Could not retrieve 3dof fallback pose.
11-18 18:49:05.680 I/Tracking( 1215): CONSTELLATION:IMU_STATUS: 0xf67c929a891a75c5 (R): [#Samples=1] 277.338s | [FusionTracked=0.000, OutputTracked=0.000, OutputValid=0.000] [AccelSat=0.000, GyroSat=0.000] [AccelMinMeanMax: X=-0.871|-0.871|-0.871, Y=3.898|3.898|3.898, Z=-6.053|-6.053|-6.053] [GyroMinMeanMax: X=1.973|1.973|1.973, Y=-0.569|-0.569|-0.569, Z=-0.829|-0.829|-0.829] [AccelStuck: X=0|0.000, Y=0|0.000, Z=0|0.000] [GyroStuck: X=0|0.000, Y=0|0.000, Z=0|0.000]  [Current time=277.338s, last log time=0.000s]
11-18 18:49:05.682 W/ProxyLayerLogic( 1752): Layer (Type 1, ID 1002, content 3) was dropped because its required proxy layer could not be found
11-18 18:49:05.682 W/BackgroundPassthroughLogic( 1752): Unmatched layer (ID 1002, content 3) used as replacement for background passthrough layer, because its required proxy layer could not be found
11-18 18:49:05.693 W/ProxyLayerLogic( 1752): Layer (Type 1, ID 1002, content 3) was dropped because its required proxy layer could not be found
11-18 18:49:05.693 W/BackgroundPassthroughLogic( 1752): Unmatched layer (ID 1002, content 3) used as replacement for background passthrough layer, because its required proxy layer could not be found
11-18 18:49:05.704 W/ProxyLayerLogic( 1752): Layer (Type 1, ID 1002, content 3) was dropped because its required proxy layer could not be found
11-18 18:49:05.704 W/BackgroundPassthroughLogic( 1752): Unmatched layer (ID 1002, content 3) used as replacement for background passthrough layer, because its required proxy layer could not be found
11-18 18:49:05.716 W/ProxyLayerLogic( 1752): Layer (Type 1, ID 1002, content 3) was dropped because its required proxy layer could not be found
11-18 18:49:05.716 W/BackgroundPassthroughLogic( 1752): Unmatched layer (ID 1002, content 3) used as replacement for background passthrough layer, because its required proxy layer could not be found
11-18 18:49:05.727 W/ProxyLayerLogic( 1752): Layer (Type 1, ID 1002, content 3) was dropped because its required proxy layer could not be found
11-18 18:49:05.727 W/BackgroundPassthroughLogic( 1752): Unmatched layer (ID 1002, content 3) used as replacement for background passthrough layer, because its required proxy layer could not be found
11-18 18:49:05.728 I/Tracking( 1215): VEGA:HM:PERCEPTUAL: [277.365 [sec]] Good tracking while exposing 3DoF, waiting 0.25 more seconds.
11-18 18:49:05.729 I/Tracking( 1215): PERCEPTION:SMOOTH_WORLD: ts = 277.365372. Reset smooth world. Reason: NotShowing6DoF HaveNotSetInitialSmoothWorld 
11-18 18:49:05.735 D/TrackingService( 1215): f67c929a891a75c5: isControllerInHand(2719.70s): 1 ctEnabled: 0 btnPress(2681.38s): 0 btnOrTpdTouch: 0 btnOrTpdProx(2719.70s): 1 thbstkOffCenter: 0 
11-18 18:49:05.735 D/TrackingService( 1215): [HANDTRACKING] Controller f67c929a891a75c5 in hand: Y, valid: Y
11-18 18:49:05.735 D/ControllerManagement( 2125): RemoteService::recordControllerStatusUpdate: device f67c929a891a75c5: status: CONNECTED_ACTIVE tracking: POSITION, errors: --
11-18 18:49:05.736 I/ControllerHandsTransitionObserver( 1752): HANDTRACKING going to controller mode due to controller in hand flag detection
11-18 18:49:05.736 I/ControllerHandsTransitionObserver( 1752): HANDTRACKING Setting pref store signal to Controllers expecting response from VROS
11-18 18:49:05.738 W/ProxyLayerLogic( 1752): Layer (Type 1, ID 1002, content 3) was dropped because its required proxy layer could not be found
11-18 18:49:05.738 W/BackgroundPassthroughLogic( 1752): Unmatched layer (ID 1002, content 3) used as replacement for background passthrough layer, because its required proxy layer could not be found
11-18 18:49:05.738 I/TrackingFidelityService( 1206): Received hand/controller update: hand_tracking_enabled
11-18 18:49:05.739 W/InputPreferenceStoreListener( 1752): HANDTRACKING SetMultimodalityEnabled to 0 but it is already 0
11-18 18:49:05.739 I/ServiceInputManager( 1752): HANDTRACKING processed new decision from ModalityTransitionsPolicyManager
11-18 18:49:05.739 I/TrackingFidelityService( 1206): checkMultimodalFeature: Attempt made to enable multimodal hands+controllers when not supported by app
11-18 18:49:05.739 I/Tracking( 1215): SelftrackedHeadsetSide: Skipping link validation as system has not stopped since it was last in the running state.
11-18 18:49:05.739 I/Tracking( 1215): SelftrackedHeadsetSide: onResume
11-18 18:49:05.739 W/TrackingFidelityService( 1206): Fidelity data undefined in catalog for enabling feature like controller_selftracked. 12 similar misses.
11-18 18:49:05.739 I/TrackingFidelityService( 1206): Request(s)={constellation:5,controller_selftracked:5,hands:0,environment_lighting:0,keyboard:0,scene_reconstruction:0,}, Mux mode idx=0, name=default, score=-2980
11-18 18:49:05.739 I/TrackingFidelityService( 1206): beginTransition[worldTracking]: handTracking(1)->default(0)
11-18 18:49:05.739 I/TrackingFidelityService( 1206): _applyMuxModeLockedInternal: Applying camera mux mode default via requestFeaturesWithFidelitiesLocked
11-18 18:49:05.740 I/VrRuntimeService( 1752): [HANDTRACKING] Input preference 'HandTrackingEnabled' changed from false to false
11-18 18:49:05.740 I/VrRuntimeService( 1752): Input preference 'multimodal_hands_and_controllers_enabled' changed from 0 to 0
11-18 18:49:05.740 D/ControllerManagement( 2125): onHandTrackingStateChanged
11-18 18:49:05.740 I/ClockLimits( 1752): ClockLimitsSettingsCallback: khandTrackingEnabled updated to 0
11-18 18:49:05.740 W/OculusWifi(  981): TxPowerManager does not exist.
11-18 18:49:05.740 I/SensorService(  979): [worldTracking] Setting camera mux mode to 0
11-18 18:49:05.740 I/SensorService(  979): updating CameraStream mux states
11-18 18:49:05.741 I/SensorDataTransforms( 1194): [CameraStreamControl:mr_monochrome] Staging mux mode updates for {worldTracking: ind-0, seqId-38},
11-18 18:49:05.741 I/SensorDataTransforms( 1194): [CameraStreamControl:mr_monochrome] Signaling start of the mode transition
11-18 18:49:05.741 I/SensorDataTransforms( 1194): [CameraStreamControl:mr_monochrome] Mux mode updates succesfully staged
11-18 18:49:05.741 I/SensorService(  979): ending update to CameraStream mux states
11-18 18:49:05.741 I/FrameSetDispatcher(  979): [{0,0},{1,0},{2,0},{3,0}] Client pid=1215 (IOT): [worldTracking] Updated CameraMuxMode: 0, Slots: SLOT_0 SLOT_2 
11-18 18:49:05.741 I/FrameSetDispatcher(  979): [{0,0},{1,0},{2,0},{3,0}] Client pid=1215 (Hand): [worldTracking] Updated CameraMuxMode: 0, Slots: 
11-18 18:49:05.741 I/FrameSetDispatcher(  979): [{0,0},{1,0},{2,0},{3,0}] Client pid=1215 (Obj): [worldTracking] Updated CameraMuxMode: 0, Slots: SLOT_0 SLOT_2 
11-18 18:49:05.741 I/FrameSetDispatcher(  979): [{0,0},{1,0},{2,0},{3,0}] Client pid=1215 (ExpCtl): [worldTracking] Updated CameraMuxMode: 0, Slots: SLOT_0 SLOT_1 SLOT_2 SLOT_3 
11-18 18:49:05.742 I/FrameSetDispatcher(  979): [{0,0},{1,0},{2,0},{3,0}] Client pid=1194 (MrSSCamS): [worldTracking] Updated CameraMuxMode: 0, Slots: SLOT_0 SLOT_2 
11-18 18:49:05.742 I/FrameSetDispatcher(  979): [{0,0},{1,0},{2,0},{3,0}] Latest MuxModeSettings: 0
11-18 18:49:05.742 I/FrameSetDispatcher(  979): [{0,0},{1,0},{2,0},{3,0}] purpose: exposure_control_worldTracking, slots: SLOT_0 SLOT_1 SLOT_2 SLOT_3 
11-18 18:49:05.742 I/FrameSetDispatcher(  979): [{0,0},{1,0},{2,0},{3,0}] purpose: mr_monochrome, slots: SLOT_0 SLOT_2 
11-18 18:49:05.742 I/FrameSetDispatcher(  979): [{0,0},{1,0},{2,0},{3,0}] purpose: object, slots: SLOT_0 SLOT_2 
11-18 18:49:05.742 I/FrameSetDispatcher(  979): [{0,0},{1,0},{2,0},{3,0}] purpose: constellation, slots: SLOT_1 SLOT_3 
11-18 18:49:05.742 I/FrameSetDispatcher(  979): [{0,0},{1,0},{2,0},{3,0}] purpose: active_slots, slots: SLOT_0 SLOT_1 SLOT_2 SLOT_3 
11-18 18:49:05.742 I/FrameSetDispatcher(  979): [{0,0},{1,0},{2,0},{3,0}] purpose: hand, slots: 
11-18 18:49:05.742 I/FrameSetDispatcher(  979): [{0,0},{1,0},{2,0},{3,0}] purpose: iot, slots: SLOT_0 SLOT_2 
11-18 18:49:05.742 I/SyncBossHAL(  979): [info   ] syncboss_hal_nice.c(201): Enabling constellation tracking with NICE
11-18 18:49:05.742 I/SensorDataTransforms( 1215): [object:object] Staging mux mode updates for {worldTracking: ind-0, seqId-38},
11-18 18:49:05.742 I/SensorDataTransforms( 1215): [object:object] Signaling start of the mode transition
11-18 18:49:05.742 I/TrackingService( 1215): [object:object] Start configuration update starting
11-18 18:49:05.742 I/TrackingService( 1215): [object:object] Start configuration update done
11-18 18:49:05.742 I/SensorDataTransforms( 1215): [object:object] Mux mode updates successfully staged
11-18 18:49:05.742 D/TrackingService( 1215): [object:object]Queue mux mode update notification: default
11-18 18:49:05.743 I/SensorDataTransforms( 1215): [hand:hand] Staging mux mode updates for {worldTracking: ind-0, seqId-38},
11-18 18:49:05.743 I/SensorDataTransforms( 1215): [hand:hand] Signaling start of the mode transition
11-18 18:49:05.743 I/TrackingService( 1215): [hand:hand] Start configuration update starting
11-18 18:49:05.743 I/Tracking( 1215): NIMBLE:UnifiedHandBodyEngine: startConfigurationUpdateHand()
11-18 18:49:05.743 I/Tracking( 1215): NIMBLE:CameraHandler: startConfigurationUpdate() newImageSensorConfigurations_ size is 4
11-18 18:49:05.743 D/SensorControl( 1215): onMuxStateUpdate started for modeIdentifier[cameraSystemName[worldTracking]-modeId[0] ]
11-18 18:49:05.744 I/SensorDataTransforms( 1215): [ExpCtl:exposure_control_worldTracking] Staging mux mode updates for {worldTracking: ind-0, seqId-38},
11-18 18:49:05.744 I/SensorDataTransforms( 1215): [ExpCtl:exposure_control_worldTracking] Signaling start of the mode transition
11-18 18:49:05.744 I/SensorDataTransforms( 1215): [ExpCtl:exposure_control_worldTracking] Mux mode updates successfully staged
11-18 18:49:05.744 D/SensorControl( 1215): onMuxStateUpdate ended for modeIdentifier[cameraSystemName[worldTracking]-modeId[0] ]
11-18 18:49:05.744 I/SensorDataTransforms( 1215): [iot:iot] Staging mux mode updates for {worldTracking: ind-0, seqId-38},
11-18 18:49:05.744 I/SensorDataTransforms( 1215): [iot:iot] Signaling start of the mode transition
11-18 18:49:05.744 I/TrackingService( 1215): [iot:iot] Start configuration update starting
11-18 18:49:05.744 I/TrackingService( 1215): [iot:iot] Start configuration update done
11-18 18:49:05.744 I/SensorDataTransforms( 1215): [iot:iot] Mux mode updates successfully staged
11-18 18:49:05.744 D/TrackingService( 1215): [iot:iot]Queue mux mode update notification: default
11-18 18:49:05.744 D/TrackingService( 1215): [iot]start onMuxStateUpdate. ModeId: handTracking -> default
11-18 18:49:05.744 D/TrackingService( 1215): [iot][iot]handleMuxModeNotification started for muxMode[worldTracking: default]
11-18 18:49:05.744 I/SensorDataTransforms( 1215): [constellation:constellation] Staging mux mode updates for {worldTracking: ind-0, seqId-38},
11-18 18:49:05.744 I/SensorDataTransforms( 1215): [constellation:constellation] Mux mode updates successfully staged
11-18 18:49:05.744 D/TrackingService( 1215): [iot][iot]handleMuxModeNotification finished for muxMode[worldTracking: default]
11-18 18:49:05.744 D/TrackingService( 1215): [constellation:constellation]Queue mux mode update notification: default
11-18 18:49:05.744 D/TrackingService( 1215): [iot]end onMuxStateUpdate. ModeId: handTracking -> default
11-18 18:49:05.744 I/TrackingService( 1215): [                         iot:iot] Mux Mode Transition from sensor service: handTracking -> default transition time: 0 ms
11-18 18:49:05.744 I/SyncBossHAL(  979): [info   ] pulsar_manager.c(164): Setting controller ID 486bfdd6a5361743 LED config to period: 33332us, on-time: 19us, delay: 26498us
11-18 18:49:05.745 D/TrackingService( 1215): [constellation]start onMuxStateUpdate. ModeId: handTracking -> default
11-18 18:49:05.745 D/TrackingService( 1215): [constellation][constellation]handleMuxModeNotification started for muxMode[worldTracking: default]
11-18 18:49:05.745 D/TrackingService( 1215): [object]start onMuxStateUpdate. ModeId: handTracking -> default
11-18 18:49:05.745 D/TrackingService( 1215): [object][object]handleMuxModeNotification started for muxMode[worldTracking: default]
11-18 18:49:05.745 D/TrackingService( 1215): [object][object]handleMuxModeNotification finished for muxMode[worldTracking: default]
11-18 18:49:05.745 D/TrackingService( 1215): [object]end onMuxStateUpdate. ModeId: handTracking -> default
11-18 18:49:05.745 I/TrackingService( 1215): [                   object:object] Mux Mode Transition from sensor service: handTracking -> default transition time: 0 ms
11-18 18:49:05.745 I/SyncBossFW(  666):  277403 [info   ] {NCM }: Found slot with constellation capability
11-18 18:49:05.745 I/TrackingService( 1215): [hand:hand] Start configuration update done
11-18 18:49:05.745 I/SensorDataTransforms( 1215): [hand:hand] Mux mode updates successfully staged
11-18 18:49:05.745 D/TrackingService( 1215): [hand:hand]Queue mux mode update notification: default
11-18 18:49:05.745 D/CameraStream(  979): [constellation] Client [Cnst(1215)] attempting start
11-18 18:49:05.745 D/TrackingService( 1215): [hand]start onMuxStateUpdate. ModeId: handTracking -> default
11-18 18:49:05.746 D/TrackingService( 1215): [HANDTRACKINGGLUE] handleMuxModeNotification
11-18 18:49:05.746 D/TrackingService( 1215): [HANDTRACKINGGLUE] handleStateChange muxMode=default
11-18 18:49:05.746 I/FrameSetDispatcher(  979): [{0,0},{1,0},{2,0},{3,0}] Client pid=1215 (Cnst): Client thread[{0,0},{1,0},{2,] started
11-18 18:49:05.746 I/CameraClientManager(  979): [Cnst(1215)][constellation] client started (estimated 1 started clients total)
11-18 18:49:05.746 I/CameraClientManager(  979): [[Cnst(1215)][constellation]] definitely starting stream
11-18 18:49:05.746 D/CameraStream(  979): [hand] Client [Hand(1215)] attempting stop
11-18 18:49:05.746 I/FrameSetDispatcher(  979): [{0,0},{1,0},{2,0},{3,0}] Client pid=1215 (Hand): Client thread stopping
11-18 18:49:05.749 W/ProxyLayerLogic( 1752): Layer (Type 1, ID 1002, content 3) was dropped because its required proxy layer could not be found
11-18 18:49:05.749 W/BackgroundPassthroughLogic( 1752): Unmatched layer (ID 1002, content 3) used as replacement for background passthrough layer, because its required proxy layer could not be found
11-18 18:49:05.751 I/TrackingFidelityService( 1206): Received hand/controller update: multimodal_hands_and_controllers_enabled
11-18 18:49:05.752 I/TrackingFidelityService( 1206): checkMultimodalFeature: Attempt made to enable multimodal hands+controllers when not supported by app
11-18 18:49:05.752 I/TrackingFidelityService( 1206): Request(s)={constellation:5,controller_selftracked:5,hands:0,environment_lighting:0,keyboard:0,scene_reconstruction:0,}, Mux mode idx=0, name=default, score=-2980
11-18 18:49:05.752 I/TrackingFidelityService( 1206): beginTransition[worldTracking]: handTracking(1)->default(0)
11-18 18:49:05.752 I/TrackingFidelityService( 1206): _applyMuxModeLockedInternal: Mode default already set. Returning.
11-18 18:49:05.752 I/TrackingFidelityService( 1206): endTransition[worldTracking]: handTracking(1)->default(0), seqId=-1, succeeded=true
11-18 18:49:05.753 I/CameraClientManager(  979): [Hand(1215)][hand] client stopped (estimated 0 started clients remaining)
11-18 18:49:05.753 I/CameraClientManager(  979): [[Hand(1215)][hand]] definitely stopping stream
11-18 18:49:05.753 D/NiceCameraSystem(  979): CameraSystem stopping cameras for purpose hand
11-18 18:49:05.753 I/FrameSetCollator(  979): [{0,0},{1,0},{2,0},{3,0}] Skipping start, current start count: 6
11-18 18:49:05.753 I/CameraClientManager(  979): [[Cnst(1215)][constellation]] stream start completed
11-18 18:49:05.753 D/CameraStream(  979): [constellation] Client [Cnst(1215)]: start complete
11-18 18:49:05.754 I/FrameSetCollator(  979): [{0,0},{1,0},{2,0},{3,0}] Skipping stop, start count: 5
11-18 18:49:05.754 I/CameraClientManager(  979): [[Hand(1215)][hand]] stream stop completed
11-18 18:49:05.754 D/CameraStream(  979): [hand] Client [Hand(1215)]: stop complete
11-18 18:49:05.755 D/TrackingService( 1215): [HANDTRACKINGGLUE] suspendCapability
11-18 18:49:05.756 I/Tracking( 1215): CONSTELLATION:TRACKING_ENGINE: ConstellationTrackingEngine::onResume
11-18 18:49:05.756 W/Tracking( 1215): NIMBLE:DPE_HandTracker: Hand personalization has no mechanism to stop when not finished
11-18 18:49:05.756 I/Tracking( 1215): NIMBLE:UnifiedHandBodyTracking:Personalization: stop(): Stopped
11-18 18:49:05.756 D/TrackingService( 1215): [constellation][constellation]handleMuxModeNotification finished for muxMode[worldTracking: default]
11-18 18:49:05.756 D/TrackingService( 1215): [constellation]end onMuxStateUpdate. ModeId: handTracking -> default
11-18 18:49:05.756 I/TrackingService( 1215): [     constellation:constellation] Mux Mode Transition from sensor service: handTracking -> default transition time: 11 ms
11-18 18:49:05.756 I/Tracking( 1215): UnifiedHandBody: [SurfaceInputs] SurfaceKeyboard released
11-18 18:49:05.756 I/Tracking( 1215): NIMBLE:UnifiedHandBodyEngine: Suspended hand tracking!
11-18 18:49:05.756 I/Tracking( 1215): NIMBLE:UnifiedHandBodyEngine: Total session duration = 1.2783595539999624 seconds
11-18 18:49:05.756 I/Tracking( 1215): NIMBLE:UnifiedHandBodyEngine: Total number of frame process in this session = 38
11-18 18:49:05.756 I/Tracking( 1215): NIMBLE:UnifiedHandBodyEngine: Estimated session frame rate = 29.725596277744188 FPS
11-18 18:49:05.756 D/TrackingService( 1215): hand: Joining stream thread: HandCam
11-18 18:49:05.757 D/ControllerManagement( 2125): RemoteService::recordControllerStatusUpdate: device f67c929a891a75c5: status: CONNECTED_ACTIVE tracking: NONE, errors: --
11-18 18:49:05.757 D/TrackingService( 1215): hand: stopCameras finished
11-18 18:49:05.757 I/ControllerNotifications( 2132): Skipping input notifications for device 0 (state=ConnectedBatteryNormal) (mShuttingDown?: false, mNotificationsEnabled?: false, mHandTrackingEnabled?: false, mMultimodalityEnabled?: false)
11-18 18:49:05.757 D/TrackingService( 1215): [hand]end onMuxStateUpdate. ModeId: handTracking -> default
11-18 18:49:05.757 I/TrackingService( 1215): [                       hand:hand] Mux Mode Transition from sensor service: handTracking -> default transition time: 11 ms
11-18 18:49:05.758 I/OSHandDataQuerier( 1752): OSSDKTRACKING HANDTRACKING HANDS DISABLED
11-18 18:49:05.758 I/ServiceInputManager( 1752): HANDTRACKING Control Data last: 1 new: 2
11-18 18:49:05.758 I/ServiceInputManager( 1752): HANDTRACKING Tracking Service reports hands DISABLED
11-18 18:49:05.758 I/ControllerHandsTransitionObserver( 1752): HANDTRACKING New VROS control status: hands disabled
11-18 18:49:05.758 I/ServiceInputManager( 1752): HANDTRACKING hand 0 status set to Disabled
11-18 18:49:05.758 I/ServiceInputManager( 1752): HANDTRACKING hand 1 status set to Disabled
11-18 18:49:05.759 I/ModalityTransitionsPolicyManager( 1752): HANDTRACKING: Switching to Tracked Remotes only   TRACKED REMOTES
11-18 18:49:05.760 W/ProxyLayerLogic( 1752): Layer (Type 1, ID 1002, content 3) was dropped because its required proxy layer could not be found
11-18 18:49:05.760 W/BackgroundPassthroughLogic( 1752): Unmatched layer (ID 1002, content 3) used as replacement for background passthrough layer, because its required proxy layer could not be found
11-18 18:49:05.764 D/BufferPoolAccessor2.0( 2120): bufferpool2 0xb400007de3e4fe28 : 0(0 size) total buffers - 0(0 size) used buffers - 0/5 (recycle/alloc) - 1/2 (fetch/transfer)
11-18 18:49:05.764 D/BufferPoolAccessor2.0( 2120): evictor expired: 1, evicted: 1
11-18 18:49:05.765 I/[SEO] ShellInputConfigurationDataProvider( 3392): InteractionMode changed, mode: Headset activation method: Headset Presence displayTimeActivated 2719.745039
11-18 18:49:05.766 I/InputDevice_TrackedRemote( 3392): REMOTE: Hand=1 IndexAnalog=0.00 GripAnalog=0.00 Buttons=0x00000000
11-18 18:49:05.766 I/InputDevice_TrackedRemote( 3392): REMOTE: Hand=2 IndexAnalog=0.00 GripAnalog=0.00 Buttons=0x00000000
11-18 18:49:05.768 W/SensorService(  979): Slot 1 for mode 0 is not controlled by control purpose handExposureControl. Skipping.
11-18 18:49:05.768 E/SensorControl( 1215): failed sendExposureSettings: purpose=handExposureControl, modeIdx=1, slotIdx=1, duration=0.004892, gain=2.000000
11-18 18:49:05.768 I/InputDevice_TrackedRemote( 2120): REMOTE: Hand=1 IndexAnalog=0.00 GripAnalog=0.00 Buttons=0x00000000
11-18 18:49:05.769 I/InputDevice_TrackedRemote( 2120): REMOTE: Hand=2 IndexAnalog=0.00 GripAnalog=0.00 Buttons=0x00000000
11-18 18:49:05.771 W/ProxyLayerLogic( 1752): Layer (Type 1, ID 1002, content 3) was dropped because its required proxy layer could not be found
11-18 18:49:05.771 W/BackgroundPassthroughLogic( 1752): Unmatched layer (ID 1002, content 3) used as replacement for background passthrough layer, because its required proxy layer could not be found
11-18 18:49:05.777 W/[SEO] InputOpenXr( 3392): Interaction Profile retrieval failed: /user/eyes_ext
11-18 18:49:05.783 W/ProxyLayerLogic( 1752): Layer (Type 1, ID 1002, content 3) was dropped because its required proxy layer could not be found
11-18 18:49:05.783 W/BackgroundPassthroughLogic( 1752): Unmatched layer (ID 1002, content 3) used as replacement for background passthrough layer, because its required proxy layer could not be found
11-18 18:49:05.786 I/SyncBossHAL(  979): [info   ] pulsar_manager.c(164): Setting controller ID f67c929a891a75c5 LED config to period: 33332us, on-time: 19us, delay: 26498us
11-18 18:49:05.794 W/ProxyLayerLogic( 1752): Layer (Type 1, ID 1002, content 3) was dropped because its required proxy layer could not be found
11-18 18:49:05.794 W/BackgroundPassthroughLogic( 1752): Unmatched layer (ID 1002, content 3) used as replacement for background passthrough layer, because its required proxy layer could not be found
11-18 18:49:05.794 I/Tracking( 1215): VEGA:HM:PERCEPTUAL: [277.432 [sec]] Good tracking while exposing 3DoF, waiting 0.18 more seconds.
11-18 18:49:05.795 I/Tracking( 1215): PERCEPTION:SMOOTH_WORLD: ts = 277.432036. Reset smooth world. Reason: NotShowing6DoF HaveNotSetInitialSmoothWorld 
11-18 18:49:05.800 W/SensorService(  979): Slot 3 for mode 0 is not controlled by control purpose handExposureControl. Skipping.
11-18 18:49:05.801 E/SensorControl( 1215): failed sendExposureSettings: purpose=handExposureControl, modeIdx=1, slotIdx=3, duration=0.004892, gain=2.000000
11-18 18:49:05.805 W/ProxyLayerLogic( 1752): Layer (Type 1, ID 1002, content 3) was dropped because its required proxy layer could not be found
11-18 18:49:05.805 W/BackgroundPassthroughLogic( 1752): Unmatched layer (ID 1002, content 3) used as replacement for background passthrough layer, because its required proxy layer could not be found
11-18 18:49:05.816 W/ProxyLayerLogic( 1752): Layer (Type 1, ID 1002, content 3) was dropped because its required proxy layer could not be found
11-18 18:49:05.816 W/BackgroundPassthroughLogic( 1752): Unmatched layer (ID 1002, content 3) used as replacement for background passthrough layer, because its required proxy layer could not be found
11-18 18:49:05.827 W/ProxyLayerLogic( 1752): Layer (Type 1, ID 1002, content 3) was dropped because its required proxy layer could not be found
11-18 18:49:05.827 W/BackgroundPassthroughLogic( 1752): Unmatched layer (ID 1002, content 3) used as replacement for background passthrough layer, because its required proxy layer could not be found
11-18 18:49:05.831 I/FrameSetDispatcher(  979): [{0,0},{1,0},{2,0},{3,0}] 1 older Mux Mode settings are removed.
11-18 18:49:05.831 I/TrackingFidelityService( 1206): endTransition[worldTracking]: handTracking(1)->default(0), seqId=38, succeeded=true
11-18 18:49:05.832 I/FrameSetDispatcher(  979): [{0,0},{1,0},{2,0},{3,0}] Client pid=1215 (Cnst): Remove old Mux Mode 1: slot indices: 
11-18 18:49:05.832 I/FrameSetDispatcher(  979): [{0,0},{1,0},{2,0},{3,0}] Client pid=1215 (ExpCtl): Remove old Mux Mode 1: slot indices: SLOT_0 SLOT_1 SLOT_2 SLOT_3 
11-18 18:49:05.832 I/SensorControl( 1215): purpose=constellationExposureControl cameraSystem=worldTracking modeIndex=default
11-18 18:49:05.832 D/SensorDataTransforms( 1215): [constellation:constellation] Erased 1 stale entries from the staged mux states for worldTracking.
11-18 18:49:05.832 I/SensorControl( 1215): Mapping slotIdx[1] cameraSystem [worldTracking] to controlPurposeName[constellationExposureControl]
11-18 18:49:05.832 I/TrackingService( 1215): [constellation:constellation] Configuration update starting
11-18 18:49:05.832 I/SensorControl( 1215): Mapping slotIdx[3] cameraSystem [worldTracking] to controlPurposeName[constellationExposureControl]
11-18 18:49:05.833 I/SensorControl( 1215): configureExposureAlgorithm: purpose=constellationExposureControl
11-18 18:49:05.833 I/SensorControl( 1215): purpose=constellationExposureControl  camera=0, exposure=[0.000038, 0.013000]  gain=[0.062500, 15.937500], nominalRateHz=30.000000
11-18 18:49:05.833 I/TrackingService( 1215): [constellation:constellation] Configuration update done
11-18 18:49:05.833 I/TrackingService( 1215): [constellation:constellation] Finish configuration update starting
11-18 18:49:05.833 I/TrackingService( 1215): [constellation:constellation] Finish configuration update done
11-18 18:49:05.834 I/SensorControl( 1215): purpose=constellationExposureControl  camera=1, exposure=[0.000038, 0.013000]  gain=[0.062500, 15.937500], nominalRateHz=30.000000
11-18 18:49:05.834 I/SensorControl( 1215): purpose=constellationExposureControl  camera=2, exposure=[0.000038, 0.013000]  gain=[0.062500, 15.937500], nominalRateHz=30.000000
11-18 18:49:05.834 I/Tracking( 1215): CONSTELLATION: Left: ControllerStateBuffer: RESET
11-18 18:49:05.834 I/SensorControl( 1215): purpose=constellationExposureControl  camera=3, exposure=[0.000038, 0.013000]  gain=[0.062500, 15.937500], nominalRateHz=30.000000
11-18 18:49:05.834 I/Tracking( 1215): CONSTELLATION: Left: StateBufferOnlineCalibrationCache: Initialized without a last good IMU ocal
11-18 18:49:05.834 I/Tracking( 1215): CONSTELLATION: Left: ControllerStateBuffer: RESET
11-18 18:49:05.834 I/Tracking( 1215): CONSTELLATION: Left: ControllerStateBuffer: RESET
11-18 18:49:05.835 I/SensorControl( 1215): purpose=iotExposureControl cameraSystem=worldTracking modeIndex=default
11-18 18:49:05.835 I/Tracking( 1215): CONSTELLATION: Right: ControllerStateBuffer: RESET
11-18 18:49:05.835 I/SensorControl( 1215): Mapping slotIdx[0] cameraSystem [worldTracking] to controlPurposeName[iotExposureControl]
11-18 18:49:05.835 I/Tracking( 1215): CONSTELLATION: Right: StateBufferOnlineCalibrationCache: Initialized without a last good IMU ocal
11-18 18:49:05.835 I/Tracking( 1215): CONSTELLATION: Right: ControllerStateBuffer: RESET
11-18 18:49:05.835 I/Tracking( 1215): CONSTELLATION: Right: ControllerStateBuffer: RESET
11-18 18:49:05.835 I/Tracking( 1215): CONSTELLATION:IMU_STATUS: 0xf67c929a891a75c5 (R): [#Samples=1] 277.491s | [FusionTracked=0.000, OutputTracked=0.000, OutputValid=0.000] [AccelSat=0.000, GyroSat=0.000] [AccelMinMeanMax: X=-3.888|-3.888|-3.888, Y=3.582|3.582|3.582, Z=-9.548|-9.548|-9.548] [GyroMinMeanMax: X=0.822|0.822|0.822, Y=-0.347|-0.347|-0.347, Z=-0.373|-0.373|-0.373] [AccelStuck: X=0|0.000, Y=0|0.000, Z=0|0.000] [GyroStuck: X=0|0.000, Y=0|0.000, Z=0|0.000]  [Current time=277.491s, last log time=0.000s]
11-18 18:49:05.838 I/SensorControl( 1215): Mapping slotIdx[2] cameraSystem [worldTracking] to controlPurposeName[iotExposureControl]
11-18 18:49:05.838 I/SensorControl( 1215): configureExposureAlgorithm: purpose=iotExposureControl
11-18 18:49:05.838 I/SensorControl( 1215): purpose=iotExposureControl  camera=0, exposure=[0.000038, 0.013000]  gain=[0.062500, 15.937500], nominalRateHz=30.000000
11-18 18:49:05.838 W/ProxyLayerLogic( 1752): Layer (Type 1, ID 1002, content 3) was dropped because its required proxy layer could not be found
11-18 18:49:05.839 W/BackgroundPassthroughLogic( 1752): Unmatched layer (ID 1002, content 3) used as replacement for background passthrough layer, because its required proxy layer could not be found
11-18 18:49:05.840 I/SensorControl( 1215): purpose=iotExposureControl  camera=1, exposure=[0.000038, 0.013000]  gain=[0.062500, 15.937500], nominalRateHz=30.000000
11-18 18:49:05.840 I/SensorControl( 1215): purpose=iotExposureControl  camera=2, exposure=[0.000038, 0.013000]  gain=[0.062500, 15.937500], nominalRateHz=30.000000
11-18 18:49:05.840 I/SensorControl( 1215): purpose=iotExposureControl  camera=3, exposure=[0.000038, 0.013000]  gain=[0.062500, 15.937500], nominalRateHz=30.000000
11-18 18:49:05.850 W/ProxyLayerLogic( 1752): Layer (Type 1, ID 1002, content 3) was dropped because its required proxy layer could not be found
11-18 18:49:05.850 W/BackgroundPassthroughLogic( 1752): Unmatched layer (ID 1002, content 3) used as replacement for background passthrough layer, because its required proxy layer could not be found
11-18 18:49:05.851 I/FrameSetDispatcher(  979): [{0,0},{1,0},{2,0},{3,0}] Client pid=1215 (Obj): Remove old Mux Mode 1: slot indices: SLOT_0 SLOT_1 SLOT_2 SLOT_3 
11-18 18:49:05.851 I/FrameSetDispatcher(  979): [{0,0},{1,0},{2,0},{3,0}] Client pid=1194 (MrSSCamS): Remove old Mux Mode 1: slot indices: SLOT_0 SLOT_2 
11-18 18:49:05.851 I/FrameSetDispatcher(  979): [{0,0},{1,0},{2,0},{3,0}] Client pid=1215 (IOT): Remove old Mux Mode 1: slot indices: SLOT_0 SLOT_2 
11-18 18:49:05.851 I/TrackingService( 1215): [object:object] Configuration update starting
11-18 18:49:05.851 I/TrackingService( 1215): [iot:iot] Configuration update starting
11-18 18:49:05.852 I/TrackingService( 1215): [object:object] Configuration update done
11-18 18:49:05.852 I/TrackingService( 1215): [iot:iot] Configuration update done
11-18 18:49:05.852 I/TrackingService( 1215): [iot:iot] Finish configuration update starting
11-18 18:49:05.852 I/TrackingService( 1215): [object:object] Finish configuration update starting
11-18 18:49:05.852 I/TrackingService( 1215): [iot:iot] Finish configuration update done
11-18 18:49:05.852 I/TrackingService( 1215): [object:object] Finish configuration update done
11-18 18:49:05.853 I/MRSS    ( 1194): MIXEDREALITY: MrFrameSetConsumerBase: finishConfigurationUpdate: frameType=1 sensor_config_gamma=0.6 hardcoded_gamma(used_in_prod)=0.6000000238418579.
11-18 18:49:05.859 I/MRSS    ( 1194): MIXEDREALITY: MrRuntimeImplBase: reinitRenderingIfRequested: status=0.
11-18 18:49:05.859 I/MRSS    ( 1194): MIXEDREALITY: MrRuntimeImpl: EglStorage: cleared EGL images
11-18 18:49:05.859 I/MRSS    ( 1194): MIXEDREALITY: MrRuntimeImplBase: clearSharedMemoryBase: clearing
11-18 18:49:05.859 I/MRSS    ( 1194): MIXEDREALITY: MrRuntimeImplBase: acquireSharedMemory
11-18 18:49:05.859 I/MRSS    ( 1194): MIXEDREALITY: MrRuntimeImplBase: clearSharedMemoryBase: clearing
11-18 18:49:05.859 I/MRSS    ( 1194): MIXEDREALITY: MrRuntimeImplBase: acquireSharedMemory: success.
11-18 18:49:05.859 I/MRSS    ( 1194): MIXEDREALITY: MrRuntimeImplBase: reinitRenderingIfRequested: Reconnected.
11-18 18:49:05.859 W/Tracking( 1215): CONSTELLATION:MATCHING:BruteMatching_Right: [Throttled count=3] JEDI: Brute matching timed out after 1800 iterations WITHOUT a match.
11-18 18:49:05.859 I/Tracking( 1215): CONSTELLATION_Right: [Throttled count=4] Right: Imu state is invalid when querying vision state!
11-18 18:49:05.859 I/MRSS    ( 1194): MIXEDREALITY: MrRuntimeImpl: MrRuntimeImpl enabled features: passthrough=true, depth=false.
11-18 18:49:05.859 I/MRSS    ( 1194): MIXEDREALITY: MrRuntimeImpl: connection to MrSystemService successful.
11-18 18:49:05.859 I/MRSS    ( 1194): MIXEDREALITY: MrRuntimeImpl: Resuming capabilities after reconnect
11-18 18:49:05.859 I/MRSS    ( 1194): MIXEDREALITY: MrRuntimeImpl: onResume: Capability Passthrough on device 2.
11-18 18:49:05.859 I/MRSS    ( 1194): MIXEDREALITY: CalibrationRefresher: MR: MrRuntimeImpl:onResume: Updated refresh interval to 10 seconds.
11-18 18:49:05.859 I/Tracking( 1215): CONSTELLATION:VISION_STATUS: 0xf67c929a891a75c5 (R): [#Samples=1] 277.482s | BlobDetection:[#BlobsDetected=(69.00, 0.00)]Matching:[MatchSuccess=0.000, MatchCost=(0.00000, 0.00000), #MatchedBlobs=(0.00, 0.00), #MatchedLeds=(0.00, 0.00), RematchM=0.000, SkipRefine=0.000] MatchMethod:[Prox=0.000, ConstBrute=0.000, AttiBrute=0.000, UnconstBrute=0.000] MatchResets[AnomBlobSize=0.000, SharedMatch=0.000, DenseReacq=0.000] | Fusion:[FusionError=0.000, ImuFromCamMs=(33.271, 0.000), RematchF=0.000] FusionUpdates:[Successful=0.000, Reliable=0.000, TightFusion=0.000, FullPose=0.000, StaticPrior=0.000, StaticForHandTrans=0.000, PoseUpdateMD=(0.0000, 0.0000)] FusionResets[6DoFReset=1.000, ResetSuccess=0.000] FusionStatus[HasPosition=0.000, HasVelocity=0.000]  [Current time=277.482s, last log time=0.000s]
11-18 18:49:05.860 I/MRSS    ( 1194): MIXEDREALITY: MrRuntimeImpl: EglStorage: cached 2 EGL images
11-18 18:49:05.860 I/MRSS    ( 1194): MIXEDREALITY: MrRuntimeImpl: Initializing Passthrough Rendering Capability
11-18 18:49:05.861 W/ProxyLayerLogic( 1752): Layer (Type 1, ID 1002, content 3) was dropped because its required proxy layer could not be found
11-18 18:49:05.861 W/BackgroundPassthroughLogic( 1752): Unmatched layer (ID 1002, content 3) used as replacement for background passthrough layer, because its required proxy layer could not be found
11-18 18:49:05.865 W/FrameSetDispatcher(  979): [{0,0},{1,0},{2,0},{3,0}] Client pid=1215 (ExpCtl): client is taking longer than 33ms to return FrameSets (1x in the past 1.385s)
11-18 18:49:05.868 I/Tracking( 1215): VEGA:HM:PERCEPTUAL: [277.498 [sec]] Good tracking while exposing 3DoF, waiting 0.12 more seconds.
11-18 18:49:05.869 I/ClientSharedTelemetryStats( 2387): App memory usage: PSS=48 MiB, PrivateDirty=36 MiB, PrivateClean=4 MiB, GPU=2.9/4.1 MiB (72% allocated)
11-18 18:49:05.869 I/Tracking( 1215): PERCEPTION:SMOOTH_WORLD: ts = 277.4987. Reset smooth world. Reason: NotShowing6DoF HaveNotSetInitialSmoothWorld 
11-18 18:49:05.872 W/ProxyLayerLogic( 1752): Layer (Type 1, ID 1002, content 3) was dropped because its required proxy layer could not be found
11-18 18:49:05.872 W/BackgroundPassthroughLogic( 1752): Unmatched layer (ID 1002, content 3) used as replacement for background passthrough layer, because its required proxy layer could not be found
11-18 18:49:05.883 W/ProxyLayerLogic( 1752): Layer (Type 1, ID 1002, content 3) was dropped because its required proxy layer could not be found
11-18 18:49:05.883 W/BackgroundPassthroughLogic( 1752): Unmatched layer (ID 1002, content 3) used as replacement for background passthrough layer, because its required proxy layer could not be found
11-18 18:49:05.890 I/Tracking( 1215): CONSTELLATION_Right: [Throttled count=6] Right: Not reinitializing 6DoF filter yet (no valid pose from vision).
11-18 18:49:05.894 W/ProxyLayerLogic( 1752): Layer (Type 1, ID 1002, content 3) was dropped because its required proxy layer could not be found
11-18 18:49:05.894 W/BackgroundPassthroughLogic( 1752): Unmatched layer (ID 1002, content 3) used as replacement for background passthrough layer, because its required proxy layer could not be found
11-18 18:49:05.905 W/ProxyLayerLogic( 1752): Layer (Type 1, ID 1002, content 3) was dropped because its required proxy layer could not be found
11-18 18:49:05.905 W/BackgroundPassthroughLogic( 1752): Unmatched layer (ID 1002, content 3) used as replacement for background passthrough layer, because its required proxy layer could not be found
11-18 18:49:05.917 W/ProxyLayerLogic( 1752): Layer (Type 1, ID 1002, content 3) was dropped because its required proxy layer could not be found
11-18 18:49:05.917 W/BackgroundPassthroughLogic( 1752): Unmatched layer (ID 1002, content 3) used as replacement for background passthrough layer, because its required proxy layer could not be found
11-18 18:49:05.928 W/ProxyLayerLogic( 1752): Layer (Type 1, ID 1002, content 3) was dropped because its required proxy layer could not be found
11-18 18:49:05.928 W/BackgroundPassthroughLogic( 1752): Unmatched layer (ID 1002, content 3) used as replacement for background passthrough layer, because its required proxy layer could not be found
11-18 18:49:05.929 I/Tracking( 1215): VEGA:HM:PERCEPTUAL: [277.565 [sec]] Good tracking while exposing 3DoF, waiting 0.05 more seconds.
11-18 18:49:05.930 I/Tracking( 1215): PERCEPTION:SMOOTH_WORLD: ts = 277.565364. Reset smooth world. Reason: NotShowing6DoF HaveNotSetInitialSmoothWorld 
11-18 18:49:05.939 W/ProxyLayerLogic( 1752): Layer (Type 1, ID 1002, content 3) was dropped because its required proxy layer could not be found
11-18 18:49:05.939 W/BackgroundPassthroughLogic( 1752): Unmatched layer (ID 1002, content 3) used as replacement for background passthrough layer, because its required proxy layer could not be found
11-18 18:49:05.950 W/ProxyLayerLogic( 1752): Layer (Type 1, ID 1002, content 3) was dropped because its required proxy layer could not be found
11-18 18:49:05.950 W/BackgroundPassthroughLogic( 1752): Unmatched layer (ID 1002, content 3) used as replacement for background passthrough layer, because its required proxy layer could not be found
11-18 18:49:05.961 W/ProxyLayerLogic( 1752): Layer (Type 1, ID 1002, content 3) was dropped because its required proxy layer could not be found
11-18 18:49:05.961 W/BackgroundPassthroughLogic( 1752): Unmatched layer (ID 1002, content 3) used as replacement for background passthrough layer, because its required proxy layer could not be found
11-18 18:49:05.972 W/ProxyLayerLogic( 1752): Layer (Type 1, ID 1002, content 3) was dropped because its required proxy layer could not be found
11-18 18:49:05.972 W/BackgroundPassthroughLogic( 1752): Unmatched layer (ID 1002, content 3) used as replacement for background passthrough layer, because its required proxy layer could not be found
11-18 18:49:05.984 W/ProxyLayerLogic( 1752): Layer (Type 1, ID 1002, content 3) was dropped because its required proxy layer could not be found
11-18 18:49:05.984 W/BackgroundPassthroughLogic( 1752): Unmatched layer (ID 1002, content 3) used as replacement for background passthrough layer, because its required proxy layer could not be found
11-18 18:49:05.995 W/ProxyLayerLogic( 1752): Layer (Type 1, ID 1002, content 3) was dropped because its required proxy layer could not be found
11-18 18:49:05.995 W/BackgroundPassthroughLogic( 1752): Unmatched layer (ID 1002, content 3) used as replacement for background passthrough layer, because its required proxy layer could not be found
11-18 18:49:05.996 I/Tracking( 1215): VEGA:HM:PERCEPTUAL: [277.632 [sec]] State transition from 3DoF to 6DoF.
11-18 18:49:05.997 I/Tracking( 1215): VisionInterface: [EVENT] HMD Tracking switching to 6dof (from 3dof) - Engine State: Running
11-18 18:49:05.999 D/ControllerManagement( 2125): RemoteService::recordControllerStatusUpdate: device f67c929a891a75c5: status: CONNECTED_ACTIVE tracking: NONE, errors: --
11-18 18:49:05.999 D/ControllerManagement( 2125): RemoteService::recordControllerStatusUpdate: device 486bfdd6a5361743: status: CONNECTED_INACTIVE tracking: NONE, errors: --
11-18 18:49:06.000 I/[CT]    ( 3775): SP:AP:AnchorPersistenceConfig: PreferencesManager: has_seen_spatial_data_sharing_notice_v2: false
11-18 18:49:06.000 I/Telemetry( 2120): Time aligned, interrupted: 0
11-18 18:49:06.000 I/[CT]    ( 3775): SP:AP:AnchorPersistenceConfig: PreferencesManager: anchor_persistence_cloud_anchor_service_enabled: true
11-18 18:49:06.000 I/[CT]    ( 3775): SP:AP:AnchorPersistenceConfig: getCloudPermissionEnabledVps: userPreference(anchor_persistence_cloud_anchor_service_enabled_vps)=true, cloudPermissionOverride: -1
11-18 18:49:06.006 W/ProxyLayerLogic( 1752): Layer (Type 1, ID 1002, content 3) was dropped because its required proxy layer could not be found
11-18 18:49:06.006 W/BackgroundPassthroughLogic( 1752): Unmatched layer (ID 1002, content 3) used as replacement for background passthrough layer, because its required proxy layer could not be found
11-18 18:49:06.007 E/[SUI] SocialViewModel( 4829): Failed to fetch current party data
11-18 18:49:06.009 I/[CT]    ( 3775): SlamAnchorPersistenceRuntimeIpcClient: SlamAnchorPersistenceRuntimeIpcClient: Get Features Query took 0.008208699 s. Query timestamp = 2719837283502
11-18 18:49:06.015 I/ClientSharedTelemetryStats( 3392): App memory usage: PSS=531 MiB, PrivateDirty=448 MiB, PrivateClean=70 MiB, GPU=221.6/222.4 MiB (100% allocated)
11-18 18:49:06.015 I/VrApi   ( 3392): FPS=68/90,Prd=13ms,Tear=0,Early=0,Stale=1,Stale2/5/10/max=0/0/0/0,VSnc=1,Lat=-1,Fov=0,CPU4/GPU=8/3,0/0MHz,OC=0,TA=0/0/0,SP=N/N/N,Mem=0MHz,Free=2153MB,PLS=0,Temp=40.5C/0.0C,TW=1.07ms,App=2.08ms,GD=0.00ms,CPU&GPU=0.00ms,LCnt=0(DR0,LM0),GPU%=-0.46,CPU%=0.04(W0.05),CFL=-2717997.25/-2717997.25,ICFLp95=nan,LD=0,SF=1.00,LP=0,DVFS=0
11-18 18:49:06.017 W/ProxyLayerLogic( 1752): Layer (Type 1, ID 1002, content 3) was dropped because its required proxy layer could not be found
11-18 18:49:06.017 W/BackgroundPassthroughLogic( 1752): Unmatched layer (ID 1002, content 3) used as replacement for background passthrough layer, because its required proxy layer could not be found
11-18 18:49:06.028 W/ProxyLayerLogic( 1752): Layer (Type 1, ID 1002, content 3) was dropped because its required proxy layer could not be found
11-18 18:49:06.028 W/BackgroundPassthroughLogic( 1752): Unmatched layer (ID 1002, content 3) used as replacement for background passthrough layer, because its required proxy layer could not be found
11-18 18:49:06.033 I/Tracking( 1215): CONSTELLATION: Right: ControllerStateBuffer: RESET
11-18 18:49:06.039 W/ProxyLayerLogic( 1752): Layer (Type 1, ID 1002, content 3) was dropped because its required proxy layer could not be found
11-18 18:49:06.039 W/BackgroundPassthroughLogic( 1752): Unmatched layer (ID 1002, content 3) used as replacement for background passthrough layer, because its required proxy layer could not be found
11-18 18:49:06.051 W/ProxyLayerLogic( 1752): Layer (Type 1, ID 1002, content 3) was dropped because its required proxy layer could not be found
11-18 18:49:06.051 W/BackgroundPassthroughLogic( 1752): Unmatched layer (ID 1002, content 3) used as replacement for background passthrough layer, because its required proxy layer could not be found
11-18 18:49:06.062 W/ProxyLayerLogic( 1752): Layer (Type 1, ID 1002, content 3) was dropped because its required proxy layer could not be found
11-18 18:49:06.062 W/BackgroundPassthroughLogic( 1752): Unmatched layer (ID 1002, content 3) used as replacement for background passthrough layer, because its required proxy layer could not be found
11-18 18:49:06.073 W/ProxyLayerLogic( 1752): Layer (Type 1, ID 1002, content 3) was dropped because its required proxy layer could not be found
11-18 18:49:06.073 W/BackgroundPassthroughLogic( 1752): Unmatched layer (ID 1002, content 3) used as replacement for background passthrough layer, because its required proxy layer could not be found
11-18 18:49:06.081 W/Tracking( 1215): VrHeadPoseOrchestrator: [Throttled count=6] Delayed IMU measurements detected! Capture Time: 2720.031839000 [sec], Arrival Time: 2720.048161232 [sec], Time Delta: 0.016322232 [sec]
11-18 18:49:06.084 W/ProxyLayerLogic( 1752): Layer (Type 1, ID 1002, content 3) was dropped because its required proxy layer could not be found
11-18 18:49:06.084 W/BackgroundPassthroughLogic( 1752): Unmatched layer (ID 1002, content 3) used as replacement for background passthrough layer, because its required proxy layer could not be found
11-18 18:49:06.095 W/ProxyLayerLogic( 1752): Layer (Type 1, ID 1002, content 3) was dropped because its required proxy layer could not be found
11-18 18:49:06.095 W/BackgroundPassthroughLogic( 1752): Unmatched layer (ID 1002, content 3) used as replacement for background passthrough layer, because its required proxy layer could not be found
11-18 18:49:06.099 E/libsensortelemetry(  979): imu samples delayed: 16322232ns capture to arrival (ERS limit: 3500000ns)
11-18 18:49:06.106 W/ProxyLayerLogic( 1752): Layer (Type 1, ID 1002, content 3) was dropped because its required proxy layer could not be found
11-18 18:49:06.106 W/BackgroundPassthroughLogic( 1752): Unmatched layer (ID 1002, content 3) used as replacement for background passthrough layer, because its required proxy layer could not be found
11-18 18:49:06.110 E/libsensortelemetry( 1215): imu_iot samples delayed: 16696399ns capture to arrival (ERS limit: 3500000ns)
11-18 18:49:06.117 W/ProxyLayerLogic( 1752): Layer (Type 1, ID 1002, content 3) was dropped because its required proxy layer could not be found
11-18 18:49:06.118 W/BackgroundPassthroughLogic( 1752): Unmatched layer (ID 1002, content 3) used as replacement for background passthrough layer, because its required proxy layer could not be found
