11-18 18:22:21.167 I/MRSS    ( 1194): MIXEDREALITY: GlFramebufferFactory: framebuffer pool releasing buffer (elements in pool=0)
11-18 18:22:21.167 I/OpenXR_GPUMemTrace( 1194): Swapchain deletion destroy id=431, idx=0
11-18 18:22:21.167 I/OpenXR_GPUMemTrace( 1194): Swapchain deletion destroy id=431, idx=1
11-18 18:22:21.168 I/VrRuntimeService( 1752): DestroySwapChain: swapchain=431
11-18 18:22:21.168 I/MRSS    ( 1194): MIXEDREALITY: GlFramebufferFactory: framebuffer pool destroying buffer because there are too many instanciated buffers. GlobalCount: 1
11-18 18:22:21.168 I/MRSS    ( 1194): MIXEDREALITY: MrClientModelStates: Cleaned up resources for client 9223372036854775808
11-18 18:22:21.174 I/Tracking( 1215): AnchorCache: Inserted world origin anchor c285f04a-a396-a10a-7a81-32a734b76dd5 for root 4f111f70-a5b6-8e24-9030-8862c8cbfd74
11-18 18:22:21.174 I/Tracking( 1215): LocalizationStateMachine: LocalizationStateMachine updated from LoadSubmapList to FineLocalizationOnly
11-18 18:22:21.178 W/Tracking( 1215): CONSTELLATION_Right: [Throttled count=501] Right: Could not retrieve 3dof fallback pose.
11-18 18:22:21.180 W/ProxyLayerLogic( 1752): Layer (Type 1, ID 1002, content 3) was dropped because its required proxy layer could not be found
11-18 18:22:21.184 I/Tracking( 1215): boltlib: Initialized model dpe_encoder_image_backbone_boltnn_delegate with 1 HTA subgraph(s)
11-18 18:22:21.185 I/Tracking( 1215): BoltSDK::Soc: [EVENT] TorchDelegate: Hexagon ref count changed from 25 to 26
11-18 18:22:21.194 W/ProxyLayerLogic( 1752): Layer (Type 1, ID 1002, content 3) was dropped because its required proxy layer could not be found
11-18 18:22:21.194 W/BackgroundPassthroughLogic( 1752): Unmatched layer (ID 1002, content 3) used as replacement for background passthrough layer, because its required proxy layer could not be found
11-18 18:22:21.204 I/WifiService( 1447): startScan uid=10102
11-18 18:22:21.208 W/ProxyLayerLogic( 1752): Layer (Type 1, ID 1002, content 3) was dropped because its required proxy layer could not be found
11-18 18:22:21.208 W/BackgroundPassthroughLogic( 1752): Unmatched layer (ID 1002, content 3) used as replacement for background passthrough layer, because its required proxy layer could not be found
11-18 18:22:21.215 I/Tracking( 1215): VioSubmapHelpers: Initializing Submap id = 0, version = 1519298163 relative to Odometry.
11-18 18:22:21.222 W/ProxyLayerLogic( 1752): Layer (Type 1, ID 1002, content 3) was dropped because its required proxy layer could not be found
11-18 18:22:21.222 W/BackgroundPassthroughLogic( 1752): Unmatched layer (ID 1002, content 3) used as replacement for background passthrough layer, because its required proxy layer could not be found
11-18 18:22:21.228 I/Tracking( 1215): boltlib: Initialized model dpe_encoder_fusion_boltnn_delegate with 1 HTA subgraph(s)
11-18 18:22:21.236 W/ProxyLayerLogic( 1752): Layer (Type 1, ID 1002, content 3) was dropped because its required proxy layer could not be found
11-18 18:22:21.236 W/BackgroundPassthroughLogic( 1752): Unmatched layer (ID 1002, content 3) used as replacement for background passthrough layer, because its required proxy layer could not be found
11-18 18:22:21.240 I/Tracking( 1215): NIMBLE:PipelineAssetManager: [Prepare] Loading external motion model for DPE: /system/etc/handtracking/runtime/hollywood/experimental/experimental_emm/emm.ptl
11-18 18:22:21.240 I/Tracking( 1215): ExternalMotionModel: Loading model from -> "/system/etc/handtracking/runtime/hollywood/experimental/experimental_emm/emm.ptl"
11-18 18:22:21.242 I/Tracking( 1215): VEGA:HM:MAP_TRACKING: Submap Submap id = 0, version = 1519298163 valid, start tracking.
11-18 18:22:21.242 I/Tracking( 1215): VEGA:HM:PERCEPTUAL: [721.347 [sec]] Good tracking while exposing 3DoF, waiting 0.45 more seconds.
11-18 18:22:21.244 I/Tracking( 1215): PERCEPTION:SMOOTH_WORLD: ts = 721.347612. Reset smooth world. Reason: TransformSmoother NotShowing6DoF 
11-18 18:22:21.244 W/Tracking( 1215): CONSTELLATION: Right: computeInitialStateAndUncertainty(): Old state is not valid anymore! Time: -1.000s. State valid: true, cov is finite: true
11-18 18:22:21.244 I/Tracking( 1215): CONSTELLATION: Right: computeInitialStateAndUncertainty(): Not using any previous IMU ocal.
11-18 18:22:21.244 I/Tracking( 1215): CONSTELLATION: Right: Successfully reinitialized 6DoF filter. Keep ocal state and covariance = N. Keep velocity state and covariance = N, Allow keeping last good IMU ocal state and covariance = N, Covariance of meas: 4.20178e-06 4.08557e-06 4.11063e-06 0.000115648 0.000157251 0.000109842 Distance from last integrated state: 0, Time since last reliable vision update (nan if last integrated state not available): nan, 
11-18 18:22:21.249 D/ControllerManagement( 2125): RemoteService::recordControllerStatusUpdate: device f67c929a891a75c5: status: CONNECTED_ACTIVE tracking: ORIENTATION, errors: --
11-18 18:22:21.250 W/ProxyLayerLogic( 1752): Layer (Type 1, ID 1002, content 3) was dropped because its required proxy layer could not be found
11-18 18:22:21.250 W/BackgroundPassthroughLogic( 1752): Unmatched layer (ID 1002, content 3) used as replacement for background passthrough layer, because its required proxy layer could not be found
11-18 18:22:21.250 I/Tracking( 1215): AnchorManagerHelpers: [EVENT] Gained map tracking. placeAnchor() will now work.
11-18 18:22:21.251 I/ControllerNotifications( 2132): Skipping input notifications for device 0 (state=ConnectedBatteryNormal) (mShuttingDown?: false, mNotificationsEnabled?: false, mHandTrackingEnabled?: false, mMultimodalityEnabled?: false)
11-18 18:22:21.251 I/Tracking( 1215): BoltSDK::Soc: [EVENT] TorchDelegate: Hexagon ref count changed from 26 to 27
11-18 18:22:21.257 I/Tracking( 1215): boltlib: Initialized model emm_backbone_boltnn_delegate with 0 HTA subgraph(s)
11-18 18:22:21.258 I/Tracking( 1215): ExternalMotionModel: Lite interpreter. Using CPU...
11-18 18:22:21.258 I/Tracking( 1215): NIMBLE:PipelineAssetManager: Initializing DPE Postprocess Features
11-18 18:22:21.258 I/Tracking( 1215): Microgesture: [MGDebug] Loading MG model from "/system/etc/handtracking/runtime/microgesture/MGV29MG.ptl", for BOTH hand(s), with receptive field 1, out frame size 1
11-18 18:22:21.262 I/Tracking( 1215): CONSTELLATION: Left: ControllerStateBuffer: RESET
11-18 18:22:21.263 I/Tracking( 1215): CONSTELLATION: Left: StateBufferOnlineCalibrationCache: Initialized without a last good IMU ocal
11-18 18:22:21.263 I/Tracking( 1215): CONSTELLATION: Left: ControllerStateBuffer: RESET
11-18 18:22:21.263 I/Tracking( 1215): CONSTELLATION: Left: ControllerStateBuffer: RESET
11-18 18:22:21.263 I/Tracking( 1215): CONSTELLATION: Right: ControllerStateBuffer: RESET
11-18 18:22:21.263 I/Tracking( 1215): CONSTELLATION: Right: StateBufferOnlineCalibrationCache: Initialized without a last good IMU ocal
11-18 18:22:21.263 I/Tracking( 1215): CONSTELLATION: Right: ControllerStateBuffer: RESET
11-18 18:22:21.264 W/ProxyLayerLogic( 1752): Layer (Type 1, ID 1002, content 3) was dropped because its required proxy layer could not be found
11-18 18:22:21.264 W/BackgroundPassthroughLogic( 1752): Unmatched layer (ID 1002, content 3) used as replacement for background passthrough layer, because its required proxy layer could not be found
11-18 18:22:21.264 I/Tracking( 1215): CONSTELLATION: Right: ControllerStateBuffer: RESET
11-18 18:22:21.264 I/Tracking( 1215): CONSTELLATION:IMU_STATUS: 0x486bfdd6a5361743 (L): [#Samples=1] 721.406s | [FusionTracked=0.000, OutputTracked=0.000, OutputValid=0.000] [AccelSat=0.000, GyroSat=0.000] [AccelMinMeanMax: X=0.335|0.335|0.335, Y=5.526|5.526|5.526, Z=-7.767|-7.767|-7.767] [GyroMinMeanMax: X=0.000|0.000|0.000, Y=-0.009|-0.009|-0.009, Z=-0.004|-0.004|-0.004] [AccelStuck: X=0|0.000, Y=0|0.000, Z=0|0.000] [GyroStuck: X=0|0.000, Y=0|0.000, Z=0|0.000]  [Current time=721.406s, last log time=0.000s]
11-18 18:22:21.264 I/Tracking( 1215): CONSTELLATION:IMU_STATUS: 0xf67c929a891a75c5 (R): [#Samples=1] 721.406s | [FusionTracked=0.000, OutputTracked=0.000, OutputValid=0.000] [AccelSat=0.000, GyroSat=0.000] [AccelMinMeanMax: X=-0.134|-0.134|-0.134, Y=5.545|5.545|5.545, Z=-3.045|-3.045|-3.045] [GyroMinMeanMax: X=2.267|2.267|2.267, Y=3.192|3.192|3.192, Z=0.833|0.833|0.833] [AccelStuck: X=0|0.000, Y=0|0.000, Z=0|0.000] [GyroStuck: X=0|0.000, Y=0|0.000, Z=0|0.000]  [Current time=721.406s, last log time=0.000s]
11-18 18:22:21.265 D/ControllerManagement( 2125): RemoteService::recordControllerStatusUpdate: device f67c929a891a75c5: status: CONNECTED_ACTIVE tracking: NONE, errors: --
11-18 18:22:21.266 I/Tracking( 1215): BoltSDK::Soc: [EVENT] TorchDelegate: Hexagon ref count changed from 27 to 28
11-18 18:22:21.268 I/ControllerNotifications( 2132): Skipping input notifications for device 0 (state=ConnectedBatteryNormal) (mShuttingDown?: false, mNotificationsEnabled?: false, mHandTrackingEnabled?: false, mMultimodalityEnabled?: false)
11-18 18:22:21.277 I/GuardianMapMgr( 2387): [GuardianMapMgr::UpdateHasWorldOriginUuidChanged] World origin uuid has changed. Updating cached world origin uuid from 48932a11-cd3d-af8f-1c0f-622f00929dc5 to c285f04a-a396-a10a-7a81-32a734b76dd5
11-18 18:22:21.278 W/ProxyLayerLogic( 1752): Layer (Type 1, ID 1002, content 3) was dropped because its required proxy layer could not be found
11-18 18:22:21.278 W/BackgroundPassthroughLogic( 1752): Unmatched layer (ID 1002, content 3) used as replacement for background passthrough layer, because its required proxy layer could not be found
11-18 18:22:21.282 I/Tracking( 1215): CONSTELLATION:VISION_STATUS: 0x486bfdd6a5361743 (L): [#Samples=1] 721.398s | BlobDetection:[#BlobsDetected=(14.00, 0.00)]Matching:[MatchSuccess=0.000, MatchCost=(0.00000, 0.00000), #MatchedBlobs=(0.00, 0.00), #MatchedLeds=(0.00, 0.00), RematchM=0.000, SkipRefine=0.000] MatchMethod:[Prox=0.000, ConstBrute=0.000, AttiBrute=0.000, UnconstBrute=0.000] MatchResets[AnomBlobSize=0.000, SharedMatch=0.000, DenseReacq=0.000] | Fusion:[FusionError=0.000, ImuFromCamMs=(26.036, 0.000), RematchF=0.000] FusionUpdates:[Successful=0.000, Reliable=0.000, TightFusion=0.000, FullPose=0.000, StaticPrior=0.000, StaticForHandTrans=0.000, PoseUpdateMD=(0.0000, 0.0000)] FusionResets[6DoFReset=1.000, ResetSuccess=0.000] FusionStatus[HasPosition=0.000, HasVelocity=0.000]  [Current time=721.398s, last log time=0.000s]
11-18 18:22:21.282 I/Tracking( 1215): CONSTELLATION:VISION_STATUS: 0xf67c929a891a75c5 (R): [#Samples=1] 721.398s | BlobDetection:[#BlobsDetected=(14.00, 0.00)]Matching:[MatchSuccess=0.000, MatchCost=(0.00000, 0.00000), #MatchedBlobs=(0.00, 0.00), #MatchedLeds=(0.00, 0.00), RematchM=0.000, SkipRefine=0.000] MatchMethod:[Prox=0.000, ConstBrute=0.000, AttiBrute=0.000, UnconstBrute=0.000] MatchResets[AnomBlobSize=0.000, SharedMatch=0.000, DenseReacq=0.000] | Fusion:[FusionError=0.000, ImuFromCamMs=(25.922, 0.000), RematchF=0.000] FusionUpdates:[Successful=0.000, Reliable=0.000, TightFusion=0.000, FullPose=0.000, StaticPrior=0.000, StaticForHandTrans=0.000, PoseUpdateMD=(0.0000, 0.0000)] FusionResets[6DoFReset=1.000, ResetSuccess=0.000] FusionStatus[HasPosition=0.000, HasVelocity=0.000]  [Current time=721.398s, last log time=0.000s]
11-18 18:22:21.283 V/CompositorUtil( 1752): TryDelete: Deleting 1 swapchains
11-18 18:22:21.283 V/Context ( 1752): QueryVersion() - Context Version: 3.2
11-18 18:22:21.283 V/CompositorUtil( 1752): SwapChainDeferDeletion: destroying texture swap chain id=431 ptr=0x7da0280e00, client id=1
11-18 18:22:21.284 I/SwapChain_Vulkan_Foveated( 1752): CreateTextureSwapChainFoveationVulkan: Destroyed foveation resources
11-18 18:22:21.288 I/Tracking( 1215): boltlib: Initialized model GraphModule with 0 HTA subgraph(s)
11-18 18:22:21.289 I/Tracking( 1215): Microgesture: Attempting to load the given MG model via `CorePredictor.
11-18 18:22:21.291 W/ProxyLayerLogic( 1752): Layer (Type 1, ID 1002, content 3) was dropped because its required proxy layer could not be found
11-18 18:22:21.291 W/BackgroundPassthroughLogic( 1752): Unmatched layer (ID 1002, content 3) used as replacement for background passthrough layer, because its required proxy layer could not be found
11-18 18:22:21.296 I/Tracking( 1215): BoltSDK::Soc: [EVENT] TorchDelegate: Hexagon ref count changed from 28 to 29
11-18 18:22:21.305 W/ProxyLayerLogic( 1752): Layer (Type 1, ID 1002, content 3) was dropped because its required proxy layer could not be found
11-18 18:22:21.306 W/BackgroundPassthroughLogic( 1752): Unmatched layer (ID 1002, content 3) used as replacement for background passthrough layer, because its required proxy layer could not be found
11-18 18:22:21.311 I/Tracking( 1215): VEGA:HM:PERCEPTUAL: [721.414 [sec]] Good tracking while exposing 3DoF, waiting 0.38 more seconds.
11-18 18:22:21.312 I/Tracking( 1215): PERCEPTION:SMOOTH_WORLD: ts = 721.414276. Reset smooth world. Reason: NotShowing6DoF HaveNotSetInitialSmoothWorld 
11-18 18:22:21.315 W/Tracking( 1215): VIPER: Frame Tracking (0.033568284 [sec]) exceeded camera sampling time (0.033333333 [sec]).
11-18 18:22:21.319 W/ProxyLayerLogic( 1752): Layer (Type 1, ID 1002, content 3) was dropped because its required proxy layer could not be found
11-18 18:22:21.320 W/BackgroundPassthroughLogic( 1752): Unmatched layer (ID 1002, content 3) used as replacement for background passthrough layer, because its required proxy layer could not be found
11-18 18:22:21.322 W/Tracking( 1215): CONSTELLATION:MATCHING:BruteMatching_Right: [Throttled count=10] JEDI: Brute matching timed out after 300 iterations WITHOUT a match.
11-18 18:22:21.333 W/ProxyLayerLogic( 1752): Layer (Type 1, ID 1002, content 3) was dropped because its required proxy layer could not be found
11-18 18:22:21.333 W/BackgroundPassthroughLogic( 1752): Unmatched layer (ID 1002, content 3) used as replacement for background passthrough layer, because its required proxy layer could not be found
11-18 18:22:21.342 I/Tracking( 1215): boltlib: Initialized model GraphModule with 0 HTA subgraph(s)
11-18 18:22:21.343 I/Tracking( 1215): Microgesture: Lite interpreter. Using CPU...
11-18 18:22:21.347 W/ProxyLayerLogic( 1752): Layer (Type 1, ID 1002, content 3) was dropped because its required proxy layer could not be found
11-18 18:22:21.347 W/BackgroundPassthroughLogic( 1752): Unmatched layer (ID 1002, content 3) used as replacement for background passthrough layer, because its required proxy layer could not be found
11-18 18:22:21.356 D/TrackingService( 1215): [HANDTRACKINGGLUE] resumeCapability
11-18 18:22:21.357 D/CameraStream(  979): [hand] Client [Hand(1215)] attempting start
11-18 18:22:21.358 I/FrameSetDispatcher(  979): [{0,0},{1,0},{2,0},{3,0}] Client pid=1215 (Hand): Client thread[{0,0},{1,0},{2,] started
11-18 18:22:21.358 I/CameraClientManager(  979): [Hand(1215)][hand] client started (estimated 1 started clients total)
11-18 18:22:21.358 I/CameraClientManager(  979): [[Hand(1215)][hand]] definitely starting stream
11-18 18:22:21.358 I/FrameSetCollator(  979): [{0,0},{1,0},{2,0},{3,0}] Skipping start, current start count: 4
11-18 18:22:21.358 I/CameraClientManager(  979): [[Hand(1215)][hand]] stream start completed
11-18 18:22:21.358 D/CameraStream(  979): [hand] Client [Hand(1215)]: start complete
11-18 18:22:21.361 W/ProxyLayerLogic( 1752): Layer (Type 1, ID 1002, content 3) was dropped because its required proxy layer could not be found
11-18 18:22:21.361 W/BackgroundPassthroughLogic( 1752): Unmatched layer (ID 1002, content 3) used as replacement for background passthrough layer, because its required proxy layer could not be found
11-18 18:22:21.370 I/Tracking( 1215): VEGA:HM:PERCEPTUAL: [721.480 [sec]] Good tracking while exposing 3DoF, waiting 0.32 more seconds.
11-18 18:22:21.372 I/Tracking( 1215): PERCEPTION:SMOOTH_WORLD: ts = 721.48094. Reset smooth world. Reason: NotShowing6DoF HaveNotSetInitialSmoothWorld 
11-18 18:22:21.373 I/VrRuntimeService( 1752): Input preference 'is_displaying_passthrough_content' changed from 1 to 0
11-18 18:22:21.373 I/PreferenceListener( 1752): Preference 'is_displaying_passthrough_content' set to 0
11-18 18:22:21.375 W/ProxyLayerLogic( 1752): Layer (Type 1, ID 1002, content 3) was dropped because its required proxy layer could not be found
11-18 18:22:21.375 W/BackgroundPassthroughLogic( 1752): Unmatched layer (ID 1002, content 3) used as replacement for background passthrough layer, because its required proxy layer could not be found
11-18 18:22:21.377 W/TrackingService( 1215): Timeout: (power: STANDBY, mux: --) => (power: RUNNING, mux: --), Observer=hand, Timeouts=0, slowTimeouts=2
11-18 18:22:21.382 I/GuardianPreferenceStoreListener( 2387): [GuardianPreferenceStoreListener] synced preference change: is_displaying_passthrough_content: 1 -> 0
11-18 18:22:21.389 W/ProxyLayerLogic( 1752): Layer (Type 1, ID 1002, content 3) was dropped because its required proxy layer could not be found
11-18 18:22:21.389 W/BackgroundPassthroughLogic( 1752): Unmatched layer (ID 1002, content 3) used as replacement for background passthrough layer, because its required proxy layer could not be found
11-18 18:22:21.403 W/ProxyLayerLogic( 1752): Layer (Type 1, ID 1002, content 3) was dropped because its required proxy layer could not be found
11-18 18:22:21.403 W/BackgroundPassthroughLogic( 1752): Unmatched layer (ID 1002, content 3) used as replacement for background passthrough layer, because its required proxy layer could not be found
11-18 18:22:21.417 W/ProxyLayerLogic( 1752): Layer (Type 1, ID 1002, content 3) was dropped because its required proxy layer could not be found
11-18 18:22:21.417 W/BackgroundPassthroughLogic( 1752): Unmatched layer (ID 1002, content 3) used as replacement for background passthrough layer, because its required proxy layer could not be found
11-18 18:22:21.431 W/ProxyLayerLogic( 1752): Layer (Type 1, ID 1002, content 3) was dropped because its required proxy layer could not be found
11-18 18:22:21.431 W/BackgroundPassthroughLogic( 1752): Unmatched layer (ID 1002, content 3) used as replacement for background passthrough layer, because its required proxy layer could not be found
11-18 18:22:21.433 I/Tracking( 1215): VEGA:HM:PERCEPTUAL: [721.547 [sec]] Good tracking while exposing 3DoF, waiting 0.25 more seconds.
11-18 18:22:21.434 I/Tracking( 1215): NIMBLE:HTEngineUtil: Loaded user profile path: /system/etc/handtracking/runtime/common/defaultProfile.msgpack
11-18 18:22:21.435 I/Tracking( 1215): PERCEPTION:SMOOTH_WORLD: ts = 721.547604. Reset smooth world. Reason: NotShowing6DoF HaveNotSetInitialSmoothWorld 
11-18 18:22:21.444 I/ClientSharedTelemetryStats( 2387): App memory usage: PSS=48 MiB, PrivateDirty=36 MiB, PrivateClean=4 MiB, GPU=2.9/4.1 MiB (72% allocated)
11-18 18:22:21.445 W/ProxyLayerLogic( 1752): Layer (Type 1, ID 1002, content 3) was dropped because its required proxy layer could not be found
11-18 18:22:21.445 W/BackgroundPassthroughLogic( 1752): Unmatched layer (ID 1002, content 3) used as replacement for background passthrough layer, because its required proxy layer could not be found
11-18 18:22:21.459 W/ProxyLayerLogic( 1752): Layer (Type 1, ID 1002, content 3) was dropped because its required proxy layer could not be found
11-18 18:22:21.459 W/BackgroundPassthroughLogic( 1752): Unmatched layer (ID 1002, content 3) used as replacement for background passthrough layer, because its required proxy layer could not be found
11-18 18:22:21.473 W/ProxyLayerLogic( 1752): Layer (Type 1, ID 1002, content 3) was dropped because its required proxy layer could not be found
11-18 18:22:21.473 W/BackgroundPassthroughLogic( 1752): Unmatched layer (ID 1002, content 3) used as replacement for background passthrough layer, because its required proxy layer could not be found
11-18 18:22:21.487 W/ProxyLayerLogic( 1752): Layer (Type 1, ID 1002, content 3) was dropped because its required proxy layer could not be found
11-18 18:22:21.487 W/BackgroundPassthroughLogic( 1752): Unmatched layer (ID 1002, content 3) used as replacement for background passthrough layer, because its required proxy layer could not be found
11-18 18:22:21.496 I/Tracking( 1215): VEGA:HM:PERCEPTUAL: [721.614 [sec]] Good tracking while exposing 3DoF, waiting 0.18 more seconds.
11-18 18:22:21.497 I/Tracking( 1215): PERCEPTION:SMOOTH_WORLD: ts = 721.614268. Reset smooth world. Reason: NotShowing6DoF HaveNotSetInitialSmoothWorld 
11-18 18:22:21.501 W/ProxyLayerLogic( 1752): Layer (Type 1, ID 1002, content 3) was dropped because its required proxy layer could not be found
11-18 18:22:21.501 W/BackgroundPassthroughLogic( 1752): Unmatched layer (ID 1002, content 3) used as replacement for background passthrough layer, because its required proxy layer could not be found
11-18 18:22:21.510 V/telemetry-statsd( 1151): Fetching statsd reports
11-18 18:22:21.515 W/ProxyLayerLogic( 1752): Layer (Type 1, ID 1002, content 3) was dropped because its required proxy layer could not be found
11-18 18:22:21.515 W/BackgroundPassthroughLogic( 1752): Unmatched layer (ID 1002, content 3) used as replacement for background passthrough layer, because its required proxy layer could not be found
11-18 18:22:21.529 I/Tracking( 1215): NIMBLE:UnifiedHandBodyTracking:ExposureControl: [Exposure] Settings: Algorithm nimble Mode low_exposure, initial exposure 0.004000000189989805, initial gain 4
11-18 18:22:21.529 I/Tracking( 1215): NIMBLE:UnifiedHandBodyTracking:ExposureControl: [Exposure] Initializing hand auto exposure algorithm
11-18 18:22:21.529 I/Tracking( 1215): NIMBLE:ExposureControl: Initializing exposure control unit for 4 cameras
11-18 18:22:21.529 W/ProxyLayerLogic( 1752): Layer (Type 1, ID 1002, content 3) was dropped because its required proxy layer could not be found
11-18 18:22:21.529 W/BackgroundPassthroughLogic( 1752): Unmatched layer (ID 1002, content 3) used as replacement for background passthrough layer, because its required proxy layer could not be found
11-18 18:22:21.543 W/ProxyLayerLogic( 1752): Layer (Type 1, ID 1002, content 3) was dropped because its required proxy layer could not be found
11-18 18:22:21.543 W/BackgroundPassthroughLogic( 1752): Unmatched layer (ID 1002, content 3) used as replacement for background passthrough layer, because its required proxy layer could not be found
11-18 18:22:21.557 W/ProxyLayerLogic( 1752): Layer (Type 1, ID 1002, content 3) was dropped because its required proxy layer could not be found
11-18 18:22:21.557 W/BackgroundPassthroughLogic( 1752): Unmatched layer (ID 1002, content 3) used as replacement for background passthrough layer, because its required proxy layer could not be found
11-18 18:22:21.563 I/Tracking( 1215): VEGA:HM:PERCEPTUAL: [721.680 [sec]] Good tracking while exposing 3DoF, waiting 0.12 more seconds.
11-18 18:22:21.564 I/Tracking( 1215): PERCEPTION:SMOOTH_WORLD: ts = 721.680932. Reset smooth world. Reason: NotShowing6DoF HaveNotSetInitialSmoothWorld 
11-18 18:22:21.571 W/ProxyLayerLogic( 1752): Layer (Type 1, ID 1002, content 3) was dropped because its required proxy layer could not be found
11-18 18:22:21.571 W/BackgroundPassthroughLogic( 1752): Unmatched layer (ID 1002, content 3) used as replacement for background passthrough layer, because its required proxy layer could not be found
11-18 18:22:21.571 I/Shell   ( 3392): ImmersiveTransitionSystem: getTravelPortalPillMesh: pathwaysAssetInfo not found
11-18 18:22:21.571 I/Shell   ( 3392): ImmersiveTransitionSystem: _clearHSRDestinationPreviewAssets: travelPortalMesh not found, or it has no renderableProxy
11-18 18:22:21.585 W/ProxyLayerLogic( 1752): Layer (Type 1, ID 1002, content 3) was dropped because its required proxy layer could not be found
11-18 18:22:21.585 W/BackgroundPassthroughLogic( 1752): Unmatched layer (ID 1002, content 3) used as replacement for background passthrough layer, because its required proxy layer could not be found
11-18 18:22:21.585 I/Shell   ( 3392): ImmersiveTransitionSystem: _clearHSRDestinationPreviewAssets: travelPortalMesh not found, or it has no renderableProxy
11-18 18:22:21.599 W/ProxyLayerLogic( 1752): Layer (Type 1, ID 1002, content 3) was dropped because its required proxy layer could not be found
11-18 18:22:21.599 W/BackgroundPassthroughLogic( 1752): Unmatched layer (ID 1002, content 3) used as replacement for background passthrough layer, because its required proxy layer could not be found
11-18 18:22:21.599 I/Shell   ( 3392): ImmersiveTransitionSystem: _clearHSRDestinationPreviewAssets: travelPortalMesh not found, or it has no renderableProxy
11-18 18:22:21.613 W/ProxyLayerLogic( 1752): Layer (Type 1, ID 1002, content 3) was dropped because its required proxy layer could not be found
11-18 18:22:21.613 I/Shell   ( 3392): ImmersiveTransitionSystem: _clearHSRDestinationPreviewAssets: travelPortalMesh not found, or it has no renderableProxy
11-18 18:22:21.613 W/BackgroundPassthroughLogic( 1752): Unmatched layer (ID 1002, content 3) used as replacement for background passthrough layer, because its required proxy layer could not be found
11-18 18:22:21.627 W/ProxyLayerLogic( 1752): Layer (Type 1, ID 1002, content 3) was dropped because its required proxy layer could not be found
11-18 18:22:21.627 I/Shell   ( 3392): ImmersiveTransitionSystem: _clearHSRDestinationPreviewAssets: travelPortalMesh not found, or it has no renderableProxy
11-18 18:22:21.627 W/BackgroundPassthroughLogic( 1752): Unmatched layer (ID 1002, content 3) used as replacement for background passthrough layer, because its required proxy layer could not be found
11-18 18:22:21.631 I/Tracking( 1215): VEGA:HM:PERCEPTUAL: [721.747 [sec]] Good tracking while exposing 3DoF, waiting 0.05 more seconds.
11-18 18:22:21.632 I/Tracking( 1215): PERCEPTION:SMOOTH_WORLD: ts = 721.747596. Reset smooth world. Reason: NotShowing6DoF HaveNotSetInitialSmoothWorld 
11-18 18:22:21.641 I/Shell   ( 3392): ImmersiveTransitionSystem: _clearHSRDestinationPreviewAssets: travelPortalMesh not found, or it has no renderableProxy
11-18 18:22:21.641 W/ProxyLayerLogic( 1752): Layer (Type 1, ID 1002, content 3) was dropped because its required proxy layer could not be found
11-18 18:22:21.641 W/BackgroundPassthroughLogic( 1752): Unmatched layer (ID 1002, content 3) used as replacement for background passthrough layer, because its required proxy layer could not be found
11-18 18:22:21.645 I/Tracking( 1215): NIMBLE:DPE_HandTracker: No user profile is provided, use the generic profile
11-18 18:22:21.645 I/Tracking( 1215): NIMBLE:DPE_HandTracker: Using Single-View Detector
11-18 18:22:21.645 I/Tracking( 1215): NIMBLE:DPE_HandTracker: Using optimized resampling with modelTypes: 1WMHHA6ETD2151_0=4, 1WMHHA6ETD2151_1=4, 1WMHHA6ETD2151_2=4, 1WMHHA6ETD2151_3=4, 
11-18 18:22:21.645 I/Tracking( 1215): NIMBLE:UnifiedHandBodyEngine: Initialized Hand Tracking Pipeline
11-18 18:22:21.646 D/CameraStream(  979): [hand] Client [Hand(1215)] attempting stop
11-18 18:22:21.646 I/FrameSetDispatcher(  979): [{0,0},{1,0},{2,0},{3,0}] Client pid=1215 (Hand): Client thread stopping
11-18 18:22:21.647 I/CameraClientManager(  979): [Hand(1215)][hand] client stopped (estimated 0 started clients remaining)
11-18 18:22:21.647 I/CameraClientManager(  979): [[Hand(1215)][hand]] definitely stopping stream
11-18 18:22:21.647 D/NiceCameraSystem(  979): CameraSystem stopping cameras for purpose hand
11-18 18:22:21.648 I/FrameSetCollator(  979): [{0,0},{1,0},{2,0},{3,0}] Skipping stop, start count: 3
11-18 18:22:21.648 I/CameraClientManager(  979): [[Hand(1215)][hand]] stream stop completed
11-18 18:22:21.651 D/CameraStream(  979): [hand] Client [Hand(1215)]: stop complete
11-18 18:22:21.652 I/TrackingService( 1215): [                            hand] Power transition: STANDBY -> RUNNING transition time: 1924 ms
11-18 18:22:21.652 I/Tracking( 1215): SelftrackedHeadsetSide: onResume
11-18 18:22:21.653 I/TrackingService( 1215): [              selftracked_client] Power transition: STANDBY -> RUNNING transition time: 0 ms
11-18 18:22:21.654 D/CameraStream(  979): [object] Client [Obj(1215)] attempting start
11-18 18:22:21.654 I/FrameSetDispatcher(  979): [{0,0},{1,0},{2,0},{3,0}] Client pid=1215 (Obj): Client thread[{0,0},{1,0},{2,] started
11-18 18:22:21.655 I/CameraClientManager(  979): [Obj(1215)][object] client started (estimated 1 started clients total)
11-18 18:22:21.655 I/CameraClientManager(  979): [[Obj(1215)][object]] definitely starting stream
11-18 18:22:21.655 I/FrameSetCollator(  979): [{0,0},{1,0},{2,0},{3,0}] Skipping start, current start count: 4
11-18 18:22:21.655 I/CameraClientManager(  979): [[Obj(1215)][object]] stream start completed
11-18 18:22:21.655 D/CameraStream(  979): [object] Client [Obj(1215)]: start complete
11-18 18:22:21.655 W/ProxyLayerLogic( 1752): Layer (Type 1, ID 1002, content 3) was dropped because its required proxy layer could not be found
11-18 18:22:21.655 I/Shell   ( 3392): ImmersiveTransitionSystem: _clearHSRDestinationPreviewAssets: travelPortalMesh not found, or it has no renderableProxy
11-18 18:22:21.655 W/BackgroundPassthroughLogic( 1752): Unmatched layer (ID 1002, content 3) used as replacement for background passthrough layer, because its required proxy layer could not be found
11-18 18:22:21.655 D/TrackingService( 1215): [HANDTRACKINGGLUE] suspendCapability
11-18 18:22:21.655 E/Tracking( 1215): NIMBLE:UnifiedHandBodyTracking:Personalization: stop(): Already stopped
11-18 18:22:21.656 I/Tracking( 1215): UnifiedHandBody: [SurfaceInputs] SurfaceKeyboard released
11-18 18:22:21.656 I/Tracking( 1215): NIMBLE:UnifiedHandBodyEngine: Suspended hand tracking!
11-18 18:22:21.656 I/Tracking( 1215): NIMBLE:UnifiedHandBodyEngine: Total session duration = 0.010777970000162895 seconds
11-18 18:22:21.656 I/Tracking( 1215): NIMBLE:UnifiedHandBodyEngine: Total number of frame process in this session = 0
11-18 18:22:21.656 I/Tracking( 1215): NIMBLE:UnifiedHandBodyEngine: Estimated session frame rate = 0 FPS
11-18 18:22:21.657 D/TrackingService( 1215): hand: Joining stream thread: HandCam
11-18 18:22:21.658 D/TrackingService( 1215): hand: stopCameras finished
11-18 18:22:21.658 D/TrackingService( 1215): [hand]end onMuxStateUpdate. ModeId: handTracking -> default
11-18 18:22:21.658 I/TrackingService( 1215): [                       hand:hand] Mux Mode Transition from sensor service: handTracking -> default transition time: 1449 ms
11-18 18:22:21.659 D/TrackingService( 1215): 486bfdd6a5361743: isControllerInHand(1716.96s): 1 ctEnabled: 1 btnPress: 1 btnOrTpdTouch: 1 btnOrTpdProx: 1 static(1716.96s): 1 thbstkOffCenter: 1 
11-18 18:22:21.659 D/TrackingService( 1215): [HANDTRACKING] Controller 486bfdd6a5361743 in hand: Y, valid: Y
11-18 18:22:21.661 D/ControllerManagement( 2125): RemoteService::recordControllerStatusUpdate: device 486bfdd6a5361743: status: CONNECTED_ACTIVE tracking: NONE, errors: --
11-18 18:22:21.667 I/OSHandDataQuerier( 1752): OSSDKTRACKING HANDTRACKING HANDS DISABLED
11-18 18:22:21.667 I/ServiceInputManager( 1752): HANDTRACKING Control Data last: 1 new: 2
11-18 18:22:21.667 I/ServiceInputManager( 1752): HANDTRACKING Tracking Service reports hands DISABLED
11-18 18:22:21.667 I/ControllerHandsTransitionObserver( 1752): HANDTRACKING New VROS control status: hands disabled
11-18 18:22:21.667 I/ModalityTransitionsPolicyManager( 1752): HANDTRACKING: Switching to Tracked Remotes only   TRACKED REMOTES
11-18 18:22:21.668 I/TrackingService( 1215): [                          object] Power transition: STANDBY -> RUNNING transition time: 14 ms
11-18 18:22:21.668 I/TrackingService( 1215): [                      controller] Power transition: STANDBY -> RUNNING transition time: 0 ms
11-18 18:22:21.668 D/CameraStream(  979): [exposure_control_worldTracking] Client [ExpCtl(1215)] attempting start
11-18 18:22:21.669 I/Shell   ( 3392): ImmersiveTransitionSystem: _clearHSRDestinationPreviewAssets: travelPortalMesh not found, or it has no renderableProxy
11-18 18:22:21.669 W/ProxyLayerLogic( 1752): Layer (Type 1, ID 1002, content 3) was dropped because its required proxy layer could not be found
11-18 18:22:21.669 W/BackgroundPassthroughLogic( 1752): Unmatched layer (ID 1002, content 3) used as replacement for background passthrough layer, because its required proxy layer could not be found
11-18 18:22:21.671 I/InputDevice_TrackedRemote( 3392): REMOTE: Hand=1 IndexAnalog=0.00 GripAnalog=0.00 Buttons=0x00000000
11-18 18:22:21.671 I/InputDevice_TrackedRemote( 3392): REMOTE: Hand=2 IndexAnalog=0.00 GripAnalog=0.00 Buttons=0x00000000
11-18 18:22:21.672 I/FrameSetDispatcher(  979): [{0,0},{1,0},{2,0},{3,0}] Client pid=1215 (ExpCtl): Client thread[{0,0},{1,0},{2,] started
11-18 18:22:21.672 I/CameraClientManager(  979): [ExpCtl(1215)][exposure_control_worldTracking] client started (estimated 1 started clients total)
11-18 18:22:21.672 I/CameraClientManager(  979): [[ExpCtl(1215)][exposure_control_worldTracking]] definitely starting stream
11-18 18:22:21.672 I/FrameSetCollator(  979): [{0,0},{1,0},{2,0},{3,0}] Skipping start, current start count: 5
11-18 18:22:21.672 I/CameraClientManager(  979): [[ExpCtl(1215)][exposure_control_worldTracking]] stream start completed
11-18 18:22:21.672 D/CameraStream(  979): [exposure_control_worldTracking] Client [ExpCtl(1215)]: start complete
11-18 18:22:21.674 I/InputDevice_TrackedRemote( 2120): REMOTE: Hand=1 IndexAnalog=0.00 GripAnalog=0.00 Buttons=0x00000000
11-18 18:22:21.674 I/InputDevice_TrackedRemote( 2120): Using new float conversion.
11-18 18:22:21.675 I/InputDevice_TrackedRemote( 2120): REMOTE: Hand=2 IndexAnalog=0.00 GripAnalog=0.00 Buttons=0x00000000
11-18 18:22:21.676 W/SensorService(  979): Slot 3 for mode 0 is not controlled by control purpose handExposureControl. Skipping.
11-18 18:22:21.676 E/SensorControl( 1215): failed sendExposureSettings: purpose=handExposureControl, modeIdx=1, slotIdx=3, duration=0.004104, gain=4.000000
11-18 18:22:21.676 W/SensorService(  979): Slot 1 for mode 0 is not controlled by control purpose handExposureControl. Skipping.
11-18 18:22:21.676 E/SensorControl( 1215): failed sendExposureSettings: purpose=handExposureControl, modeIdx=1, slotIdx=1, duration=0.004104, gain=4.000000
11-18 18:22:21.677 I/TrackingService( 1215): [            ExposureControlCmmv2] Power transition: STANDBY -> RUNNING transition time: 8 ms
11-18 18:22:21.677 I/SensorService(  979): configDirectReport for channelHandle:1 sensorHandle:3 Rate:3
11-18 18:22:21.678 I/TrackingServiceProxy( 1447): Starting audio data stream.
11-18 18:22:21.678 I/OboeAudio( 1447): openStream() INPUT -------- OboeVersion1.7.1 --------
11-18 18:22:21.678 I/AAudio  ( 1447): AAudioStreamBuilder_openStream() called ----------------------------------------
11-18 18:22:21.678 I/AudioStreamBuilder( 1447): rate   =  16000, channels  = 1, channelMask = 0x80000001, format   = 5, sharing = SH, dir = INPUT
11-18 18:22:21.678 I/AudioStreamBuilder( 1447): device =      0, sessionId = -1, perfMode = 12, callback: ON with frames = 640
11-18 18:22:21.678 I/AudioStreamBuilder( 1447): usage  =      1, contentType = 2, inputPreset = 6, allowedCapturePolicy = 0
11-18 18:22:21.678 I/AudioStreamBuilder( 1447): privacy sensitive = false, opPackageName = (null), attributionTag = (null)
11-18 18:22:21.678 I/TrackingService( 1215): [                            face] Power transition: STANDBY -> RUNNING transition time: 1 ms
11-18 18:22:21.678 D/TrackingService( 1215): Transition completed for hand
11-18 18:22:21.679 D/AudioStreamBuilder( 1447): build() enable (auto) aaudio input mmap via gk
11-18 18:22:21.679 D/AudioStreamBuilder( 1447): build() package system_server denied mmap
11-18 18:22:21.680 D/system_server( 1447): PlayerBase::PlayerBase()
11-18 18:22:21.683 W/ProxyLayerLogic( 1752): Layer (Type 1, ID 1002, content 3) was dropped because its required proxy layer could not be found
11-18 18:22:21.683 W/BackgroundPassthroughLogic( 1752): Unmatched layer (ID 1002, content 3) used as replacement for background passthrough layer, because its required proxy layer could not be found
11-18 18:22:21.683 I/Shell   ( 3392): ImmersiveTransitionSystem: _clearHSRDestinationPreviewAssets: travelPortalMesh not found, or it has no renderableProxy
11-18 18:22:21.683 W/[SEO] InputOpenXr( 3392): Interaction Profile retrieval failed: /user/eyes_ext
11-18 18:22:21.685 I/VrRuntimeService( 1752): UpdateSwapChainSamplerState: 434
11-18 18:22:21.685 I/VrRuntimeService( 1752): UpdateSwapChainSamplerState: minFilter=1 magFilter=1 wrapModeS=2 warpModeT=2 maxAniso=1.000000 border={0.000000,0.000000,0.000000,0.000000} swizzle={0,1,2,3}
11-18 18:22:21.688 I/StateMachine2( 2387): StateMachine2Base::AddHistoryEntry GuardianInitialization: Transition  AutoStationaryTransitionState -> InSuspendedState | Exceeded time in suspended
11-18 18:22:21.690 I/TrackingService( 1215): [object:object] Configuration update starting
11-18 18:22:21.691 I/TrackingService( 1215): [object:object] Configuration update done
11-18 18:22:21.691 I/TrackingService( 1215): [object:object] Finish configuration update starting
11-18 18:22:21.691 I/TrackingService( 1215): [object:object] Finish configuration update done
11-18 18:22:21.694 I/libcamerahal(  979): [INSIGHTS][2.01s] recv/ret/req heartbeat: cam0: 142/142/141, cam1: 143/143/142, cam2: 143/143/142, cam3: 144/145/143
11-18 18:22:21.696 I/Shell   ( 3392): ImmersiveTransitionSystem: _clearHSRDestinationPreviewAssets: travelPortalMesh not found, or it has no renderableProxy
11-18 18:22:21.697 W/ProxyLayerLogic( 1752): Layer (Type 1, ID 1002, content 3) was dropped because its required proxy layer could not be found
11-18 18:22:21.697 W/BackgroundPassthroughLogic( 1752): Unmatched layer (ID 1002, content 3) used as replacement for background passthrough layer, because its required proxy layer could not be found
11-18 18:22:21.698 I/SensorControl( 1215): purpose=constellationExposureControl cameraSystem=worldTracking modeIndex=default
11-18 18:22:21.698 I/SensorControl( 1215): Mapping slotIdx[1] cameraSystem [worldTracking] to controlPurposeName[constellationExposureControl]
11-18 18:22:21.698 I/SensorControl( 1215): Mapping slotIdx[3] cameraSystem [worldTracking] to controlPurposeName[constellationExposureControl]
11-18 18:22:21.699 I/SensorControl( 1215): configureExposureAlgorithm: purpose=constellationExposureControl
11-18 18:22:21.699 I/SensorControl( 1215): purpose=constellationExposureControl  camera=0, exposure=[0.000038, 0.013000]  gain=[0.062500, 15.937500], nominalRateHz=30.000000
11-18 18:22:21.699 I/SensorControl( 1215): purpose=constellationExposureControl  camera=1, exposure=[0.000038, 0.013000]  gain=[0.062500, 15.937500], nominalRateHz=30.000000
11-18 18:22:21.700 I/SensorControl( 1215): purpose=constellationExposureControl  camera=2, exposure=[0.000038, 0.013000]  gain=[0.062500, 15.937500], nominalRateHz=30.000000
11-18 18:22:21.700 I/SensorControl( 1215): purpose=constellationExposureControl  camera=3, exposure=[0.000038, 0.013000]  gain=[0.062500, 15.937500], nominalRateHz=30.000000
11-18 18:22:21.701 I/SensorControl( 1215): purpose=iotExposureControl cameraSystem=worldTracking modeIndex=default
11-18 18:22:21.701 I/SensorControl( 1215): Mapping slotIdx[0] cameraSystem [worldTracking] to controlPurposeName[iotExposureControl]
11-18 18:22:21.701 I/SensorControl( 1215): Mapping slotIdx[2] cameraSystem [worldTracking] to controlPurposeName[iotExposureControl]
11-18 18:22:21.701 I/SensorControl( 1215): configureExposureAlgorithm: purpose=iotExposureControl
11-18 18:22:21.701 I/SensorControl( 1215): purpose=iotExposureControl  camera=0, exposure=[0.000038, 0.013000]  gain=[0.062500, 15.937500], nominalRateHz=30.000000
11-18 18:22:21.701 I/SensorControl( 1215): purpose=iotExposureControl  camera=1, exposure=[0.000038, 0.013000]  gain=[0.062500, 15.937500], nominalRateHz=30.000000
11-18 18:22:21.701 I/SensorControl( 1215): purpose=iotExposureControl  camera=2, exposure=[0.000038, 0.013000]  gain=[0.062500, 15.937500], nominalRateHz=30.000000
11-18 18:22:21.701 I/SensorControl( 1215): purpose=iotExposureControl  camera=3, exposure=[0.000038, 0.013000]  gain=[0.062500, 15.937500], nominalRateHz=30.000000
11-18 18:22:21.709 I/[SEO] GuardianController( 3392): [MaybeUpdateInterstitialRequest] Received an updated Guardian interstitial of type NONE with reason SUSPENDED
11-18 18:22:21.709 I/[SEO] GuardianController( 3392): [MaybeUpdateInterstitialRequest] Replacing interstitial type NONE with type NONE because reason is SUSPENDED, and we do not want to submit black nor loading dots for this reason
11-18 18:22:21.709 I/[SEO] GuardianController( 3392): [MaybeUpdateInterstitialRequest] Requesting interstitial type NONE for interstitial reason SUSPENDED
11-18 18:22:21.709 I/VrRuntimeService( 1752): RuntimeServiceSDKServer::UpdateInterstitialRequest 0
11-18 18:22:21.709 I/InterstitialManager( 1752): Guardian request: none
11-18 18:22:21.709 I/Tracking( 1215): VEGA:HM:PERCEPTUAL: [721.814 [sec]] State transition from 3DoF to 6DoF.
11-18 18:22:21.710 W/ProxyLayerLogic( 1752): Layer (Type 1, ID 1002, content 3) was dropped because its required proxy layer could not be found
11-18 18:22:21.710 W/BackgroundPassthroughLogic( 1752): Unmatched layer (ID 1002, content 3) used as replacement for background passthrough layer, because its required proxy layer could not be found
11-18 18:22:21.711 I/Shell   ( 3392): ImmersiveTransitionSystem: _clearHSRDestinationPreviewAssets: travelPortalMesh not found, or it has no renderableProxy
11-18 18:22:21.711 I/Tracking( 1215): VisionInterface: [EVENT] HMD Tracking switching to 6dof (from 3dof) - Engine State: Running
11-18 18:22:21.714 W/FrameSetDispatcher(  979): [{0,0},{1,0},{2,0},{3,0}] Client pid=1215 (ExpCtl): client is taking longer than 33ms to return FrameSets (1x in the past 0.046s)
11-18 18:22:21.716 D/audio_hw_primary(  948): adev_open_input_stream: enter: sample_rate(48000) channel_mask(0x10) devices(0x80000004)        stream_handle(0xe9c98900) io_handle(334) source(6) format 1
11-18 18:22:21.716 W/audio_hw_utils(  948): audio_extn_utils_update_stream_input_app_type_cfg: App type could not be selected. Falling back to default
11-18 18:22:21.716 D/audio_hw_primary(  948): io_streams_map_insert: Added stream in io_streams_map with handle 334
11-18 18:22:21.716 E/device_utils(  948): update_device_list: Invalid device: 0
11-18 18:22:21.718 D/ControllerManagement( 2125): RemoteService::recordControllerStatusUpdate: device f67c929a891a75c5: status: CONNECTED_ACTIVE tracking: NONE, errors: --
11-18 18:22:21.718 D/ControllerManagement( 2125): RemoteService::recordControllerStatusUpdate: device 486bfdd6a5361743: status: CONNECTED_ACTIVE tracking: NONE, errors: --
11-18 18:22:21.724 I/Shell   ( 3392): ImmersiveTransitionSystem: _clearHSRDestinationPreviewAssets: travelPortalMesh not found, or it has no renderableProxy
11-18 18:22:21.724 W/ProxyLayerLogic( 1752): Layer (Type 1, ID 1002, content 3) was dropped because its required proxy layer could not be found
11-18 18:22:21.724 W/BackgroundPassthroughLogic( 1752): Unmatched layer (ID 1002, content 3) used as replacement for background passthrough layer, because its required proxy layer could not be found
11-18 18:22:21.728 I/Tracking( 1215): CONSTELLATION: Left: ControllerStateBuffer: RESET
11-18 18:22:21.728 I/Tracking( 1215): CONSTELLATION: Right: ControllerStateBuffer: RESET
11-18 18:22:21.730 I/[CT]    ( 3775): SP:AP:AnchorPersistenceConfig: PreferencesManager: has_seen_spatial_data_sharing_notice_v2: false
11-18 18:22:21.738 I/Shell   ( 3392): ImmersiveTransitionSystem: _clearHSRDestinationPreviewAssets: travelPortalMesh not found, or it has no renderableProxy
11-18 18:22:21.738 W/ProxyLayerLogic( 1752): Layer (Type 1, ID 1002, content 3) was dropped because its required proxy layer could not be found
11-18 18:22:21.738 W/BackgroundPassthroughLogic( 1752): Unmatched layer (ID 1002, content 3) used as replacement for background passthrough layer, because its required proxy layer could not be found
11-18 18:22:21.745 I/[CT]    ( 3775): SP:AP:AnchorPersistenceConfig: PreferencesManager: anchor_persistence_cloud_anchor_service_enabled: true
11-18 18:22:21.752 I/Shell   ( 3392): ImmersiveTransitionSystem: _clearHSRDestinationPreviewAssets: travelPortalMesh not found, or it has no renderableProxy
11-18 18:22:21.752 W/ProxyLayerLogic( 1752): Layer (Type 1, ID 1002, content 3) was dropped because its required proxy layer could not be found
11-18 18:22:21.752 W/BackgroundPassthroughLogic( 1752): Unmatched layer (ID 1002, content 3) used as replacement for background passthrough layer, because its required proxy layer could not be found
11-18 18:22:21.755 I/AudioFlinger(  996): AudioFlinger's thread 0xb400007acdf06f00 tid=15670 ready to run
11-18 18:22:21.756 D/audio_hw_primary(  948): in_standby: enter: stream (0xe9c98900) usecase(30: low-latency-record)
11-18 18:22:21.757 D/audio_hw_primary(  948): in_standby: enter: stream (0xe9c98900) usecase(30: low-latency-record)
11-18 18:22:21.759 I/[CT]    ( 3775): SP:AP:AnchorPersistenceConfig: getCloudPermissionEnabledVps: userPreference(anchor_persistence_cloud_anchor_service_enabled_vps)=true, cloudPermissionOverride: -1
11-18 18:22:21.766 I/Shell   ( 3392): ImmersiveTransitionSystem: _clearHSRDestinationPreviewAssets: travelPortalMesh not found, or it has no renderableProxy
11-18 18:22:21.766 W/ProxyLayerLogic( 1752): Layer (Type 1, ID 1002, content 3) was dropped because its required proxy layer could not be found
11-18 18:22:21.766 W/BackgroundPassthroughLogic( 1752): Unmatched layer (ID 1002, content 3) used as replacement for background passthrough layer, because its required proxy layer could not be found
11-18 18:22:21.769 W/AudioFlinger(  996): The package name(android) provided does not correspond to the uid 1041
11-18 18:22:21.770 I/EffectsFactory(  948): EffectCreate() create_effect
11-18 18:22:21.772 W/EffectHAL(  948): Effect 0xe98cefe0 command SET_CONFIG returned status: Invalid argument
11-18 18:22:21.772 W/EffectHAL(  948): Effect 0xe98cefe0 command SET_CONFIG returned status: Invalid argument
11-18 18:22:21.779 I/[CT]    ( 3775): SlamAnchorPersistenceRuntimeIpcClient: SlamAnchorPersistenceRuntimeIpcClient: Get Features Query took 0.019824429 s. Query timestamp = 1717232407582
11-18 18:22:21.780 I/Shell   ( 3392): ImmersiveTransitionSystem: _clearHSRDestinationPreviewAssets: travelPortalMesh not found, or it has no renderableProxy
11-18 18:22:21.780 W/ProxyLayerLogic( 1752): Layer (Type 1, ID 1002, content 3) was dropped because its required proxy layer could not be found
11-18 18:22:21.780 W/BackgroundPassthroughLogic( 1752): Unmatched layer (ID 1002, content 3) used as replacement for background passthrough layer, because its required proxy layer could not be found
11-18 18:22:21.783 D/AudioFlinger(  996): mixer(0xb400007b02d31ac0) throttle end: throttle time(11)
11-18 18:22:21.788 W/AudioFlinger(  996): The package name(android) provided does not correspond to the uid 1041
11-18 18:22:21.788 I/EffectsFactory(  948): EffectCreate() create_effect
11-18 18:22:21.789 W/EffectHAL(  948): Effect 0xe8bb30b0 command SET_CONFIG returned status: Invalid argument
11-18 18:22:21.790 W/EffectHAL(  948): Effect 0xe98cefe0 command SET_CONFIG returned status: Invalid argument
11-18 18:22:21.790 W/EffectHAL(  948): Effect 0xe8bb30b0 command SET_CONFIG returned status: Invalid argument
11-18 18:22:21.792 W/AudioFlinger(  996): createRecordTrack_l(): mismatch between requested flags (00000005) and input flags (00000001)
11-18 18:22:21.792 W/AudioFlinger(  996): session id 889 not found for pid 1447
11-18 18:22:21.793 W/EffectHAL(  948): Effect 0xe8bb30b0 command SET_CONFIG returned status: Invalid argument
11-18 18:22:21.794 I/Shell   ( 3392): ImmersiveTransitionSystem: _clearHSRDestinationPreviewAssets: travelPortalMesh not found, or it has no renderableProxy
11-18 18:22:21.794 W/ProxyLayerLogic( 1752): Layer (Type 1, ID 1002, content 3) was dropped because its required proxy layer could not be found
11-18 18:22:21.794 W/BackgroundPassthroughLogic( 1752): Unmatched layer (ID 1002, content 3) used as replacement for background passthrough layer, because its required proxy layer could not be found
11-18 18:22:21.794 W/audioserver(  996): Binder 0xb400007aee22e7b8 destroyed after setInheritRt before being parceled.
11-18 18:22:21.795 W/audioserver(  996): Binder 0xb400007aee30d2b8 destroyed after setInheritRt before being parceled.
11-18 18:22:21.795 W/audioserver(  996): Binder 0xb400007ad058cd98 destroyed after setInheritRt before being parceled.
11-18 18:22:21.795 W/audioserver(  996): Binder 0xb400007b02c1a608 destroyed after setInheritRt before being parceled.
11-18 18:22:21.795 W/audioserver(  996): Binder 0xb400007b02c1a608 destroyed after setMinSchedulerPolicy before being parceled.
11-18 18:22:21.795 W/audioserver(  996): Binder 0xb400007ad058ce78 destroyed after setInheritRt before being parceled.
11-18 18:22:21.795 W/audioserver(  996): Binder 0xb400007aee30cc78 destroyed after setInheritRt before being parceled.
11-18 18:22:21.795 W/audioserver(  996): Binder 0xb400007aee30d268 destroyed after setInheritRt before being parceled.
11-18 18:22:21.795 W/audioserver(  996): Binder 0xb400007aee3766e0 destroyed after setInheritRt before being parceled.
11-18 18:22:21.795 W/AudioFlinger(  996): session id 889 not found for pid 1447
11-18 18:22:21.796 W/audioserver(  996): Binder 0xb400007ad058cee8 destroyed after setInheritRt before being parceled.
11-18 18:22:21.797 W/audioserver(  996): Binder 0xb400007aee30d628 destroyed after setInheritRt before being parceled.
11-18 18:22:21.797 W/audioserver(  996): Binder 0xb400007ad058cfc8 destroyed after setInheritRt before being parceled.
11-18 18:22:21.797 W/audioserver(  996): Binder 0xb400007aee39aa68 destroyed after setInheritRt before being parceled.
11-18 18:22:21.797 W/audioserver(  996): Binder 0xb400007aee39aa68 destroyed after setMinSchedulerPolicy before being parceled.
