11-18 18:49:04.674 I/MRSS    ( 1194): MIXEDREALITY: MrClientModelStates: setLayerPaused false layer 1002 for client 770767987.
11-18 18:49:04.674 I/MRSS    ( 1194): MIXEDREALITY: MrSvc: PassthroughLayer: setPaused: Layer 1002 is being resumed
11-18 18:49:04.674 I/[SEO] PassthroughFeatureController( 3392): [Render] Passthrough type changed from PT_TYPE_PAUSED to PT_TYPE_SYSTEM_RECONSTRUCTED, requestedPassthroughAlpha 1.000000, requestedDimmingBrightness 1.000000
11-18 18:49:04.675 I/[SEO] GuardianController( 3392): ShouldAllowShellUi changed from 1 to 0
11-18 18:49:04.675 I/VrRuntimeClient( 1194): UpdateEvents: Detected LOCAL_FLOOR reference space update. Sending reference space update event
11-18 18:49:04.675 I/VrRuntimeClient( 1194): UpdateEvents: Detected LOCAL reference space update. Sending reference space update event
11-18 18:49:04.675 I/[SEO] SystemTaskBar( 3392): UpdateVisibility(Spatial, 0)
11-18 18:49:04.675 I/[SEO] SystemUXControllerHelper( 3392): OnReorient(reason: 3)
11-18 18:49:04.675 I/[SEO] TelemetryProvider( 3392): aui_reorient system -2 0 0 com.oculus.vrshell
11-18 18:49:04.675 I/MRSS    ( 1194): MIXEDREALITY: MrServiceView: (Frame #41556/0) Initialized 1 passthrough layers with presentation layers.
11-18 18:49:04.675 I/MRSS    ( 1194): MIXEDREALITY: MrRuntimeImpl: Changing mode to ImagesAndMesh
11-18 18:49:04.675 I/MRSS    ( 1194): MIXEDREALITY: MrRuntimeImpl: setSessionInitTime: Capability Passthrough: timer set to 2718.642630467 ns, duration reset after 23.188003195 s.
11-18 18:49:04.675 I/MRSS    ( 1194): MIXEDREALITY: MrRuntimeImpl: onResume: Capability Passthrough on device 2.
11-18 18:49:04.675 I/MRSS    ( 1194): MIXEDREALITY: CalibrationRefresher: MR: MrRuntimeImpl:onResume: Updated refresh interval to 10 seconds.
11-18 18:49:04.675 I/MRSS    ( 1194): TELEMETRY_COLLECTOR: Starting periodic telemetry polling...
11-18 18:49:04.675 I/MRSS    ( 1194): MIXEDREALITY: MrSystemServiceIPCServer: Got notification for VisionInterfaceTelemetry, fidelity level: NONE, command: 1
11-18 18:49:04.675 I/MRSS    ( 1194): MIXEDREALITY: CapabilityController: Start VisionInterfaceTelemetry duration: 0.142187 millisec.
11-18 18:49:04.675 D/MrSystemService( 1194): MrEngine resume.
11-18 18:49:04.675 I/ShellHsr( 3392): Config: ConfigChanged: horizon::embodiment::EmbodimentConfig v83 (LocalConfigChange)
11-18 18:49:04.676 I/ActivityTaskManager( 1447): START u0 {act=android.intent.action.MAIN cat=[com.oculus.intent.category.VR_HOME_LAUNCHER] flg=0x10010000 pkg=com.oculus.systemux cmp=com.oculus.systemux/com.oculus.panelapp.virtualobjects.VirtualObjectsActivity (has extras)} with LAUNCH_SINGLE_INSTANCE from uid 10083 (BAL_ALLOW_ALLOWLISTED_COMPONENT) result code=0
11-18 18:49:04.676 D/CameraStream(  979): [mr_monochrome] Client [MrSSCamS(1194)] attempting start
11-18 18:49:04.677 I/VrRuntimeService( 1752): CreateSwapChain: 3218755864
11-18 18:49:04.677 I/VrRuntimeService( 1752): CreateSwapChain: api:vk 0 0x2b 64 64 1 1 1 4 3
11-18 18:49:04.677 I/@@@     ( 1752): surface: SUCCESS posting result to queue
11-18 18:49:04.677 I/CompositorServer( 1752): CreateTextureSwapChain: result importswapchainfromdevice 1
11-18 18:49:04.678 I/VrKeyguardViewMediator( 2120): handleSetOccluded, occluded: false, prevValue: false, mHiding: false
11-18 18:49:04.678 D/VrLockscreenHost( 2120): setOccluded: false, was: false, force: false, window: com.android.internal.policy.PhoneWindow@cc0cc03
11-18 18:49:04.678 E/CellBroadcastUtils( 1447): getDefaultCellBroadcastReceiverPackageName: no package found
11-18 18:49:04.678 I/FrameSetDispatcher(  979): [{0,0},{1,0},{2,0},{3,0}] Client pid=1194 (MrSSCamS): Client thread[{0,0},{1,0},{2,] started
11-18 18:49:04.678 I/CameraClientManager(  979): [MrSSCamS(1194)][mr_monochrome] client started (estimated 1 started clients total)
11-18 18:49:04.679 I/CameraClientManager(  979): [[MrSSCamS(1194)][mr_monochrome]] definitely starting stream
11-18 18:49:04.679 I/FrameSetCollator(  979): [{0,0},{1,0},{2,0},{3,0}] Skipping start, current start count: 5
11-18 18:49:04.679 I/CameraClientManager(  979): [[MrSSCamS(1194)][mr_monochrome]] stream start completed
11-18 18:49:04.679 D/CameraStream(  979): [mr_monochrome] Client [MrSSCamS(1194)]: start complete
11-18 18:49:04.680 I/SwapChain_Vulkan_Memory_Export( 3392): Imported texture has requirements 3, ends up index 0
11-18 18:49:04.680 I/OpenXR_GPUMemTrace( 3392): Swapchain creation, id=645, idx=0, MemoryAllocationSize: 25 KB
11-18 18:49:04.680 I/Shell   ( 3392): add cursor: 2951454687 (new count: 1)
11-18 18:49:04.680 I/[SEO] AnchorStateSystem( 3392): Setting pinning active false, reason: GuardianDisallowsAnchoring
11-18 18:49:04.680 I/[SEO] AnchorStateSystem( 3392): Setting tethering active false, reason: GuardianDisallowsAnchoring
11-18 18:49:04.680 I/[SEO] ActiveSpaceManager( 3392): Detected transition: Mode Home space MR Home copresence Inactive to Mode Inactive space VR World 1 copresence Inactive, theater 0 to 0
11-18 18:49:04.680 I/[SEO] ActiveSpaceManager( 3392): Setting anchorable {Panel_1_com.oculus.vrshell/com.oculus.panelapp.toasts.ToastsActivity_panelToShell} visibility to 0
11-18 18:49:04.680 I/[SEO] ActiveSpaceManager( 3392): Setting anchorable {Panel_2_com.oculus.systemux/com.oculus.panelapp.anytimeui.AnytimeUIActivity_panelToShell} visibility to 0
11-18 18:49:04.680 I/[SEO] ActiveSpaceManager( 3392): Setting anchorable {Panel_4_com.oculus.explore/com.oculus.explore.ExploreActivity_panelToShell} visibility to 0
11-18 18:49:04.680 I/[SEO] ActiveSpaceManager( 3392): Setting anchorable {Panel_5_com.oculus.vrshell/com.oculus.panelapp.controlbar.ControlBarActivity_panelToShell} visibility to 0
11-18 18:49:04.680 I/[SEO] ActiveSpaceManager( 3392): Setting anchorable {Panel_7_com.oculus.browser/com.oculus.browser.PanelActivity_panelToShell} visibility to 0
11-18 18:49:04.680 I/[SEO] PanelAnchoringExperience( 3392): Find 0 panel anchoring in active space
11-18 18:49:04.680 I/[SEO] DesktopPanelController( 3392): No recall for spatialized apps
11-18 18:49:04.680 I/[SEO] HPIManagementSystem( 3392): Syncing HPI portal list: 
11-18 18:49:04.681 I/OpenGLRenderer( 4829): setStopped(0)
11-18 18:49:04.681 I/OpenGLRenderer( 4829): setStopped(0): complete
11-18 18:49:04.681 W/BackgroundStartupDetector/SystemUX( 4829): bgMode=FOREGROUND
11-18 18:49:04.681 E/Shell   ( 3392): createPhysicsShape() called with invalid obb extents (0.000000, 0.000000, 0.000000)
11-18 18:49:04.681 E/Shell   ( 3392): _createAndSetupHsrCollisionObject() called with invalid shapeBase
11-18 18:49:04.681 E/Shell   ( 3392): createPhysicsShape() called with invalid obb extents (0.000000, 0.000000, 0.000000)
11-18 18:49:04.681 E/Shell   ( 3392): _createAndSetupHsrCollisionObject() called with invalid shapeBase
11-18 18:49:04.681 I/Shell   ( 3392): copresence: microphone state transition, unpaused
11-18 18:49:04.682 I/VrKeyguardViewMediator( 2120): handleSetOccluded, occluded: false, prevValue: false, mHiding: false
11-18 18:49:04.682 I/[SEO] ShellSpatialWindowManagerService( 3392): onLaunchInVolumetricWindow has invoked on VolumetricWindowToken { scope = 1, token = android.os.BinderProxy@447c13b, persistableToken = 6d917870-5a23-4192-8e5e-656375c986c3 }!ActivityOptions(230520778), mPackageName=null, mAnimationType=-1, mStartX=0, mStartY=0, mWidth=0, mHeight=0, mLaunchDisplayId=0
11-18 18:49:04.682 D/VrLockscreenHost( 2120): setOccluded: false, was: false, force: false, window: com.android.internal.policy.PhoneWindow@cc0cc03
11-18 18:49:04.682 I/MRSS    ( 1194): MIXEDREALITY: MrSystemServiceIPCServer: Got notification for Camera, fidelity level: NONE, command: 1
11-18 18:49:04.682 I/MRSS    ( 1194): MIXEDREALITY: CapabilityController: Start Camera duration: 7.01823 millisec.
11-18 18:49:04.682 I/MRSS    ( 1194): MIXEDREALITY: CalibrationRefresher: MR: PipelineInstance:onResume: Updated refresh interval to 10 seconds.
11-18 18:49:04.682 I/MRSS    ( 1194): MIXEDREALITY: CalibrationRefresher: MR: PipelineInstance:refreshOnlineCalibration: No high-freq ocal available yet.
11-18 18:49:04.682 I/MRSS    ( 1194): DEPTH: DepthSystem: onResume: waiting for previous core deinit to finish
11-18 18:49:04.682 I/ActivityTaskManager( 1447): START u0 {act=android.intent.action.MAIN cat=[com.oculus.intent.category.VR_HOME_LAUNCHER] flg=0x10010000 pkg=com.oculus.systemux cmp=com.oculus.systemux/com.oculus.panelapp.virtualobjects.VirtualObjectsActivity (has extras)} with LAUNCH_SINGLE_INSTANCE from uid 10083 (realCallingUid=1000) (BAL_ALLOW_ALLOWLISTED_COMPONENT) result code=3
11-18 18:49:04.682 I/MRSS    ( 1194): DEPTH: DepthSystemCoreImpl: Core activated
11-18 18:49:04.683 I/[SEO] LocalSpace( 3392): Reset - initialRawFromLocalPose: quat(-0.059901, -0.974986, 0.153766, -0.148901), translation(-0.006904, 0.092394, -0.049712)
11-18 18:49:04.683 I/[SEO] LocalSpace( 3392): Applying VRAPI Reorient, the reorient reason is 3
11-18 18:49:04.684 I/VrRuntimeService( 1752): RuntimeServiceSDKServer::RecenterLocalSpace
11-18 18:49:04.684 I/VrRuntimeService( 1752): RuntimeServiceSDKServer::RecenterLocalSpace_Internal
11-18 18:49:04.684 I/VrSpaceState( 1752): UpdateLocalSpace
11-18 18:49:04.684 I/MRSS    ( 1194): MIXEDREALITY: ServiceLogic: onFramesetBegin: Frame types for computation: GENERIC_SLOT_0, rendering: GENERIC_SLOT_0.
11-18 18:49:04.684 I/MRSS    ( 1194): MIXEDREALITY: ServiceLogic: onFramesetBegin: Thread mrss:camera had no tid assigned, now has TID: 21366
11-18 18:49:04.684 I/VrSpaceState( 1752): SetStateBatched in UpdateLocalSpace
11-18 18:49:04.684 I/VrSpaceState( 1752): Recenter the position
11-18 18:49:04.684 I/VrSpaceState( 1752): shouldRecenter the position: 0
11-18 18:49:04.684 I/VrSpaceState( 1752): UpdateLocalSpace: Src: 2, Version: 164, VersionUser: 0, RawFloorHeightOld: -1.257023, RawFloorHeightNew: -1.257023
11-18 18:49:04.684 I/VrRuntimeService( 1752): RuntimeServiceSDKServer::UpdateRSSDKSpaces_Internal
11-18 18:49:04.685 I/MRSS    ( 1194): MIXEDREALITY: MrRuntimeCompute: dispatchFrameset : (every 5 seconds). VisionInterfaceTelemetry: ON, Passthrough: OFF, Camera: ON, Depth: OFF
11-18 18:49:04.685 I/MRSS    ( 1194): TELEMETRY_COLLECTOR: [EVENT] Collected periodic telemetry from 1 aggregators.
11-18 18:49:04.686 I/MRSS    ( 1194): MIXEDREALITY: ComputeCapabilityComputeResultStats: MrSS Stats (SUCCESS/NOOP/SKIPPING/ASYNC/ASYNC_IN_PROGRESS/SKIPPING_KEYFRAMING/SKIPPING_ALIGN/FAILURE/MISSING_DATA/FAILED_TO_PUBLISH) - [Passthrough] (222/0/0/0/0/0/0/0/8/0) [Depth] (115/0/0/0/0/0/0/0/0/0) [VisionInterfaceTelemetry] (115/0/0/0/0/0/0/0/0/0) 
11-18 18:49:04.686 D/TrackingAccessCache( 1447): Tracking access changed: [ProcessTrackingAccess { uid = 10132, pid = 6962, trackingAccessPose = 0, trackingAccessInput = 0 }]
11-18 18:49:04.686 D/TrackingAccessCache( 1447): Tracking access changed: [ProcessTrackingAccess { uid = 10109, pid = 3983, trackingAccessPose = 0, trackingAccessInput = 0 }]
11-18 18:49:04.687 W/MemoryBroker( 1447): attachClient: found client in attached list (uid: 1041, pid: 996)
11-18 18:49:04.687 I/MRSS    ( 1194): DEPTH: DepthSystem: onResume: Successfully resumed the depth system
11-18 18:49:04.687 I/MRSS    ( 1194): DepthComputeCapabilityBase: onStart.
11-18 18:49:04.687 I/MRSS    ( 1194): MIXEDREALITY: StereoPipeline: addClient: adding client Passthrough, active clients: 'NONE'.
11-18 18:49:04.687 I/MRSS    ( 1194): DEPTH: DepthSystem: activateClient: client 0 is activated.
11-18 18:49:04.687 I/MRSS    ( 1194): MIXEDREALITY: StereoPipeline: addClient: adding client SceneReconstruction, active clients: 'Passthrough'.
11-18 18:49:04.687 I/MRSS    ( 1194): DEPTH: DepthSystem: activateClient: client 1 is activated.
11-18 18:49:04.687 I/MRSS    ( 1194): MIXEDREALITY: PipelineInstance: initializeDenseClient using imageSize: width=480 x height=640 condifence=true segmentation=false
11-18 18:49:04.689 W/MemoryBroker( 1447): attachClient: found client in attached list (uid: 10083, pid: 3392)
11-18 18:49:04.690 I/[SEO] DisplayStatePreservationController( 3392): Applied preserved state by adapter: taskBarPositionAdapter
11-18 18:49:04.690 I/[SEO] DisplayStatePreservationController( 3392): Applied preserved state by adapter: keyboardPreservationAdapter
11-18 18:49:04.690 I/[SEO] DisplayStatePreservationController( 3392): Applied preserved state by adapter: spatialPanelsPositionAdapter
11-18 18:49:04.690 I/[SEO] ShellSpatialWindowManagerService( 3392): onVolumetricWindowDrawn has invoked on VolumetricWindowToken { scope = 1, token = android.os.BinderProxy@447c13b, persistableToken = 6d917870-5a23-4192-8e5e-656375c986c3 }
11-18 18:49:04.690 I/[SEO] ShellSpatialWindowManagerService( 3392):  CreateVolumetricWindowPanel for 6d917870-5a23-4192-8e5e-656375c986c3VolumetricWindowToken { scope = 1, token = android.os.BinderProxy@447c13b, persistableToken = 6d917870-5a23-4192-8e5e-656375c986c3 } parent
11-18 18:49:04.691 I/[SEO] ShellApplicationJNI( 3392): nativeOnVolumetricWindowCreated
11-18 18:49:04.691 I/[SEO] ShellInputConfigurationDataProvider( 3392): InteractionMode changed, mode: HybridChiral activation method: Hand Presence displayTimeActivated 2718.624826
11-18 18:49:04.692 W/MemoryBroker( 1447): attachClient: found client in attached list (uid: 10028, pid: 1752)
11-18 18:49:04.692 I/MRSS    ( 1194): MIXEDREALITY: MrSystemServiceIPCServer: Got notification for Depth, fidelity level: NONE, command: 1
11-18 18:49:04.692 I/MRSS    ( 1194): MIXEDREALITY: CapabilityController: Start Depth duration: 9.955105 millisec.
11-18 18:49:04.692 I/MRSS    ( 1194): MIXEDREALITY: MrSystemServiceIPCServer: Got notification for Passthrough, fidelity level: NONE, command: 1
11-18 18:49:04.692 I/MRSS    ( 1194): MIXEDREALITY: CapabilityController: Start Passthrough duration: 0.168854 millisec.
11-18 18:49:04.693 I/MRSS    ( 1194): MIXEDREALITY: MrRuntimeImpl: EglStorage: cached 2 EGL images
11-18 18:49:04.693 I/MRSS    ( 1194): MIXEDREALITY: MrRuntimeImpl: Initializing Passthrough Rendering Capability
11-18 18:49:04.693 I/MRSS    ( 1194): MIXEDREALITY: PassthroughRenderer: createCameraDistortionTextures: Creating stereo grayscale distortion textures 144x144.
11-18 18:49:04.693 I/TrackingFidelityService( 1206): Request(s)={mr_passthrough:3,}
11-18 18:49:04.693 I/TrackingFidelityService( 1206): Request(s)={mr_passthrough:3,pt_display_sync:0,hyperscape_room_scanning:0,low_latency_pt:0,}, Mux mode idx=0, name=, score=-2147483648
11-18 18:49:04.693 E/TrackingFidelityService( 1206): Attempting to apply a mux mode for a color translator with no camera system available. THIS SHOULD NOT HAPPEN OUTSIDE OF TESTING!
11-18 18:49:04.693 E/TrackingFidelityService( 1206): requestFeaturesWithFidelities: Neither inside out, face/eye nor color translator can process requested feature fidelities.
11-18 18:49:04.693 E/Shell   ( 3392): createPhysicsShape() called with invalid obb extents (0.000000, 0.000000, 0.000000)
11-18 18:49:04.693 E/Shell   ( 3392): _createAndSetupHsrCollisionObject() called with invalid shapeBase
11-18 18:49:04.693 E/Shell   ( 3392): createPhysicsShape() called with invalid obb extents (0.000000, 0.000000, 0.000000)
11-18 18:49:04.693 E/Shell   ( 3392): _createAndSetupHsrCollisionObject() called with invalid shapeBase
11-18 18:49:04.693 W/ProxyLayerLogic( 1752): Proxy layer (ID 1002, content 3) was ignored because its content layer could not be found
11-18 18:49:04.693 W/BackgroundPassthroughLogic( 1752): AppendServicePassthroughLayer: No layer available for BGPT
11-18 18:49:04.693 E/Shell   ( 3392): createPhysicsShape() called with invalid obb extents (0.000000, 0.000000, 0.000000)
11-18 18:49:04.693 E/Shell   ( 3392): _createAndSetupHsrCollisionObject() called with invalid shapeBase
11-18 18:49:04.694 I/[SEO] PanelAppLaunchInfo( 3392): PanelAppLaunchInfo componentString:com.oculus.systemux/com.oculus.panelapp.virtualobjects.VirtualObjectsActivity packageName:com.oculus.systemux serviceName:com.oculus.panelapp.virtualobjects.VirtualObjectsActivity componentName:com.oculus.systemux/com.oculus.panelapp.virtualobjects.VirtualObjectsActivity
11-18 18:49:04.695 I/[SEO] HostPlatform( 3392): Retrieving component launch information for package (com.oculus.systemux) and service (com.oculus.panelapp.virtualobjects.VirtualObjectsActivity)
11-18 18:49:04.695 I/[SEO] PanelAppLaunchInfo( 3392): SetMultiLayer shouldAllowLayerSupport_ [1] name [#main = mr_ed || portal = portal_overlay_0 || portal_overlay_1 = portal_overlay_2 || portal_overlay_3 = portal_overlay_4] componentName [com.oculus.systemux/com.oculus.panelapp.virtualobjects.VirtualObjectsActivity]
11-18 18:49:04.695 I/[SEO] HostPlatform( 3392): Is PanelSDK component for package (com.oculus.systemux) and service (com.oculus.panelapp.virtualobjects.VirtualObjectsActivity) - false
11-18 18:49:04.695 I/[SEO] PanelAppLaunchInfo( 3392): NativeAppLaunchConfigurationJson ({"componentName":"com.oculus.systemux\/com.oculus.panelapp.virtualobjects.VirtualObjectsActivity","com.meta.libraries.appmanager.CLIENT_VERSION":1,"com.oculus.socialplatform.fbpermission.PARTIES_API_PROVIDER":"","oculus_preferences_systemux_notifications":2131623941,"com.oculus.auth.fbpermission.USE_DEVICE_AUTH":"","internalVersionName":"81.0.0.1034.516.e57c3537d823 2025_11_02_04_01","com.oculus.auth.fbpermission.USE_ACCOUNTS_META":"","com.oculus.socialplatform.fbpermission.MESSENGER_VR_ACCOUNTS_CONTENT_PROVIDER_READ_ONLY":"","com.oculus.deviceconfig.PARAMS_MAP_PATH":"assets\/params_map.txt","com.oculus.socialplatform.fbpermission.FRIEND_LIST_CONTENT_PROVIDER":"","android.content.APP_RESTRICTIONS":2131886082,"oculus_preferences_controllersettings_panelapp":2131623938,"oculus_preferences_anytimeui":2131623942,"oculus_preferences_call_api":2131623937,"oculus_preferences_ocui":2131623940,"com.google.android.ALLOW_PHISHING_DETECTION":false,"com.oculus.ocms.fbpermission.APP_USER_CONSENT":"","oculus_preferences_androiddialog_panelapp":2131623936,"com.oculus.presence.fbpermission.GROUPING":"","com.oculus.socialplatform.fbpermission.ACCESS_COMMUNICATOR_MLVPROVIDER":"","com.oculus.presence.fbpermission.RTGQL":"","com.facebook.build_rule":"bin_systemux_arm64_release_fbsign","com.facebook.build_time":"1762084970000L","com.oculus.ocms.fbpermission.LIBRARY_PROVIDER":"","com.facebook.build_id":817489759,"com.facebook.versioncontrol.branch":"master","com.oculus.livingroom.fbpermission.ACCESS_DOWNLOADER":"","com.oculus.lazy_gpumem_allocation":true,"com.oculus.assistant.panel.version":11,"com.oculus.auth.fbpermission.USE_ACCOUNTS_OCULUS":"","com.facebook.versioncontrol.revision":"MASTER","com.oculus.presence.fbpermission.HYPERSPACE":"","oculus_preferences_systemux":2131623942,"oculus_preferences_ims":2131623939,"com.oculus.common.activetaskbarhelper.fbpermission.CALL_SERVICE":"","com.facebook.package_type":"release","isDebuggable":false,"colorMode":0,"activityLabel":"SystemUX","activityIcon":2131230913,"com.oculus.vrshell.supports_loading_state":false,"com.oculus.vrshell.layer_definition":2130903066,"com.oculus.vrshell.supports_free_resizing":false,"com.oculus.vrshell.supports_layers":true,"isVrApplication":false,"isVolumeAperture":false,"versionName":"81.0.0.1034.516"})
11-18 18:49:04.695 I/[SEO] PanelAppLaunchInfo( 3392): launchParameters (skipLaunchChecks,false,sourceId,0,preferControlBarPolicy,true,preferImmersiveMenuPolicy,false,nativeAppLaunchConfiguration,{"componentName":"com.oculus.systemux\/com.oculus.panelapp.virtualobjects.VirtualObjectsActivity","com.meta.libraries.appmanager.CLIENT_VERSION":1,"com.oculus.socialplatform.fbpermission.PARTIES_API_PROVIDER":"","oculus_preferences_systemux_notifications":2131623941,"com.oculus.auth.fbpermission.USE_DEVICE_AUTH":"","internalVersionName":"81.0.0.1034.516.e57c3537d823 2025_11_02_04_01","com.oculus.auth.fbpermission.USE_ACCOUNTS_META":"","com.oculus.socialplatform.fbpermission.MESSENGER_VR_ACCOUNTS_CONTENT_PROVIDER_READ_ONLY":"","com.oculus.deviceconfig.PARAMS_MAP_PATH":"assets\/params_map.txt","com.oculus.socialplatform.fbpermission.FRIEND_LIST_CONTENT_PROVIDER":"","android.content.APP_RESTRICTIONS":2131886082,"oculus_preferences_controllersettings_panelapp":2131623938,"oculus_preferences_anytimeui":2131623942,"oculus_preferences_call_api":2131623937,"oculus_preferences_ocui":2131623940,"com.google.android.ALLOW_PHISHING_DETECTION":false,"com.oculus.ocms.fbpermission.APP_USER_CONSENT":"","oculus_preferences_androiddialog_panelapp":2131623936,"com.oculus.presence.fbpermission.GROUPING":"","com.oculus.socialplatform.fbpermission.ACCESS_COMMUNICATOR_MLVPROVIDER":"","com.oculus.presence.fbpermission.RTGQL":"","com.facebook.build_rule":"bin_systemux_arm64_release_fbsign","com.facebook.build_time":"1762084970000L","com.oculus.ocms.fbpermission.LIBRARY_PROVIDER":"","com.facebook.build_id":817489759,"com.facebook.versioncontrol.branch":"master","com.oculus.livingroom.fbpermission.ACCESS_DOWNLOADER":"","com.oculus.lazy_gpumem_allocation":true,"com.oculus.assistant.panel.version":11,"com.oculus.auth.fbpermission.USE_ACCOUNTS_OCULUS":"","com.facebook.versioncontrol.revision":"MASTER","com.oculus.presence.fbpermission.HYPERSPACE":"","oculus_preferences_systemux":2131623942,"oculus_preferences_ims":2131623939,"com.oculus.common.activetaskbarhelper.fbpermission.CALL_SERVICE":"","com.facebook.package_type":"release","isDebuggable":false,"colorMode":0,"activityLabel":"SystemUX","activityIcon":2131230913,"com.oculus.vrshell.supports_loading_state":false,"com.oculus.vrshell.layer_definition":2130903066,"com.oculus.vrshell.supports_free_resizing":false,"com.oculus.vrshell.supports_layers":true,"isVrApplication":false,"isVolumeAperture":false,"versionName":"81.0.0.1034.516"},targetId,-1,isLaunchedFromAppPersistence,false,intent_action,com.oculus.vrshell.intent.action.LAUNCH,intent_flags,268500992,activity_surface_width,500,launch_target_component_name,com.oculus.systemux/com.oculus.panelapp.virtualobjects.VirtualObjectsActivity,target,Default,launchTimestamp,0,launchId,c85b0762-5ddb-4dff-8060-2edcd2a818a3,intent_data,com.oculus.systemux/com.oculus.panelapp.virtualobjects.VirtualObjectsActivity,skipAppUpgradeCheck,false,activity_intent,true,defaultLaunchReason,0,VrDesktopSeq,1,isReprojectedOsDialog,false,abortLaunchIfLaunchChecksRequired,false,activity_surface_height,800,isUiAutomatorTest,false,isHomeIntent,false)
11-18 18:49:04.695 I/[SEO] PanelAppLaunchInfo( 3392): Layer for reprojected android app com.oculus.systemux with settings: 1
11-18 18:49:04.696 I/VrRuntimeClient( 3392): UpdateEvents: Detected LOCAL_FLOOR reference space update. Sending reference space update event
11-18 18:49:04.696 I/VrRuntimeClient( 3392): UpdateEvents: Detected LOCAL reference space update. Sending reference space update event
11-18 18:49:04.696 I/[SEO] PanelAppLaunchInfo( 3392): PanelAppLaunchInfo componentString:com.oculus.systemux/com.oculus.panelapp.virtualobjects.VirtualObjectsActivity packageName:com.oculus.systemux serviceName:com.oculus.panelapp.virtualobjects.VirtualObjectsActivity componentName:com.oculus.systemux/com.oculus.panelapp.virtualobjects.VirtualObjectsActivity
11-18 18:49:04.696 I/[SEO] HostPlatform( 3392): Retrieving component launch information for package (com.oculus.systemux) and service (com.oculus.panelapp.virtualobjects.VirtualObjectsActivity)
11-18 18:49:04.696 I/[SEO] PanelAppLaunchInfo( 3392): SetMultiLayer shouldAllowLayerSupport_ [1] name [#main = mr_ed || portal = portal_overlay_0 || portal_overlay_1 = portal_overlay_2 || portal_overlay_3 = portal_overlay_4] componentName [com.oculus.systemux/com.oculus.panelapp.virtualobjects.VirtualObjectsActivity]
11-18 18:49:04.696 I/[SEO] HostPlatform( 3392): Is PanelSDK component for package (com.oculus.systemux) and service (com.oculus.panelapp.virtualobjects.VirtualObjectsActivity) - false
11-18 18:49:04.700 I/[SEO] ShellApp( 3392): CreatePanelApp( com.oculus.systemux/com.oculus.panelapp.virtualobjects.VirtualObjectsActivity )
11-18 18:49:04.700 E/OpenGLRenderer( 4829): Unable to match the desired swap behavior.
11-18 18:49:04.701 I/[SEO] PanelAppHost( 3392): PanelAppHost constructor, panelId:12 (com.oculus.systemux/com.oculus.panelapp.virtualobjects.VirtualObjectsActivity)
11-18 18:49:04.701 I/[SEO] PanelAppHost( 3392): SPC enabled: 
11-18 18:49:04.701 I/OpenGLRenderer( 4829): setStopped(0)
11-18 18:49:04.701 I/OpenGLRenderer( 4829): setStopped(0): complete
11-18 18:49:04.701 I/OpenGLRenderer( 4829): setStopped(0)
11-18 18:49:04.702 I/[SEO] PanelAppHost( 3392): Created layers: #main[0] mr_ed[0] portal[0] portal_overlay_0[0] portal_overlay_1[0] portal_overlay_2[0] portal_overlay_3[0] portal_overlay_4[0] 
11-18 18:49:04.702 I/[SEO] PanelAppHost( 3392): Calling sendPanelLaunchIntent for panel app 12 (com.oculus.systemux/com.oculus.panelapp.virtualobjects.VirtualObjectsActivity)
11-18 18:49:04.702 D/[UNSET] ShellApplication( 3392): sendApkPanelLaunchIntent: packageName=com.oculus.systemux, serviceClassName=com.oculus.panelapp.virtualobjects.VirtualObjectsActivity
11-18 18:49:04.702 I/[SEO] ReprojectedPanelAppManager( 3392): Created ReprojectedPanelAppInfo for panelid:12 with component=com.oculus.systemux/com.oculus.panelapp.virtualobjects.VirtualObjectsActivity.
11-18 18:49:04.702 I/[SEO] ReprojectedPanelAppManager( 3392): Completing ReprojectedPanelAppInfo for panelid:12 with component=com.oculus.systemux/com.oculus.panelapp.virtualobjects.VirtualObjectsActivity.
11-18 18:49:04.702 I/[SEO] PanelActivityInfo( 3392): onPanelStateChange: true for component com.oculus.systemux/com.oculus.panelapp.virtualobjects.VirtualObjectsActivity with id 12
11-18 18:49:04.702 D/[UNSET] ShellApplication( 3392): Notifying state updated to FOREGROUND for panel app 12
11-18 18:49:04.702 V/[SEO] ReprojectedPanelAppManager( 3392): onPanelStateChange: 12, state=true
11-18 18:49:04.702 D/[UNSET] ShellApplication( 3392): Sending command: controlBarState {"displayName":"SystemUX","controlBarMenu":{"controlBarMenuItems":{"back":{"enabled":true}}},"overflowMenu":{"textButtons":[{"action":"report","autoClose":true,"rightPositionDip":-1,"icon":{"systemIcon":"bug"},"enabled":true,"text":"Relatar um problema","defaultClickSound":false}]}} to panelId 12
11-18 18:49:04.703 I/[SEO] PanelActivityInfo( 3392): onPanelStateChange: true for component com.oculus.systemux/com.oculus.panelapp.virtualobjects.VirtualObjectsActivity with id 12
11-18 18:49:04.703 I/[SEO] PanelAppHost( 3392): Panel app (panelId:12) (com.oculus.systemux/com.oculus.panelapp.virtualobjects.VirtualObjectsActivity) changing state from startup to foreground
11-18 18:49:04.703 D/[UNSET] ShellApplication( 3392): Notifying state updated to FOREGROUND for panel app 12
11-18 18:49:04.703 V/[SEO] ReprojectedPanelAppManager( 3392): onPanelStateChange: 12, state=true
11-18 18:49:04.703 I/OpenGLRenderer( 4829): setStopped(0): complete
11-18 18:49:04.703 I/[SEO] PanelActivityInfo( 3392): onPanelStateChange: true for component com.oculus.systemux/com.oculus.panelapp.virtualobjects.VirtualObjectsActivity with id 12
11-18 18:49:04.703 I/[SEO] VrPlatformOpenXr( 3392): xrPollEvent: received XR_TYPE_EVENT_DATA_REFERENCE_SPACE_CHANGE_PENDING event: 1000426000
11-18 18:49:04.703 I/[SEO] VrPlatformOpenXr( 3392): xrPollEvent: received XR_TYPE_EVENT_DATA_REFERENCE_SPACE_CHANGE_PENDING event: 2
11-18 18:49:04.703 I/[SEO] VrPlatformOpenXr( 3392): XR_TYPE_EVENT_DATA_REFERENCE_SPACE_CHANGE_PENDING : XR_REFERENCE_SPACE_TYPE_LOCAL
11-18 18:49:04.704 D/[UNSET] ShellApplication( 3392): Sending command: configure 3 500 800 0 2 to panelId 12
11-18 18:49:04.706 D/[UNSET] ShellApplication( 3392): Sending command: layerScaleDensity #main 1.0 1 to panelId 12
11-18 18:49:04.706 D/[UNSET] ShellApplication( 3392): Sending command: layerOptions {"layerName":"#main","superSampleNormal":false} to panelId 12
11-18 18:49:04.706 D/[UNSET] ShellApplication( 3392): Sending command: layerHittestable #main 1 1 to panelId 12
11-18 18:49:04.706 D/[UNSET] ShellApplication( 3392): Sending command: layerCursor #main 1 default 1 to panelId 12
11-18 18:49:04.707 D/[UNSET] ShellApplication( 3392): Sending command: loading complete to panelId 12
11-18 18:49:04.707 W/ProxyLayerLogic( 1752): Proxy layer (ID 1002, content 3) was ignored because its content layer could not be found
11-18 18:49:04.707 I/MRSS    ( 1194): MIXEDREALITY: PassthroughRenderer: createCameraDistortionTextures: Not creating color distortion textures
11-18 18:49:04.707 W/BackgroundPassthroughLogic( 1752): AppendServicePassthroughLayer: No layer available for BGPT
11-18 18:49:04.707 I/MRSS    ( 1194): MIXEDREALITY: PassthroughRenderer: updateCalibration: Refreshed calibration.
11-18 18:49:04.709 I/MRSS    ( 1194): MIXEDREALITY: PassthroughRenderer: init: completed.
11-18 18:49:04.709 I/MRSS    ( 1194): MIXEDREALITY: PassthroughRenderingCapability: Changing PT mode to 2
11-18 18:49:04.709 W/PhaseSync( 1194): [PS_Ver_1_0] DiscardFrame is triggered, frame->Stage 2 FrameBeginIndex 41859 
11-18 18:49:04.709 I/MRSS    ( 1194): MIXEDREALITY: OpenXrSupport: OpenXR qualified success: xrBeginFrame(clientState_.session, &beginFrameDesc): XR_FRAME_DISCARDED
11-18 18:49:04.710 I/[SEO] LocalSpace( 3392): New Space: quat(-0.180029, 0.004584, -0.025038, -0.983332), translation(0.000000, 1.351451, 0.000000) - Prior Space: quat(-0.180029, 0.004584, -0.025038, -0.983332), translation(0.000000, 1.351451, 0.000000)
11-18 18:49:04.710 I/[SEO] LocalSpace( 3392): Local space version from 163 to 164, local space user version from 0 to 0.
11-18 18:49:04.710 I/[SEO] VirtualObjectSystem( 3392): Send anchorUpdatedIPC to VirtualObjects service {"AnchorState":null}
11-18 18:49:04.710 W/MemoryBroker( 1447): attachClient: found client in attached list (uid: 1000, pid: 1194)
11-18 18:49:04.711 I/OpenXR  ( 3392): xrPerfSettingsSetPerformanceLevelEXT [package=com.oculus.vrshell, domain=cpu, level=boost]
11-18 18:49:04.711 I/OpenGLRenderer( 4829): setStopped(1)
11-18 18:49:04.711 I/OpenGLRenderer( 4829): setStopped(1): complete
11-18 18:49:04.711 I/MRSS    ( 1194): MIXEDREALITY: CalibrationRefresher: MR: MrRuntimeImpl:refreshOnlineCalibration: No high-freq ocal available yet.
11-18 18:49:04.711 I/MRSS    ( 1194): MIXEDREALITY: PassthroughPresentationLayerImpl: Allocating framebuffers for layer: 1002 of size: 640x640, color internal format: 0x822b, depth internal format: 0x0, swap chain length: 2, textureSamplingFilter: 1, 
11-18 18:49:04.711 I/MRSS    ( 1194): MIXEDREALITY: GlFramebufferFactory: framebuffer pool creating buffer (elements in pool=0)
11-18 18:49:04.711 I/MRSS    ( 1194): MIXEDREALITY: GlFramebufferFactory: framebuffer pool miss (pool was empty=true). GlobalCount: 1
11-18 18:49:04.711 I/VrRuntimeService( 1752): CreateSwapChain: 4258670078
11-18 18:49:04.711 I/VrRuntimeService( 1752): CreateSwapChain: api:gles 2 0x822b 640 640 1 2 2 0 3
11-18 18:49:04.712 I/[SEO] SystemUXControllerHelper( 3392): OnReorient(reason: 3)
11-18 18:49:04.712 I/[SEO] TelemetryProvider( 3392): aui_reorient system 0 0 0 com.oculus.vrshell
11-18 18:49:04.712 I/[SEO] PanelAppOSLifecycleNotificationManager( 3392): Sending frameState isForeground:1 to OS for app com.oculus.systemux/com.oculus.panelapp.virtualobjects.VirtualObjectsActivity
11-18 18:49:04.712 W/BackgroundStartupDetector/SystemUX( 4829): bgMode=BACKGROUND
11-18 18:49:04.713 E/ShellHsr( 3392): Physics: Invalid sphere radius 0
11-18 18:49:04.713 E/ShellHsr( 3392): Physics: Invalid sphere shape
11-18 18:49:04.713 E/ShellHsr( 3392): Physics: PhysxShape::activate() failed ("", ent ID 1194683): Failed to initialize primitive Shape, Result = ErrorInvalidArg
11-18 18:49:04.713 E/ShellHsr( 3392): Physics: Failed to activate shape ("", ent ID 1194683) (parent (invalid entity)): PhysxShape::activate() failed
11-18 18:49:04.713 E/ShellHsr( 3392): Physics: Invalid sphere radius 0
11-18 18:49:04.713 E/ShellHsr( 3392): Physics: Invalid sphere shape
11-18 18:49:04.713 E/ShellHsr( 3392): Physics: PhysxShape::activate() failed ("", ent ID 1194684): Failed to initialize primitive Shape, Result = ErrorInvalidArg
11-18 18:49:04.713 E/ShellHsr( 3392): Physics: Failed to activate shape ("", ent ID 1194684) (parent (invalid entity)): PhysxShape::activate() failed
11-18 18:49:04.713 E/ShellHsr( 3392): Physics: Invalid sphere radius 0
11-18 18:49:04.713 E/ShellHsr( 3392): Physics: Invalid sphere shape
11-18 18:49:04.713 E/ShellHsr( 3392): Physics: PhysxShape::activate() failed ("", ent ID 1194685): Failed to initialize primitive Shape, Result = ErrorInvalidArg
11-18 18:49:04.713 E/ShellHsr( 3392): Physics: Failed to activate shape ("", ent ID 1194685) (parent (invalid entity)): PhysxShape::activate() failed
11-18 18:49:04.714 I/[SEO] PanelAppHost( 3392): Setting displayId 57 for layers: #main mr_ed portal portal_overlay_0 portal_overlay_1 portal_overlay_2 portal_overlay_3 portal_overlay_4 
11-18 18:49:04.714 I/@@@     ( 1752): surface: SUCCESS posting result to queue
11-18 18:49:04.714 I/CompositorServer( 1752): CreateTextureSwapChain: result importswapchainfromdevice 1
11-18 18:49:04.717 I/DisplayDeviceRepository( 1447): Display device changed state: "MirrorRoot for 6d917870-5a23-4192-8e5e-656375c986c3", ON
11-18 18:49:04.718 I/OpenXR_GPUMemTrace( 1194): Swapchain creation, id=646, idx=0, MemoryAllocationSize: 1621 KB
11-18 18:49:04.718 I/OpenXR_GPUMemTrace( 1194): Swapchain creation, id=646, idx=1, MemoryAllocationSize: 1621 KB
11-18 18:49:04.718 I/DisplayDeviceRepository( 1447): Display device changed: DisplayDeviceInfo{"MirrorRoot for 6d917870-5a23-4192-8e5e-656375c986c3": uniqueId="virtual:android,1000,MirrorRoot for 6d917870-5a23-4192-8e5e-656375c986c3,0", 500 x 800, modeId 129, renderFrameRate 60.0, defaultModeId 129, supportedModes [{id=129, width=500, height=800, fps=60.0, alternativeRefreshRates=[], supportedHdrTypes=[]}], colorMode 0, supportedColorModes [0], hdrCapabilities null, allmSupported false, gameContentTypeSupported false, density 200, 200.0 x 200.0 dpi, appVsyncOff 0, presDeadline 16666666, touch NONE, rotation 0, type VIRTUAL, deviceProductInfo null, state ON, committedState UNKNOWN, owner android (uid 1000), frameRateOverride , brightnessMinimum 0.0, brightnessMaximum 0.0, brightnessDefault 0.0, hdrSdrRatio NaN, FLAG_SECURE, FLAG_SUPPORTS_PROTECTED_BUFFERS, FLAG_OWN_CONTENT_ONLY, FLAG_DESTROY_CONTENT_ON_REMOVAL, installOrientation 0, displayShape DisplayShape{ spec=-660431493 displayWidth=500 displayHeight=800 physicalPixelDisplaySizeRatio=1.0 rotation=0 offsetX=0 offsetY=0 scale=1.0}}
11-18 18:49:04.718 W/MRSS    ( 1194): MIXEDREALITY: PassthroughRenderingCapability: Passthrough rendering skipped because textures are invalid. Timestamps: grayscale 2699.172461, color -1, session 2718.642630467.
11-18 18:49:04.718 W/MRSS    ( 1194): MIXEDREALITY: MrServiceView: renderPassthrough: Layer render failed for id/isGuardian/isBackground: 1002/false/false
11-18 18:49:04.719 V/WindowManager( 1447): Content Recording: Display 57 state is now (2), so update recording?
11-18 18:49:04.719 W/MRSS    ( 1194): MIXEDREALITY: MrServiceView: renderSubmitFrame: rendering failure encountered
11-18 18:49:04.719 I/DisplayDevice( 1447): [57] Layerstack set to 57 for virtual:android,1000,MirrorRoot for 6d917870-5a23-4192-8e5e-656375c986c3,0
11-18 18:49:04.721 W/ProxyLayerLogic( 1752): Proxy layer (ID 1002, content 3) was ignored because its content layer could not be found
11-18 18:49:04.721 W/BackgroundPassthroughLogic( 1752): AppendServicePassthroughLayer: No layer available for BGPT
11-18 18:49:04.724 I/[SEO] DisplayStatePreservationController( 3392): Applied preserved state by adapter: taskBarPositionAdapter
11-18 18:49:04.724 I/[SEO] DisplayStatePreservationController( 3392): Applied preserved state by adapter: keyboardPreservationAdapter
11-18 18:49:04.724 I/[SEO] DisplayStatePreservationController( 3392): Applied preserved state by adapter: spatialPanelsPositionAdapter
11-18 18:49:04.724 I/[SEO] PanelRenderLayer( 3392): ResetSurface #main 500 x 800 x 0 - shape:landscape_cylinder stereo:mono isStereoSizeCorrected:false isAperture: false
11-18 18:49:04.724 I/[SEO] PanelRenderLayer( 3392): OS Panel Resize Notification to OS with width 500, height 800
11-18 18:49:04.724 I/[SEO] ReprojectedPanelAppManager( 3392): resizeDisplay: 12 newWidth: 500 newHeight: 800
11-18 18:49:04.724 I/[SEO] PanelCommandHandler( 3392): Called layerOptions with {"layerName":"#main","superSampleNormal":false}
11-18 18:49:04.726 I/MRSS    ( 1194): Bolt:CVPUtilization: CVP DFS utilization: 0
11-18 18:49:04.726 I/MRSS    ( 1194): Bolt:CVPUtilization: CVP runtime 1684us, frametime 23199130us
11-18 18:49:04.726 W/ShellHsr( 3392): Entity: Failed to activate asset 0:0:0 for component horizon::physics::ShapeComponent on entity 1194683 (ErrorInvalidArg).
11-18 18:49:04.726 W/ShellHsr( 3392): Entity: Failed to activate asset 0:0:0 for component horizon::physics::ShapeComponent on entity 1194684 (ErrorInvalidArg).
11-18 18:49:04.726 W/ShellHsr( 3392): Entity: Failed to activate asset 0:0:0 for component horizon::physics::ShapeComponent on entity 1194685 (ErrorInvalidArg).
11-18 18:49:04.728 W/stemux:SystemUX( 4829): Binder 0xb400007e6ef16910 destroyed after setInheritRt before being parceled.
11-18 18:49:04.731 D/IPCService( 3392): Sending command: entity {"mr_object": null} to token: VolumetricWindowToken { scope = 2, token = android.os.BinderProxy@d53be70, persistableToken = 6d917870-5a23-4192-8e5e-656375c986c3 } shellSate: true
11-18 18:49:04.731 D/[UNSET] ShellApplication( 3392): Sending command: entity {"mr_object": null} to panelId 12
11-18 18:49:04.735 W/ProxyLayerLogic( 1752): Proxy layer (ID 1002, content 3) was ignored because its content layer could not be found
11-18 18:49:04.735 W/BackgroundPassthroughLogic( 1752): AppendServicePassthroughLayer: No layer available for BGPT
11-18 18:49:04.739 I/VrRuntimeClient( 1194): UpdateEvents: Detected LOCAL_FLOOR reference space update. Sending reference space update event
11-18 18:49:04.739 I/VrRuntimeClient( 1194): UpdateEvents: Detected LOCAL reference space update. Sending reference space update event
11-18 18:49:04.749 W/ProxyLayerLogic( 1752): Proxy layer (ID 1002, content 3) was ignored because its content layer could not be found
11-18 18:49:04.749 W/BackgroundPassthroughLogic( 1752): AppendServicePassthroughLayer: No layer available for BGPT
11-18 18:49:04.751 I/crcs    ( 1000): SetClockLevels: Apply pending clock request change: 5,3 -> 8,3
11-18 18:49:04.752 I/XrFeedbackController( 1752): XrFeedbackController: onStateChanged
11-18 18:49:04.752 I/XrFeedbackController( 1752): XrFeedbackController: feature://xr/feedback/cpu_level --> 8 (raw 0.562500)
11-18 18:49:04.753 W/perfservice(  973): no IRQ hint VR_MODE_CPU_8 found
11-18 18:49:04.757 I/MRSS    ( 1194): MIXEDREALITY: PassthroughMesh: PassthroughMesh: Initializing.
11-18 18:49:04.757 W/MemoryBroker( 1447): attachClient: found client in attached list (uid: 10068, pid: 2387)
11-18 18:49:04.757 W/GuardianInput( 2387): GuardianInput::UpdateActionData needs a valid OpenXr Session!
11-18 18:49:04.757 W/GuardianInput( 2387): GuardianInput::UpdateRawHeadLocation needs a valid OpenXr Session!
11-18 18:49:04.757 I/MRSS    ( 1194): MIXEDREALITY: PassthroughMesh: PassthroughMesh: Initialized.
11-18 18:49:04.757 I/MRSS    ( 1194): MIXEDREALITY: PassthroughMesh: update: Clearing 0 previous mesh points (previous timestamp 0, current 2718.705403).
11-18 18:49:04.757 I/StateMachine2( 2387): StateMachine2Base::AddHistoryEntry GuardianInitialization: Transition  UnmountedState -> UnmountToMountTransitionState | Headset Mounted
11-18 18:49:04.757 I/SafetyIntentMgr( 2387): [SafetyIntentMgr::UpdateSafetyIntentMode] SafetyIntentMode: SAFETY_INTENT_INVALID -> SAFETY_INTENT_MR_HOME (Package Name: )
11-18 18:49:04.757 I/StateMachine2( 2387): StateMachine2Base::AddHistoryEntry SafetyIntent: Transition  SafetyIntentInvalid -> HomeSafetyMR
11-18 18:49:04.757 I/GuardianLifecycleMgr( 2387): [GuardianLifecycleMgr::OnSystemThreadLifecycleState] State transition SUSPENDED->SAFETY_SYSTEM_MR MR_HOME_WORLD
11-18 18:49:04.758 I/GuardianRender( 2387): [GuardianRender::Resume] GuardianRender resuming.
11-18 18:49:04.758 I/GuardianRender( 2387): Resume: GuardianRender updating thread states.
11-18 18:49:04.758 I/GuardianRender( 2387): Resume: GuardianRender resume complete.
11-18 18:49:04.758 I/GuardianInput( 2387): GuardianInput::Resume ... intializing session bound objects.
11-18 18:49:04.758 I/VrRuntimeService( 1752): RuntimeServiceSDKServer::ReleaseClientFrameAsync
11-18 18:49:04.758 I/OpenXR_Hands( 2387): ------------ xrCreateHandTrackerEXT -----------
11-18 18:49:04.758 I/OpenXR_Hands( 2387): ------------ xrCreateHandTrackerEXT -----------
11-18 18:49:04.758 I/GuardianTelemetry( 2387): GuardianTelemetry: Start Guardian Telemetry
11-18 18:49:04.758 I/GuardianTelemetry( 2387): OVR::Telemetry Guardian Stats thread started
11-18 18:49:04.758 I/GuardianLifecycleMgr( 2387): [GuardianLifecycleMgr::Resume] RESUMING operation. Headset waking up. Seconds elapsed: 18.88
11-18 18:49:04.758 I/GuardianToastMgr( 2387): ~~[GuardianToastMgr::HandleLifecycleEvent]: Suspend State exit
11-18 18:49:04.758 I/GuardianLifecycleMgr( 2387): ~~[GuardianLifecycleMgr::OnLifecycleStateExit]: Suspend State Exit
11-18 18:49:04.758 I/AuthLogger( 2808): Action succeeded: SYNC_ACCOUNTS, callingPackage: com.oculus.horizon, accountType: null, tokenType: null, extras: {}, duration: 190ms
11-18 18:49:04.759 I/GuardianTelemetry( 2387): [ovrStatsThreadGuardian::SendGuardianStateChangeTelemetry] Sending state change event DON, dialog 
11-18 18:49:04.759 I/SpatialShiftLogger( 2387): [SpatialShift][Telemetry][FloorHeight]: [ event: HEADSET_DON, eventReason: [n/a], numGuardians: 0 hasActiveSafetyBound: 0 activeSafetyBound: n/a, stageFloorHeight: -1.25702, guardianFloorHeight: -1.675, isSlamFloorHeightValid: 0 slamFloorHeight: 99997 guardianSlamDiff:99997 guardianStageDiff: -0.417977 ]
11-18 18:49:04.759 I/GuardianTelemetryUtil( 2387): ~~currrentDonSessionId: 1763502544
11-18 18:49:04.760 I/GuardianSDKServerMgr( 2387): GuardianSDKServerStateSnapshot::Sync: Flags2 changed: 12582912, 0, GUARDIAN_SYSTEM_2_AUTO_STATIONARY_FEATURE_ENABLED,GUARDIAN_SYSTEM_2_WORLDS_SAFETY_SYSTEM_ENABLED to NONE
11-18 18:49:04.760 I/VrRuntimeClient( 2387): UpdateEvents: Detected LOCAL_FLOOR reference space update. Sending reference space update event
11-18 18:49:04.760 I/VrRuntimeClient( 2387): UpdateEvents: Detected LOCAL reference space update. Sending reference space update event
11-18 18:49:04.760 I/VrRuntimeService( 1752): RuntimeServiceSDKServer::SetGuardianSystemState: 1310376013
11-18 18:49:04.761 V/DGW     ( 3571): V[handleFrame:775] DgwRetriableNetworkLayer handle frame
11-18 18:49:04.761 V/DGW     ( 3571): V[hasIngressTraffic:348] ConnectivityManager has ingress traffic.
11-18 18:49:04.763 W/ProxyLayerLogic( 1752): Proxy layer (ID 1002, content 3) was ignored because its content layer could not be found
11-18 18:49:04.763 W/BackgroundPassthroughLogic( 1752): AppendServicePassthroughLayer: No layer available for BGPT
11-18 18:49:04.765 D/StrataComposer(  946): setupPrimarySDMSurface: show layer 'vr_compositor_3664x1920' composer layer 103
11-18 18:49:04.765 E/        (    0): [drm:_sde_encoder_phys_wb_wait_for_commit_done:1264] [sde error]wb:2 kickoff timed out
11-18 18:49:04.765 E/        (    0): [drm:sde_kms_wait_for_commit_done:1214] [sde error]wait for commit done returned -110
11-18 18:49:04.776 W/PhaseSync( 1194): [PS_Ver_1_0] DiscardFrame is triggered, frame->Stage 2 FrameBeginIndex 41860 
11-18 18:49:04.776 I/MRSS    ( 1194): MIXEDREALITY: OpenXrSupport: OpenXR qualified success: xrBeginFrame(clientState_.session, &beginFrameDesc): XR_FRAME_DISCARDED
11-18 18:49:04.776 I/MRSS    ( 1194): MIXEDREALITY: AndroidTexture: Feature blurGlacierTextures is enabled.
11-18 18:49:04.777 I/MRSS    ( 1194): MIXEDREALITY: PassthroughRenderingTelemetry: First image in session received at 101.8 ms delay.
11-18 18:49:04.778 I/VrRuntimeClient( 1194): UpdateEvents: HMT was mounted
11-18 18:49:04.785 I/[CT]    ( 7363): BoltSDK::Soc: [EVENT] TorchDelegate: Hexagon ref count changed from 0 to 1
11-18 18:49:04.786 I/[CT]    ( 7363): BoltSDK::Soc-Hexagon: Acquiring all Hexagon resources from Bolt SDK
11-18 18:49:04.786 W/[CT]    ( 7363): BOLT:HexagonShim: boltlib: Can't load libhexagon.so from sphal namespace, falling back to default
11-18 18:49:04.789 I/com.oculus.bodyapiservice( 7363): vendor/qcom/proprietary/adsprpc/src/rpcmem_android.c:159: rpcmem_init_internal: opened ION device fd 81, configured heap IDs: system (0x2000000), contig (0x400000), secure (0x200), secure flags (0x80080000)
11-18 18:49:04.789 I/com.oculus.bodyapiservice( 7363): vendor/qcom/proprietary/adsprpc/src/fastrpc_apps_user.c:3110: fastrpc_apps_user_init done with default domain:3 and &fastrpc_trace:0x7e761c8fa0
11-18 18:49:04.789 I/[CT]    ( 7363): BOLT:HexagonShim: dlopen libhexagon.so 0xcfb0cdb31a3f1ac3
11-18 18:49:04.789 I/[CT]    ( 7363): BOLT:HexagonShim:   revision: f63f56550451fbb8d63852d47dfed0d8a86a3da5
11-18 18:49:04.790 W/libc    ( 7363): Access denied finding property "persist.bolt.unsigned_pd"
11-18 18:49:04.791 I/com.oculus.bodyapiservice( 7363): vendor/qcom/proprietary/adsprpc/src/fastrpc_apps_user.c:2660: Successfully opened /vendor/dsp/cdsp/fastrpc_shell_33
11-18 18:49:04.791 I/com.oculus.bodyapiservice( 7363): vendor/qcom/proprietary/adsprpc/src/fastrpc_config.c:200: Reading configuration file: com.oculus.bodyapiservice.debugconfig
11-18 18:49:04.804 I/com.oculus.bodyapiservice( 7363): vendor/qcom/proprietary/adsprpc/src/fastrpc_apps_user.c:2867: Created user PD on domain 3 (attrs 0x0, debug_trace 0x0)
11-18 18:49:04.806 I/com.oculus.bodyapiservice( 7363): vendor/qcom/proprietary/adsprpc/src/listener_android.c:111: listener thread starting
11-18 18:49:04.806 I/com.oculus.bodyapiservice( 7363): vendor/qcom/proprietary/adsprpc/src/fastrpc_perf.c:273: fastrpc_perf_init: enabled systrace 0x0 and RPC traces (kernel 0, dsp 0) with frequency 1000
11-18 18:49:04.806 I/com.oculus.bodyapiservice( 7363): vendor/qcom/proprietary/adsprpc/src/log_config.c:347: file_watcher_thread starting for domain 3
11-18 18:49:04.806 E/com.oculus.bodyapiservice( 7363): vendor/qcom/proprietary/adsprpc/src/log_config.c:270:Error 0x200: fopen failed for /vendor/lib/rfsa/adsp/com.oculus.bodyapiservice.farf. (No such file or directory)
11-18 18:49:04.806 E/com.oculus.bodyapiservice( 7363): vendor/qcom/proprietary/adsprpc/src/log_config.c:270:Error 0x200: fopen failed for /vendor/dsp/cdsp/com.oculus.bodyapiservice.farf. (No such file or directory)
11-18 18:49:04.806 E/com.oculus.bodyapiservice( 7363): vendor/qcom/proprietary/adsprpc/src/log_config.c:270:Error 0x200: fopen failed for /vendor/dsp/com.oculus.bodyapiservice.farf. (No such file or directory)
11-18 18:49:04.807 I/com.oculus.bodyapiservice( 7363): vendor/qcom/proprietary/adsprpc/src/mod_table.c:687: open_mod_table_open_from_static: reverse module apps_std opened with handle 0x761cba28 (idx 0)
11-18 18:49:04.807 I/com.oculus.bodyapiservice( 7363): vendor/qcom/proprietary/adsprpc/src/mod_table.c:464: is_reverse_handle_opened: reverse module apps_std  already found with handle 0x761cba28 (idx 0)
11-18 18:49:04.807 I/com.oculus.bodyapiservice( 7363): vendor/qcom/proprietary/adsprpc/src/mod_table.c:687: open_mod_table_open_from_static: reverse module apps_std opened with handle 0x761cba28 (idx 0)
11-18 18:49:04.808 E/com.oculus.bodyapiservice( 7363): vendor/qcom/proprietary/adsprpc/src/listener_android.c:64::error: 512: AEE_SUCCESS == (nErr = mod_table_close(handle, errStr, errStrLen, dlErr))
11-18 18:49:04.808 I/com.oculus.bodyapiservice( 7363): vendor/qcom/proprietary/adsprpc/src/apps_std_imp.c:875: Successfully opened file /vendor/lib/rfsa/adsp/libhexagon_skel.so
11-18 18:49:04.814 I/com.oculus.bodyapiservice( 7363): vendor/qcom/proprietary/adsprpc/src/mod_table.c:687: open_mod_table_open_from_static: reverse module apps_mem opened with handle 0x761cbb28 (idx 1)
11-18 18:49:04.827 I/system_server( 1447): Background concurrent copying GC freed 652871(23MB) AllocSpace objects, 42(1200KB) LOS objects, 43% free, 30MB/54MB, paused 73us,67us total 119.521ms
11-18 18:49:04.827 D/.oculus.vrshell( 3392): PlayerBase::~PlayerBase()
11-18 18:49:04.827 D/.oculus.vrshell( 3392): PlayerBase::~PlayerBase()
11-18 18:49:04.827 D/.oculus.vrshell( 3392): PlayerBase::~PlayerBase()
11-18 18:49:04.829 I/Tracking( 1215): VioInitialization: Initialization Complete!
11-18 18:49:04.830 D/.oculus.vrshell( 3392): PlayerBase::~PlayerBase()
11-18 18:49:04.832 W/System  ( 1447): A resource failed to call release. 
11-18 18:49:04.832 W/System  ( 1447): A resource failed to call release. 
11-18 18:49:04.832 W/System  ( 1447): A resource failed to call release. 
11-18 18:49:04.832 W/System  ( 1447): A resource failed to call release. 
11-18 18:49:04.832 W/System  ( 1447): A resource failed to call release. 
11-18 18:49:04.832 W/System  ( 1447): A resource failed to call release. 
11-18 18:49:04.832 W/System  ( 1447): A resource failed to call release. 
11-18 18:49:04.832 W/System  ( 1447): A resource failed to call release. 
11-18 18:49:04.832 W/System  ( 1447): A resource failed to call release. 
11-18 18:49:04.833 W/System  ( 1447): A resource failed to call release. 
11-18 18:49:04.833 W/System  ( 1447): A resource failed to call release. 
11-18 18:49:04.834 W/System  ( 1447): A resource failed to call close. 
11-18 18:49:04.846 I/Tracking( 1215): VEGA:HM:PERCEPTUAL: [276.432 [sec]] State transition from NoTracking to 3DoF.
11-18 18:49:04.846 I/Tracking( 1215): VIPER: [EVENT] Tracking initialization complete.
11-18 18:49:04.846 W/Tracking( 1215): VIPER: Frame Tracking (0.061948808 [sec]) exceeded camera sampling time (0.033333333 [sec]).
11-18 18:49:04.847 I/com.oculus.bodyapiservice( 7363): vendor/qcom/proprietary/adsprpc/src/apps_std_imp.c:855: Successfully opened file /vendor/dsp/cdsp/libc++.so.1
11-18 18:49:04.859 I/com.oculus.bodyapiservice( 7363): vendor/qcom/proprietary/adsprpc/src/apps_std_imp.c:855: Successfully opened file /vendor/dsp/cdsp/libc++abi.so.1
