--------- beginning of kernel
11-18 18:49:02.123 I/logd    (    0): logdr: UID=2000 GID=2000 PID=21294 b tail=0 logMask=10099 pid=0 start=0ns deadline=0ns
11-18 18:49:02.695 W/healthd (    0): battery l=76 v=4224 t=37.7 h=2 st=2 c=1698241 fc=3747000 cc=8 chg=a
--------- beginning of main
11-18 18:49:02.706 V/telemetry-statsd( 1151): Fetching statsd reports
11-18 18:49:02.768 I/[CT]    ( 3775): SP:AP:AnchorPersistenceConfig: PreferencesManager: has_seen_spatial_data_sharing_notice_v2: false
11-18 18:49:02.769 I/[CT]    ( 3775): SP:AP:AnchorPersistenceConfig: PreferencesManager: anchor_persistence_cloud_anchor_service_enabled: true
11-18 18:49:02.769 I/[CT]    ( 3775): SP:AP:AnchorPersistenceConfig: getCloudPermissionEnabledVps: userPreference(anchor_persistence_cloud_anchor_service_enabled_vps)=true, cloudPermissionOverride: -1
11-18 18:49:02.769 I/[CT]    ( 3775): SP:SU:SessionSegmentUploadManager: Uploading End Of Session Token - SequenceNum: 3  UploadTriggerStage: 1
11-18 18:49:02.769 I/[CT]    ( 3775): SP:SU:SessionSegmentUploader: Uploading End Of Session Token - Path: [end_of_session]  VpsRequestUuid: 09e6d5c1-6e75-2017-abba-b41b0b276008
11-18 18:49:02.769 I/[CT]    ( 3775): xr_cloud_services: Requesting to trigger Offline Map Ingestion
11-18 18:49:02.769 I/[CT]    ( 3775): xr_vega_map_service: Uploading map via GraphQL
11-18 18:49:02.873 D/TelemetryService( 1151): Upload complete after 63 ms with result: success
11-18 18:49:03.163 V/telemetry-statsd( 1151): Fetching statsd reports
11-18 18:49:03.282 I/[CT]    ( 3775): CasNetworkTelemetryObserver: CasNetworkTelemetryObserver onEOM
11-18 18:49:03.282 I/[CT]    ( 3775): xr_vega_map_service: Uploaded VegaMapCacheBlob 1328674901802646 and triggered 0 async map ingestion jobs on cloud
11-18 18:49:03.282 I/[CT]    ( 3775): SP:SU:SessionSegmentUploader: Uploaded End Of Session Token - anchorCode: 0
11-18 18:49:03.282 I/[CT]    ( 3775): SP:SU:SessionSegmentUploadManager: Successfully Uploaded End of Session Token
11-18 18:49:03.282 I/[CT]    ( 3775): SP:SU:SessionSegmentUploadManager: Ending Session - SessionId: ee5f2d65-80fd-4903-a47d-10ce77be32e0  IsRunning: true
11-18 18:49:03.282 I/[CT]    ( 3775): SP:SU:SessionSegmentUploadManager: Starting Session - SessionId: d9749d03-79b5-4d6f-a7e7-5007184e6332
11-18 18:49:03.283 D/TelemetryService( 1151): PathwayGuard: from OSSDK/NDK is not allowed to send oculus_sps_network_stats; dropping; Please use the Statsd approach https://www.internalfb.com/intern/wiki/HzOS_Systems/HzOS_Systems_Performance_and_Reliability/VROS_System_Insights/VROS_Telemetry/XFN/Statsd/
11-18 18:49:03.283 D/TelemetryService( 1151): Reported oculus_telemetry_blocked_ossdk_events breach event
11-18 18:49:03.482 D/DGW     ( 5698): D[operator():668] ConnectivityManager cleaning ping scheduler before sending ping
11-18 18:49:03.482 V/DGW     ( 5698): V[sendPing:513] ConnectivityManager sending ping...
11-18 18:49:03.482 V/DGW     ( 5698): V[sendPingInternal:893] ConnectivityManager sending http ping...
11-18 18:49:03.483 V/DGW     ( 5698): V[sendPingInternal:902] ConnectivityManager ping timeout in ms: 5000
11-18 18:49:03.944 D/audio_hw_primary(  948): out_standby: enter: stream (0xe9705000) usecase(1: low-latency-playback)
11-18 18:49:03.958 I/afe_close(    0): port_id = 0x1000
11-18 18:49:03.970 D/audio_hw_primary(  948): disable_audio_route: reset and update mixer path: low-latency-playback
11-18 18:49:03.971 D/msm8974_platform(  948): platform_split_snd_device: snd_device(2) num devices(0) new_snd_devices(0)
11-18 18:49:03.971 I/msm8974_platform(  948): platform_get_custom_mtmx_params: no matching param with id 0 ip_ch 2 op_ch 2 uc_id 1 snd_dev 2
11-18 18:49:03.971 D/hardware_info(  948): hw_info_append_hw_type : device_name = speaker
11-18 18:49:03.971 D/audio_hw_primary(  948): disable_snd_device: snd_device(2: speaker)
11-18 18:49:03.971 D/msm8974_platform(  948): platform_split_snd_device: snd_device(2) num devices(0) new_snd_devices(0)
11-18 18:49:03.966 I/cm710x 1-002c(    0): cm710x_playback_in_enum_ext_get select PlaybackFrom = 0
11-18 18:49:03.975 D/audio_hw_primary(  948): out_standby: exit
--------- beginning of tracking
11-18 18:49:03.985 I/SyncBossHAL(  979): [info   ] syncboss_hal_powerstate.c(54): Reporting powerstate event: PROX_ON
11-18 18:49:03.985 D/SensorService(  979): Received Powerstate PROX_ON
11-18 18:49:03.986 I/VrSensors-HidlWrapper( 1215): PowerState: prox_on event received
11-18 18:49:03.986 I/VrPowerManagerService( 1447): transition from STANDBY to HEADSET_MOUNTED
--------- beginning of system
11-18 18:49:03.986 I/PowerGroup( 1447): Waking up power group from Asleep (groupId=0, uid=1000, reason=WAKE_REASON_UNKNOWN, details=VrPwMng:leave-standby)...
11-18 18:49:03.986 I/PowerManagerService( 1447): Waking up from Asleep (uid=1000, reason=WAKE_REASON_UNKNOWN, details=VrPwMng:leave-standby)...
11-18 18:49:03.987 D/OculusUserFetcher( 2120): doInBackground()
11-18 18:49:03.987 E/ActivityManager( 1447): Cancel pending or running compactions as system is awake
11-18 18:49:03.987 W/ContextImpl( 2120): Calling a method in the system process without a qualified user: android.app.ContextImpl.bindService:1988 android.content.ContextWrapper.bindService:861 com.oculus.userserver.api.OculusUserManager.bindService:668 com.oculus.userserver.api.OculusUserManager.access$200:37 com.oculus.userserver.api.OculusUserManager$BlockingServiceConnection.connect:78 
11-18 18:49:03.991 I/DisplayPowerController2[0]( 1447): Blocking screen on until initial contents have been drawn.
11-18 18:49:03.991 D/SensorClientUtils( 1194): Received power state from VRPM: RUNNING
11-18 18:49:03.991 D/SensorClientUtils( 1206): Received power state from VRPM: RUNNING
11-18 18:49:03.991 D/PowerMonitor( 1194): Cancelling delayed transition to SLEEP
11-18 18:49:03.991 I/DisplayBrightnessStrategySelector( 1447): Changing the DisplayBrightnessStrategy from ScreenOffBrightnessStrategy toTemporaryBrightnessStrategy for display 0
11-18 18:49:03.991 D/PowerMonitor( 1206): Cancelling delayed transition to SLEEP
11-18 18:49:03.992 D/VrPowerManagerClient( 2132): Headset state: 1
11-18 18:49:03.992 V/DisplayPowerController2[0]( 1447): Brightness [0.49803922] reason changing to: 'temporary', previous reason: 'screen_off'.
11-18 18:49:03.992 V/ControllerNotifications( 2132): Headset was mounted, requesting that notifications are enabled
11-18 18:49:03.992 V/ControllerNotifications( 2132): Queueing enable of notifications in 5000ms
11-18 18:49:03.992 D/telemetry( 1151): Transitioning to session state: Active Session, Headset In Use (donned and screen on), from state Active Session, Headset Not In Use
11-18 18:49:03.992 I/DisplayPowerController2[0]( 1447): BrightnessEvent: disp=0, physDisp=local:4630946791093499009, brt=0.49803922, initBrt=0.0, rcmdBrt=NaN, preBrt=NaN, lux=0.0, preLux=0.0, hbmMax=1.0, hbmMode=off, rbcStrength=0, thrmMax=1.0, powerFactor=1.0, wasShortTermModelActive=false, flags=, reason=temporary, autoBrightness=false, strategy=TemporaryBrightnessStrategy
11-18 18:49:03.992 D/SensorClientUtils( 2125): Received power state from VRPM: RUNNING
11-18 18:49:03.992 D/PowerMonitor( 2125): Cancelling delayed transition to SLEEP
11-18 18:49:03.993 I/DisplayPowerController2[2]( 1447): Blocking screen on until initial contents have been drawn.
11-18 18:49:03.993 D/PowerMonitor( 1194): Received transition request from SLEEP to RUNNING
11-18 18:49:03.994 D/PowerMonitor( 1194): Executing transition from SLEEP to STANDBY
11-18 18:49:03.994 D/MrSystemService( 1194): AOSP setPowerState: STANDBY.
11-18 18:49:03.994 I/MRSS    ( 1194): MIXEDREALITY: MrEngine: Received power state change from AOSP, new state: STANDBY.
11-18 18:49:03.994 W/MRSS    ( 1194): MIXEDREALITY: MrCombinedService: screenStatus notification but no change
11-18 18:49:03.994 D/PowerMonitor( 1194): Executing transition from STANDBY to RUNNING
11-18 18:49:03.994 D/MrSystemService( 1194): AOSP setPowerState: RUNNING.
11-18 18:49:03.994 I/MRSS    ( 1194): MIXEDREALITY: MrEngine: Received power state change from AOSP, new state: RUNNING.
11-18 18:49:03.994 I/MRSS    ( 1194): MIXEDREALITY: MrCombinedService: ScreenStatus change detected: ON
11-18 18:49:03.994 I/MRSS    ( 1194): MIXEDREALITY: ServiceLogic: notifyScreenStatus: Allowing start all capabilities
11-18 18:49:03.994 I/MRSS    ( 1194): MIXEDREALITY: CapabilityController: Change fidelity VisionInterfaceTelemetry to 1.
11-18 18:49:03.994 I/MRSS    ( 1194): MIXEDREALITY: MrSystemServiceIPCServer: Got notification for VisionInterfaceTelemetry, fidelity level: 1, command: NONE
11-18 18:49:03.994 I/MRSS    ( 1194): MIXEDREALITY: CapabilityController: Change fidelity Camera to 1.
11-18 18:49:03.994 I/MRSS    ( 1194): MIXEDREALITY: MrSystemServiceIPCServer: Got notification for Camera, fidelity level: 1, command: NONE
11-18 18:49:03.994 I/MRSS    ( 1194): MIXEDREALITY: CapabilityController: Change fidelity Depth to 1.
11-18 18:49:03.994 I/MRSS    ( 1194): MIXEDREALITY: MrSystemServiceIPCServer: Got notification for Depth, fidelity level: 1, command: NONE
11-18 18:49:03.994 I/MRSS    ( 1194): MIXEDREALITY: CapabilityController: Change fidelity Passthrough to 1.
11-18 18:49:03.994 I/MRSS    ( 1194): MIXEDREALITY: MrServiceModelBase: changeScreenStatus: true
11-18 18:49:03.994 D/PowerMonitor( 2125): Received transition request from SLEEP to RUNNING
11-18 18:49:03.994 D/PowerMonitor( 2125): Executing transition from STANDBY to RUNNING
11-18 18:49:03.994 D/ControllerManagement( 2125): [controller] STANDBY -> RUNNING
11-18 18:49:03.994 I/MRSS    ( 1194): MIXEDREALITY: MrServiceView: Submitting empty frame
11-18 18:49:03.994 W/PhaseSync( 1194): [PS_Ver_1_0] DiscardFrame is triggered, frame->Stage 2 FrameBeginIndex 41857 
11-18 18:49:03.995 I/MRSS    ( 1194): MIXEDREALITY: OpenXrSupport: OpenXR qualified success: xrBeginFrame(clientState_.session, &beginFrameDesc): XR_FRAME_DISCARDED
11-18 18:49:03.995 D/PowerMonitor( 1206): Received transition request from SLEEP to RUNNING
11-18 18:49:03.995 I/MRSS    ( 1194): MIXEDREALITY: MrServiceView: renderIteration: Sleeping the rendering thread for 500 ms since ID is off and no active PT layers.
11-18 18:49:03.995 I/DisplayBrightnessStrategySelector( 1447): Changing the DisplayBrightnessStrategy from ScreenOffBrightnessStrategy toInvalidBrightnessStrategy for display 2
11-18 18:49:03.995 V/DisplayPowerController2[2]( 1447): Brightness [0.0] reason changing to: 'manual', previous reason: 'screen_off'.
11-18 18:49:03.995 D/PowerMonitor( 1206): Executing transition from SLEEP to STANDBY
11-18 18:49:03.995 D/PowerMonitor( 1206): Executing transition from STANDBY to RUNNING
11-18 18:49:03.995 D/TSAccess( 1206): Apply power state 'Running'
11-18 18:49:03.995 I/DisplayPowerController2[2]( 1447): BrightnessEvent: disp=2, physDisp=virtual:android,1000,MirrorRoot for f7f0540c-1d3b-43b9-a83e-9bd24e18a086,0, brt=0.0, initBrt=0.0, rcmdBrt=NaN, preBrt=NaN, lux=0.0, preLux=0.0, hbmMax=1.0, hbmMode=off, rbcStrength=-1, thrmMax=1.0, powerFactor=1.0, wasShortTermModelActive=false, flags=, reason=manual, autoBrightness=false, strategy=InvalidBrightnessStrategy
11-18 18:49:03.995 D/TrackingService( 1215): apply power state 'Running'
11-18 18:49:03.995 D/PowerMonitor( 1215): Cancelling delayed transition to SLEEP
11-18 18:49:03.996 I/DisplayPowerController2[4]( 1447): Blocking screen on until initial contents have been drawn.
11-18 18:49:03.996 D/PowerMonitor( 1215): Received transition request from SLEEP to RUNNING
11-18 18:49:03.996 D/PowerMonitor( 1215): Executing transition from STANDBY to RUNNING
11-18 18:49:03.996 D/TrackingService( 1215): StateHandler setState powerState=RUNNING
11-18 18:49:03.996 D/TrackingService( 1215): Enqueued transition to (targetPowerState, targetMuxName): (RUNNING, --) - transition timeout: 1000000000 ns
11-18 18:49:03.996 I/TrackingService( 1215): [                   PerfLockHooks] Power transition: STANDBY -> RUNNING transition time: 0 ms
11-18 18:49:03.996 I/TrackingService( 1215): [                            bolt] Power transition: STANDBY -> RUNNING transition time: 0 ms
11-18 18:49:03.996 D/TrackingService( 1215): IOT standby to running started
11-18 18:49:03.996 I/DisplayBrightnessStrategySelector( 1447): Changing the DisplayBrightnessStrategy from ScreenOffBrightnessStrategy toInvalidBrightnessStrategy for display 4
11-18 18:49:03.997 V/DisplayPowerController2[4]( 1447): Brightness [0.0] reason changing to: 'manual', previous reason: 'screen_off'.
11-18 18:49:03.997 I/DisplayPowerController2[4]( 1447): BrightnessEvent: disp=4, physDisp=virtual:android,1000,MirrorRoot for 9ef46677-fe60-4cd9-988f-dc34db788901,0, brt=0.0, initBrt=0.0, rcmdBrt=NaN, preBrt=NaN, lux=0.0, preLux=0.0, hbmMax=1.0, hbmMode=off, rbcStrength=-1, thrmMax=1.0, powerFactor=1.0, wasShortTermModelActive=false, flags=, reason=manual, autoBrightness=false, strategy=InvalidBrightnessStrategy
11-18 18:49:03.997 I/DisplayPowerController2[5]( 1447): Blocking screen on until initial contents have been drawn.
11-18 18:49:03.997 D/CameraStream(  979): [iot] Client [IOT(1215)] attempting start
11-18 18:49:03.998 I/FrameSetDispatcher(  979): [{0,0},{1,0},{2,0},{3,0}] Client pid=1215 (IOT): Client thread[{0,0},{1,0},{2,] started
11-18 18:49:03.998 I/CameraClientManager(  979): [IOT(1215)][iot] client started (estimated 1 started clients total)
11-18 18:49:03.998 I/CameraClientManager(  979): [[IOT(1215)][iot]] definitely starting stream
11-18 18:49:03.998 I/DisplayBrightnessStrategySelector( 1447): Changing the DisplayBrightnessStrategy from ScreenOffBrightnessStrategy toInvalidBrightnessStrategy for display 5
11-18 18:49:03.998 I/CameraHalOculus(  979): MonoCameraOculus.cpp:EnableCamera: Enabling MonoCamera 0
11-18 18:49:03.998 V/DisplayPowerController2[5]( 1447): Brightness [0.0] reason changing to: 'manual', previous reason: 'screen_off'.
11-18 18:49:03.998 I/DisplayPowerController2[5]( 1447): BrightnessEvent: disp=5, physDisp=virtual:android,1000,MirrorRoot for 137dc2b6-dd68-495b-b566-e6d7c9c5e4a9,0, brt=0.0, initBrt=0.0, rcmdBrt=NaN, preBrt=NaN, lux=0.0, preLux=0.0, hbmMax=1.0, hbmMode=off, rbcStrength=-1, thrmMax=1.0, powerFactor=1.0, wasShortTermModelActive=false, flags=, reason=manual, autoBrightness=false, strategy=InvalidBrightnessStrategy
11-18 18:49:03.998 I/DisplayPowerController2[8]( 1447): Blocking screen on until initial contents have been drawn.
11-18 18:49:03.998 I/DisplayBrightnessStrategySelector( 1447): Changing the DisplayBrightnessStrategy from ScreenOffBrightnessStrategy toInvalidBrightnessStrategy for display 8
11-18 18:49:03.998 V/DisplayPowerController2[8]( 1447): Brightness [0.0] reason changing to: 'manual', previous reason: 'screen_off'.
11-18 18:49:03.999 I/DisplayPowerController2[8]( 1447): BrightnessEvent: disp=8, physDisp=virtual:android,1000,MirrorRoot for 395366bf-16c1-4fa6-be20-1652c6dd6084,0, brt=0.0, initBrt=0.0, rcmdBrt=NaN, preBrt=NaN, lux=0.0, preLux=0.0, hbmMax=1.0, hbmMode=off, rbcStrength=-1, thrmMax=1.0, powerFactor=1.0, wasShortTermModelActive=false, flags=, reason=manual, autoBrightness=false, strategy=InvalidBrightnessStrategy
11-18 18:49:03.999 I/DisplayPowerController2[10]( 1447): Blocking screen on until initial contents have been drawn.
11-18 18:49:03.999 I/DisplayBrightnessStrategySelector( 1447): Changing the DisplayBrightnessStrategy from ScreenOffBrightnessStrategy toInvalidBrightnessStrategy for display 10
11-18 18:49:03.999 V/DisplayPowerController2[10]( 1447): Brightness [0.0] reason changing to: 'manual', previous reason: 'screen_off'.
11-18 18:49:03.999 I/DisplayPowerController2[10]( 1447): BrightnessEvent: disp=10, physDisp=virtual:android,1000,MirrorRoot for dab6984b-7008-411f-b539-882543746f44,0, brt=0.0, initBrt=0.0, rcmdBrt=NaN, preBrt=NaN, lux=0.0, preLux=0.0, hbmMax=1.0, hbmMode=off, rbcStrength=-1, thrmMax=1.0, powerFactor=1.0, wasShortTermModelActive=false, flags=, reason=manual, autoBrightness=false, strategy=InvalidBrightnessStrategy
11-18 18:49:04.000 I/DisplayPowerController2[14]( 1447): Blocking screen on until initial contents have been drawn.
11-18 18:49:04.000 I/DisplayBrightnessStrategySelector( 1447): Changing the DisplayBrightnessStrategy from ScreenOffBrightnessStrategy toInvalidBrightnessStrategy for display 14
11-18 18:49:04.000 V/DisplayPowerController2[14]( 1447): Brightness [0.0] reason changing to: 'manual', previous reason: 'screen_off'.
11-18 18:49:04.000 I/DisplayPowerController2[14]( 1447): BrightnessEvent: disp=14, physDisp=virtual:android,1000,MirrorRoot for fff2089b-2f4f-430b-a50a-8679a178ca47,0, brt=0.0, initBrt=0.0, rcmdBrt=NaN, preBrt=NaN, lux=0.0, preLux=0.0, hbmMax=1.0, hbmMode=off, rbcStrength=-1, thrmMax=1.0, powerFactor=1.0, wasShortTermModelActive=false, flags=, reason=manual, autoBrightness=false, strategy=InvalidBrightnessStrategy
11-18 18:49:04.000 I/DisplayPowerController2[57]( 1447): Blocking screen on until initial contents have been drawn.
11-18 18:49:04.000 I/DisplayBrightnessStrategySelector( 1447): Changing the DisplayBrightnessStrategy from ScreenOffBrightnessStrategy toInvalidBrightnessStrategy for display 57
11-18 18:49:04.001 V/DisplayPowerController2[57]( 1447): Brightness [0.0] reason changing to: 'manual', previous reason: 'screen_off'.
11-18 18:49:03.993 I/qcom,camera ac4f000.qcom,cci(    0): qcom,cam-sensor0: Linked as a consumer to regulator.46
11-18 18:49:04.001 I/DisplayPowerController2[57]( 1447): BrightnessEvent: disp=57, physDisp=virtual:android,1000,MirrorRoot for 6d917870-5a23-4192-8e5e-656375c986c3,0, brt=0.0, initBrt=0.0, rcmdBrt=NaN, preBrt=NaN, lux=0.0, preLux=0.0, hbmMax=1.0, hbmMode=off, rbcStrength=-1, thrmMax=1.0, powerFactor=1.0, wasShortTermModelActive=false, flags=, reason=manual, autoBrightness=false, strategy=InvalidBrightnessStrategy
11-18 18:49:04.001 I/DisplayPowerController2[0]( 1447): Unblocked screen on after 9 ms
11-18 18:49:04.001 I/DisplayPowerController2[2]( 1447): Unblocked screen on after 8 ms
11-18 18:49:04.001 I/DisplayPowerController2[4]( 1447): Unblocked screen on after 5 ms
11-18 18:49:04.001 I/DisplayPowerController2[5]( 1447): Unblocked screen on after 4 ms
11-18 18:49:04.001 I/DisplayPowerController2[8]( 1447): Unblocked screen on after 3 ms
11-18 18:49:04.001 I/AS.AudioService( 1447): Setting mMicMuteFromPrivacyToggle to false
11-18 18:49:04.001 I/AS.AudioService( 1447): Mic mute false, user=0
11-18 18:49:04.002 I/DisplayDeviceRepository( 1447): Display device changed state: "Tela integrada", ON
11-18 18:49:04.002 I/DisplayPowerController2[10]( 1447): Unblocked screen on after 3 ms
11-18 18:49:04.002 I/MicService.Privacy( 2132): Setting mic sensor privacy to false, reason: POWER_STATE, mounted: true, sensor lock engaged: false, setting: false, user: 0
11-18 18:49:04.002 D/SurfaceFlinger( 1110): Setting power mode 2 on display 4630946791093499009
11-18 18:49:04.003 I/InputManager-JNI( 1447): Viewport [0] to add: local:4630946791093499009, isActive: true
11-18 18:49:04.003 I/DisplayPowerController2[14]( 1447): Unblocked screen on after 3 ms
11-18 18:49:04.003 I/DisplayPowerController2[57]( 1447): Unblocked screen on after 2 ms
11-18 18:49:04.003 D/audio_hw_primary(  948): adev_set_mic_mute state 0
11-18 18:49:04.003 I/SDM     ( 1107): DisplayBase::SetDisplayState: Set state = 1, display 49-2, teardown = 0
11-18 18:49:04.003 I/InputReader( 1447): Reconfiguring input devices, changes=DISPLAY_INFO
11-18 18:49:03.995 I/qcom,camera ac4f000.qcom,cci(    0): qcom,cam-sensor0: Linked as a consumer to regulator.7
11-18 18:49:03.995 I/qcom,camera ac4f000.qcom,cci(    0): qcom,cam-sensor0: Linked as a consumer to regulator.71
11-18 18:49:04.012 D/DisplayManagerService( 1447): Ignore redundant display event 0/2 to 10109/3983
11-18 18:49:04.012 D/DisplayManagerService( 1447): Ignore redundant display event 0/2 to 10062/18510
11-18 18:49:04.012 I/DisplayDevice( 1447): [0] Layerstack set to 0 for local:4630946791093499009
11-18 18:49:04.014 D/OculusUserManager( 2120): Connected to V1 Service
11-18 18:49:04.017 I/Telecom ( 1447): CallAudioRouteStateMachine: Message received: MUTE_EXTERNALLY_CHANGED=3004, arg1=0: CARSM.mCR->CARSM.pM_MUTE_EXTERNALLY_CHANGED@AJE
11-18 18:49:04.017 I/Telecom ( 1447): QuiescentSpeakerRoute: Processing message MUTE_EXTERNALLY_CHANGED: CARSM.mCR->CARSM.pM_MUTE_EXTERNALLY_CHANGED@AJE
11-18 18:49:04.017 D/NuPlayerDriver( 1138): NuPlayerDriver(0xee58dd20) created, clientPid(1447)
11-18 18:49:04.020 D/MultiUserTelemetryLogger( 2120): Event logged: fetch_oculus_user_success
11-18 18:49:04.020 D/audio_hw_primary(  948): adev_set_parameters: enter: screen_state=on
11-18 18:49:04.023 E/SensorManager( 1447): sensor or listener is null
11-18 18:49:04.024 D/FastPairService( 1447): onReceive: ACTION_SCREEN_ON
11-18 18:49:04.024 V/FastPairService( 1447): invalidateScan: scan is disabled
11-18 18:49:04.024 E/NearbyManager( 1447): Cannot stop scan with this callback because it is never registered.
11-18 18:49:04.025 W/mediaserver( 1138): Binder 0xedf4f6e4 destroyed after setInheritRt before being parceled.
11-18 18:49:04.025 I/CameraHalOculus(  979): MonoCameraOculus.cpp:EnableCamera: Enabling MonoCamera 1
11-18 18:49:04.018 I/CAM_ERR (    0): CAM-ISP: __cam_isp_ctx_acquire_dev_in_available: 5221 DBG: Acquire success on session_hdl 0x3b0201 num_rsrces -16843010 ctx 0 next state ACQUIRED rc 0
11-18 18:49:04.018 I/CAM_ERR (    0): CAM-ISP: __cam_isp_ctx_acquire_hw_v2: 5528 DBG: Acquire V2 success on session_hdl 0x3b0201s ctx_type 2 ctx_id 0
11-18 18:49:04.018 I/CAM_ERR (    0): CAM-ISP: __cam_isp_ctx_link_in_acquired: 5918 DBG: Link in Acquired next state ACQUIRED RC = 0
11-18 18:49:04.025 I/VrRuntimeService( 1752): nativeScreenStateChanged to on
11-18 18:49:04.026 I/VrRuntimeService( 1752): Service entering RUNNING Mode
11-18 18:49:04.026 I/VrRuntimeService( 1752): DeveloperModeEnabledFlag is true.
11-18 18:49:04.026 I/VrRuntimeService( 1752): Resetting vsync state
11-18 18:49:04.026 I/TelemetryServer( 1752): StartTelemetryServer start
11-18 18:49:04.026 D/GenericSource( 1138): FileSource remote
11-18 18:49:04.027 I/TelemetryServer( 1752): StartTelemetryServer end - 0.45ms
11-18 18:49:04.027 I/CompositorServer( 1752): RuntimeServer: Resuming operation
11-18 18:49:04.027 W/Distortion( 1752): Invalid headset type.  Configuring default Quest 1 distortion
11-18 18:49:04.027 I/Distortion( 1752): SetLensPositions - iad=0.0635, left offset=-0.002986,-0.00272, right offset=0.002986,-0.00272
11-18 18:49:04.027 I/Distortion( 1752): persist.debug.oculus.use.persisted.custom.fov = 0
11-18 18:49:04.027 W/Distortion( 1752): Invalid headset type.  Configuring default Quest 1 distortion
11-18 18:49:04.027 I/Distortion( 1752): SetLensPositions - iad=0.0635, left offset=-0.002986,-0.00272, right offset=0.002986,-0.00272
11-18 18:49:04.027 I/Distortion( 1752): persist.debug.oculus.use.persisted.custom.fov = 0
11-18 18:49:04.027 I/CompositorVR( 1752): ---------------- CompositorVR() ----------------
11-18 18:49:04.027 I/ScreenInfo( 1752): Init: SliceCountX=2, SliceCountY=1
11-18 18:49:04.027 I/CompositorVR( 1752): Postprocess input width: 3664, height: 1920
11-18 18:49:04.027 I/CompositorVR( 1752): CheckDebuggerConnected: debugger 0
11-18 18:49:04.027 I/CompositorVR( 1752): warpMeshClipMode = 1
11-18 18:49:04.021 I/qcom,camera ac4f000.qcom,cci(    0): qcom,cam-sensor1: Linked as a consumer to regulator.46
11-18 18:49:04.028 I/PerfStream( 1148): BatteryStatsStates::activeStartEvent()
11-18 18:49:04.028 W/CompositorVR( 1752): GetNightShiftWhitePoint: night_shift_activated is not set
11-18 18:49:04.029 I/CompositorVR( 1752): ExtraKickoffHeadroom: 0.00ms
11-18 18:49:04.029 I/Vsync   ( 1752): ---------------- Vsync::Init ----------------
11-18 18:49:04.030 I/CompositorTiming( 1752): ---------------- CompositorTiming::Init ----------------
11-18 18:49:04.030 V/Context ( 1752): QueryVersion() - Context Version: 3.2
11-18 18:49:04.030 I/RuntimeIPCSystem [RUNTIMEIPC]( 1752): RuntimeIPCSystem: Init called: Version: 80, Platform: Android, Build Date: Nov  2 2025, Build Time: 12:08:33, BuildMode: shared
11-18 18:49:04.030 W/RPCServer [RUNTIMEIPC]( 1752): RegisterServer: expect_IPC_FinalizeServer is false: DDCDataServer. Please define EXPECT_FINALIZE_SERVER in your server, and use FinalizeServer in your InitServer implementation.
11-18 18:49:04.030 W/RPCServer [RUNTIMEIPC]( 1752): Oncall not specified when initializing server DDCDataServer in package .
11-18 18:49:04.030 W/ThreadHelpers [RUNTIMEIPC]( 1752): RuntimeIPC::SetName: thread name 'DDCDataServer_JobWorker' was truncated to 'DDCDataServer_J'
11-18 18:49:04.030 I/RuntimeIPCService [RUNTIMEIPC]( 1200): SetServerList: com.oculus.systemdriver:com.oculus.vrruntimeservice:1752, new servers: [DynamicObjectTrackingServer, DDCDataServer, VirtualKeyboardServer, HapticsServer, RenderModelServer, HandInputDataServer, ControllerIPCServer, RuntimeServiceServer, RuntimeServiceDevice, gkcache, RuntimeServiceLoader], old servers: [DynamicObjectTrackingServer, VirtualKeyboardServer, HapticsServer, RenderModelServer, HandInputDataServer, ControllerIPCServer, RuntimeServiceServer, RuntimeServiceDevice, gkcache, RuntimeServiceLoader]
11-18 18:49:04.030 I/RuntimeIPCServerMgr [RUNTIMEIPC]( 1752): UpdateServerListOnBroker (pid: 1752): SUCCESS (shouldNotify=true): [DynamicObjectTrackingServer, DDCDataServer, VirtualKeyboardServer, HapticsServer, RenderModelServer, HandInputDataServer, ControllerIPCServer, RuntimeServiceServer, RuntimeServiceDevice, gkcache, RuntimeServiceLoader]
11-18 18:49:04.030 I/RuntimeIPCServerMgr [RUNTIMEIPC]( 1752): RegisterServer: SUCCESS: com.oculus.systemdriver:com.oculus.vrruntimeservice (DDCDataServer)
11-18 18:49:04.030 I/JVMHandler( 1752): JVMHandler: callStaticMethodWithVariableArguments. [functionName:isFeatureSupported] is valid: [1]
11-18 18:49:04.030 I/BystanderAwarenessIndicatorController( 1752): Bystander Awareness Indicator feature is supported on this device: [No]
11-18 18:49:04.030 I/CompositorVR( 1752): No Bystander Awareness Indicator controller.
11-18 18:49:04.023 I/qcom,camera ac4f000.qcom,cci(    0): qcom,cam-sensor1: Linked as a consumer to regulator.7
11-18 18:49:04.023 I/qcom,camera ac4f000.qcom,cci(    0): qcom,cam-sensor1: Linked as a consumer to regulator.71
11-18 18:49:04.032 D/[SEO] ShellService( 3392): screenStateReceiver Received broadcast: android.intent.action.SCREEN_ON
11-18 18:49:04.032 I/PreferenceListener( 1752): Preference 'is_displaying_passthrough_content' set to 0
11-18 18:49:04.032 D/[SEO] ShellService( 3392): onScreenStateChanged: true
11-18 18:49:04.032 I/[SEO] ShellApplicationJNI( 3392): NativeSendOverlayCommand
11-18 18:49:04.032 I/VrRuntimeService( 1752): Input preference 'is_displaying_passthrough_content' changed from 0 to 0
11-18 18:49:04.032 D/OculusUserFetcher( 2120): onPostExecute()
11-18 18:49:04.032 I/[SEO] ShellApp( 3392): 0x7dc9fbbfa8 msg: overlayCommand:
11-18 18:49:04.032 I/[SEO] ShellApp( 3392): command = screenStateChanged
11-18 18:49:04.032 I/[SEO] ShellApp( 3392): state = 1
11-18 18:49:04.032 I/[SEO] ShellApp( 3392): Process_OverlayCommand command : screenStateChanged
11-18 18:49:04.032 I/[SEO] ShellApp( 3392): screenStateChanged message received
11-18 18:49:04.033 D/[UNSET] ShellApplication( 3392): isDeviceLocked = true
11-18 18:49:04.033 I/[SEO] ShellFrameHelpers( 3392): ResolveDeviceState: checking device lock status : 1
11-18 18:49:04.033 I/[SEO] ShellFrameHelpers( 3392): ResolveDeviceState: Setting device state to Locked
11-18 18:49:04.033 I/[SEO] ShellApp( 3392): ResolveDeviceState: change from Sleep to Locked
11-18 18:49:04.033 I/[SEO] TelemetryProvider( 3392): Set wake start time to 2718000
11-18 18:49:04.033 I/[SEO] ShellApp( 3392): ResolveDeviceState: isWakingOrUnlockingIntoWake : 1
11-18 18:49:04.033 I/[SEO] ShellApp( 3392): ResolveDeviceState: interactionState : InputFocus
11-18 18:49:04.033 I/[SEO] ShellApp( 3392): ---------- ShellApp::EnterVrMode() ----------
11-18 18:49:04.033 I/[SEO] ShellTransitionState( 3392): Logging ShellTransitionState to dumpsys: {"state":"Backgrounding","timeMillis":"2714527"}
11-18 18:49:04.033 I/OpenXR  ( 3392): ------------ xrBeginSession [start] -----------
11-18 18:49:04.033 I/DRR     ( 3392): DRR is supported: 1
11-18 18:49:04.033 I/DRR     ( 3392): DRR is enabled: 1
11-18 18:49:04.033 I/CompositorVR( 1752): WarpThreadInit()
11-18 18:49:04.033 I/CompositorVR( 1752): WarpThreadInit: gettid
11-18 18:49:04.033 I/CompositorVR( 1752): WarpThreadInit: attaching...
11-18 18:49:04.033 I/DisplayModeControl( 1752): RequestDisplayPowerMode(1)
11-18 18:49:04.034 D/VrLockscreenHost( 2120): onFetchCompleted()
11-18 18:49:04.034 D/VrEmptyLockscreen( 2120): populateUsers()
11-18 18:49:04.034 D/UserSwitchHelper( 2120): populateUsers()
11-18 18:49:04.034 I/DisplayModeControl( 1752): Setting power mode ON for display 4630946791093499009
11-18 18:49:04.034 I/CompositorVR( 1752): Waited 0.000 seconds for active display
11-18 18:49:04.034 I/CompositorVR( 1752): WarpThreadInit: setting UID high priority context.
11-18 18:49:04.034 I/SensorService(  979): registerDirectChannel_: Allocated direct channel handle 5 (to pid 1447)
11-18 18:49:04.034 D/DGW     ( 3571): D[onAppForegrounded:73] ConnectivityManager app foregrounded.
11-18 18:49:04.034 D/DGW     ( 3571): D[onAppForegrounded:79] ConnectivityManager pingIntervalInMs: 60000
11-18 18:49:04.034 V/DGW     ( 3571): V[onStatusChanged:561] DgwRetriableNetworkLayer status changed to Foreground
11-18 18:49:04.034 V/DGW     ( 3571): V[processAllPendingRequests:432] Dgw process all pending requests
11-18 18:49:04.034 E/DefaultStreamRef.cpp( 3571): trying to start an already started/disconnected stream.
11-18 18:49:04.034 D/DGW     ( 3571): D[onAppForegrounded:73] ConnectivityManager app foregrounded.
11-18 18:49:04.035 D/DGW     ( 3571): D[onAppForegrounded:79] ConnectivityManager pingIntervalInMs: 60000
11-18 18:49:04.035 V/DGW     ( 3571): V[onStatusChanged:561] DgwRetriableNetworkLayer status changed to Foreground
11-18 18:49:04.035 V/DGW     ( 3571): V[processAllPendingRequests:432] Dgw process all pending requests
11-18 18:49:04.035 I/SensorService(  979): configDirectReport for channelHandle:5 sensorHandle:3 Rate:1
11-18 18:49:04.035 I/Sensor  ( 3392): Using IAD sensor direct channel
11-18 18:49:04.035 I/Sensor  ( 3392): OSSDKTRACKING Initializing controller tracking
11-18 18:49:04.035 I/Sensor  ( 3392): OSSDKTRACKING Controller tracker != nullpointer 0x7d86cbb400, 1
11-18 18:49:04.035 V/DGW     ( 3571): V[streamSend:393] StreamGroupTransport stream send id=3, pubAckTimeout=30
11-18 18:49:04.037 I/DeviceStatus( 3392): nativeHeadsetEvent(0)
11-18 18:49:04.038 I/VrRuntimeClient( 3392): UpdateCompositorClientFeatureFlag sets clientFeatureFlag 2 
11-18 18:49:04.038 I/SurfaceKeyboardClient( 3392): Surface keyboard is not supported on device
11-18 18:49:04.038 I/VrRuntimeClient( 3392): Mounted state at BeginSession: False
11-18 18:49:04.038 I/LogTimer( 3392): CPUTIME: VrRuntimeClient_BeginSession took 5.6753 ms
11-18 18:49:04.038 I/SystemActivitiesEvents( 3392): SystemActivitiesEvents_Init: client 16777227 already registered
11-18 18:49:04.038 I/Distortion( 3392): Initializing Mesh Decenter Correction
11-18 18:49:04.040 I/Distortion( 3392): SetLensPositions - iad=0.0679831, left offset=0.00208699,-0.00120678, right offset=-0.00249522,-0.00129203
11-18 18:49:04.040 I/Distortion( 3392): persist.debug.oculus.use.persisted.custom.fov = 0
11-18 18:49:04.040 I/Distortion( 3392): Initializing Mesh Decenter Correction
11-18 18:49:04.040 D/UserSwitchPanel( 2120): populateUsers()
11-18 18:49:04.040 I/Distortion( 3392): SetLensPositions - iad=0.0679831, left offset=0.00208699,-0.00120678, right offset=-0.00249522,-0.00129203
11-18 18:49:04.040 I/Distortion( 3392): persist.debug.oculus.use.persisted.custom.fov = 0
11-18 18:49:04.040 D/VrEmptyLockscreen( 2120): updateFocusedUser(0)
11-18 18:49:04.041 I/ClientInputSettings( 3392): HANDTRACKING: enabled input settings, setting hand mode control settings to ControllersOnly
11-18 18:49:04.041 I/ClientInputSettings( 3392): HANDTRACKING package name is com.oculus.vrshell
11-18 18:49:04.042 I/OSUpdateService( 2729): Intent with action system_interactive_changed
11-18 18:49:04.043 I/CompositorVR( 1752): WarpThreadInit: setting TID max priority context.
11-18 18:49:04.044 I/CompositorVR( 1752): WarpThreadInit: Begin EGL initialization...
11-18 18:49:04.044 I/ClientSurface( 1752): CreateClientSurface( vr_compositor_3664x1920, 3664, 1920 )
11-18 18:49:04.044 D/OsSdk   ( 1752): createSurface vr_compositor_3664x1920 w=3664 x h=1920 fmt=0
11-18 18:49:04.044 D/OsSdk   ( 1752): createSurface via forger vr_compositor_3664x1920
11-18 18:49:04.044 D/SurfaceForgerClientImpl(  946): Setting transform ROTATION_270 => 7
11-18 18:49:04.044 I/OsSdk   ( 1752): calling to forger createSurface
11-18 18:49:04.045 W/AndroidSystemUpdatePolicyProvider( 2729): checkPolicy: no policy found
11-18 18:49:04.045 I/SystemUpdatePolicyMonitor( 2729): requestAllowedByPolicy: policyStatus = true, policyProvider = AndroidSystemUpdatePolicyProvider
11-18 18:49:04.045 I/StrataComposer(  946): queueRefreshLocked: no layers shown, do immediate refresh
11-18 18:49:04.045 I/StrataComposer(  946): queueRefreshLocked: no layers shown, do immediate refresh
11-18 18:49:04.046 W/Telemetry( 3392): [XRINPUT] HANDTRACKING Deprecated Manifest Permission request from ; com.oculus.vrshell
11-18 18:49:04.046 I/UnifiedTelemetryWrapper( 3392): WARNING: Attempting to create Telemetry Event while Handler is null; telemetry will not be recorded for the event: [oculus_mobile_aloge]
11-18 18:49:04.046 W/ClientInputSettings( 3392): HANDTRACKING: Deprecated Manifest Permission request for com.oculus.vrshell please update to 'horizonos.permission.HAND_TRACKING'
11-18 18:49:04.046 I/ClientInputSettings( 3392): HANDTRACKING: Manifest Permission request for com.oculus.vrshell
11-18 18:49:04.046 I/ClientInputSettings( 3392): HANDTRACKING:  'com.oculus.vrshell' Is hands or controller.
11-18 18:49:04.046 I/Context ( 1752): Create: eglCreateContext()
11-18 18:49:04.046 I/ClientInputSettings( 3392): HANDTRACKING: feature flag set to 2
11-18 18:49:04.046 I/ClientInputInterface( 3392): HANDTRACKING sethandmanifest 2
11-18 18:49:04.046 W/InputHooksJava( 3392): Unable to enable input hooks on a non-Activity Context
11-18 18:49:04.046 I/Context ( 1752): Context is EGL_CONTEXT_PRIORITY_HIGH_IMG
11-18 18:49:04.046 I/InputDeviceManager( 3392): ovrInputDeviceManager::Initialize
11-18 18:49:04.047 I/[CT]    ( 7363): BodyApiService: Screen turned on.
11-18 18:49:04.047 I/DisplaySurface( 1752): Adreno GPU
11-18 18:49:04.047 I/ClientSurface( 1752): CreateClientSurface( vr_compositor_protected_3664x1920, 3664, 1920 )
11-18 18:49:04.047 D/OsSdk   ( 1752): createSurface vr_compositor_protected_3664x1920 w=3664 x h=1920 fmt=0
11-18 18:49:04.047 D/OsSdk   ( 1752): createSurface via forger vr_compositor_protected_3664x1920
11-18 18:49:04.047 D/SurfaceForgerClientImpl(  946): Setting transform ROTATION_270 => 7
11-18 18:49:04.048 I/OsSdk   ( 1752): calling to forger createSurface
11-18 18:49:04.048 I/InputDevice_Hand_Legacy( 3392): BodyPoweredHands checkSysPropForBodyAPIOverride 0
11-18 18:49:04.048 V/DeviceLifecycleManager( 3392): Got action: android.intent.action.SCREEN_ON
11-18 18:49:04.048 V/DeviceLifecycleManager( 3392): screen state: ACTION_SCREEN_ON
11-18 18:49:04.049 I/InputDevice_Hand_Legacy( 3392): BodyPoweredHands checkSysPropForBodyAPIOverride 0
11-18 18:49:04.049 I/TREX    ( 3392): Interface 'WristbandClientInterface', version 10 was not found. Check debug build for more information.
11-18 18:49:04.049 I/InputDeviceManager( 3392): HANDTRACKING Root pose filter profile changed for freq to 11 from 0  inf: 1
11-18 18:49:04.049 I/GkHelper( 3392): Checking gk 'horizon_phasesync_auto_disabled', default = false
11-18 18:49:04.049 W/GkCacheQuerierClient( 3392): getGkValue: Query result for 'oculus_xrruntime:horizon_phasesync_auto_disabled' not successful: 4
11-18 18:49:04.049 W/GkHelper( 3392): GkHelper: query failed for horizon_phasesync_auto_disabled, result code: 4
11-18 18:49:04.049 I/PhaseSync( 3392): PhaseSync::PhaseSync PaddingLowerLimit 0.350000 StandardDeviations 2.000000 PaddingUpperLimit 0.750000 on instance 40
11-18 18:49:04.049 I/FrameSync( 3392): FrameSync Initialized Instance 41
11-18 18:49:04.049 I/VrRuntimeClient( 3392): PhaseSync Instance created
11-18 18:49:04.049 I/JVMHandler( 3392): JVMHandler: callStaticMethodWithVariableArguments. [functionName:getClientWindow] is valid: [1]
11-18 18:49:04.049 I/JVMHandler( 3392): JVMHandler: callStaticMethodWithVariableArguments. [functionName:getActivityID] is valid: [1]
11-18 18:49:04.049 I/VrRuntimeService( 1752): RuntimeServiceSDKServer::EnableRendering: 0x0, 0, com.oculus.vrshell
11-18 18:49:04.049 I/VrRuntimeService( 1752): RuntimeServiceSDKServer::EnableRendering: 0x0, 0, com.oculus.vrshell
11-18 18:49:04.049 I/ClientMgr( 1752): EnableRendering2: invalid clientWindow, testing uid/pid
11-18 18:49:04.049 W/ClientMgr( 1752): Client should have focus but doesn't. [id 0xbfda5118, pid 3392, uid 10083, packageName com.oculus.vrshell, clientName VrRuntimeClient-1, processName com.oculus.vrshell, processNameWithPID com.oculus.vrshell:3392, launchId , permissionFlags 6d, clientType 1, clientFlags 1, isApplication=false, isOsApp=false, clientSessionPlacement 2147483647, clientDisplayId -1, clientVWToken 00000000000000000000000000000000]
11-18 18:49:04.049 I/ClientMgr( 1752): ClientMgr::EnableRendering 3392:com.oculus.vrshell : type 1 comp-id 7: enable
11-18 18:49:04.049 I/InterstitialManager( 1752): Foreground app change: immersiveApp com.oculus.vrshell, renderingEnabled: 1. submittedFrames: 126408
11-18 18:49:04.050 I/HorizonDsatHelper( 2808): fetchTokenValueAsync - callingPackage: com.oculus.userserver2, actionName: com.oculus.auth.ACTION_FETCH_HORIZON_DEVICE_SCOPED_CREDENTIALS
11-18 18:49:04.050 I/HorizonDsatHelper( 2808): fetchTokenAsync - forceRefresh: false, actionName: com.oculus.auth.ACTION_FETCH_HORIZON_DEVICE_SCOPED_CREDENTIALS
11-18 18:49:04.050 I/HorizonDsatHelper( 2808): Returning stored token
11-18 18:49:04.050 I/AuthLogger( 2808): Action succeeded: OBTAIN_TOKEN, callingPackage: com.oculus.userserver2, accountType: com.oculus, tokenType: dsat, extras: {logging_source=HorizonDsatHelper, options={"forceRefresh":false,"method":"fetchTokenValueAsync","isCachedToken":true}, token_scope=ROOT, outcome=token, status=success}, duration: 0ms
11-18 18:49:04.050 I/HorizonDsatHelper( 2808): fetchTokenAsync:: OnResult - callingPackage: com.oculus.userserver2, actionName: com.oculus.auth.ACTION_FETCH_HORIZON_DEVICE_SCOPED_CREDENTIALS, forceRefresh: false, isResultPresent: true
11-18 18:49:04.052 I/GenericSource( 1138): start
11-18 18:49:04.052 I/StrataComposer(  946): queueRefreshLocked: no layers shown, do immediate refresh
11-18 18:49:04.052 I/StrataComposer(  946): queueRefreshLocked: no layers shown, do immediate refresh
11-18 18:49:04.052 I/Context ( 1752): Create: eglCreateContext()
11-18 18:49:04.052 I/CameraHalOculus(  979): MonoCameraOculus.cpp:EnableCamera: Enabling MonoCamera 2
11-18 18:49:04.053 I/Context ( 1752): Context is EGL_CONTEXT_PRIORITY_HIGH_IMG
11-18 18:49:04.045 I/CAM_ERR (    0): CAM-ISP: __cam_isp_ctx_acquire_dev_in_available: 5221 DBG: Acquire success on session_hdl 0xcf0202 num_rsrces -16843010 ctx 1 next state ACQUIRED rc 0
11-18 18:49:04.045 I/CAM_ERR (    0): CAM-ISP: __cam_isp_ctx_acquire_hw_v2: 5528 DBG: Acquire V2 success on session_hdl 0xcf0202s ctx_type 2 ctx_id 1
11-18 18:49:04.045 I/CAM_ERR (    0): CAM-ISP: __cam_isp_ctx_link_in_acquired: 5918 DBG: Link in Acquired next state ACQUIRED RC = 0
11-18 18:49:04.045 I/init    (    0): processing action (sys.hmt.mounted=1) from (/vendor/etc/init/hw/init.hollywood.rc:96)
11-18 18:49:04.045 I/init    (    0): processing action (sys.hmt.mounted=1) from (/vendor/etc/init/hw/init.kona.rc:424)
11-18 18:49:04.046 E/FG      (    0): fg_psy_get_property: unsupported property 4
11-18 18:49:04.054 I/DisplaySurface( 1752): Adreno GPU
11-18 18:49:04.054 I/ClientSurface( 1752): CreateClientSurface( vr_compositor_with_depth_test_3664x1920, 3664, 1920 )
11-18 18:49:04.054 D/OsSdk   ( 1752): createSurface vr_compositor_with_depth_test_3664x1920 w=3664 x h=1920 fmt=0
11-18 18:49:04.054 D/OsSdk   ( 1752): createSurface via forger vr_compositor_with_depth_test_3664x1920
11-18 18:49:04.054 D/SurfaceForgerClientImpl(  946): Setting transform ROTATION_270 => 7
11-18 18:49:04.054 I/OsSdk   ( 1752): calling to forger createSurface
11-18 18:49:04.054 D/MediaRouter( 1447): onRestoreRoute() : route=RouteInfo{ name=Telefone, description=null, status=null, category=RouteCategory{ name=Sistema types=ROUTE_TYPE_LIVE_AUDIO ROUTE_TYPE_LIVE_VIDEO  groupable=false }, supportedTypes=ROUTE_TYPE_LIVE_AUDIO ROUTE_TYPE_LIVE_VIDEO , presentationDisplay=null }
11-18 18:49:04.054 V/MediaRouter( 1447): Selecting route: RouteInfo{ name=Telefone, description=null, status=null, category=RouteCategory{ name=Sistema types=ROUTE_TYPE_LIVE_AUDIO ROUTE_TYPE_LIVE_VIDEO  groupable=false }, supportedTypes=ROUTE_TYPE_LIVE_AUDIO ROUTE_TYPE_LIVE_VIDEO , presentationDisplay=null }
11-18 18:49:04.055 I/StrataComposer(  946): queueRefreshLocked: no layers shown, do immediate refresh
11-18 18:49:04.047 I/qcom,camera ac50000.qcom,cci(    0): qcom,cam-sensor2: Linked as a consumer to regulator.46
11-18 18:49:04.055 I/StrataComposer(  946): queueRefreshLocked: no layers shown, do immediate refresh
11-18 18:49:04.056 I/Context ( 1752): Create: eglCreateContext()
11-18 18:49:04.056 D/TrafficStats( 2244): tagSocket(78) with statsTag=0xffffffff, statsUid=-1
11-18 18:49:04.056 I/AutomationTest( 1447): ResumeFromSuspendTimeTests: system wakeup
11-18 18:49:04.057 I/Context ( 1752): Context is EGL_CONTEXT_PRIORITY_HIGH_IMG
11-18 18:49:04.059 D/CCodec  ( 1138): allocate(c2.android.vorbis.decoder)
11-18 18:49:04.050 I/qcom,camera ac50000.qcom,cci(    0): qcom,cam-sensor2: Linked as a consumer to regulator.7
11-18 18:49:04.059 I/DisplaySurface( 1752): Adreno GPU
11-18 18:49:04.059 I/StrataComposer(  946): queueRefreshLocked: no layers shown, do immediate refresh
11-18 18:49:04.059 I/CompositorVR( 1752): WarpThreadInit: initialize color management...
11-18 18:49:04.050 I/qcom,camera ac50000.qcom,cci(    0): qcom,cam-sensor2: Linked as a consumer to regulator.71
11-18 18:49:04.061 I/Colorspace( 1752): Display calibration x,y chromaticities: {"chromaticities":{"left":[0.30666798,0.32784,0.64535546,0.33558,0.306329,0.61511505,0.156277,0.0747845],"right":[0.30666798,0.32784,0.64535546,0.33558,0.306329,0.61511505,0.156277,0.0747845]}}
11-18 18:49:04.061 I/CompositorVR( 1752): WarpThreadInit: graphics context init...
11-18 18:49:04.061 W/CompositorVR( 1752): Device does not support sRGB encoding!
11-18 18:49:04.061 I/CompositorVR( 1752): Viewport updated HO: 0 VO: 0 W: 3664 H: 1920
11-18 18:49:04.061 I/CCodec  ( 1138): setting up 'default' as default (vendor) store
11-18 18:49:04.061 I/Distortion( 1752): Initializing Mesh Decenter Correction
11-18 18:49:04.064 I/Distortion( 1752): SetLensPositions - iad=0.0679831, left offset=0.00208699,-0.00120678, right offset=-0.00249522,-0.00129203
11-18 18:49:04.064 I/Distortion( 1752): persist.debug.oculus.use.persisted.custom.fov = 0
11-18 18:49:04.064 I/DistortionMesh( 1752): LoadDistortionMeshFromMemory
11-18 18:49:04.065 I/DistortionMesh( 1752): distortion mesh clipping saved 18.39% fill
11-18 18:49:04.066 W/JobService( 2244): onNetworkChanged() not implemented in com.oculus.userserver.managerservice.user.usersync.UserSyncJobService. Must override in a subclass.
11-18 18:49:04.068 I/DistortionMesh( 1752): Eye 0, Plane Dir 0, Section 0
11-18 18:49:04.068 I/DistortionMesh( 1752):     Tile 0 :  Planes at (0.731354, 0.000000, -0.681998) + (-0.707107, 0.000000, -0.707107)
11-18 18:49:04.068 I/DistortionMesh( 1752):         => Culling Plane Normals are (0.731354, 0.000000, -0.681998) + (-0.707107, 0.000000, -0.707107)
11-18 18:49:04.068 I/DistortionMesh( 1752): Eye 0, Plane Dir 1, Section 0
11-18 18:49:04.068 I/DistortionMesh( 1752):     Tile 0 :  Planes at (-0.000000, -0.669131, -0.743145) + (0.000000, 0.642788, -0.766044)
11-18 18:49:04.068 I/DistortionMesh( 1752):         => Culling Plane Normals are (-0.000000, -0.669131, -0.743145) + (0.000000, 0.642788, -0.766044)
11-18 18:49:04.068 I/DistortionMesh( 1752): Eye 1, Plane Dir 0, Section 0
11-18 18:49:04.068 I/DistortionMesh( 1752):     Tile 0 :  Planes at (0.707107, 0.000000, -0.707107) + (-0.731354, 0.000000, -0.681998)
11-18 18:49:04.068 I/DistortionMesh( 1752):         => Culling Plane Normals are (0.707107, 0.000000, -0.707107) + (-0.731354, 0.000000, -0.681998)
11-18 18:49:04.068 I/DistortionMesh( 1752): Eye 1, Plane Dir 1, Section 0
11-18 18:49:04.068 I/DistortionMesh( 1752):     Tile 0 :  Planes at (-0.000000, -0.669131, -0.743145) + (0.000000, 0.642788, -0.766044)
11-18 18:49:04.068 I/DistortionMesh( 1752):         => Culling Plane Normals are (-0.000000, -0.669131, -0.743145) + (0.000000, 0.642788, -0.766044)
11-18 18:49:04.061 W/healthd (    0): battery l=76 v=4225 t=37.7 h=2 st=4 c=1722167 fc=3747000 cc=8 chg=a
11-18 18:49:04.070 I/DistortionMesh( 1752): LoadDistortionMeshFromMemory
11-18 18:49:04.070 W/liblightmanager(  951): indefinite OFF, adjust to be end of sequence
11-18 18:49:04.071 I/DistortionMesh( 1752): distortion mesh clipping saved 18.39% fill
11-18 18:49:04.072 I/CCodec  ( 1138): Created component [c2.android.vorbis.decoder]
11-18 18:49:04.073 D/CCodecConfig( 1138): read media type: audio/vorbis
11-18 18:49:04.073 I/DistortionMesh( 1752): Eye 0, Plane Dir 0, Section 0
11-18 18:49:04.073 I/DistortionMesh( 1752):     Tile 0 :  Planes at (0.731354, 0.000000, -0.681998) + (-0.707107, 0.000000, -0.707107)
11-18 18:49:04.073 I/DistortionMesh( 1752):         => Culling Plane Normals are (0.731354, 0.000000, -0.681998) + (-0.707107, 0.000000, -0.707107)
11-18 18:49:04.073 I/DistortionMesh( 1752): Eye 0, Plane Dir 1, Section 0
11-18 18:49:04.073 I/DistortionMesh( 1752):     Tile 0 :  Planes at (-0.000000, -0.669131, -0.743145) + (0.000000, 0.642788, -0.766044)
11-18 18:49:04.073 I/DistortionMesh( 1752):         => Culling Plane Normals are (-0.000000, -0.669131, -0.743145) + (0.000000, 0.642788, -0.766044)
11-18 18:49:04.073 I/DistortionMesh( 1752): Eye 1, Plane Dir 0, Section 0
11-18 18:49:04.073 I/DistortionMesh( 1752):     Tile 0 :  Planes at (0.707107, 0.000000, -0.707107) + (-0.731354, 0.000000, -0.681998)
11-18 18:49:04.073 I/DistortionMesh( 1752):         => Culling Plane Normals are (0.707107, 0.000000, -0.707107) + (-0.731354, 0.000000, -0.681998)
11-18 18:49:04.073 I/DistortionMesh( 1752): Eye 1, Plane Dir 1, Section 0
11-18 18:49:04.073 I/DistortionMesh( 1752):     Tile 0 :  Planes at (-0.000000, -0.669131, -0.743145) + (0.000000, 0.642788, -0.766044)
11-18 18:49:04.073 I/DistortionMesh( 1752):         => Culling Plane Normals are (-0.000000, -0.669131, -0.743145) + (0.000000, 0.642788, -0.766044)
11-18 18:49:04.074 I/Distortion( 1752): Initializing Mesh Decenter Correction
11-18 18:49:04.075 W/AndroidSystemUpdatePolicyProvider( 2729): checkPolicy: no policy found
11-18 18:49:04.075 I/SystemUpdatePolicyMonitor( 2729): requestAllowedByPolicy: policyStatus = true, policyProvider = AndroidSystemUpdatePolicyProvider
11-18 18:49:04.067 W/healthd (    0): battery l=76 v=4225 t=37.7 h=2 st=4 c=1722167 fc=3747000 cc=8 chg=a
11-18 18:49:04.075 I/OacrNetworkUtil( 5698): new network status 1
11-18 18:49:04.075 I/Distortion( 1752): SetLensPositions - iad=0.0679831, left offset=0.00208699,-0.00120678, right offset=-0.00249522,-0.00129203
11-18 18:49:04.075 I/Distortion( 1752): persist.debug.oculus.use.persisted.custom.fov = 0
11-18 18:49:04.075 I/SpaceWarp( 1752): ASW: TextureLensLut updated with ipd 0.067983
11-18 18:49:04.075 I/SpaceWarp( 1752): ASW: SpaceWarp instance created
11-18 18:49:04.075 I/SpaceWarp( 1752): MeshCreationThreadInit()
11-18 18:49:04.076 I/SpaceWarp( 1752): MeshCreationThreadInit: gettid
11-18 18:49:04.076 I/SpaceWarp( 1752): MeshCreationThreadInit: Begin EGL initialization...
11-18 18:49:04.076 I/IdleMonitor( 2729): getIdleState duration=20, idleState=SCREEN_ON
11-18 18:49:04.076 I/IdleUpdateManager( 2729): areIdleConditionsMet: false, conditions: UpdatePhase=WaitingToCheckForUpdates CheckPeriodElapsed=false Wifi=true Idle=false Battery=true DeviceOn=true DevicePolicyManager=true
11-18 18:49:04.076 I/OSUpdateEventLogger( 2729): logOSUpdateConditionsNotMet
11-18 18:49:04.076 I/Context ( 1752): Create: eglCreateContext()
11-18 18:49:04.077 I/Context ( 1752): Context is EGL_CONTEXT_PRIORITY_LOW_IMG
11-18 18:49:04.078 I/OSUpdateManager( 2729): Checking if update check can be performed.
11-18 18:49:04.079 I/CameraHalOculus(  979): MonoCameraOculus.cpp:EnableCamera: Enabling MonoCamera 3
11-18 18:49:04.079 I/SpaceWarp( 1752): MeshCreationThreadInit: meshCreationInitializedCond.notify_one()
11-18 18:49:04.080 I/SpaceWarp( 1752): PTW: GK is disabled
11-18 18:49:04.080 I/TAAImpl ( 1752): TAAImpl::InitializeBlit.
11-18 18:49:04.081 I/TAAImpl ( 1752): TAAImpl::Initialize - Finished.
11-18 18:49:04.081 I/TAAImpl_OpenGLCompute( 1752): TAAOpenGLComputeImpl::Initialize.
11-18 18:49:04.081 I/TAAImpl_OpenGLCompute( 1752): TAAOpenGLComputeImpl::Initialize - Finished.
11-18 18:49:04.081 W/CompositorVR( 1752): Histogram not supported; disabling
11-18 18:49:04.081 I/CompositorAutoFiltering( 1752): AutoFiltering: Using version local version 2 GK overide -1
11-18 18:49:04.072 I/CAM_ERR (    0): CAM-ISP: __cam_isp_ctx_acquire_dev_in_available: 5221 DBG: Acquire success on session_hdl 0x3f0204 num_rsrces -16843010 ctx 2 next state ACQUIRED rc 0
11-18 18:49:04.072 I/CAM_ERR (    0): CAM-ISP: __cam_isp_ctx_acquire_hw_v2: 5528 DBG: Acquire V2 success on session_hdl 0x3f0204s ctx_type 2 ctx_id 2
11-18 18:49:04.072 I/CAM_ERR (    0): CAM-ISP: __cam_isp_ctx_link_in_acquired: 5918 DBG: Link in Acquired next state ACQUIRED RC = 0
