11-18 18:22:19.871 I/JniUtils-inl( 1752): Creating temporary JNIEnv. This is a heavy operation and should be infrequent. To optimize, use JNI AttachCurrentThread on calling thread
11-18 18:22:19.871 I/[SEO] MrServiceClientOpenXr( 3392): [InitializePassthroughFeatureFrameworkLayerStyles] textureOpacityFactor reset
11-18 18:22:19.871 I/MRSS    ( 1194): MIXEDREALITY: MrSvc: PassthroughLayer: setStyle: Layer 1002, textureOpacityFactor=1, edgeColor=off, colorMap=None
11-18 18:22:19.871 I/JniUtils( 3392): ovr_GetCurrentPackageSignature 
11-18 18:22:19.871 I/CompositorServer( 1752): RuntimeServer: Toggle MR Harmonization: ON
11-18 18:22:19.871 I/PreferenceListener( 1752): Preference 'mr_harmonization_enabled' is set to 1
11-18 18:22:19.871 I/Metrics ( 3392): device model = Quest 2
11-18 18:22:19.871 I/Telemetry( 3392): Aligning telemetry thread time, will wait for: 129 ms...
11-18 18:22:19.872 I/MRSS    ( 1194): MIXEDREALITY: MrServiceController: Executing passthroughStart on model for client 770767987
11-18 18:22:19.872 I/MRSS    ( 1194): MIXEDREALITY: MrServiceModel: passthroughStart: Started Passthrough.
11-18 18:22:19.872 I/MRSS    ( 1194): MIXEDREALITY: MrRuntimeImpl: onDisplayRefreshRateChanged: Display rate changed from 90 to 72.
11-18 18:22:19.873 W/PhaseSync( 1194): [PS_Ver_1_0] DiscardFrame is triggered, frame->Stage 2 FrameBeginIndex 23325 
11-18 18:22:19.873 I/MRSS    ( 1194): MIXEDREALITY: OpenXrSupport: OpenXR qualified success: xrBeginFrame(clientState_.session, &beginFrameDesc): XR_FRAME_DISCARDED
11-18 18:22:19.873 I/MRSS    ( 1194): MIXEDREALITY: MrServiceView: renderIteration: Sleeping the rendering thread for 500 ms since ID is off and no active PT layers.
11-18 18:22:19.873 I/RPCClientHandler [RUNTIMEIPC]( 1215): Event buffer size (server): 8192
11-18 18:22:19.874 I/[SEO] VrPlatformOpenXr( 3392): VrPlatformOpenXr::SetPropInhibitHandleHomeKey inhibit:1
11-18 18:22:19.874 I/OpenXR_DeviceSettings( 3392): ------------ xrSetDeviceSettingBooleanFB -----------
11-18 18:22:19.874 I/ClientInputSettings( 3392): SetInhibitHandleHomeKey = true for com.oculus.vrshell
11-18 18:22:19.874 I/ClientInputInterface( 3392): SetInhibitHandleHomeKey 1 for process com.oculus.vrshell 3392
11-18 18:22:19.874 I/[SEO] VrPlatformOpenXr( 3392): VrPlatformOpenXr::SetPropInhibitHandleHomeKey result = 0
11-18 18:22:19.874 I/[SEO] ShellApp( 3392): PerformOneTimeInit
11-18 18:22:19.874 I/Shell   ( 3392): Resuming audio
11-18 18:22:19.875 I/AAudio  ( 3392): AAudioStreamBuilder_openStream() called ----------------------------------------
11-18 18:22:19.875 I/AudioStreamBuilder( 3392): rate   =      0, channels  = 0, channelMask = 0, format   = 0, sharing = SH, dir = OUTPUT
11-18 18:22:19.875 I/AudioStreamBuilder( 3392): device =      0, sessionId = -1, perfMode = 12, callback: OFF with frames = 0
11-18 18:22:19.875 I/AudioStreamBuilder( 3392): usage  =     14, contentType = 0, inputPreset = 0, allowedCapturePolicy = 0
11-18 18:22:19.875 I/AudioStreamBuilder( 3392): privacy sensitive = false, opPackageName = (null), attributionTag = (null)
11-18 18:22:19.877 I/RuntimeIPCServerMgr [RUNTIMEIPC]( 1215): HandleClientConnect SUCCESS: Client: com.oculus.vrshell:com.oculus.vrshell:3392:1904784997, Server: native_process.system:/system_ext/bin/trackingservice (SlamAnchorServer)
11-18 18:22:19.877 I/RuntimeIPCClient [RUNTIMEIPC]( 3392): Event buffer size (client): 8192
11-18 18:22:19.877 I/RuntimeIPCClient [RUNTIMEIPC]( 3392): TryToGetIPCResourcesFromServer: RPC_CONNECTOR_CONNECT_TO_SERVER SUCCESS: Client: com.oculus.vrshell:com.oculus.vrshell:3392, Server: native_process.system:/system_ext/bin/trackingservice:1215 (SlamAnchorServer), Version: 80, Platform: Android, Build Date: Nov  2 2025, Build Time: 12:08:33, BuildMode: shared
11-18 18:22:19.877 I/RuntimeIPCClient [RUNTIMEIPC]( 3392): EnsureServerConnection: SUCCESS. Client: com.oculus.vrshell:com.oculus.vrshell:3392, Server: native_process.system:/system_ext/bin/trackingservice:1215 (SlamAnchorServer)
11-18 18:22:19.877 I/RuntimeIPCClientMgr [RUNTIMEIPC]( 3392): UpdateServerConnectivity: EnsureServerConnection SUCCESS: Client: com.oculus.vrshell:com.oculus.vrshell:3392, Server: native_process.system:/system_ext/bin/trackingservice:1215 (SlamAnchorServer), attempt 1
11-18 18:22:19.877 I/SyncBossInput(  979): [info   ] [jedi ( left) 486bfdd6a5361743]: 13640977 [info   ] {THDG}: inactive_connected -> active_seek
11-18 18:22:19.878 D/AudioStreamBuilder( 3392): build() enable (auto) aaudio output mmap via gk
11-18 18:22:19.878 D/AudioStreamBuilder( 3392): build() package com.oculus.vrshell allowed mmap
11-18 18:22:19.879 D/AudioStreamBuilder( 3392): build() MMAP not used because this is a 2D activity and spatialization is notdisabled on this stream.
11-18 18:22:19.879 D/.oculus.vrshell( 3392): PlayerBase::PlayerBase()
11-18 18:22:19.879 I/DisplayManagerService( 1447): vrCompositorReady: restore brightness updates
11-18 18:22:19.881 D/AudioStreamTrack( 3392): open(), request notificationFrames = 0, frameCount = 0
11-18 18:22:19.881 W/AudioTrack( 3392): createTrack_l(0): AUDIO_OUTPUT_FLAG_FAST denied by client, not shared buffer and transfer = TRANSFER_SYNC
11-18 18:22:19.884 E/BrightnessSynchronizer( 1447): Brightness sync observer requesting synchronization a second time.
11-18 18:22:19.887 W/ActivityManager( 1447): Dropping Event: wtf since tag: system_server_wtf is disabled or DropboxManager is null
11-18 18:22:19.888 W/CompositorClientManager( 1752): Client 19 disabled
11-18 18:22:19.888 W/ClientMgr( 1752): compositor client com.oculus.os.vrlockscreen update attempt: failed, enable mask = 0
11-18 18:22:19.888 W/CompositorClientManager( 1752): Client 19 disabled
11-18 18:22:19.888 W/ClientMgr( 1752): compositor client com.oculus.os.vrlockscreen update attempt: failed, enable mask = 0
11-18 18:22:19.889 W/CompositorClient( 1752): FrameTiming: firstDisplayVsync for client 7 (isPrimary=0) FrameIndex = 96573 is outrageously early 24865, base 41, flushing
11-18 18:22:19.889 I/EnvironmentBlendModeHelper( 1752): Client 1 (/system_ext/bin/mrsystemservice) changed environment blend mode to INVALID
11-18 18:22:19.891 I/MRSS    ( 1194): MIXEDREALITY: MrService: onBackgroundPassthroughCallback: false
11-18 18:22:19.893 W/AudioFlinger(  996): createTrack_l(): mismatch between requested flags (00000100) and output flags (00000006)
11-18 18:22:19.893 D/AudioFlinger(  996): Client defaulted notificationFrames to 962 for frameCount 1924
11-18 18:22:19.895 I/AADT    ( 1752): SetAADTLutDataX. Thread. SizeX: 0
11-18 18:22:19.895 I/AADT    ( 1752): SetAADTLutDataY. Thread. SizeY: 0
11-18 18:22:19.901 I/EpsMixer(  996): [13] addSession session(857) track(153)
11-18 18:22:19.902 W/CompositorClientManager( 1752): Client 19 disabled
11-18 18:22:19.902 W/ClientMgr( 1752): compositor client com.oculus.os.vrlockscreen update attempt: failed, enable mask = 0
11-18 18:22:19.902 W/CompositorClientManager( 1752): Client 19 disabled
11-18 18:22:19.902 W/ClientMgr( 1752): compositor client com.oculus.os.vrlockscreen update attempt: failed, enable mask = 0
11-18 18:22:19.902 I/VrRuntimeService( 1752): nativeScreenStateChanged to on
11-18 18:22:19.902 I/VrRuntimeService( 1752): Previous running state: RUNNING
11-18 18:22:19.902 I/CompositorServer( 1752): RuntimeServer: Toggle MR Harmonization: ON
11-18 18:22:19.902 I/PreferenceListener( 1752): Preference 'mr_harmonization_enabled' is set to 1
11-18 18:22:19.904 W/ResourceDownloadHMDMountReceiver( 5698): This user doesn't use Assistant at all. Not warming up Assistant.
11-18 18:22:19.905 I/[CT]    ( 7363): BodyApiService: Headset was mounted.
11-18 18:22:19.908 I/HorizonDsatHelper( 2808): fetchTokenValueAsync - callingPackage: com.oculus.userserver2, actionName: com.oculus.auth.ACTION_FETCH_HORIZON_DEVICE_SCOPED_CREDENTIALS
11-18 18:22:19.908 I/HorizonDsatHelper( 2808): fetchTokenAsync - forceRefresh: false, actionName: com.oculus.auth.ACTION_FETCH_HORIZON_DEVICE_SCOPED_CREDENTIALS
11-18 18:22:19.908 I/HorizonDsatHelper( 2808): Returning stored token
11-18 18:22:19.908 I/AuthLogger( 2808): Action succeeded: OBTAIN_TOKEN, callingPackage: com.oculus.userserver2, accountType: com.oculus, tokenType: dsat, extras: {logging_source=HorizonDsatHelper, options={"forceRefresh":false,"method":"fetchTokenValueAsync","isCachedToken":true}, token_scope=ROOT, outcome=token, status=success}, duration: 0ms
11-18 18:22:19.908 I/HorizonDsatHelper( 2808): fetchTokenAsync:: OnResult - callingPackage: com.oculus.userserver2, actionName: com.oculus.auth.ACTION_FETCH_HORIZON_DEVICE_SCOPED_CREDENTIALS, forceRefresh: false, isResultPresent: true
11-18 18:22:19.909 I/[CT]    ( 7363): BODY:BodyRunner: Loading FBS model from: /system/etc/bodytracking/fbs/model.jit
11-18 18:22:19.913 W/perfservice(  973): no IRQ hint VR_MODE_CPU_2 found
11-18 18:22:19.913 E/perfservice(  973): No hint: SUSTAINED_PERFORMANCE_VR_MODE found in config file!
11-18 18:22:19.913 W/perfservice(  973): no IRQ hint SUSTAINED_PERFORMANCE_VR_MODE found
11-18 18:22:19.913 W/perfservice(  973): no IRQ hint VR_MODE_GPU_2 found
11-18 18:22:19.913 W/perfservice(  973): no IRQ hint LAUNCH_BOOST_LOADING found
11-18 18:22:19.914 W/audio_hw_primary(  948): out_write: underrun(21) frames_by_time(580) > out->last_fifo_frames_remaining(384)
11-18 18:22:19.915 W/audio_hw_primary(  948): out_write: underrun(22) frames_by_time(222) > out->last_fifo_frames_remaining(192)
11-18 18:22:19.915 W/CompositorClientManager( 1752): Client 19 disabled
11-18 18:22:19.915 W/ClientMgr( 1752): compositor client com.oculus.os.vrlockscreen update attempt: failed, enable mask = 0
11-18 18:22:19.915 W/CompositorClientManager( 1752): Client 19 disabled
11-18 18:22:19.915 W/ClientMgr( 1752): compositor client com.oculus.os.vrlockscreen update attempt: failed, enable mask = 0
11-18 18:22:19.919 W/audio_hw_primary(  948): out_write: underrun(23) frames_by_time(417) > out->last_fifo_frames_remaining(384)
11-18 18:22:19.921 I/VrGuardianService.DonStateReceiver( 2387): screenStateReceiver Received broadcast: com.oculus.intent.action.MOUNT_STATE_CHANGED
11-18 18:22:19.921 I/VrGuardianService.DonStateReceiver( 2387): screenStateReceiver Received mount state changed, mounted = true
11-18 18:22:19.921 I/GuardianLifecycleMgr( 2387): ~~[GuardianLifecycleMgr::MountStateChangedFromIntent] isMounted: 1
11-18 18:22:19.921 I/GuardianSystemThreadMgr( 2387): [GuardianSystemThreadMgr::WaitForNotifyOrTimeout]: Notified
11-18 18:22:19.922 I/GuardianLifecycleMgr( 2387): ~~[GuardianLifecycleMgr::UpdateLifecycleState] Lifecycle state changed from SUSPENDED to SAFETY_SYSTEM_VR
11-18 18:22:19.923 I/SyncBossInput(  979): [info   ] [jedi ( left) 486bfdd6a5361743]: 13669321 [info   ] {THDG}: active_seek -> inactive_seek
11-18 18:22:19.923 I/AudioTrack( 3392): registerVolumetricWindowToken_l session=857 token=0x7d8573ba40
11-18 18:22:19.926 I/AudioTrack( 3392): setPackageForSession_l session=857 packageName=
11-18 18:22:19.926 W/AudioTrack( 3392): setPackageForSession_l: packageName is empty
11-18 18:22:19.926 W/VolumetricWindowManagerService( 1447): Skip associateSpatialAudio because token appears to not be valid for any user: Token{c736327 ActivityRecord{b2a5841 u0 com.oculus.vrshell/.FocusPlaceholderActivity t-1 f}}} for session ID 857 from pid 3392
11-18 18:22:19.927 D/AudioStreamTrack( 3392): open() flags changed from 0x00000104 to 0x00000000
11-18 18:22:19.927 D/AudioStreamTrack( 3392): open() perfMode changed from 12 to 10
11-18 18:22:19.927 D/AAudioStream( 3392): setState(s#51) from 0 to 2
11-18 18:22:19.927 W/Tracking( 1215): CONSTELLATION_Left: [Throttled count=493] Left: Could not retrieve 3dof fallback pose.
11-18 18:22:19.927 I/Tracking( 1215): CONSTELLATION:IMU_STATUS: 0x486bfdd6a5361743 (L): [#Samples=1] 720.070s | [FusionTracked=0.000, OutputTracked=0.000, OutputValid=0.000] [AccelSat=0.000, GyroSat=0.000] [AccelMinMeanMax: X=0.316|0.316|0.316, Y=5.555|5.555|5.555, Z=-7.767|-7.767|-7.767] [GyroMinMeanMax: X=0.002|0.002|0.002, Y=-0.011|-0.011|-0.011, Z=-0.004|-0.004|-0.004] [AccelStuck: X=0|0.000, Y=0|0.000, Z=0|0.000] [GyroStuck: X=0|0.000, Y=0|0.000, Z=0|0.000]  [Current time=720.070s, last log time=0.000s]
11-18 18:22:19.927 I/AAudio  ( 3392): AAudioStreamBuilder_openStream() returns 0 = AAUDIO_OK for s#51 ----------------
11-18 18:22:19.936 E/        (    0): [drm:_sde_encoder_phys_wb_wait_for_commit_done:1264] [sde error]wb:2 kickoff timed out
11-18 18:22:19.936 E/        (    0): [drm:sde_kms_wait_for_commit_done:1214] [sde error]wait for commit done returned -110
11-18 18:22:19.928 D/ControllerManagement( 2125): RemoteService::recordControllerStatusUpdate: device 486bfdd6a5361743: status: CONNECTED_ACTIVE tracking: NONE, errors: --
11-18 18:22:19.929 D/TrafficStats( 2244): tagSocket(75) with statsTag=0xffffffff, statsUid=-1
11-18 18:22:19.929 W/CompositorClientManager( 1752): Client 19 disabled
11-18 18:22:19.929 W/ClientMgr( 1752): compositor client com.oculus.os.vrlockscreen update attempt: failed, enable mask = 0
11-18 18:22:19.929 W/CompositorClientManager( 1752): Client 19 disabled
11-18 18:22:19.929 W/ClientMgr( 1752): compositor client com.oculus.os.vrlockscreen update attempt: failed, enable mask = 0
11-18 18:22:19.937 D/AAudio  ( 3392): AAudioStream_close(s#51) called ---------------
11-18 18:22:19.937 D/AAudioStream( 3392): setState(s#51) from 2 to 11
11-18 18:22:19.937 W/.oculus.vrshell( 3392): Binder 0x7d86d8a098 destroyed after setInheritRt before being parceled.
11-18 18:22:19.937 W/.oculus.vrshell( 3392): Binder 0x7d86b2d2c8 destroyed after setInheritRt before being parceled.
11-18 18:22:19.938 I/EpsMixer(  996): [13] removeSession session(857) track(153)
11-18 18:22:19.938 D/AAudioStream( 3392): setState(s#51) from 11 to 12
11-18 18:22:19.938 D/AAudioStream( 3392): ~AudioStream(s#51) mPlayerBase strongCount = 2
11-18 18:22:19.938 D/AAudio  ( 3392): AAudioStream_close(s#51) returned 0 ---------
11-18 18:22:19.943 W/audioserver(  996): Binder 0xb400007aee22db78 destroyed after setInheritRt before being parceled.
11-18 18:22:19.943 W/audioserver(  996): Binder 0xb400007aee30e488 destroyed after setInheritRt before being parceled.
11-18 18:22:19.943 W/audioserver(  996): Binder 0xb400007aee22e9e8 destroyed after setInheritRt before being parceled.
11-18 18:22:19.943 D/audioserver(  996): FGS Logger Transaction failed
11-18 18:22:19.943 D/audioserver(  996): -129
11-18 18:22:19.943 W/CompositorClientManager( 1752): Client 19 disabled
11-18 18:22:19.943 W/ClientMgr( 1752): compositor client com.oculus.os.vrlockscreen update attempt: failed, enable mask = 0
11-18 18:22:19.943 W/CompositorClientManager( 1752): Client 19 disabled
11-18 18:22:19.943 W/ClientMgr( 1752): compositor client com.oculus.os.vrlockscreen update attempt: failed, enable mask = 0
11-18 18:22:19.943 I/TokenProvider( 2808): call to obtainRootNonDsat
11-18 18:22:19.948 I/AAudio  ( 3392): AAudioStreamBuilder_openStream() called ----------------------------------------
11-18 18:22:19.948 I/AudioStreamBuilder( 3392): rate   =      0, channels  = 0, channelMask = 0, format   = 0, sharing = SH, dir = OUTPUT
11-18 18:22:19.948 I/AudioStreamBuilder( 3392): device =      1, sessionId = -1, perfMode = 12, callback: OFF with frames = 0
11-18 18:22:19.948 I/AudioStreamBuilder( 3392): usage  =     14, contentType = 0, inputPreset = 0, allowedCapturePolicy = 0
11-18 18:22:19.948 I/AudioStreamBuilder( 3392): privacy sensitive = false, opPackageName = (null), attributionTag = (null)
11-18 18:22:19.948 D/AudioStreamBuilder( 3392): build() enable (auto) aaudio output mmap via gk
11-18 18:22:19.949 D/AudioStreamBuilder( 3392): build() package com.oculus.vrshell allowed mmap
11-18 18:22:19.949 D/AudioStreamBuilder( 3392): build() MMAP not used because this is a 2D activity and spatialization is notdisabled on this stream.
11-18 18:22:19.949 D/.oculus.vrshell( 3392): PlayerBase::PlayerBase()
11-18 18:22:19.949 D/AudioStreamTrack( 3392): open(), request notificationFrames = 0, frameCount = 0
11-18 18:22:19.949 W/AudioTrack( 3392): createTrack_l(0): AUDIO_OUTPUT_FLAG_FAST denied by client, not shared buffer and transfer = TRANSFER_SYNC
11-18 18:22:19.955 W/AudioFlinger(  996): createTrack_l(): mismatch between requested flags (00000100) and output flags (00000006)
11-18 18:22:19.955 D/AudioFlinger(  996): Client defaulted notificationFrames to 962 for frameCount 1924
11-18 18:22:19.957 W/CompositorClientManager( 1752): Client 19 disabled
11-18 18:22:19.957 W/ClientMgr( 1752): compositor client com.oculus.os.vrlockscreen update attempt: failed, enable mask = 0
11-18 18:22:19.957 W/CompositorClientManager( 1752): Client 19 disabled
11-18 18:22:19.957 W/ClientMgr( 1752): compositor client com.oculus.os.vrlockscreen update attempt: failed, enable mask = 0
11-18 18:22:19.960 I/EpsMixer(  996): [13] addSession session(865) track(154)
11-18 18:22:19.961 I/AudioTrack( 3392): registerVolumetricWindowToken_l session=865 token=0x7d8573ba40
11-18 18:22:19.961 I/AudioTrack( 3392): setPackageForSession_l session=865 packageName=
11-18 18:22:19.961 W/AudioTrack( 3392): setPackageForSession_l: packageName is empty
11-18 18:22:19.962 I/SyncBossInput(  979): [info   ] [jedi ( left) 486bfdd6a5361743]: 13675757 [info   ] {APP }: Connected
11-18 18:22:19.962 W/VolumetricWindowManagerService( 1447): Skip associateSpatialAudio because token appears to not be valid for any user: Token{c736327 ActivityRecord{b2a5841 u0 com.oculus.vrshell/.FocusPlaceholderActivity t-1 f}}} for session ID 865 from pid 3392
11-18 18:22:19.964 D/AudioStreamTrack( 3392): open() flags changed from 0x00000104 to 0x00000000
11-18 18:22:19.964 D/AudioStreamTrack( 3392): open() perfMode changed from 12 to 10
11-18 18:22:19.964 D/AAudioStream( 3392): setState(s#52) from 0 to 2
11-18 18:22:19.965 I/AAudio  ( 3392): AAudioStreamBuilder_openStream() returns 0 = AAUDIO_OK for s#52 ----------------
11-18 18:22:19.971 W/CompositorClientManager( 1752): Client 19 disabled
11-18 18:22:19.971 W/ClientMgr( 1752): compositor client com.oculus.os.vrlockscreen update attempt: failed, enable mask = 0
11-18 18:22:19.971 W/CompositorClientManager( 1752): Client 19 disabled
11-18 18:22:19.971 W/ClientMgr( 1752): compositor client com.oculus.os.vrlockscreen update attempt: failed, enable mask = 0
11-18 18:22:19.971 I/WifiService( 1447): startScan uid=10102
11-18 18:22:19.975 D/AAudio  ( 3392): AAudioStream_close(s#52) called ---------------
11-18 18:22:19.975 D/AAudioStream( 3392): setState(s#52) from 2 to 11
11-18 18:22:19.975 W/.oculus.vrshell( 3392): Binder 0x7d7acf42d8 destroyed after setInheritRt before being parceled.
11-18 18:22:19.975 W/.oculus.vrshell( 3392): Binder 0x7d86b2d2c8 destroyed after setInheritRt before being parceled.
11-18 18:22:19.976 I/EpsMixer(  996): [13] removeSession session(865) track(154)
11-18 18:22:19.976 D/AAudioStream( 3392): setState(s#52) from 11 to 12
11-18 18:22:19.976 D/AAudioStream( 3392): ~AudioStream(s#52) mPlayerBase strongCount = 2
11-18 18:22:19.976 D/AAudio  ( 3392): AAudioStream_close(s#52) returned 0 ---------
11-18 18:22:19.978 W/audioserver(  996): Binder 0xb400007aee22db78 destroyed after setInheritRt before being parceled.
11-18 18:22:19.978 W/audioserver(  996): Binder 0xb400007aee30e488 destroyed after setInheritRt before being parceled.
11-18 18:22:19.978 W/audioserver(  996): Binder 0xb400007b02c457b8 destroyed after setInheritRt before being parceled.
11-18 18:22:19.978 D/audioserver(  996): FGS Logger Transaction failed
11-18 18:22:19.978 D/audioserver(  996): -129
11-18 18:22:19.985 W/CompositorClientManager( 1752): Client 19 disabled
11-18 18:22:19.985 W/ClientMgr( 1752): compositor client com.oculus.os.vrlockscreen update attempt: failed, enable mask = 0
11-18 18:22:19.985 W/CompositorClientManager( 1752): Client 19 disabled
11-18 18:22:19.985 W/ClientMgr( 1752): compositor client com.oculus.os.vrlockscreen update attempt: failed, enable mask = 0
11-18 18:22:19.988 I/fmod    ( 3392): FMOD::supportsLowLatency                 : Low latency = true, Pro Audio = true, Bluetooth On = false, Acceptable Block Size = true (192)
11-18 18:22:19.988 I/fmod    ( 3392): FMOD::supportsSpatial                    : Supports Spatial = false, Spatial available = false, Spatial enabled = false
11-18 18:22:19.988 I/AAudio  ( 3392): AAudioStreamBuilder_openStream() called ----------------------------------------
11-18 18:22:19.988 I/AudioStreamBuilder( 3392): rate   =      0, channels  = 0, channelMask = 0, format   = 0, sharing = SH, dir = OUTPUT
11-18 18:22:19.988 I/AudioStreamBuilder( 3392): device =      0, sessionId = -1, perfMode = 12, callback: ON with frames = 0
11-18 18:22:19.988 I/AudioStreamBuilder( 3392): usage  =     14, contentType = 0, inputPreset = 0, allowedCapturePolicy = 0
11-18 18:22:19.988 I/AudioStreamBuilder( 3392): privacy sensitive = false, opPackageName = (null), attributionTag = (null)
11-18 18:22:19.989 D/AudioStreamBuilder( 3392): build() enable (auto) aaudio output mmap via gk
11-18 18:22:19.989 D/AudioStreamBuilder( 3392): build() package com.oculus.vrshell allowed mmap
11-18 18:22:19.989 D/AudioStreamBuilder( 3392): build() MMAP not used because this is a 2D activity and spatialization is notdisabled on this stream.
11-18 18:22:19.989 D/.oculus.vrshell( 3392): PlayerBase::PlayerBase()
11-18 18:22:19.991 D/AudioStreamTrack( 3392): open(), request notificationFrames = -8, frameCount = 0
11-18 18:22:19.994 W/AudioFlinger(  996): createTrack_l(): mismatch between requested flags (00000104) and output flags (00000006)
11-18 18:22:19.994 D/AudioFlinger(  996): Client defaulted notificationFrames to 192 for frameCount 1536
11-18 18:22:19.996 I/EpsMixer(  996): [13] addSession session(873) track(155)
11-18 18:22:19.998 I/AudioTrack( 3392): createTrack_l(0): AUDIO_OUTPUT_FLAG_FAST successful; frameCount 0 -> 1536
11-18 18:22:19.998 I/AudioTrack( 3392): registerVolumetricWindowToken_l session=873 token=0x7d8573ba40
11-18 18:22:19.998 I/AudioTrack( 3392): setPackageForSession_l session=873 packageName=
11-18 18:22:19.998 W/AudioTrack( 3392): setPackageForSession_l: packageName is empty
11-18 18:22:19.999 W/VolumetricWindowManagerService( 1447): Skip associateSpatialAudio because token appears to not be valid for any user: Token{c736327 ActivityRecord{b2a5841 u0 com.oculus.vrshell/.FocusPlaceholderActivity t-1 f}}} for session ID 873 from pid 3392
11-18 18:22:19.999 W/CompositorClientManager( 1752): Client 19 disabled
11-18 18:22:19.999 W/ClientMgr( 1752): compositor client com.oculus.os.vrlockscreen update attempt: failed, enable mask = 0
11-18 18:22:19.999 W/CompositorClientManager( 1752): Client 19 disabled
11-18 18:22:19.999 W/ClientMgr( 1752): compositor client com.oculus.os.vrlockscreen update attempt: failed, enable mask = 0
11-18 18:22:19.999 D/AudioStreamTrack( 3392): open() flags changed from 0x00000104 to 0x00000004
11-18 18:22:19.999 D/AAudioStream( 3392): setState(s#53) from 0 to 2
11-18 18:22:19.999 I/AAudio  ( 3392): AAudioStreamBuilder_openStream() returns 0 = AAUDIO_OK for s#53 ----------------
11-18 18:22:20.001 I/Telemetry( 3392): Time aligned, interrupted: 0
11-18 18:22:20.005 I/SyncBossInput(  979): [info   ] [jedi ( left) 486bfdd6a5361743]: 13675757 [info   ] {THDG}: inactive_seek -> active_connected
11-18 18:22:20.009 D/AAudio  ( 3392): AAudioStream_close(s#53) called ---------------
11-18 18:22:20.010 D/AAudioStream( 3392): setState(s#53) from 2 to 11
11-18 18:22:20.010 W/.oculus.vrshell( 3392): Binder 0x7d86d88ea8 destroyed after setInheritRt before being parceled.
11-18 18:22:20.010 W/.oculus.vrshell( 3392): Binder 0x7d86b2d2c8 destroyed after setInheritRt before being parceled.
11-18 18:22:20.010 I/EpsMixer(  996): [13] removeSession session(873) track(155)
11-18 18:22:20.010 D/AAudioStream( 3392): setState(s#53) from 11 to 12
11-18 18:22:20.011 D/AAudioStream( 3392): ~AudioStream(s#53) mPlayerBase strongCount = 2
11-18 18:22:20.011 D/AAudio  ( 3392): AAudioStream_close(s#53) returned 0 ---------
11-18 18:22:20.013 W/CompositorClientManager( 1752): Client 19 disabled
11-18 18:22:20.013 W/CompositorClientManager( 1752): Client 19 disabled
11-18 18:22:20.013 W/ClientMgr( 1752): compositor client com.oculus.os.vrlockscreen update attempt: failed, enable mask = 0
11-18 18:22:20.013 W/audioserver(  996): Binder 0xb400007aee22db78 destroyed after setInheritRt before being parceled.
11-18 18:22:20.013 W/audioserver(  996): Binder 0xb400007aee30e488 destroyed after setInheritRt before being parceled.
11-18 18:22:20.013 W/audioserver(  996): Binder 0xb400007aee22aca8 destroyed after setInheritRt before being parceled.
11-18 18:22:20.013 D/audioserver(  996): FGS Logger Transaction failed
11-18 18:22:20.013 D/audioserver(  996): -129
11-18 18:22:20.017 I/SyncBossHAL(  979): [info   ] syncboss_hal_impl_input.c(1250): Pulsar connected devices state change: 4, host current time: 1715616ms
11-18 18:22:20.017 I/SyncBossHAL(  979): [info   ] pulsar_input_cache.c(893): Refreshing input cache
11-18 18:22:20.019 I/SyncBossHAL(  979): [info   ] pulsar_input_cache.c(609): Enumerating f67c929a891a75c5
11-18 18:22:20.021 I/AAudio  ( 3392): AAudioStreamBuilder_openStream() called ----------------------------------------
11-18 18:22:20.021 I/AudioStreamBuilder( 3392): rate   =      0, channels  = 0, channelMask = 0, format   = 0, sharing = SH, dir = OUTPUT
11-18 18:22:20.021 I/AudioStreamBuilder( 3392): device =      0, sessionId = -1, perfMode = 12, callback: ON with frames = 0
11-18 18:22:20.021 I/AudioStreamBuilder( 3392): usage  =     14, contentType = 0, inputPreset = 0, allowedCapturePolicy = 0
11-18 18:22:20.021 I/AudioStreamBuilder( 3392): privacy sensitive = false, opPackageName = (null), attributionTag = (null)
11-18 18:22:20.021 D/AudioStreamBuilder( 3392): build() enable (auto) aaudio output mmap via gk
11-18 18:22:20.021 D/AudioStreamBuilder( 3392): build() package com.oculus.vrshell allowed mmap
11-18 18:22:20.022 D/AudioStreamBuilder( 3392): build() MMAP not used because this is a 2D activity and spatialization is notdisabled on this stream.
11-18 18:22:20.022 D/.oculus.vrshell( 3392): PlayerBase::PlayerBase()
11-18 18:22:20.022 I/SyncBossFW(  666):  720163 [info   ] {WIHO}: Pulsar dev connected f67c929a891a75c5 t: 720163ms, (type: 9011401, connection id: 0x4, cl version: 0)
11-18 18:22:20.022 D/AudioStreamTrack( 3392): open(), request notificationFrames = 0, frameCount = 3072
11-18 18:22:20.026 W/AudioFlinger(  996): createTrack_l(): mismatch between requested flags (00000104) and output flags (00000006)
11-18 18:22:20.026 D/AudioFlinger(  996): Client defaulted notificationFrames to 192 for frameCount 3072
11-18 18:22:20.026 W/CompositorClientManager( 1752): Client 19 disabled
11-18 18:22:20.030 I/EpsMixer(  996): [13] addSession session(881) track(156)
11-18 18:22:20.032 I/AudioTrack( 3392): createTrack_l(0): AUDIO_OUTPUT_FLAG_FAST successful; frameCount 3072 -> 3072
11-18 18:22:20.032 I/AudioTrack( 3392): registerVolumetricWindowToken_l session=881 token=0x7d8573ba40
11-18 18:22:20.032 I/AudioTrack( 3392): setPackageForSession_l session=881 packageName=
11-18 18:22:20.032 W/AudioTrack( 3392): setPackageForSession_l: packageName is empty
11-18 18:22:20.033 W/VolumetricWindowManagerService( 1447): Skip associateSpatialAudio because token appears to not be valid for any user: Token{c736327 ActivityRecord{b2a5841 u0 com.oculus.vrshell/.FocusPlaceholderActivity t-1 f}}} for session ID 881 from pid 3392
11-18 18:22:20.034 I/SyncBossHAL(  979): [info   ] pulsar_input_cache.c(576): Enumerating device version: 1.9.2
11-18 18:22:20.035 D/AudioStreamTrack( 3392): open() flags changed from 0x00000104 to 0x00000004
11-18 18:22:20.035 D/AAudioStream( 3392): setState(s#54) from 0 to 2
11-18 18:22:20.035 V/DGW     ( 3571): V[handleFrame:775] DgwRetriableNetworkLayer handle frame
11-18 18:22:20.035 V/DGW     ( 3571): V[hasIngressTraffic:348] ConnectivityManager has ingress traffic.
11-18 18:22:20.036 I/AAudio  ( 3392): AAudioStreamBuilder_openStream() returns 0 = AAUDIO_OK for s#54 ----------------
11-18 18:22:20.036 D/AAudio  ( 3392): AAudioStream_requestStart(s#54) called --------------
11-18 18:22:20.036 D/AAudioStream( 3392): setState(s#54) from 2 to 3
11-18 18:22:20.036 I/AudioTrack( 3392): registerVolumetricWindowToken_l session=881 token=0x7d8573ba40
11-18 18:22:20.039 W/AudioFlinger(  996): The package name(android) provided does not correspond to the uid 1041
11-18 18:22:20.044 I/EffectsFactory(  948): EffectCreate() create_effect
11-18 18:22:20.045 W/GuardianInput( 2387): GuardianInput::UpdateRawHeadLocation needs a valid OpenXr Session!
11-18 18:22:20.045 I/StateMachine2( 2387): StateMachine2Base::AddHistoryEntry GuardianInitialization: Transition  UnmountedState -> UnmountToMountTransitionState | Headset Mounted
11-18 18:22:20.045 I/SafetyIntentMgr( 2387): [SafetyIntentMgr::UpdateSafetyIntentMode] SafetyIntentMode: SAFETY_INTENT_INVALID -> SAFETY_INTENT_VR_APP (Package Name: com.oculus.browser)
11-18 18:22:20.045 I/StateMachine2( 2387): StateMachine2Base::AddHistoryEntry SafetyIntent: Transition  SafetyIntentInvalid -> AppSafetyVR
11-18 18:22:20.045 I/GuardianLifecycleMgr( 2387): [GuardianLifecycleMgr::OnSystemThreadLifecycleState] State transition SUSPENDED->SAFETY_SYSTEM_VR
11-18 18:22:20.045 I/VrRuntimeService( 1752): RuntimeServiceSDKServer::ReleaseClientFrameAsync
11-18 18:22:20.045 I/GuardianRender( 2387): [GuardianRender::Resume] GuardianRender resuming.
11-18 18:22:20.045 I/GuardianRender( 2387): Resume: GuardianRender updating thread states.
11-18 18:22:20.045 I/GuardianRender( 2387): Resume: GuardianRender resume complete.
11-18 18:22:20.045 I/GuardianInput( 2387): GuardianInput::Resume ... intializing session bound objects.
11-18 18:22:20.046 E/        (    0): [drm:_sde_encoder_phys_wb_wait_for_commit_done:1264] [sde error]wb:2 kickoff timed out
11-18 18:22:20.045 I/OpenXR_Hands( 2387): ------------ xrCreateHandTrackerEXT -----------
11-18 18:22:20.045 I/OpenXR_Hands( 2387): ------------ xrCreateHandTrackerEXT -----------
11-18 18:22:20.046 E/        (    0): [drm:sde_kms_wait_for_commit_done:1214] [sde error]wait for commit done returned -110
11-18 18:22:20.045 I/GuardianTelemetry( 2387): GuardianTelemetry: Start Guardian Telemetry
11-18 18:22:20.046 I/GuardianTelemetry( 2387): OVR::Telemetry Guardian Stats thread started
11-18 18:22:20.046 I/GuardianLifecycleMgr( 2387): [GuardianLifecycleMgr::Resume] RESUMING operation. Headset waking up. Seconds elapsed: 170.57
11-18 18:22:20.046 I/GuardianToastMgr( 2387): ~~[GuardianToastMgr::HandleLifecycleEvent]: Suspend State exit
11-18 18:22:20.046 I/GuardianLifecycleMgr( 2387): ~~[GuardianLifecycleMgr::OnLifecycleStateExit]: Suspend State Exit
11-18 18:22:20.046 I/GuardianTelemetry( 2387): [ovrStatsThreadGuardian::SendGuardianStateChangeTelemetry] Sending state change event DON, dialog 
11-18 18:22:20.046 I/SpatialShiftLogger( 2387): [SpatialShift][Telemetry][FloorHeight]: [ event: HEADSET_DON, eventReason: [n/a], numGuardians: 0 hasActiveSafetyBound: 0 activeSafetyBound: n/a, stageFloorHeight: -1.50143, guardianFloorHeight: -1.675, isSlamFloorHeightValid: 0 slamFloorHeight: 99997 guardianSlamDiff:99997 guardianStageDiff: -0.173573 ]
11-18 18:22:20.046 I/GuardianTelemetryUtil( 2387): ~~currrentDonSessionId: 1763500940
11-18 18:22:20.051 D/msm8974_platform(  948): platform_split_snd_device: snd_device(2) num devices(1) new_snd_devices(0)
11-18 18:22:20.051 D/ACDB-LOADER(  948): ACDB -> send_audvoltable
11-18 18:22:20.051 D/ACDB-LOADER(  948): ACDB -> ACDB_CMD_GET_AUDPROC_INSTANCE_GAIN_DEP_STEP_TABLE_SIZE
11-18 18:22:20.051 D/android.hardware.audio.service(  948): Failed to fetch the lookup information of the device 0000000F 
11-18 18:22:20.051 V/DGW     ( 3571): V[handleFrame:775] DgwRetriableNetworkLayer handle frame
11-18 18:22:20.051 D/ACDB-LOADER(  948): Error: ACDB_CMD_GET_AUDPROC_INSTANCE_GAIN_DEP_STEP_TABLE_SIZE Returned = -19
11-18 18:22:20.051 D/ACDB-LOADER(  948): ACDB -> ACDB_CMD_GET_AUDPROC_INSTANCE_GAIN_DEP_STEP_TABLE, vol index 1
11-18 18:22:20.051 D/android.hardware.audio.service(  948): Failed to fetch the lookup information of the device 0000000F 
11-18 18:22:20.051 D/ACDB-LOADER(  948): Error: ACDB AudProc vol returned = -19
11-18 18:22:20.051 D/ACDB-LOADER(  948): ACDB -> AUDIO_SET_VOL_CAL cal type = 40
11-18 18:22:20.051 V/DGW     ( 3571): V[hasIngressTraffic:348] ConnectivityManager has ingress traffic.
11-18 18:22:20.051 I/APM::AudioPolicyEngine(  996): getDevicesForStrategyInt no device found for strategy 9
11-18 18:22:20.051 I/APM::AudioPolicyEngine(  996): getDevicesForStrategyInt no device found for strategy -1
11-18 18:22:20.052 D/audioserver(  996): FGS Logger Transaction failed
11-18 18:22:20.052 D/audioserver(  996): -129
11-18 18:22:20.052 D/AAudio  ( 3392): AAudioStream_requestStart(s#54) returned 0 ---------
11-18 18:22:20.053 I/[SEO] DesktopPanelController( 3392): Foreground desktop Spatial
11-18 18:22:20.053 I/[SEO] LocalSpace( 3392): ResetNextFrame
11-18 18:22:20.053 I/[SEO] SystemAssistant( 3392): OnModeChanged from ImmersiveAppFocused to FullShell
11-18 18:22:20.053 I/[SEO] LocalSpace( 3392): EnterVrMode: Setting local pose state.
11-18 18:22:20.053 I/[SEO] ShellTransitionState( 3392): Logging ShellTransitionState to dumpsys: {"state":"Foregrounding","timeMillis":"1714913"}
11-18 18:22:20.053 I/[SEO] VrPlatformOpenXr( 3392): xrPollEvent: Unknown event
11-18 18:22:20.053 I/[SEO] VrPlatformOpenXr( 3392): xrPollEvent: received XR_TYPE_EVENT_DATA_USER_PRESENCE_CHANGED_EXT event: isUserPresent 0
11-18 18:22:20.053 I/[SEO] VrPlatformOpenXr( 3392): xrPollEvent: received XR_TYPE_EVENT_DATA_DISPLAY_REFRESH_RATE_CHANGED_FB event: fromRate 90.000000 -> toRate 72.000000
11-18 18:22:20.059 D/AudioStreamLegacy( 3392): onAudioDeviceUpdate(deviceId = 1)
11-18 18:22:20.061 I/EpsMixer(  996): [13] addTrack session(881) track(156)
11-18 18:22:20.061 I/EpsMixer(  996): [13] setTrackEnabled(1) session(881) track (156)
11-18 18:22:20.061 I/EpsMixer(  996): [13] canSpatialize -> {
11-18 18:22:20.061 I/EpsMixer(  996):     "android_stream_type": "AUDIO_STREAM_MUSIC",
11-18 18:22:20.061 I/EpsMixer(  996):     "can_spatialize": true,
11-18 18:22:20.061 I/EpsMixer(  996):     "channel_mask": 3,
11-18 18:22:20.061 I/EpsMixer(  996):     "decision_factors": {
11-18 18:22:20.061 I/EpsMixer(  996):         "flags_support_spatialization": true
11-18 18:22:20.061 I/EpsMixer(  996):     },
11-18 18:22:20.061 I/EpsMixer(  996):     "eps_stream_type": "EPS_STREAM_TYPE_UNKNOWN",
11-18 18:22:20.061 I/EpsMixer(  996):     "package_name": "com.oculus.vrshell",
11-18 18:22:20.061 I/EpsMixer(  996):     "session_id": 881,
11-18 18:22:20.061 I/EpsMixer(  996):     "time": "2025-11-18T21:22:20Z"
11-18 18:22:20.061 I/EpsMixer(  996): }
11-18 18:22:20.064 D/EpsMixerShimEngineStream(  996):  STREAM_TYPE_STATE change for session(881): {
11-18 18:22:20.064 D/EpsMixerShimEngineStream(  996):     "is_initial": true,
11-18 18:22:20.064 D/EpsMixerShimEngineStream(  996):     "package": "com.oculus.vrshell",
11-18 18:22:20.064 D/EpsMixerShimEngineStream(  996):     "session": 881,
11-18 18:22:20.064 D/EpsMixerShimEngineStream(  996):     "state": {
11-18 18:22:20.064 D/EpsMixerShimEngineStream(  996):         "flags": {
11-18 18:22:20.064 D/EpsMixerShimEngineStream(  996):             "AMBISONIC_IN_FORMAT": false,
11-18 18:22:20.064 D/EpsMixerShimEngineStream(  996):             "FORMAT_UNSPECIFIED": true,
11-18 18:22:20.064 D/EpsMixerShimEngineStream(  996):             "HAS_SINGLE_OBJECT": false,
11-18 18:22:20.064 D/EpsMixerShimEngineStream(  996):             "HAS_SOUNDFIELD_FORMAT_INDICATOR": false,
11-18 18:22:20.064 D/EpsMixerShimEngineStream(  996):             "HAS_TRUE_AMBISONIC_FORMAT": false,
11-18 18:22:20.064 D/EpsMixerShimEngineStream(  996):             "HAS_VOLUMETRIC_TOKEN": false,
11-18 18:22:20.064 D/EpsMixerShimEngineStream(  996):             "IS_BUNDLED_FORMAT": false,
11-18 18:22:20.064 D/EpsMixerShimEngineStream(  996):             "IS_SINGULAR_FORMAT": false,
11-18 18:22:20.064 D/EpsMixerShimEngineStream(  996):             "IS_SUPPORTED_SOUNDFIELD_MASK": false,
11-18 18:22:20.064 D/EpsMixerShimEngineStream(  996):             "OBJECT_IN_FORMAT": false,
11-18 18:22:20.064 D/EpsMixerShimEngineStream(  996):             "PACKAGE_ALLOWED_FOR_WINDOW_AUDIO": false,
11-18 18:22:20.064 D/EpsMixerShimEngineStream(  996):             "PASSTHROUGH_IN_FORMAT": false,
11-18 18:22:20.064 D/EpsMixerShimEngineStream(  996):             "SPATIALIZATION_PERMITTED": true,
11-18 18:22:20.064 D/EpsMixerShimEngineStream(  996):             "STREAM_TYPE_SUPPORTED_FOR_WINDOW_AUDIO": true,
11-18 18:22:20.064 D/EpsMixerShimEngineStream(  996):             "TRACK_FLAGS_SUPPORT_SPATIALIZATION": true
11-18 18:22:20.064 D/EpsMixerShimEngineStream(  996):         },
11-18 18:22:20.064 D/EpsMixerShimEngineStream(  996):         "type": "EPS_STREAM_TYPE_UNKNOWN"
11-18 18:22:20.064 D/EpsMixerShimEngineStream(  996):     },
11-18 18:22:20.064 D/EpsMixerShimEngineStream(  996):     "state_start_time": 1763500940063
11-18 18:22:20.064 D/EpsMixerShimEngineStream(  996): }
11-18 18:22:20.064 D/EpsMixerShimEngineStream(  996): Duration of previous STREAM_TYPE_STATE for session(881): {
11-18 18:22:20.064 D/EpsMixerShimEngineStream(  996):     "duration_ms": 0,
11-18 18:22:20.064 D/EpsMixerShimEngineStream(  996):     "package": "com.oculus.vrshell",
11-18 18:22:20.064 D/EpsMixerShimEngineStream(  996):     "session": 881,
11-18 18:22:20.064 D/EpsMixerShimEngineStream(  996):     "state": "stopped",
11-18 18:22:20.064 D/EpsMixerShimEngineStream(  996):     "state_start_time": 1763500940063
11-18 18:22:20.064 D/EpsMixerShimEngineStream(  996): }
11-18 18:22:20.065 E/SyncBossHAL(  979): [error  ] pulsar_manager_utils.c(364): pulsar_get_data failed for reg 10 with error 1
11-18 18:22:20.065 W/SyncBossHAL(  979): [warning] pulsar_input_cache.c(683): Could not get device capabilities. Assuming 0 for each capability.
11-18 18:22:20.067 D/AAudioStream( 3392): setState(s#54) from 3 to 4
11-18 18:22:20.079 I/SyncBossHAL(  979): [info   ] pulsar_input_cache.c(719): Cache populated for device f67c929a891a75c5
11-18 18:22:20.079 I/SyncBossHAL(  979): [info   ] pulsar_input_cache.c(286): Finished getting cache data for controller
11-18 18:22:20.079 I/SyncBossHAL(  979):     id            : f67c929a891a75c5
11-18 18:22:20.079 I/SyncBossHAL(  979):     pulsar_type   : 0x09011401
11-18 18:22:20.079 I/SyncBossHAL(  979):     connection id : 0x4
11-18 18:22:20.079 I/SyncBossHAL(  979):     fw ver        : 1.9.2
11-18 18:22:20.079 I/SyncBossHAL(  979):     spl ver       : 1.5.1
11-18 18:22:20.079 I/SyncBossHAL(  979):     serial        : 1WMHCRE0TQ2157
11-18 18:22:20.079 I/SyncBossHAL(  979):     handedness    : right
11-18 18:22:20.079 I/SyncBossHAL(  979):     battery state : 30%
11-18 18:22:20.079 I/SyncBossHAL(  979): [info   ] pulsar_input_cache.c(909): Cache refresh complete in 62ms
11-18 18:22:20.079 I/SyncBossHAL(  979): [info   ] pulsar_manager.c(164): Setting controller ID 486bfdd6a5361743 LED config to period: 33332us, on-time: 19us, delay: 26498us
11-18 18:22:20.082 D/SensorService(  979): Syncboss input 486bfdd6a5361743 hardware type 4, subtype 1, revision 0x09
11-18 18:22:20.082 I/SensorService(  979): preparePairedControllerInfo is adding device with valid 1
11-18 18:22:20.082 D/SensorService(  979): Syncboss input f67c929a891a75c5 hardware type 4, subtype 2, revision 0x09
11-18 18:22:20.082 I/SensorService(  979): preparePairedControllerInfo is adding device with valid 1
11-18 18:22:20.083 D/SensorService(  979): stateChangeNotifierFunc(): Reporting controller info. Change token: 50, paired=2 connected=2
11-18 18:22:20.083 D/ControllerManagement( 2125): processStateChange([PairedControllerInfo JEDI 486bfdd6a5361743 connected detached mcnt=0])
11-18 18:22:20.084 I/SyncBossHAL(  979): [info   ] pulsar_manager.c(164): Setting controller ID f67c929a891a75c5 LED config to period: 33332us, on-time: 19us, delay: 26498us
11-18 18:22:20.085 D/SensorService(  979): Found paired controllers: 2
11-18 18:22:20.085 D/SensorService(  979): Syncboss input 486bfdd6a5361743 hardware type 4, subtype 1, revision 0x09
11-18 18:22:20.085 I/SensorService(  979): preparePairedControllerInfo is adding device with valid 1
11-18 18:22:20.085 D/SensorService(  979): Syncboss input f67c929a891a75c5 hardware type 4, subtype 2, revision 0x09
11-18 18:22:20.085 I/SensorService(  979): preparePairedControllerInfo is adding device with valid 1
11-18 18:22:20.085 D/ControllerManagement( 2125): processStateChange([PairedControllerInfo JEDI f67c929a891a75c5 connected detached mcnt=0])
11-18 18:22:20.086 D/ControllerManagement( 2125): RemoteService::recordControllerStatusUpdate: device f67c929a891a75c5: status: CONNECTED_ACTIVE tracking: NONE, errors: --
11-18 18:22:20.087 I/[SEO] LocalSpace( 3392): Reset - initialRawFromLocalPose: quat(0.003333, -0.765582, -0.012049, 0.643217), translation(0.426767, -0.281427, 0.542089)
11-18 18:22:20.087 I/[SEO] LocalSpace( 3392): Applying VRAPI Reorient, the reorient reason is 3
11-18 18:22:20.087 I/VrRuntimeService( 1752): RuntimeServiceSDKServer::RecenterLocalSpace
11-18 18:22:20.087 I/VrRuntimeService( 1752): RuntimeServiceSDKServer::RecenterLocalSpace_Internal
11-18 18:22:20.087 I/VrSpaceState( 1752): UpdateLocalSpace
11-18 18:22:20.087 I/VrSpaceState( 1752): SetStateBatched in UpdateLocalSpace
11-18 18:22:20.087 I/VrSpaceState( 1752): Recenter the position
11-18 18:22:20.087 I/VrSpaceState( 1752): shouldRecenter the position: 0
11-18 18:22:20.087 I/VrSpaceState( 1752): UpdateLocalSpace: Src: 2, Version: 123, VersionUser: 0, RawFloorHeightOld: -1.501427, RawFloorHeightNew: -1.501427
11-18 18:22:20.087 I/VrRuntimeService( 1752): RuntimeServiceSDKServer::UpdateRSSDKSpaces_Internal
11-18 18:22:20.088 D/SensorService(  979): Found paired controllers: 2
11-18 18:22:20.088 D/SensorService(  979): Syncboss input 486bfdd6a5361743 hardware type 4, subtype 1, revision 0x09
11-18 18:22:20.088 I/SensorService(  979): preparePairedControllerInfo is adding device with valid 1
11-18 18:22:20.088 D/SensorService(  979): Syncboss input f67c929a891a75c5 hardware type 4, subtype 2, revision 0x09
11-18 18:22:20.088 I/SensorService(  979): preparePairedControllerInfo is adding device with valid 1
11-18 18:22:20.088 I/ControllerNotifications( 2132): Skipping input notifications for device 0 (state=ConnectedBatteryNormal) (mShuttingDown?: false, mNotificationsEnabled?: false, mHandTrackingEnabled?: true, mMultimodalityEnabled?: false)
11-18 18:22:20.089 D/SensorService(  979): Found paired controllers: 2
11-18 18:22:20.089 D/SensorService(  979): Syncboss input 486bfdd6a5361743 hardware type 4, subtype 1, revision 0x09
11-18 18:22:20.089 I/SensorService(  979): preparePairedControllerInfo is adding device with valid 1
11-18 18:22:20.087 I/input   (    0): Device 0xF67C929A891A75C5 as /devices/virtual/input/input13
11-18 18:22:20.089 I/SensorService(  979): preparePairedControllerInfo is adding device with valid 1
11-18 18:22:20.089 D/TrackingService( 1215): Creating RemoteConstellationTrackedDevice
11-18 18:22:20.090 W/TrackingUtils( 1215): Unsupported haptic interface -1 for device f67c929a891a75c5
11-18 18:22:20.090 I/TrackingService( 1215): Registering primary controller f67c929a891a75c5 in RIGHT slot
11-18 18:22:20.091 D/TrackingService( 1215): registerRemote: f67c929a891a75c5
11-18 18:22:20.093 W/EventHub( 1447): Unable to disable kernel key repeat for /dev/input/event4: Function not implemented
11-18 18:22:20.093 I/EventHub( 1447): usingClockIoctl=true
11-18 18:22:20.093 I/EventHub( 1447): New device: id=14, fd=584, path='/dev/input/event4', name='Device 0xF67C929A891A75C5', classes=KEYBOARD | INPUT_DEVICE_CLASS_VR_PERIPHERAL, configuration='/odm/usr/idc/Vendor_2833_Product_0160.idc', keyLayout='/odm/usr/keylayout/oculus-device.kl', keyCharacterMap='/system/usr/keychars/Generic.kcm', builtinKeyboard=false, 
11-18 18:22:20.093 I/InputReader( 1447): Device added: id=9, eventHubId=14, name='Device 0xF67C929A891A75C5', descriptor='9348b3f4a9934d9287f6f16a60c0e563dc2f7884',sources=MOUSE | ROTARY_ENCODER | SENSOR
11-18 18:22:20.095 I/Tracking( 1215): CONSTELLATION: Right: StateBufferOnlineCalibrationCache: Initialized without a last good IMU ocal
11-18 18:22:20.095 I/Tracking( 1215): CONSTELLATION: Right: ControllerStateBuffer: RESET
11-18 18:22:20.095 I/Tracking( 1215): CONSTELLATION: Right: ControllerStateBuffer: RESET
11-18 18:22:20.096 I/ServiceInputManager( 1752): OSSDKTRACKING InputState has changed
11-18 18:22:20.096 I/ServiceInputManager( 1752): OSSDKTRACKING 0 found one 6000
11-18 18:22:20.096 I/ServiceInputManager( 1752): OSSDKTRACKING model is a supported remote, adding to list 6000
11-18 18:22:20.096 I/ServiceInputManager( 1752): OSSDKTRACKING 1 found one 6000
11-18 18:22:20.096 I/ServiceInputManager( 1752): OSSDKTRACKING model is a supported remote, adding to list 6000
11-18 18:22:20.096 I/ServiceInputManager( 1752): OSSDKTRACKING GetNewConnectedRemotesList, returned true. remotes 2
11-18 18:22:20.101 D/ControllerManagement( 2125): RemoteService::recordControllerStatusUpdate: device f67c929a891a75c5: status: CONNECTED_ACTIVE tracking: NONE, errors: --
11-18 18:22:20.104 I/Tracking( 1215): CONSTELLATION: Right: ControllerStateBuffer: RESET
11-18 18:22:20.104 I/Tracking( 1215): INPUT_TRACKING: Setting LED ontime to 34us for device 0xf67c929a891a75c5 with handedness Right.
11-18 18:22:20.106 I/OpenXRAnchorDiscovery( 3392): xrDiscoverSpacesMETA: buildFilterMETA: filters is null
11-18 18:22:20.106 I/[CT]    ( 3392): SP:AF:InsightAnchorApi: DiscoverSpaces (task start) flags: 0, request: 82
11-18 18:22:20.106 I/[CT]    ( 3392): SP:AF:AnchorFramework: discoverSpaces: filterInfo: flags: 96, numUuids: 0, radius: -1, enabledComponents: 0, maxNumSpacesToQuery: 0, groupUuids: , tags: , dataSource: 1, hasTrackableStateFilter: 1
11-18 18:22:20.106 I/[CT]    ( 3392): SP:AF:AnchorFramework: Inserting discovery operation request handle 82 -> extension suite ApiExtensionSuite::META(1) + exp version ExperimentalVersion::PROD(1) into map
11-18 18:22:20.107 I/[CT]    ( 3392): RuntimeIpcHelper: RuntimeIpcClient::CALL_RPC isAsync: true, func: discoverSpaces
11-18 18:22:20.108 I/[CT]    ( 3775): SP:AP:AnchorPersistenceRuntimeIpcServer: checkRPC start: sessionUuid:4d22a9d8-02cc-7eb4-0a9e-50534ac4cb28, clientId:770767987, givenPackageName:com.oculus.vrshell
11-18 18:22:20.108 I/Tracking( 1215): boltlib: Initialized model miramar_detnet_ver0_hta with 1 HTA subgraph(s)
11-18 18:22:20.109 I/[CT]    ( 3775): SP:AP:AnchorPersistenceRuntimeIpcServer: checkPackageAccess - detectedPackageName:com.oculus.vrshell, detectedProcessName:com.oculus.vrshell, givenPackageName:com.oculus.vrshell
11-18 18:22:20.109 W/ShellHsr( 3392): Core: PerformanceMonitor: hitch frames detected of 100000000 ns
11-18 18:22:20.109 I/[CT]    ( 3775): SP:AP:AnchorPersistenceRuntimeIpcServer: checkRPC package name matches: sessionUuid:4d22a9d8-02cc-7eb4-0a9e-50534ac4cb28, clientId:770767987, givenPackageName:com.oculus.vrshell, detectedPackageName:com.oculus.vrshell, detectedProcessName:com.oculus.vrshell
11-18 18:22:20.109 W/REFLECT [RUNTIMEIPC]( 3392): !IsInitialized: destroyMicroUiTextureReference
11-18 18:22:20.109 W/REFLECT [RUNTIMEIPC]( 3392): !IsInitialized: destroyMicroUiTextureReference
11-18 18:22:20.109 W/REFLECT [RUNTIMEIPC]( 3392): !IsInitialized: destroyMicroUiTextureReference
11-18 18:22:20.110 W/REFLECT [RUNTIMEIPC]( 3392): !IsInitialized: destroyMicroUiTextureReference
11-18 18:22:20.110 I/[CT]    ( 3775): SP:AP:AnchorPersistence: queryEntities: filterInfo: flags: 96, numUuids: 0, radius: -1, enabledComponents: 0, maxNumSpacesToQuery: 0, groupUuids: , tags: , dataSource: 1, hasTrackableStateFilter: 1, appId: com.oculus.vrshell, request: 82, appOpenXrVersion: 281474976710705
11-18 18:22:20.110 I/[CT]    ( 3775): SP:AP:AnchorPersistenceConfig: getSceneRuntimePermissionEnabled: USE_SCENE permission is enabled on this device
11-18 18:22:20.110 I/[CT]    ( 3775): SP:AP:AnchorPersistenceScenePermissions: hasClientGrantedScenePermission: USE_SCENE permission is enabled on this device, check client 770767987, grant is true
11-18 18:22:20.110 I/[CT]    ( 3775): SP:AP:AnchorPersistence: discoverSpacesLocal: translateFilters complete. filterVector size: 2
11-18 18:22:20.110 I/[CT]    ( 3775): SP:AP:AnchorPersistence:     Filter #0: type: AnchorDiscoveryFilterType::APP(3)
11-18 18:22:20.110 I/[CT]    ( 3775): SP:AP:AnchorPersistence:     Filter #1: type: AnchorDiscoveryFilterType::TRACKABLE_STATE(8)
11-18 18:22:20.110 I/[CT]    ( 3775): SP:AP:AnchorPersistence: discoverSpacesLocal: Scheduling local query for Anchors, with 2 filters, request: 82
11-18 18:22:20.110 I/[CT]    ( 3775): SP:AP:AnchorPersistence: discoverSpacesLocal Attempting local query, request: 82
11-18 18:22:20.110 I/[CT]    ( 3775): SP:AP:AnchorLocalStorageQuery: operator() : No uuidFilter is provided
11-18 18:22:20.110 I/[CT]    ( 3775): SP:AP:AnchorLocalStorageQuery: applyFilters: appId com.oculus.vrshell
11-18 18:22:20.110 I/FaceTrackingClient( 3392): STALE DATA: Estimation timestamp: 1560.11, absTimeInSeconds: 1715.71, diff: 155.601
11-18 18:22:20.110 I/[CT]    ( 3775): SP:AP:AnchorLocalStorage: appId com.oculus.vrshell loadOnlySceneModelAnchors false includeGuardianSpatialAnchor false
11-18 18:22:20.110 I/[CT]    ( 3775): SP:AP:AnchorLocalStorage: appId com.oculus.guardian loadOnlySceneModelAnchors true includeGuardianSpatialAnchor false
11-18 18:22:20.110 W/[CT]    ( 3775): SP:AP:AnchorLocalStorage: listAllAnchors listed 0 anchors
11-18 18:22:20.111 I/[CT]    ( 3775): SP:AP:AnchorPersistenceConfig: getSceneRuntimePermissionEnabled: USE_SCENE permission is enabled on this device
11-18 18:22:20.111 W/ShellHsr( 3392): Embodiment: Avatar load for user id 109013798858020, config id 0  failed: Avatar specification request failed with responseCode 0
