11-18 18:49:04.074 W/healthd (    0): battery l=76 v=4225 t=37.7 h=2 st=4 c=1722167 fc=3747000 cc=8 chg=a
11-18 18:49:04.074 I/qcom,camera ac50000.qcom,cci(    0): qcom,cam-sensor3: Linked as a consumer to regulator.46
11-18 18:49:04.082 I/IpdNotifier( 1752): Initial Ipd: 0.068000
11-18 18:49:04.082 I/ScreenCaptureVideo( 1752): Entering ScreenCaptureVideo
11-18 18:49:04.082 I/ScreenCaptureVideo( 1752): ScreenCaptureVideo::fullRateCapture: 0
11-18 18:49:04.082 I/CaptureSurfaceManager( 1752): Init EGL context for screen capture.
11-18 18:49:04.082 I/Context ( 1752): Create: eglCreateContext()
11-18 18:49:04.083 W/Distortion( 1752): Invalid headset type.  Configuring default Quest 1 distortion
11-18 18:49:04.083 I/Distortion( 1752): SetLensPositions - iad=0.0635, left offset=-0.002986,-0.00272, right offset=0.002986,-0.00272
11-18 18:49:04.083 I/Distortion( 1752): persist.debug.oculus.use.persisted.custom.fov = 0
11-18 18:49:04.083 I/DistortionMesh( 1752): LoadDistortionMeshFromMemory
11-18 18:49:04.083 D/ReflectedParamUpdater( 1138): extent() != 1 for single value type: algo.buffers.max-count.values
11-18 18:49:04.084 I/DistortionMesh( 1752): Eye 0, Plane Dir 0, Section 0
11-18 18:49:04.084 I/DistortionMesh( 1752):     Tile 0 :  Planes at (0.766044, 0.000000, -0.642788) + (-0.766044, 0.000000, -0.642788)
11-18 18:49:04.084 I/DistortionMesh( 1752):         => Culling Plane Normals are (0.766044, 0.000000, -0.642788) + (-0.766044, 0.000000, -0.642788)
11-18 18:49:04.084 I/DistortionMesh( 1752): Eye 0, Plane Dir 1, Section 0
11-18 18:49:04.084 I/DistortionMesh( 1752):     Tile 0 :  Planes at (-0.000000, -0.766044, -0.642788) + (0.000000, 0.766044, -0.642788)
11-18 18:49:04.084 I/DistortionMesh( 1752):         => Culling Plane Normals are (-0.000000, -0.766044, -0.642788) + (0.000000, 0.766044, -0.642788)
11-18 18:49:04.084 I/DistortionMesh( 1752): Eye 1, Plane Dir 0, Section 0
11-18 18:49:04.084 I/DistortionMesh( 1752):     Tile 0 :  Planes at (0.766044, 0.000000, -0.642788) + (-0.766044, 0.000000, -0.642788)
11-18 18:49:04.084 I/DistortionMesh( 1752):         => Culling Plane Normals are (0.766044, 0.000000, -0.642788) + (-0.766044, 0.000000, -0.642788)
11-18 18:49:04.084 D/ReflectedParamUpdater( 1138): extent() != 1 for single value type: output.subscribed-indices.values
11-18 18:49:04.084 I/DistortionMesh( 1752): Eye 1, Plane Dir 1, Section 0
11-18 18:49:04.084 I/DistortionMesh( 1752):     Tile 0 :  Planes at (-0.000000, -0.766044, -0.642788) + (0.000000, 0.766044, -0.642788)
11-18 18:49:04.084 I/DistortionMesh( 1752):         => Culling Plane Normals are (-0.000000, -0.766044, -0.642788) + (0.000000, 0.766044, -0.642788)
11-18 18:49:04.084 D/ReflectedParamUpdater( 1138): extent() != 1 for single value type: input.buffers.allocator-ids.values
11-18 18:49:04.084 I/CompositorVR( 1752): ShaderThreadInit()
11-18 18:49:04.084 I/CompositorVR( 1752): ShaderThreadInit: gettid
11-18 18:49:04.084 I/CompositorVR( 1752): ShaderThreadInit: Begin EGL initialization...
11-18 18:49:04.084 D/ReflectedParamUpdater( 1138): extent() != 1 for single value type: output.buffers.allocator-ids.values
11-18 18:49:04.084 I/Context ( 1752): Create: eglCreateContext()
11-18 18:49:04.084 D/ReflectedParamUpdater( 1138): extent() != 1 for single value type: algo.buffers.allocator-ids.values
11-18 18:49:04.084 I/Context ( 1752): Context is EGL_CONTEXT_PRIORITY_LOW_IMG
11-18 18:49:04.085 D/ReflectedParamUpdater( 1138): extent() != 1 for single value type: output.buffers.pool-ids.values
11-18 18:49:04.085 D/ReflectedParamUpdater( 1138): extent() != 1 for single value type: algo.buffers.pool-ids.values
11-18 18:49:04.085 I/CompositorVR( 1752): ShaderThreadInit: shaderThreadInitializedCond.notify_one()
11-18 18:49:04.085 I/LogTimer( 1752): CPUTIME: TimeWarp_OnGraphicsContextInit took 24.2329 ms
11-18 18:49:04.085 I/CompositorVR( 1752): WarpThreadInit: initialize dynamic distortion correction...
11-18 18:49:04.077 I/qcom,camera ac50000.qcom,cci(    0): qcom,cam-sensor3: Linked as a consumer to regulator.7
11-18 18:49:04.085 I/CompositorVR( 1752): WarpThreadInit: waiting for vsync...
11-18 18:49:04.077 I/qcom,camera ac50000.qcom,cci(    0): qcom,cam-sensor3: Linked as a consumer to regulator.71
11-18 18:49:04.086 I/CCodecConfig( 1138): query failed after returning 7 values (BAD_INDEX)
11-18 18:49:04.086 D/CCodecConfig( 1138): c2 config diff is Dict {
11-18 18:49:04.086 D/CCodecConfig( 1138):   c2::u32 coded.bitrate.value = 64000
11-18 18:49:04.086 D/CCodecConfig( 1138):   c2::u32 input.buffers.max-size.value = 32768
11-18 18:49:04.086 D/CCodecConfig( 1138):   c2::u32 input.delay.value = 0
11-18 18:49:04.086 D/CCodecConfig( 1138):   string input.media-type.value = "audio/vorbis"
11-18 18:49:04.086 D/CCodecConfig( 1138):   string output.media-type.value = "audio/raw"
11-18 18:49:04.086 D/CCodecConfig( 1138):   c2::u32 raw.channel-count.value = 1
11-18 18:49:04.086 D/CCodecConfig( 1138):   c2::u32 raw.sample-rate.value = 48000
11-18 18:49:04.086 D/CCodecConfig( 1138): }
11-18 18:49:04.086 W/mediaserver( 1138): Binder 0xedebd30c destroyed after setInheritRt before being parceled.
11-18 18:49:04.086 D/MediaCodec( 1138): flushMediametrics
11-18 18:49:04.086 D/CCodec  ( 1138): [c2.android.vorbis.decoder] buffers are bound to CCodec for this session
11-18 18:49:04.086 D/CCodecConfig( 1138): no c2 equivalents for durationUs
11-18 18:49:04.086 D/CCodecConfig( 1138): no c2 equivalents for csd-1
11-18 18:49:04.086 D/CCodecConfig( 1138): no c2 equivalents for flags
11-18 18:49:04.087 D/CCodecConfig( 1138): c2 config diff is   c2::u32 coded.bitrate.value = 128000
11-18 18:49:04.087 D/CCodecConfig( 1138):   c2::u32 raw.channel-count.value = 2
11-18 18:49:04.087 W/Codec2Client( 1138): query -- param skipped: index = 1107298332.
11-18 18:49:04.087 D/CCodec  ( 1138): encoding statistics level = 0
11-18 18:49:04.087 D/CCodec  ( 1138): setup formats input: AMessage(what = 0x00000000) = {
11-18 18:49:04.087 D/CCodec  ( 1138):   int32_t bitrate = 128000
11-18 18:49:04.087 D/CCodec  ( 1138):   int32_t channel-count = 2
11-18 18:49:04.087 D/CCodec  ( 1138):   int32_t max-input-size = 32768
11-18 18:49:04.087 D/CCodec  ( 1138):   string mime = "audio/vorbis"
11-18 18:49:04.087 D/CCodec  ( 1138):   int32_t sample-rate = 48000
11-18 18:49:04.087 D/CCodec  ( 1138): }
11-18 18:49:04.087 D/CCodec  ( 1138): setup formats output: AMessage(what = 0x00000000) = {
11-18 18:49:04.087 D/CCodec  ( 1138):   int32_t channel-count = 2
11-18 18:49:04.087 D/CCodec  ( 1138):   string mime = "audio/raw"
11-18 18:49:04.087 D/CCodec  ( 1138):   int32_t sample-rate = 48000
11-18 18:49:04.087 D/CCodec  ( 1138):   int32_t channel-mask = 3
11-18 18:49:04.087 D/CCodec  ( 1138):   int32_t android._config-pcm-encoding = 2
11-18 18:49:04.087 D/CCodec  ( 1138): }
11-18 18:49:04.087 I/CCodecConfig( 1138): query failed after returning 7 values (BAD_INDEX)
11-18 18:49:04.087 I/MediaCodec( 1138): MediaCodec will operate in async mode
11-18 18:49:04.088 D/MediaCodec( 1138): keep callback message for reclaim
11-18 18:49:04.088 W/Codec2Client( 1138): query -- param skipped: index = 1342179345.
11-18 18:49:04.088 W/Codec2Client( 1138): query -- param skipped: index = 2415921170.
11-18 18:49:04.088 D/CCodecBufferChannel( 1138): [c2.android.vorbis.decoder#552] Created input block pool with allocatorID 16 => poolID 57 - OK (0)
11-18 18:49:04.089 I/CCodecBufferChannel( 1138): [c2.android.vorbis.decoder#552] Created output block pool with allocatorID 16 => poolID 131 - OK
11-18 18:49:04.090 D/CCodecBufferChannel( 1138): [c2.android.vorbis.decoder#552] Configured output block pool ids 131 => OK
11-18 18:49:04.090 D/SimpleC2Component( 1172): Using output block pool with poolID 131 => got 131 - 0
11-18 18:49:04.098 D/AudioFlinger(  996): Client defaulted notificationFrames to 12000 for frameCount 24000
11-18 18:49:04.099 D/AF::TrackHandle(  996): OpPlayAudio: not muting track:208 flags 0x840 have FLAG_BYPASS_INTERRUPTION_POLICY
11-18 18:49:04.099 I/EpsMixer(  996): [13] addSession session(1337) track(208)
11-18 18:49:04.100 I/AudioTrack( 1138): registerVolumetricWindowToken_l session=1337 token=0x0
11-18 18:49:04.100 I/AudioTrack( 1138): setPackageForSession_l session=1337 packageName=
11-18 18:49:04.100 W/AudioTrack( 1138): setPackageForSession_l: packageName is empty
11-18 18:49:04.100 I/AudioTrack( 1138): registerVolumetricWindowToken_l session=1337 token=0x0
11-18 18:49:04.101 W/AudioFlinger(  996): The package name(android) provided does not correspond to the uid 1041
11-18 18:49:04.104 I/EffectsFactory(  948): EffectCreate() create_effect
11-18 18:49:04.105 I/SensorService(  979): doEnableHalCameras[NICE] Create SyncbossHandleWrapper
11-18 18:49:04.105 I/SensorService(  979): doEnableHalCameras[NICE] FsyncEventHandler::GetInstance
11-18 18:49:04.105 W/SensorService(  979): Enabling sensor HMD_FSIN with noop callback
11-18 18:49:04.105 D/SensorService(  979): SyncbossEventHandler: acquired session; approx # alive: 4
11-18 18:49:04.105 D/SensorService(  979): SyncbossEventHandler: Enabled sensor HMD_FSIN - Active sensors: synthetic[HMD_DOUBLETAP,EXTERNAL_TIMING,ZAP] non-synth[HMD_MAG,HMD_IMU,HMD_FSIN,PULSA
11-18 18:49:04.098 I/CAM_ERR (    0): CAM-ISP: __cam_isp_ctx_acquire_dev_in_available: 5221 DBG: Acquire success on session_hdl 0xb10203 num_rsrces -16843010 ctx 3 next state ACQUIRED rc 0
11-18 18:49:04.098 I/CAM_ERR (    0): CAM-ISP: __cam_isp_ctx_acquire_hw_v2: 5528 DBG: Acquire V2 success on session_hdl 0xb10203s ctx_type 2 ctx_id 3
11-18 18:49:04.098 I/CAM_ERR (    0): CAM-ISP: __cam_isp_ctx_link_in_acquired: 5918 DBG: Link in Acquired next state ACQUIRED RC = 0
11-18 18:49:04.106 D/audioserver(  996): FGS Logger Transaction failed
11-18 18:49:04.106 D/audioserver(  996): -129
11-18 18:49:04.108 I/EpsMixer(  996): [13] addTrack session(1337) track(208)
11-18 18:49:04.108 I/EpsMixer(  996): [13] canSpatialize -> {
11-18 18:49:04.108 I/EpsMixer(  996):     "android_stream_type": "AUDIO_STREAM_NOTIFICATION",
11-18 18:49:04.108 I/EpsMixer(  996):     "can_spatialize": true,
11-18 18:49:04.108 I/EpsMixer(  996):     "channel_mask": 3,
11-18 18:49:04.108 I/EpsMixer(  996):     "decision_factors": {
11-18 18:49:04.108 I/EpsMixer(  996):         "flags_support_spatialization": true
11-18 18:49:04.108 I/EpsMixer(  996):     },
11-18 18:49:04.108 I/EpsMixer(  996):     "eps_stream_type": "EPS_STREAM_TYPE_UNKNOWN",
11-18 18:49:04.108 I/EpsMixer(  996):     "package_name": "android.uid.system",
11-18 18:49:04.108 I/EpsMixer(  996):     "session_id": 1337,
11-18 18:49:04.108 I/EpsMixer(  996):     "time": "2025-11-18T21:49:04Z"
11-18 18:49:04.108 I/EpsMixer(  996): }
11-18 18:49:04.108 I/SyncBossFW(  666):  275766 [info   ] {GCM }: general_cam_mgr_init for cameras 0xf
11-18 18:49:04.109 E/volume_listener(  948): check_and_set_gain_dep_cal: Failed to set gain dep cal level
11-18 18:49:04.110 D/audio_hw_primary(  948): start_output_stream: enter: stream(0xe9705000)usecase(1: low-latency-playback) devices(0x2) is_haptic_usecase(0)
11-18 18:49:04.110 D/audio_hw_primary(  948): select_devices for use case (low-latency-playback)
11-18 18:49:04.110 D/hardware_info(  948): hw_info_append_hw_type : device_name = speaker
11-18 18:49:04.110 E/msm8974_platform(  948): platform_get_snd_device_acdb_id: Invalid snd_device = 0
11-18 18:49:04.110 I/msm8974_platform(  948): platform_check_and_set_codec_backend_cfg:becf: afe: bitwidth 16, samplerate 48000 channels 2, backend_idx 0 usecase = 1 device (speaker)
11-18 18:49:04.110 D/msm8974_platform(  948): platform_split_snd_device: snd_device(2) num devices(1) new_snd_devices(0)
11-18 18:49:04.110 I/msm8974_platform(  948): platform_check_and_set_codec_backend_cfg: new_snd_devices[0] is 2
11-18 18:49:04.110 I/msm8974_platform(  948): platform_check_codec_backend_cfg:becf: afe: bitwidth 16, samplerate 48000 channels 2, backend_idx 0 usecase = 1 device (speaker)
11-18 18:49:04.111 D/audio_hw_extn(  948): audio_extn_enable_hifi_filter: mixer_value set 0
11-18 18:49:04.111 D/msm8974_platform(  948): platform_check_codec_backend_cfg:becf: updated afe: bitwidth 16, samplerate 48000 channels 2,backend_idx 0 usecase = 1 device (speaker)
11-18 18:49:04.111 D/msm8974_platform(  948): platform_check_codec_backend_cfg:becf: afe: playback on codec device not supporting native playback set default Sample Rate(48k)
11-18 18:49:04.111 I/msm8974_platform(  948): platform_check_codec_backend_cfg:becf: afe: Codec selected backend: 0 updated bit width: 16 and sample rate: 48000
11-18 18:49:04.111 D/audio_hw_primary(  948): check_usecases_codec_backend:becf: force routing 0
11-18 18:49:04.111 E/msm8974_platform(  948): platform_check_backends_match: Invalid snd_device = 
11-18 18:49:04.111 D/audio_hw_primary(  948): check_usecases_codec_backend:becf: (78) check_usecases curr device: speaker, usecase device: backends match 0
11-18 18:49:04.111 D/audio_hw_primary(  948): check_usecases_codec_backend:becf: check_usecases num.of Usecases to switch 0
11-18 18:49:04.111 D/hardware_info(  948): hw_info_append_hw_type : device_name = speaker
11-18 18:49:04.111 D/msm8974_platform(  948): platform_split_snd_device: snd_device(2) num devices(0) new_snd_devices(0)
11-18 18:49:04.111 D/audio_hw_primary(  948): enable_snd_device: snd_device(2: speaker)
11-18 18:49:04.111 D/msm8974_platform(  948): platform_get_island_cfg_on_device:island cfg status on snd_device = (speaker 0)
11-18 18:49:04.111 D/audio_route(  948): Apply path: speaker
11-18 18:49:04.105 E/        (    0): [drm:_sde_encoder_phys_wb_wait_for_commit_done:1264] [sde error]wb:2 kickoff timed out
11-18 18:49:04.105 E/        (    0): [drm:sde_kms_wait_for_commit_done:1214] [sde error]wait for commit done returned -110
11-18 18:49:04.105 I/cm710x 1-002c(    0): cm710x_playback_in_enum_ext_get select PlaybackFrom = 1
11-18 18:49:04.113 D/AudioTrack( 1138): stop(264): called with 11233 frames delivered
11-18 18:49:04.117 I/audio_hw_utils(  948): audio_extn_utils_update_stream_output_app_type_cfg Allowing 24 and above bits playback on speaker ONLY at default sampling rate
11-18 18:49:04.117 D/audio_hw_utils(  948): audio_extn_utils_send_app_type_cfg: usecase->out_snd_device speaker
11-18 18:49:04.117 D/msm8974_platform(  948): platform_split_snd_device: snd_device(2) num devices(0) new_snd_devices(0)
11-18 18:49:04.117 D/audio_hw_utils(  948): audio_extn_btsco_get_sample_rate:Not a BT SCO device, need not update sampling rate
11-18 18:49:04.117 I/audio_hw_utils(  948): send_app_type_cfg_for_device PLAYBACK app_type 69943, acdb_dev_id 15, sample_rate 48000, snd_device_be_idx 43
11-18 18:49:04.117 D/msm8974_platform(  948): platform_split_snd_device: snd_device(2) num devices(1) new_snd_devices(0)
11-18 18:49:04.117 D/audio_hw_utils(  948): audio_extn_btsco_get_sample_rate:Not a BT SCO device, need not update sampling rate
11-18 18:49:04.117 D/ACDB-LOADER(  948): ACDB -> send_audio_cal, acdb_id = 15, path = 0, app id = 0x11137, sample rate = 48000, afe_sample_rate = 48000
11-18 18:49:04.117 D/ACDB-LOADER(  948): ACDB -> send_asm_topology
11-18 18:49:04.117 D/ACDB-LOADER(  948): ACDB -> ACDB_CMD_GET_AUDPROC_STREAM_TOPOLOGY_ID
11-18 18:49:04.117 D/ACDB-LOADER(  948): ACDB -> send_adm_topology
11-18 18:49:04.117 D/ACDB-LOADER(  948): ACDB -> ACDB_CMD_GET_AUDPROC_COMMON_TOPOLOGY_ID
11-18 18:49:04.117 D/ACDB-LOADER(  948): ACDB -> send_audtable
11-18 18:49:04.117 D/ACDB-LOADER(  948): ACDB -> ACDB_CMD_GET_AUDPROC_INSTANCE_COMMON_TABLE_SIZE
11-18 18:49:04.117 D/ACDB-LOADER(  948): ACDB -> ACDB_CMD_GET_AUDPROC_INSTANCE_COMMON_TABLE
11-18 18:49:04.117 D/ACDB-LOADER(  948): ACDB -> AUDIO_SET_AUDPROC_CAL cal_type[11] acdb_id[15] app_type[69943]
11-18 18:49:04.117 D/ACDB-LOADER(  948): ACDB -> send_audvoltable
11-18 18:49:04.117 D/ACDB-LOADER(  948): ACDB -> ACDB_CMD_GET_AUDPROC_INSTANCE_GAIN_DEP_STEP_TABLE_SIZE
11-18 18:49:04.117 D/android.hardware.audio.service(  948): Failed to fetch the lookup information of the device 0000000F 
11-18 18:49:04.117 D/ACDB-LOADER(  948): Error: ACDB_CMD_GET_AUDPROC_INSTANCE_GAIN_DEP_STEP_TABLE_SIZE Returned = -19
11-18 18:49:04.117 D/ACDB-LOADER(  948): ACDB -> ACDB_CMD_GET_AUDPROC_INSTANCE_GAIN_DEP_STEP_TABLE, vol index 0
11-18 18:49:04.118 D/android.hardware.audio.service(  948): Failed to fetch the lookup information of the device 0000000F 
11-18 18:49:04.118 D/ACDB-LOADER(  948): Error: ACDB AudProc vol returned = -19
11-18 18:49:04.118 D/ACDB-LOADER(  948): ACDB -> AUDIO_SET_VOL_CAL cal type = 12
11-18 18:49:04.118 D/ACDB-LOADER(  948): ACDB -> ACDB_CMD_GET_AUDPROC_INSTANCE_STREAM_TABLE_SIZE
11-18 18:49:04.118 D/ACDB-LOADER(  948): ACDB -> send_audstrmtable
11-18 18:49:04.118 D/ACDB-LOADER(  948): ACDB -> ACDB_CMD_GET_AUDPROC_INSTANCE_STREAM_TABLE
11-18 18:49:04.118 D/ACDB-LOADER(  948): ACDB -> audstrm_cal->cal_type.cal_data.cal_size = 20
11-18 18:49:04.118 D/ACDB-LOADER(  948): ACDB -> send_afe_topology
11-18 18:49:04.118 D/ACDB-LOADER(  948): ACDB -> ACDB_CMD_GET_AFE_TOPOLOGY_ID
11-18 18:49:04.118 D/ACDB-LOADER(  948): ACDB -> GET_AFE_TOPOLOGY_ID for adcd_id 15, Topology Id 112fc
11-18 18:49:04.118 D/ACDB-LOADER(  948): ACDB -> send_afe_cal
11-18 18:49:04.118 D/ACDB-LOADER(  948): ACDB -> ACDB_CMD_GET_AFE_INSTANCE_COMMON_TABLE_SIZE
11-18 18:49:04.118 D/android.hardware.audio.service(  948): Failed to fetch the lookup information of the device 0000000F 
11-18 18:49:04.118 D/ACDB-LOADER(  948): Error: ACDB_CMD_GET_AFE_INSTANCE_COMMON_TABLE_SIZE Returned = -19
11-18 18:49:04.118 D/ACDB-LOADER(  948): ACDB -> ACDB_CMD_GET_AFE_INSTANCE_COMMON_TABLE
11-18 18:49:04.118 D/android.hardware.audio.service(  948): Failed to fetch the lookup information of the device 0000000F 
11-18 18:49:04.118 D/ACDB-LOADER(  948): Error: ACDB AFE returned = -19
11-18 18:49:04.118 D/ACDB-LOADER(  948): ACDB -> AUDIO_SET_AFE_CAL cal_type[16] acdb_id[15]
11-18 18:49:04.118 D/ACDB-LOADER(  948): ACDB -> send_hw_delay : acdb_id = 15 path = 0
11-18 18:49:04.118 D/ACDB-LOADER(  948): ACDB -> ACDB_AVSYNC_INFO: ACDB_CMD_GET_DEVICE_PROPERTY
11-18 18:49:04.118 D/msm8974_platform(  948): platform_split_snd_device: snd_device(2) num devices(0) new_snd_devices(0)
11-18 18:49:04.118 I/msm8974_platform(  948): platform_get_custom_mtmx_params: no matching param with id 0 ip_ch 2 op_ch 2 uc_id 1 snd_dev 2
11-18 18:49:04.118 D/audio_hw_primary(  948): enable_audio_route: apply mixer and update path: low-latency-playback
11-18 18:49:04.118 D/audio_route(  948): Apply path: low-latency-playback
11-18 18:49:04.118 D/audio_hw_primary(  948): select_devices: done
11-18 18:49:04.115 I/__afe_port_start(    0): port id: 0x1000
11-18 18:49:04.115 I/afe_find_cal_topo_id_by_port(    0): port id: 0x1000, dev_acdb_id: 15
11-18 18:49:04.115 I/afe_find_cal_topo_id_by_port(    0): top_id:112fc acdb_id:15 afe_port_id:0x1000
11-18 18:49:04.115 I/afe_get_cal_topology_id(    0): port_id = 0x1000 acdb_id = 15 topology_id = 0x112fc cal_type_index=8 ret=0
11-18 18:49:04.115 I/afe_send_port_topology_id(    0): AFE set topology id 0x112fc  enable for port 0x1000 ret 0
11-18 18:49:04.115 I/send_afe_cal_type(    0): cal_index is 0
11-18 18:49:04.115 I/send_afe_cal_type(    0): dev_acdb_id[40] is 15
11-18 18:49:04.115 I/afe_find_cal(    0): cal_index 0 port_id 0x1000 port_index 40
11-18 18:49:04.115 I/afe_find_cal(    0): acdb_id 15 dev_acdb_id 15 sample_rate 48000 afe_sample_rates 48000
11-18 18:49:04.115 I/afe_find_cal(    0): cal block is a match, size is 0
11-18 18:49:04.115 I/send_afe_cal_type(    0): Sending cal_index cal 0
11-18 18:49:04.115 E/send_afe_cal_type(    0): No cal sent for cal_index 0, port_id = 0x1000! ret -22
11-18 18:49:04.115 I/afe_send_hw_delay(    0): port_id 0x1000 rate 48000 delay_usec 474 status 0
11-18 18:49:04.140 D/msm8974_platform(  948): platform_set_channel_map mixer_ctl_name:Playback Channel Map9
11-18 18:49:04.140 D/msm8974_platform(  948): platform_set_channel_map: set mapping(1 2 0 0 0 0 0 0) for channel:2
11-18 18:49:04.140 D/audio_hw_primary(  948): start_output_stream: exit
11-18 18:49:04.140 D/audio_hw_primary(  948): out_write: retry previous failed cal level set
11-18 18:49:04.140 D/msm8974_platform(  948): platform_split_snd_device: snd_device(2) num devices(1) new_snd_devices(0)
11-18 18:49:04.140 D/ACDB-LOADER(  948): ACDB -> send_audvoltable
11-18 18:49:04.140 D/ACDB-LOADER(  948): ACDB -> ACDB_CMD_GET_AUDPROC_INSTANCE_GAIN_DEP_STEP_TABLE_SIZE
11-18 18:49:04.140 D/android.hardware.audio.service(  948): Failed to fetch the lookup information of the device 0000000F 
11-18 18:49:04.141 D/ACDB-LOADER(  948): Error: ACDB_CMD_GET_AUDPROC_INSTANCE_GAIN_DEP_STEP_TABLE_SIZE Returned = -19
11-18 18:49:04.141 D/ACDB-LOADER(  948): ACDB -> ACDB_CMD_GET_AUDPROC_INSTANCE_GAIN_DEP_STEP_TABLE, vol index 1
11-18 18:49:04.141 D/android.hardware.audio.service(  948): Failed to fetch the lookup information of the device 0000000F 
11-18 18:49:04.141 D/ACDB-LOADER(  948): Error: ACDB AudProc vol returned = -19
11-18 18:49:04.141 D/ACDB-LOADER(  948): ACDB -> AUDIO_SET_VOL_CAL cal type = 40
11-18 18:49:04.141 I/EpsMixer(  996): [13] setTrackEnabled(1) session(1337) track (208)
11-18 18:49:04.150 D/EpsMixerShimEngineStream(  996):  STREAM_TYPE_STATE change for session(1337): {
11-18 18:49:04.150 D/EpsMixerShimEngineStream(  996):     "is_initial": true,
11-18 18:49:04.150 D/EpsMixerShimEngineStream(  996):     "package": "android",
11-18 18:49:04.150 D/EpsMixerShimEngineStream(  996):     "session": 1337,
11-18 18:49:04.150 D/EpsMixerShimEngineStream(  996):     "state": {
11-18 18:49:04.150 D/EpsMixerShimEngineStream(  996):         "flags": {
11-18 18:49:04.150 D/EpsMixerShimEngineStream(  996):             "AMBISONIC_IN_FORMAT": false,
11-18 18:49:04.150 D/EpsMixerShimEngineStream(  996):             "FORMAT_UNSPECIFIED": true,
11-18 18:49:04.150 D/EpsMixerShimEngineStream(  996):             "HAS_SINGLE_OBJECT": false,
11-18 18:49:04.150 D/EpsMixerShimEngineStream(  996):             "HAS_SOUNDFIELD_FORMAT_INDICATOR": false,
11-18 18:49:04.150 D/EpsMixerShimEngineStream(  996):             "HAS_TRUE_AMBISONIC_FORMAT": false,
11-18 18:49:04.150 D/EpsMixerShimEngineStream(  996):             "HAS_VOLUMETRIC_TOKEN": false,
11-18 18:49:04.150 D/EpsMixerShimEngineStream(  996):             "IS_BUNDLED_FORMAT": false,
11-18 18:49:04.150 D/EpsMixerShimEngineStream(  996):             "IS_SINGULAR_FORMAT": false,
11-18 18:49:04.150 D/EpsMixerShimEngineStream(  996):             "IS_SUPPORTED_SOUNDFIELD_MASK": false,
11-18 18:49:04.150 D/EpsMixerShimEngineStream(  996):             "OBJECT_IN_FORMAT": false,
11-18 18:49:04.150 D/EpsMixerShimEngineStream(  996):             "PACKAGE_ALLOWED_FOR_WINDOW_AUDIO": true,
11-18 18:49:04.150 D/EpsMixerShimEngineStream(  996):             "PASSTHROUGH_IN_FORMAT": false,
11-18 18:49:04.150 D/EpsMixerShimEngineStream(  996):             "SPATIALIZATION_PERMITTED": true,
11-18 18:49:04.150 D/EpsMixerShimEngineStream(  996):             "STREAM_TYPE_SUPPORTED_FOR_WINDOW_AUDIO": false,
11-18 18:49:04.150 D/EpsMixerShimEngineStream(  996):             "TRACK_FLAGS_SUPPORT_SPATIALIZATION": true
11-18 18:49:04.150 D/EpsMixerShimEngineStream(  996):         },
11-18 18:49:04.150 D/EpsMixerShimEngineStream(  996):         "type": "EPS_STREAM_TYPE_UNKNOWN"
11-18 18:49:04.150 D/EpsMixerShimEngineStream(  996):     },
11-18 18:49:04.150 D/EpsMixerShimEngineStream(  996):     "state_start_time": 1763502544150
11-18 18:49:04.150 D/EpsMixerShimEngineStream(  996): }
11-18 18:49:04.151 D/EpsMixerShimEngineStream(  996): Duration of previous STREAM_TYPE_STATE for session(1337): {
11-18 18:49:04.151 D/EpsMixerShimEngineStream(  996):     "duration_ms": 0,
11-18 18:49:04.151 D/EpsMixerShimEngineStream(  996):     "package": "android",
11-18 18:49:04.151 D/EpsMixerShimEngineStream(  996):     "session": 1337,
11-18 18:49:04.151 D/EpsMixerShimEngineStream(  996):     "state": "stopped",
11-18 18:49:04.151 D/EpsMixerShimEngineStream(  996):     "state_start_time": 1763502544150
11-18 18:49:04.151 D/EpsMixerShimEngineStream(  996): }
11-18 18:49:04.215 E/        (    0): [drm:_sde_encoder_phys_wb_wait_for_commit_done:1264] [sde error]wb:2 kickoff timed out
11-18 18:49:04.215 E/        (    0): [drm:sde_kms_wait_for_commit_done:1214] [sde error]wait for commit done returned -110
11-18 18:49:04.256 V/DGW     ( 3571): V[handleFrame:775] DgwRetriableNetworkLayer handle frame
11-18 18:49:04.256 V/DGW     ( 3571): V[hasIngressTraffic:348] ConnectivityManager has ingress traffic.
11-18 18:49:04.256 V/DGW     ( 3571): V[handleFrame:775] DgwRetriableNetworkLayer handle frame
11-18 18:49:04.257 V/DGW     ( 3571): V[hasIngressTraffic:348] ConnectivityManager has ingress traffic.
11-18 18:49:04.282 I/Tracking( 1215): BOLT:HexagonTelemetry: Global DSP utilization: 4.34% (217 / 5002 ms), Scalar Util: 81.83%, HVX Util: 48.01%, HMX Util: 0.00%, DMA Active: 0.00%, Freq: 1497.6 MHz
11-18 18:49:04.282 I/Tracking( 1215): boltlib: Logging Rpc stats (detailed=false, onAbort=false)
11-18 18:49:04.282 I/Tracking( 1215): boltlib: DSP Rpc stats over 5002 ms: {"GraphModule":39,"HexagonCornerHarrisEdgeIndexedSlicesAsync":5,"HexagonPyramid3x3Async":21,"dd_boltnn_delegate":10,"dpe_encoder_fusion_boltnn_delegate":39,"dpe_encoder_image_backbone_boltnn_delegate":39}
11-18 18:49:04.304 I/SyncBossHAL(  979): [info   ] pulsar_manager.c(164): Setting controller ID 486bfdd6a5361743 LED config to period: 33332us, on-time: 19us, delay: 26498us
11-18 18:49:04.307 I/SyncBossFW(  666):  275963 [info   ] {NICE}: nice_set_frame_rate called on same period of 16666us
11-18 18:49:04.308 I/SyncBossFW(  666):  275965 [info   ] {NCM }: No slot with constellation capability found.
11-18 18:49:04.310 I/FrameSetCollator(  979): [{0,0},{1,0},{2,0},{3,0}] started at 2718.28
11-18 18:49:04.310 I/CameraHalOculus(  979): MonoCameraOculus.cpp:Start: Starting MonoCamera 0
11-18 18:49:04.303 I/CAM_ERR (    0): CAM-ISP: __cam_isp_ctx_config_dev_in_acquired: 5840 DBG: Config Dev in Acquired next state READY RC =  0
11-18 18:49:04.303 I/CAM_ERR (    0): CAM-ISP: __cam_isp_ctx_start_dev_in_ready: 6025 DBG: start device success ctx 0 state 1
11-18 18:49:04.303 I/CAM_ERR (    0): CAM-ISP: __cam_isp_ctx_start_dev_in_ready: 6056 DBG: Start in Ready next state ACTIVATED
11-18 18:49:04.311 I/SyncBossFW(  666):  275969 [info   ] {GCM }: general_cam_mgr_get_stream_info for cameras 0x4
11-18 18:49:04.304 I/CAM_ERR (    0): CAM-ISP: __cam_isp_ctx_start_dev_in_ready: 6074 DBG: start device success ctx 0 substate 1
11-18 18:49:04.319 I/CameraHalOculus(  979): MonoCameraOculus.cpp:Start: Starting MonoCamera 1
11-18 18:49:04.312 I/CAM_ERR (    0): CAM-ISP: __cam_isp_ctx_config_dev_in_acquired: 5840 DBG: Config Dev in Acquired next state READY RC =  0
11-18 18:49:04.312 I/CAM_ERR (    0): CAM-ISP: __cam_isp_ctx_start_dev_in_ready: 6025 DBG: start device success ctx 1 state 1
11-18 18:49:04.312 I/CAM_ERR (    0): CAM-ISP: __cam_isp_ctx_start_dev_in_ready: 6056 DBG: Start in Ready next state ACTIVATED
11-18 18:49:04.313 I/CAM_ERR (    0): CAM-ISP: __cam_isp_ctx_start_dev_in_ready: 6074 DBG: start device success ctx 1 substate 1
11-18 18:49:04.328 I/CameraHalOculus(  979): MonoCameraOculus.cpp:Start: Starting MonoCamera 2
11-18 18:49:04.320 I/CAM_ERR (    0): CAM-ISP: __cam_isp_ctx_config_dev_in_acquired: 5840 DBG: Config Dev in Acquired next state READY RC =  0
11-18 18:49:04.320 I/CAM_ERR (    0): CAM-ISP: __cam_isp_ctx_start_dev_in_ready: 6025 DBG: start device success ctx 2 state 1
11-18 18:49:04.320 I/CAM_ERR (    0): CAM-ISP: __cam_isp_ctx_start_dev_in_ready: 6056 DBG: Start in Ready next state ACTIVATED
11-18 18:49:04.321 I/CAM_ERR (    0): CAM-ISP: __cam_isp_ctx_start_dev_in_ready: 6074 DBG: start device success ctx 2 substate 1
11-18 18:49:04.325 E/        (    0): [drm:_sde_encoder_phys_wb_wait_for_commit_done:1264] [sde error]wb:2 kickoff timed out
11-18 18:49:04.325 E/        (    0): [drm:sde_kms_wait_for_commit_done:1214] [sde error]wait for commit done returned -110
11-18 18:49:04.336 I/CameraHalOculus(  979): MonoCameraOculus.cpp:Start: Starting MonoCamera 3
11-18 18:49:04.329 I/CAM_ERR (    0): CAM-ISP: __cam_isp_ctx_config_dev_in_acquired: 5840 DBG: Config Dev in Acquired next state READY RC =  0
11-18 18:49:04.329 I/CAM_ERR (    0): CAM-ISP: __cam_isp_ctx_start_dev_in_ready: 6025 DBG: start device success ctx 3 state 1
11-18 18:49:04.329 I/CAM_ERR (    0): CAM-ISP: __cam_isp_ctx_start_dev_in_ready: 6056 DBG: Start in Ready next state ACTIVATED
11-18 18:49:04.330 I/CAM_ERR (    0): CAM-ISP: __cam_isp_ctx_start_dev_in_ready: 6074 DBG: start device success ctx 3 substate 1
11-18 18:49:04.348 I/CameraClientManager(  979): [[IOT(1215)][iot]] stream start completed
11-18 18:49:04.348 D/CameraStream(  979): [iot] Client [IOT(1215)]: start complete
11-18 18:49:04.348 I/SyncBossFW(  666):  276006 [info   ] {GCM }: general_cam_mgr_start_streaming for cameras 0xf
11-18 18:49:04.348 V/MediaPlayer( 1447): resetDrmState:  mDrmInfo=null mDrmProvisioningThread=null mPrepareDrmInProgress=false mActiveDrmScheme=false
11-18 18:49:04.348 V/MediaPlayer( 1447): cleanDrmObj: mDrmObj=null mDrmSessionId=null
11-18 18:49:04.348 D/NuPlayerDriver( 1138): reset(0xee58dd20) at state 6
11-18 18:49:04.350 I/hw-BpHwBinder( 1138): onLastStrongRef automatically unlinking death recipients
11-18 18:49:04.350 W/mediaserver( 1138): Binder 0xedebd30c destroyed after setInheritRt before being parceled.
11-18 18:49:04.350 D/MediaCodec( 1138): flushMediametrics
11-18 18:49:04.351 D/MediaCodec( 1138): updateMediametrics(0xeddda000) ttff: 36ms, ttff_os: 34ms, init: 28ms ,configure: 1ms, start: 3ms, decode: 2ms, rendering: -1ms
11-18 18:49:04.351 I/hw-BpHwBinder( 1172): onLastStrongRef automatically unlinking death recipients
11-18 18:49:04.351 I/hw-BpHwBinder( 1172): onLastStrongRef automatically unlinking death recipients
11-18 18:49:04.351 D/NuPlayerDriver( 1138): notifyResetComplete(0xee58dd20)
11-18 18:49:04.352 W/AMessage( 1138): failed to post message as target looper for handler 0 is gone.
11-18 18:49:04.352 W/mediaserver( 1138): Binder 0xee741434 destroyed after setInheritRt before being parceled.
11-18 18:49:04.352 W/mediaserver( 1138): Binder 0xee739e5c destroyed after setInheritRt before being parceled.
11-18 18:49:04.352 W/mediaextractor( 1137): Binder 0xb4000079d8e1af38 destroyed after setInheritRt before being parceled.
11-18 18:49:04.353 I/Tracking( 1215): VisionInterface: [EVENT] Resuming IOT Engine
11-18 18:49:04.354 D/TrackingService( 1215): IOT standby to running completed
11-18 18:49:04.354 I/TrackingService( 1215): [                             iot] Power transition: STANDBY -> RUNNING transition time: 357 ms
11-18 18:49:04.354 I/[CT]    ( 3775): SP:IA:SPSPostProcessor: Received PostProcessingEvent: ded4f050-63d0-b9ff-b5e5-279ed63673ff, isPreemptionEvent: true, anchorCount: 0
11-18 18:49:04.354 I/TrackingService( 1215): [                   constellation] Power transition: STANDBY -> RUNNING transition time: 0 ms
11-18 18:49:04.354 D/TrackingService( 1215): [HANDTRACKINGGLUE] standbyToRunning
11-18 18:49:04.354 D/TrackingService( 1215): [HANDTRACKINGGLUE] handleStateChange muxMode=null
11-18 18:49:04.354 D/TrackingService( 1215): [HANDTRACKINGGLUE] startCapability
11-18 18:49:04.354 D/TrackingService( 1215): [HANDTRACKINGGLUE] resumeCapability
11-18 18:49:04.354 I/[CT]    ( 3775): SP:IA:SPSPostProcessor: Processing PostProcessingEvent: ded4f050-63d0-b9ff-b5e5-279ed63673ff, isPreemptionEvent: true, anchorCount: 0
11-18 18:49:04.354 I/[CT]    ( 3775): SP:SU:SessionSegmentUploadManager: Ignoring Request as Already Initialized
11-18 18:49:04.354 I/[CT]    ( 3775): SP:SU:SessionSegmentUploadManager: Setting UploadTriggerStage: 2
11-18 18:49:04.354 I/[CT]    ( 3775): SP:SU:SessionSegmentQueue: Rate Limiting Enabled: true
11-18 18:49:04.355 D/CameraStream(  979): [hand] Client [Hand(1215)] attempting start
11-18 18:49:04.355 I/FrameSetDispatcher(  979): [{0,0},{1,0},{2,0},{3,0}] Client pid=1215 (Hand): Client thread[{0,0},{1,0},{2,] started
11-18 18:49:04.355 I/CameraClientManager(  979): [Hand(1215)][hand] client started (estimated 1 started clients total)
11-18 18:49:04.355 I/CameraClientManager(  979): [[Hand(1215)][hand]] definitely starting stream
11-18 18:49:04.355 I/FrameSetCollator(  979): [{0,0},{1,0},{2,0},{3,0}] Skipping start, current start count: 2
11-18 18:49:04.355 I/CameraClientManager(  979): [[Hand(1215)][hand]] stream start completed
11-18 18:49:04.355 D/CameraStream(  979): [hand] Client [Hand(1215)]: start complete
11-18 18:49:04.363 I/EpsMixer(  996): [13] setTrackEnabled(0) session(1337) track (208)
11-18 18:49:04.375 I/Tracking( 1215): NIMBLE:HTEngineUtil: Loaded user profile path: /system/etc/handtracking/runtime/common/defaultProfile.msgpack
11-18 18:49:04.389 I/HorizonDsatHelper( 2808): fetchTokenValueAsync - callingPackage: com.oculus.userserver2, actionName: com.oculus.auth.ACTION_FETCH_HORIZON_DEVICE_SCOPED_CREDENTIALS
11-18 18:49:04.389 I/HorizonDsatHelper( 2808): fetchTokenAsync - forceRefresh: false, actionName: com.oculus.auth.ACTION_FETCH_HORIZON_DEVICE_SCOPED_CREDENTIALS
11-18 18:49:04.389 I/HorizonDsatHelper( 2808): Returning stored token
11-18 18:49:04.390 I/AuthLogger( 2808): Action succeeded: OBTAIN_TOKEN, callingPackage: com.oculus.userserver2, accountType: com.oculus, tokenType: dsat, extras: {logging_source=HorizonDsatHelper, options={"forceRefresh":false,"method":"fetchTokenValueAsync","isCachedToken":true}, token_scope=ROOT, outcome=token, status=success}, duration: 0ms
11-18 18:49:04.390 I/HorizonDsatHelper( 2808): fetchTokenAsync:: OnResult - callingPackage: com.oculus.userserver2, actionName: com.oculus.auth.ACTION_FETCH_HORIZON_DEVICE_SCOPED_CREDENTIALS, forceRefresh: false, isResultPresent: true
11-18 18:49:04.391 V/DGW     ( 3571): V[handleFrame:775] DgwRetriableNetworkLayer handle frame
11-18 18:49:04.391 V/DGW     ( 3571): V[hasIngressTraffic:348] ConnectivityManager has ingress traffic.
11-18 18:49:04.407 D/BatteryUsageBroadcastReceiver(20417): onReceive:android.intent.action.BATTERY_LEVEL_CHANGED
11-18 18:49:04.408 D/BatteryUsageBroadcastReceiver(20417): fetch data because of event: ACTION_BATTERY_LEVEL_CHANGED
11-18 18:49:04.409 D/OnDemandManager( 1151): On demand telemetry statsd fetched 0 statsd reports
11-18 18:49:04.409 D/OnDemandManager( 1151): On demand telemetry statsd fetched 0 samples
11-18 18:49:04.414 I/Tracking( 1215): NIMBLE:UnifiedHandBodyTracking:ExposureControl: [Exposure] Settings: Algorithm nimble Mode low_exposure, initial exposure 0.004000000189989805, initial gain 4
11-18 18:49:04.414 I/Tracking( 1215): NIMBLE:UnifiedHandBodyTracking:ExposureControl: [Exposure] Initializing hand auto exposure algorithm
11-18 18:49:04.414 I/Tracking( 1215): NIMBLE:ExposureControl: Initializing exposure control unit for 4 cameras
11-18 18:49:04.415 I/SyncBossFW(  666):  276072 [info   ] {CMTH}: First shutter for camera set (0x1) was sent 64407us after start
11-18 18:49:04.423 I/EpsMixer(  996): [13] removeTrack session(1337) track(208)
11-18 18:49:04.423 D/audioserver(  996): FGS Logger Transaction failed
11-18 18:49:04.423 D/audioserver(  996): -129
11-18 18:49:04.424 I/EpsMixer(  996): [13] removeSession session(1337) track(208)
11-18 18:49:04.424 D/msm8974_platform(  948): platform_split_snd_device: snd_device(2) num devices(1) new_snd_devices(0)
11-18 18:49:04.425 D/ACDB-LOADER(  948): ACDB -> send_audvoltable
11-18 18:49:04.425 D/ACDB-LOADER(  948): ACDB -> ACDB_CMD_GET_AUDPROC_INSTANCE_GAIN_DEP_STEP_TABLE_SIZE
11-18 18:49:04.425 D/android.hardware.audio.service(  948): Failed to fetch the lookup information of the device 0000000F 
11-18 18:49:04.425 D/ACDB-LOADER(  948): Error: ACDB_CMD_GET_AUDPROC_INSTANCE_GAIN_DEP_STEP_TABLE_SIZE Returned = -19
11-18 18:49:04.425 D/ACDB-LOADER(  948): ACDB -> ACDB_CMD_GET_AUDPROC_INSTANCE_GAIN_DEP_STEP_TABLE, vol index 0
11-18 18:49:04.425 D/android.hardware.audio.service(  948): Failed to fetch the lookup information of the device 0000000F 
11-18 18:49:04.425 D/ACDB-LOADER(  948): Error: ACDB AudProc vol returned = -19
11-18 18:49:04.425 D/ACDB-LOADER(  948): ACDB -> AUDIO_SET_VOL_CAL cal type = 40
11-18 18:49:04.425 W/audioserver(  996): Binder 0xb400007aee22da98 destroyed after setInheritRt before being parceled.
11-18 18:49:04.425 W/audioserver(  996): Binder 0xb400007aee30df38 destroyed after setInheritRt before being parceled.
11-18 18:49:04.425 W/audioserver(  996): Binder 0xb400007aee22db78 destroyed after setInheritRt before being parceled.
11-18 18:49:04.425 W/audioserver(  996): Binder 0xb400007aee3968c8 destroyed after setInheritRt before being parceled.
11-18 18:49:04.425 W/audioserver(  996): Binder 0xb400007aee3968c8 destroyed after setMinSchedulerPolicy before being parceled.
11-18 18:49:04.425 W/audioserver(  996): Binder 0xb400007aee22e5f8 destroyed after setInheritRt before being parceled.
11-18 18:49:04.425 W/audioserver(  996): Binder 0xb400007aee30ce08 destroyed after setInheritRt before being parceled.
11-18 18:49:04.425 W/audioserver(  996): Binder 0xb400007aee30e7a8 destroyed after setInheritRt before being parceled.
11-18 18:49:04.425 W/audioserver(  996): Binder 0xb400007aee3760b0 destroyed after setInheritRt before being parceled.
11-18 18:49:04.426 I/APM::AudioPolicyEngine(  996): getDevicesForStrategyInt no device found for strategy 9
11-18 18:49:04.426 D/EpsMixerShimEngineStream(  996): Duration of previous STREAM_TYPE_STATE for session(1337): {
11-18 18:49:04.426 D/EpsMixerShimEngineStream(  996):     "duration_ms": 275,
11-18 18:49:04.426 D/EpsMixerShimEngineStream(  996):     "package": "android",
11-18 18:49:04.426 D/EpsMixerShimEngineStream(  996):     "session": 1337,
11-18 18:49:04.426 D/EpsMixerShimEngineStream(  996):     "state": {
11-18 18:49:04.426 D/EpsMixerShimEngineStream(  996):         "flags": {
11-18 18:49:04.426 D/EpsMixerShimEngineStream(  996):             "AMBISONIC_IN_FORMAT": false,
11-18 18:49:04.426 D/EpsMixerShimEngineStream(  996):             "FORMAT_UNSPECIFIED": true,
11-18 18:49:04.426 D/EpsMixerShimEngineStream(  996):             "HAS_SINGLE_OBJECT": false,
11-18 18:49:04.426 D/EpsMixerShimEngineStream(  996):             "HAS_SOUNDFIELD_FORMAT_INDICATOR": false,
11-18 18:49:04.426 D/EpsMixerShimEngineStream(  996):             "HAS_TRUE_AMBISONIC_FORMAT": false,
11-18 18:49:04.426 D/EpsMixerShimEngineStream(  996):             "HAS_VOLUMETRIC_TOKEN": false,
11-18 18:49:04.426 D/EpsMixerShimEngineStream(  996):             "IS_BUNDLED_FORMAT": false,
11-18 18:49:04.426 D/EpsMixerShimEngineStream(  996):             "IS_SINGULAR_FORMAT": false,
11-18 18:49:04.426 D/EpsMixerShimEngineStream(  996):             "IS_SUPPORTED_SOUNDFIELD_MASK": false,
11-18 18:49:04.426 D/EpsMixerShimEngineStream(  996):             "OBJECT_IN_FORMAT": false,
11-18 18:49:04.426 D/EpsMixerShimEngineStream(  996):             "PACKAGE_ALLOWED_FOR_WINDOW_AUDIO": true,
11-18 18:49:04.426 D/EpsMixerShimEngineStream(  996):             "PASSTHROUGH_IN_FORMAT": false,
11-18 18:49:04.426 D/EpsMixerShimEngineStream(  996):             "SPATIALIZATION_PERMITTED": true,
11-18 18:49:04.426 D/EpsMixerShimEngineStream(  996):             "STREAM_TYPE_SUPPORTED_FOR_WINDOW_AUDIO": false,
11-18 18:49:04.426 D/EpsMixerShimEngineStream(  996):             "TRACK_FLAGS_SUPPORT_SPATIALIZATION": true
11-18 18:49:04.426 D/EpsMixerShimEngineStream(  996):         },
11-18 18:49:04.426 D/EpsMixerShimEngineStream(  996):         "type": "EPS_STREAM_TYPE_UNKNOWN"
11-18 18:49:04.426 D/EpsMixerShimEngineStream(  996):     },
11-18 18:49:04.426 D/EpsMixerShimEngineStream(  996):     "state_start_time": 1763502544150
11-18 18:49:04.426 D/EpsMixerShimEngineStream(  996): }
11-18 18:49:04.434 W/audioserver(  996): Binder 0xb400007aee22c838 destroyed after setInheritRt before being parceled.
11-18 18:49:04.434 W/audioserver(  996): Binder 0xb400007aee30e168 destroyed after setInheritRt before being parceled.
11-18 18:49:04.434 W/audioserver(  996): Binder 0xb400007aee22cde8 destroyed after setInheritRt before being parceled.
11-18 18:49:04.435 D/audioserver(  996): FGS Logger Transaction failed
11-18 18:49:04.435 D/audioserver(  996): -129
11-18 18:49:04.435 E/SyncBossHAL(  979): [error  ] syncboss_hal_impl_camera_v2_metadata.c(1003): Failed to match ov7251 frame to timestamp packet. cam_id: 1, tag: 16
11-18 18:49:04.435 E/SyncBossHAL(  979): [error  ] syncboss_hal_impl_camera_v2_metadata.c(1003): Failed to match ov7251 frame to timestamp packet. cam_id: 8, tag: 16
11-18 18:49:04.435 E/SyncBossHAL(  979): [error  ] syncboss_hal_impl_camera_v2_metadata.c(1003): Failed to match ov7251 frame to timestamp packet. cam_id: 4, tag: 16
11-18 18:49:04.435 E/SyncBossHAL(  979): [error  ] syncboss_hal_impl_camera_v2_metadata.c(1003): Failed to match ov7251 frame to timestamp packet. cam_id: 2, tag: 16
11-18 18:49:04.435 E/SensorService(  979): syncboss_camera_v2_get_frame_metadata(syncbossCamId: 1): rc: -5.
11-18 18:49:04.435 E/SensorService(  979): failed to handle frame metadata for cam 2 streamType 0, dropping frame!
11-18 18:49:04.435 E/SensorService(  979): syncboss_camera_v2_get_frame_metadata(syncbossCamId: 8): rc: -5.
11-18 18:49:04.435 E/SensorService(  979): failed to handle frame metadata for cam 3 streamType 0, dropping frame!
11-18 18:49:04.435 E/SensorService(  979): syncboss_camera_v2_get_frame_metadata(syncbossCamId: 4): rc: -5.
11-18 18:49:04.435 E/SensorService(  979): failed to handle frame metadata for cam 0 streamType 0, dropping frame!
11-18 18:49:04.435 E/SensorService(  979): syncboss_camera_v2_get_frame_metadata(syncbossCamId: 2): rc: -5.
11-18 18:49:04.435 E/SensorService(  979): failed to handle frame metadata for cam 1 streamType 0, dropping frame!
11-18 18:49:04.442 I/SDM     ( 1107): DisplayBase::SetDisplayState: Set state = 1, display 29-0, teardown = 0
11-18 18:49:04.435 E/        (    0): [drm:_sde_encoder_phys_wb_wait_for_commit_done:1264] [sde error]wb:2 kickoff timed out
11-18 18:49:04.435 E/        (    0): [drm:sde_kms_wait_for_commit_done:1214] [sde error]wait for commit done returned -110
11-18 18:49:04.436 I/[drm:dsi_display_set_mode] [msm-dsi-info](    0): mdp_transfer_time_us=0 us
11-18 18:49:04.436 I/[drm:dsi_display_set_mode] [msm-dsi-info](    0): hactive= 1920,vactive= 3664,fps=90
11-18 18:49:04.436 I/[drm:dsi_ctrl_isr_configure] [msm-dsi-info](    0): dsi-ctrl-0: IRQ 394 registered
11-18 18:49:04.436 I/[drm:dsi_ctrl_isr_configure] [msm-dsi-info](    0): dsi-ctrl-1: IRQ 395 registered
11-18 18:49:04.448 I/CompositorVR( 1752): Waited 0.363 seconds for first vsync
11-18 18:49:04.448 I/CompositorVR( 1752): WarpThreadInit: initializing slice timing...
11-18 18:49:04.448 I/CompositorVR( 1752): WarpThreadInit: initializing swap timing...
11-18 18:49:04.448 I/CompositorVR( 1752): WarpThreadInit: initializing adaptive compositor kickoff...
11-18 18:49:04.448 I/CompositorVR( 1752): WarpThreadInit: initializing compositor passthrough...
11-18 18:49:04.448 I/PassthroughInCompositorRenderer( 1752): Unsupported device. Won't initialize PTINC.
11-18 18:49:04.448 I/BackgroundPassthroughLogic( 1752): Compositor PT enabled: 0
11-18 18:49:04.448 I/CompositorVR( 1752): WarpThreadInit: initializing frosted glass...
11-18 18:49:04.451 I/Tracking( 1215): VIPER: Start initialization called: ResetNoFramesReceivedByFrontendForTooLong
11-18 18:49:04.452 I/Tracking( 1215): BoltSDK::Soc: [EVENT] DeepDescriptor: Hexagon ref count changed from 29 to 28
11-18 18:49:04.453 W/Distortion( 1752): Invalid headset type.  Configuring default Quest 1 distortion
11-18 18:49:04.454 I/Distortion( 1752): SetLensPositions - iad=0.0635, left offset=-0.002986,-0.00272, right offset=0.002986,-0.00272
11-18 18:49:04.454 I/Distortion( 1752): persist.debug.oculus.use.persisted.custom.fov = 0
11-18 18:49:04.454 I/DistortionMesh( 1752): LoadDistortionMeshFromMemory
11-18 18:49:04.455 I/Tracking( 1215): boltlib: Destroyed model dd_boltnn_delegate
11-18 18:49:04.455 I/Tracking( 1215): BoltSDK::Soc: [EVENT] TorchDelegate: Hexagon ref count changed from 28 to 27
11-18 18:49:04.455 I/Tracking( 1215): BoltSDK::Soc: [EVENT] DEFAULT HexagonPool:HarrisCornersDetector: Hexagon ref count changed from 27 to 26
11-18 18:49:04.455 I/Tracking( 1215): BoltSDK::Soc: [EVENT] DEFAULT HexagonPool:HarrisCorners: Hexagon ref count changed from 26 to 25
11-18 18:49:04.455 I/Tracking( 1215): BoltSDK::Soc: [EVENT] DEFAULT HexagonPool:PyramidInit3x3DSP: Hexagon ref count changed from 25 to 24
11-18 18:49:04.459 I/DistortionMesh( 1752): Eye 0, Plane Dir 0, Section 0
11-18 18:49:04.459 I/DistortionMesh( 1752):     Tile 0 :  Planes at (0.731354, 0.000000, -0.681998) + (-0.707107, 0.000000, -0.707107)
11-18 18:49:04.459 I/DistortionMesh( 1752):         => Culling Plane Normals are (0.731354, 0.000000, -0.681998) + (-0.707107, 0.000000, -0.707107)
11-18 18:49:04.459 I/DistortionMesh( 1752): Eye 0, Plane Dir 1, Section 0
11-18 18:49:04.459 I/DistortionMesh( 1752):     Tile 0 :  Planes at (-0.000000, -0.669131, -0.743145) + (0.000000, 0.642788, -0.766044)
11-18 18:49:04.459 I/DistortionMesh( 1752):         => Culling Plane Normals are (-0.000000, -0.669131, -0.743145) + (0.000000, 0.642788, -0.766044)
11-18 18:49:04.459 I/DistortionMesh( 1752): Eye 1, Plane Dir 0, Section 0
11-18 18:49:04.459 I/DistortionMesh( 1752):     Tile 0 :  Planes at (0.707107, 0.000000, -0.707107) + (-0.731354, 0.000000, -0.681998)
11-18 18:49:04.459 I/DistortionMesh( 1752):         => Culling Plane Normals are (0.707107, 0.000000, -0.707107) + (-0.731354, 0.000000, -0.681998)
11-18 18:49:04.459 I/DistortionMesh( 1752): Eye 1, Plane Dir 1, Section 0
11-18 18:49:04.459 I/DistortionMesh( 1752):     Tile 0 :  Planes at (-0.000000, -0.669131, -0.743145) + (0.000000, 0.642788, -0.766044)
11-18 18:49:04.459 I/DistortionMesh( 1752):         => Culling Plane Normals are (-0.000000, -0.669131, -0.743145) + (0.000000, 0.642788, -0.766044)
11-18 18:49:04.459 I/CompositorVR( 1752): WarpThreadInit: initializing explicit geometry...
11-18 18:49:04.460 I/CompositorVR( 1752): WarpThreadInit: initializing gaze control...
11-18 18:49:04.460 I/CompositorProgs( 1752): Start of BuildBaseShaders()
11-18 18:49:04.460 I/CompositorProgs( 1752): End of BuildBaseShaders(): took 0.028 ms.
11-18 18:49:04.460 I/CompositorVR( 1752): WarpThreadInit: setting warp thread to SCHED_FIFO.
11-18 18:49:04.460 I/CompositorVR( 1752): WarpThreadInit: setting affinity
11-18 18:49:04.460 I/LogTimer( 1752): CPUTIME: TimeWarp_WarpThreadInit took 426.2561 ms
11-18 18:49:04.460 I/CompositorVR( 1752): WarpThreadInit: WarpThreadInitialized.notify_one()
11-18 18:49:04.460 I/CompositorVR( 1752): WarpThreadInit(): WarpThreadInitDuration=0.4275s
11-18 18:49:04.460 I/CompositorVR( 1752): Waited 0.000 seconds for first call to warp swap.
11-18 18:49:04.460 I/CompositorVR( 1752): -------------- CompositorVR() End --------------
11-18 18:49:04.460 I/LogTimer( 1752): CPUTIME: Compositor_Init took 433.8052 ms
11-18 18:49:04.461 I/ClientMgr( 1752): ClientMgr::CompositorLifeCycleListenerImpl::onCompositorResume
11-18 18:49:04.461 I/CompositorVR( 1752): SetClientMgrTid: tid = 1959
11-18 18:49:04.461 I/ClientMgr( 1752): ClientMgr: RESUMING operation
11-18 18:49:04.461 I/ClientMgr( 1752): OnCompositorStart.
11-18 18:49:04.461 I/CompositorClientManager( 1752): Enable client 7
11-18 18:49:04.461 I/CompositorServer( 1752): EnableCompositorClient client(7): default aperture id(-4622292904021327867) layer placement(2147483647) flags(0) sm(0x7df7018010)
11-18 18:49:04.461 I/CompositorVR( 1752): CheckDebuggerConnected: debugger 0
11-18 18:49:04.461 I/CompositorServer( 1752): SysProp debug mode is disabled on Server side
11-18 18:49:04.461 I/CompositorVR( 1752): Global CAC is enabled (0x7)
11-18 18:49:04.461 I/ClientSurface( 1752): ClientSurface.SetOvrState: vr_compositor_3664x1920 ovrState=7
11-18 18:49:04.462 I/StrataComposer(  946): queueRefreshLocked: no layers shown, do immediate refresh
11-18 18:49:04.462 I/Tracking( 1215): BoltSDK::Soc: [EVENT] defaultMemPool: Hexagon ref count changed from 24 to 25
11-18 18:49:04.462 I/DisplayManagerService( 1447): vrCompositorReady: restore brightness updates
11-18 18:49:04.462 I/Tracking( 1215): BoltSDK::Soc: [EVENT] DEFAULT HexagonPool:PyramidInit3x3DSP: Hexagon ref count changed from 25 to 26
11-18 18:49:04.462 I/Tracking( 1215): BoltSDK::Soc: [EVENT] defaultMemPool: Hexagon ref count changed from 26 to 25
11-18 18:49:04.462 I/ClientSurface( 1752): ClientSurface.SetOvrState: vr_compositor_protected_3664x1920 ovrState=7
11-18 18:49:04.462 I/Tracking( 1215): BoltSDK::Soc: [EVENT] defaultMemPool: Hexagon ref count changed from 25 to 26
11-18 18:49:04.462 I/Tracking( 1215): BoltSDK::Soc: [EVENT] DEFAULT HexagonPool:HarrisCornersDetector: Hexagon ref count changed from 26 to 27
11-18 18:49:04.462 I/Tracking( 1215): BoltSDK::Soc: [EVENT] defaultMemPool: Hexagon ref count changed from 27 to 26
11-18 18:49:04.462 I/Tracking( 1215): BoltSDK::Soc: [EVENT] defaultMemPool: Hexagon ref count changed from 26 to 27
11-18 18:49:04.462 I/StrataComposer(  946): queueRefreshLocked: no layers shown, do immediate refresh
11-18 18:49:04.462 I/Tracking( 1215): BoltSDK::Soc: [EVENT] DEFAULT HexagonPool:HarrisCorners: Hexagon ref count changed from 27 to 28
11-18 18:49:04.462 I/Tracking( 1215): BoltSDK::Soc: [EVENT] defaultMemPool: Hexagon ref count changed from 28 to 27
11-18 18:49:04.462 I/Tracking( 1215): BoltSDK::Soc: [EVENT] DeepDescriptor: Hexagon ref count changed from 27 to 28
11-18 18:49:04.462 I/ClientSurface( 1752): ClientSurface.SetOvrState: vr_compositor_with_depth_test_3664x1920 ovrState=7
11-18 18:49:04.462 I/StrataComposer(  946): queueRefreshLocked: no layers shown, do immediate refresh
11-18 18:49:04.462 E/BrightnessSynchronizer( 1447): Brightness sync observer requesting synchronization a second time.
11-18 18:49:04.463 I/ServiceInputManager( 1752): OnResume
11-18 18:49:04.463 I/XrPerformanceManager( 1752): Switching MainState: from_state: InHomeVr -> to_state: ImmersiveAppVr
