11-18 18:22:20.279 I/Tracking( 1215): CONSTELLATION_Right: [Throttled count=24] Right: Imu state is invalid when querying vision state!
11-18 18:22:20.280 I/Tracking( 1215): CONSTELLATION_Right: [Throttled count=11] Right: Not reinitializing 6DoF filter yet (no valid pose from vision).
11-18 18:22:20.281 I/Tracking( 1215): CONSTELLATION:VISION_STATUS: 0xf67c929a891a75c5 (R): [#Samples=1] 720.398s | BlobDetection:[#BlobsDetected=(9.00, 0.00)]Matching:[MatchSuccess=0.000, MatchCost=(0.00000, 0.00000), #MatchedBlobs=(0.00, 0.00), #MatchedLeds=(0.00, 0.00), RematchM=0.000, SkipRefine=0.000] MatchMethod:[Prox=0.000, ConstBrute=0.000, AttiBrute=0.000, UnconstBrute=0.000] MatchResets[AnomBlobSize=0.000, SharedMatch=0.000, DenseReacq=0.000] | Fusion:[FusionError=0.000, ImuFromCamMs=(22.095, 0.000), RematchF=0.000] FusionUpdates:[Successful=0.000, Reliable=0.000, TightFusion=0.000, FullPose=0.000, StaticPrior=0.000, StaticForHandTrans=0.000, PoseUpdateMD=(0.0000, 0.0000)] FusionResets[6DoFReset=1.000, ResetSuccess=0.000] FusionStatus[HasPosition=0.000, HasVelocity=0.000]  [Current time=720.398s, last log time=0.000s]
11-18 18:22:20.281 I/Tracking( 1215): TIMESTAMPCHECKER: Received first Camera-Constellation capture timestamp: 720.397650000 [sec]. Time since start: 1715.862255728 [sec]
11-18 18:22:20.281 I/FrameSetDispatcher(  979): [{0,0},{1,0},{2,0},{3,0}] Client pid=1194 (MrSSCamS): Remove old Mux Mode 1: slot indices: SLOT_0 SLOT_2 
11-18 18:22:20.282 I/Vsync   ( 1752): Vsync 88:  2 x 11.14 ms (89.97 Hz, at 1715.882)
11-18 18:22:20.284 I/MRSS    ( 1194): MIXEDREALITY: MrFrameSetConsumerBase: finishConfigurationUpdate: frameType=1 sensor_config_gamma=0.6 hardcoded_gamma(used_in_prod)=0.6000000238418579.
11-18 18:22:20.286 I/FrameSetDispatcher(  979): [{0,0},{1,0},{2,0},{3,0}] Client pid=1215 (IOT): Remove old Mux Mode 1: slot indices: SLOT_0 SLOT_2 
11-18 18:22:20.286 I/TrackingService( 1215): [iot:iot] Configuration update starting
11-18 18:22:20.288 I/TrackingService( 1215): [iot:iot] Configuration update done
11-18 18:22:20.288 I/TrackingService( 1215): [iot:iot] Finish configuration update starting
11-18 18:22:20.288 I/TrackingService( 1215): [iot:iot] Finish configuration update done
11-18 18:22:20.288 I/MRSS    ( 1194): MIXEDREALITY: AndroidTexture: Feature blurGlacierTextures is enabled.
11-18 18:22:20.289 W/ProxyLayerLogic( 1752): Proxy layer (ID 1002, content 3) was ignored because its content layer could not be found
11-18 18:22:20.289 W/BackgroundPassthroughLogic( 1752): AppendServicePassthroughLayer: No layer available for BGPT
11-18 18:22:20.289 I/MRSS    ( 1194): MIXEDREALITY: PassthroughRenderingTelemetry: First image in session received at 120.6 ms delay.
11-18 18:22:20.291 I/MRSS    ( 1194): MIXEDREALITY: PassthroughPresentationLayerImpl: Allocating framebuffers for layer: 1002 of size: 640x640, color internal format: 0x822b, depth internal format: 0x0, swap chain length: 2, textureSamplingFilter: 1, 
11-18 18:22:20.292 D/SurfaceFlinger( 1110): Finished setting power mode 2 on display 4630946791093499009
11-18 18:22:20.292 D/SurfaceControl( 1447): Excessive delay in setPowerMode()
11-18 18:22:20.292 I/DisplayDeviceRepository( 1447): Display device changed state: "Tela integrada", ON
11-18 18:22:20.293 W/MRSS    ( 1194): MIXEDREALITY: CameraComputeCapability: WatchdogProbe: Frame Grayscale delayed for 45ms, expected max delay 45ms. 
11-18 18:22:20.293 D/DisplayManagerService( 1447): Ignore redundant display event 0/2 to 10109/3983
11-18 18:22:20.293 D/DisplayManagerService( 1447): Ignore redundant display event 0/2 to 10088/4829
11-18 18:22:20.297 D/SurfaceFlinger( 1110): Setting power mode 2 on display 4630946791093499009
11-18 18:22:20.298 I/DisplayModeControl( 1752): Requesting mode 49 for display 4630946791093499009
11-18 18:22:20.300 W/ProxyLayerLogic( 1752): Proxy layer (ID 1002, content 3) was ignored because its content layer could not be found
11-18 18:22:20.300 W/BackgroundPassthroughLogic( 1752): AppendServicePassthroughLayer: No layer available for BGPT
11-18 18:22:20.304 E/MRSS    ( 1194): MIXEDREALITY: ServiceLogic: Render mutex timeout: isColor=false
11-18 18:22:20.304 W/MRSS    ( 1194): MIXEDREALITY: CameraComputeCapability: WatchdogProbe: Frame Grayscale arrived after 56ms, expected max delay 45ms. 
11-18 18:22:20.305 W/MRSS    ( 1194): MIXEDREALITY: ServiceLogic: Unlock of ipc mutex grayscaleRenderDataMutex skipped.
11-18 18:22:20.305 I/MRSS    ( 1194): MIXEDREALITY: GlFramebufferFactory: framebuffer pool creating buffer (elements in pool=0)
11-18 18:22:20.305 I/MRSS    ( 1194): DEPTH: CvpDisparityPipeline: Warper has been successfully updated with online calibration.
11-18 18:22:20.310 I/MRSS    ( 1194): MIXEDREALITY: RectifiedCameraGeometry: Creating new rectified CameraGeometry
11-18 18:22:20.310 I/MRSS    ( 1194): STEREO_RECTIFIER: Use pyramid camera model (crop=false): n/a
11-18 18:22:20.311 W/ProxyLayerLogic( 1752): Proxy layer (ID 1002, content 3) was ignored because its content layer could not be found
11-18 18:22:20.311 W/BackgroundPassthroughLogic( 1752): AppendServicePassthroughLayer: No layer available for BGPT
11-18 18:22:20.312 I/GuardianCollisionTracker( 2387): Guardian HMD Collision: Magnitude: 5.282, Duration: -1.000 sec, TimeStamp: 1595.840698 sec
11-18 18:22:20.314 I/MRSS    ( 1194): MIXEDREALITY: GlFramebufferFactory: framebuffer pool miss (pool was empty=true). GlobalCount: 1
11-18 18:22:20.315 I/VrRuntimeService( 1752): CreateSwapChain: 4258670078
11-18 18:22:20.315 I/VrRuntimeService( 1752): CreateSwapChain: api:gles 2 0x822b 640 640 1 2 2 0 3
11-18 18:22:20.316 I/RefreshRateSelector( 1110): Display 4630946791093499009 policy changed
11-18 18:22:20.316 I/RefreshRateSelector( 1110): Previous: {defaultModeId=30, allowGroupSwitching=false, primaryRanges={physical=[0.00 Hz, 340282346638528859811704183484516925440.00 Hz], render=[0.00 Hz, 340282346638528859811704183484516925440.00 Hz]}, appRequestRanges={physical=[0.00 Hz, 340282346638528859811704183484516925440.00 Hz], render=[0.00 Hz, 340282346638528859811704183484516925440.00 Hz]}}
11-18 18:22:20.316 I/RefreshRateSelector( 1110): Current:  DisplayManagerPolicy{defaultModeId=48, allowGroupSwitching=false, primaryRanges={physical=[0.00 Hz, 340282346638528859811704183484516925440.00 Hz], render=[0.00 Hz, 340282346638528859811704183484516925440.00 Hz]}, appRequestRanges={physical=[0.00 Hz, 340282346638528859811704183484516925440.00 Hz], render=[0.00 Hz, 340282346638528859811704183484516925440.00 Hz]}}
11-18 18:22:20.316 I/RefreshRateSelector( 1110): 1 mode changes were performed under the previous policy
11-18 18:22:20.317 W/HWComposer( 1110): Ignoring duplicate VSYNC event from HWC for display 4630946791093499009 (t=1715915989000)
11-18 18:22:20.317 I/@@@     ( 1752): surface: SUCCESS posting result to queue
11-18 18:22:20.317 I/CompositorServer( 1752): CreateTextureSwapChain: result importswapchainfromdevice 1
11-18 18:22:20.318 D/VrEmptyLockscreen( 2120): showLockscreen() called
11-18 18:22:20.318 I/SDM     ( 1107): HWCDisplay::SetActiveConfig: Active configuration changed to: 48
11-18 18:22:20.320 I/Tracking( 1215): VEGA_MAPPER: In-place context switching occurred. Evicting context: cc6a8615-ae39-f7c3-f962-1c3b7eca506f
11-18 18:22:20.320 I/SDM     ( 1107): HWDeviceDRM::UpdateMixerAttributes: Mixer WxH 1920x3664-1 for Peripheral
11-18 18:22:20.321 I/DisplayDeviceRepository( 1447): Display device changed: DisplayDeviceInfo{"Tela integrada": uniqueId="local:4630946791093499009", 3664 x 1920, modeId 49, renderFrameRate 72.00001, defaultModeId 1, supportedModes [{id=1, width=3664, height=1920, fps=120.00001, alternativeRefreshRates=[60.000004, 61.000004, 62.0, 63.000004, 64.0, 65.0, 66.0, 67.0, 68.0, 69.0, 70.0, 71.0, 72.00001, 73.0, 74.0, 75.0, 76.00001, 77.00001, 78.00001, 79.00001, 80.0, 81.0, 82.00001, 83.00001, 84.00001, 85.00001, 86.00001, 87.00001, 88.0, 89.0, 90.0, 91.00001, 92.0, 93.0, 94.00001, 95.00001, 96.00001, 97.0, 98.00001, 99.0, 100.0, 101.0, 102.00001, 103.00001, 104.00001, 105.00001, 106.0, 107.00001, 108.0, 109.00001, 110.0, 111.0, 112.00001, 113.00001, 114.00001, 115.0, 116.00001, 117.00001, 118.0, 119.00001], supportedHdrTypes=[2, 3, 4]}, {id=2, width=3664, height=1920, fps=119.00001, alternativeRefreshRates=[60.000004, 61.000004, 62.0, 63.000004, 64.0, 65.0, 66.0, 67.0, 68.0, 69.0, 70.0, 71.0, 72.00001, 73.0, 74.0, 75.0, 76.00001, 77.00001, 78.00001, 79.00001, 80.0, 81.0, 82.00001, 83.00001, 84.00001, 85.00001, 86.00001, 87.00001, 88.0, 89.0, 90.0, 91.00001, 92.0, 93.0, 94.00001, 95.00001, 96.00001, 97.0, 98.00001, 99.0, 100.0, 101.0, 102.00001, 103.00001, 104.00001, 105.00001, 106.0, 107.00001, 108.0, 109.00001, 110.0, 111.0, 112.00001, 113.00001, 114.00001, 115.0, 116.00001, 117.00001, 118.0, 120.00001], supportedHdrTypes=[2, 3, 4]}, {id=3, width=3664, height=1920, fps=118.0, alternativeRefreshRates=[60.000004, 61.000004, 62.0, 63.000004, 64.0, 65.0, 66.0, 67.0, 68.0, 69.0, 70.0, 71.0, 72.00001, 73.0, 74.0, 75.0, 76.00001, 77.00001, 78.00001, 79.00001, 80.0, 81.0, 82.00001, 83.00001, 84.00001, 85.00001, 86.00001, 87.00001, 88.0, 89.0, 90.0, 91.00001, 92.0, 93.0, 94.00001, 95.00001, 96.00001, 97.0, 98.00001, 99.0, 100.0, 101.0, 102.00001, 103.00001, 104.00001, 105.00001, 106.0, 107.00001, 108.0, 109.00001, 110.0, 111.0, 112.00001, 113.00001, 114.00001, 115.0, 116.00001, 117.00001, 119.00001, 120.00001], supportedHdrTypes=[2, 3, 4]}, {id=4, width=3664, height=1920, fps=117.00001, alternativeRefreshRates=[60.000004, 61.000004, 62.0, 63.000004, 64.0, 65.0, 66.0, 67.0, 68.0, 69.0, 70.0, 71.0, 72.00001, 73.0, 74.0, 75.0, 76.00001, 77.00001, 78.00001, 79.00001, 80.0, 81.0, 82.00001, 83.00001, 84.00001, 85.00001, 86.00001, 87.00001, 88.0, 89.0, 90.0, 91.00001, 92.0, 93.0, 94.00001, 95.00001, 96.00001, 97.0, 98.00001, 99.0, 100.0, 101.0, 102.00001, 103.00001, 104.00001, 105.00001, 106.0, 107.00001, 108.0, 109.00001, 110.0, 111.0, 112.00001, 113.00001, 114.00001, 115.0, 116.00001, 118.0, 119.00001, 120.00001], supportedHdrTypes=[2, 3, 4]}, {id=5, width=3664, height=1920, fps=116.00001, alternativeRefreshRates=[60.000004, 61.000004, 62.0, 63.000004, 64.0, 65.0, 66.0, 67.0, 68.0, 69.0, 70.0, 71.0, 72.00001, 73.0, 74.0, 75.0, 76.00001, 77.00001, 78.00001, 79.00001, 80.0, 81.0, 82.00001, 83.00001, 84.00001, 85.00001, 86.00001, 87.00001, 88.0, 89.0, 90.0, 91.00001, 92.0, 93.0, 94.00001, 95.00001, 96.00001, 97.0, 98.00001, 99.0, 100.0, 101.0, 102.00001, 103.00001, 104.00001, 105.00001, 106.0, 107.00001, 108.0, 109.00001, 110.0, 111.0, 112.00001, 113.00001, 114.00001, 115.0, 117.00001, 118.0, 119.00001, 120.00001], supportedHdrTypes=[2, 3, 4]}, {id=6, width=3664, height=1920, fps=115.0, alternativeRefreshRates=[60.000004, 61.000004, 62.0, 63.000004, 64.0, 65.0, 66.0, 67.0, 68.0, 69.0, 70.0, 71.0, 72.00001, 73.0, 74.0, 75.0, 76.00001, 77.00001, 78.00001, 79.00001, 80.0, 81.0, 82.00001, 83.00001, 84.00001, 85.00001, 86.00001, 87.00001, 88.0, 89.0, 90.0, 91.00001, 92.0, 93.0, 94.00001, 95.00001, 96.00001, 97.0, 98.00001, 99.0, 100.0, 101.0, 102.00001, 103.00001, 104.00001, 105.00001, 106.0, 107.00001, 108.0, 109.00001, 110.0, 111.0, 112.00001, 113.00001, 114.00001, 116.00001, 117.00001, 118.0, 119.00001, 120.00001], supportedHdrTypes=[2, 3, 4]}, {id=7, width=3664, height=1920, fps=114.00001, alternativeRefreshRates=[60.000004, 61.000004, 62.0, 63.000004, 64.0, 65.0, 66.0, 67.0, 68.0, 69.0, 70.0, 71.0, 72.00001, 73.0, 74.0, 75.0, 76.00001, 77.0
11-18 18:22:20.322 D/DisplayManagerService( 1447): Ignore redundant display event 0/2 to 10109/3983
11-18 18:22:20.322 D/DisplayManagerService( 1447): Ignore redundant display event 0/2 to 10088/4829
11-18 18:22:20.322 W/ProxyLayerLogic( 1752): Proxy layer (ID 1002, content 3) was ignored because its content layer could not be found
11-18 18:22:20.322 W/BackgroundPassthroughLogic( 1752): AppendServicePassthroughLayer: No layer available for BGPT
11-18 18:22:20.329 E/ShellHsr( 3392): Physics: Invalid sphere radius 0
11-18 18:22:20.329 E/ShellHsr( 3392): Physics: Invalid sphere shape
11-18 18:22:20.329 E/ShellHsr( 3392): Physics: PhysxShape::activate() failed ("", ent ID 1193155): Failed to initialize primitive Shape, Result = ErrorInvalidArg
11-18 18:22:20.329 E/ShellHsr( 3392): Physics: Failed to activate shape ("", ent ID 1193155) (parent (invalid entity)): PhysxShape::activate() failed
11-18 18:22:20.329 E/ShellHsr( 3392): Physics: Invalid sphere radius 0
11-18 18:22:20.329 E/ShellHsr( 3392): Physics: Invalid sphere shape
11-18 18:22:20.329 E/ShellHsr( 3392): Physics: PhysxShape::activate() failed ("", ent ID 1193156): Failed to initialize primitive Shape, Result = ErrorInvalidArg
11-18 18:22:20.329 E/ShellHsr( 3392): Physics: Failed to activate shape ("", ent ID 1193156) (parent (invalid entity)): PhysxShape::activate() failed
11-18 18:22:20.329 E/ShellHsr( 3392): Physics: Invalid sphere radius 0
11-18 18:22:20.329 E/ShellHsr( 3392): Physics: Invalid sphere shape
11-18 18:22:20.329 E/ShellHsr( 3392): Physics: PhysxShape::activate() failed ("", ent ID 1193157): Failed to initialize primitive Shape, Result = ErrorInvalidArg
11-18 18:22:20.329 E/ShellHsr( 3392): Physics: Failed to activate shape ("", ent ID 1193157) (parent (invalid entity)): PhysxShape::activate() failed
11-18 18:22:20.332 D/InputDispatcher( 1447): No new touched window at (1.0, 1.0) in display 0
11-18 18:22:20.332 I/InputDispatcher( 1447): Dropping event because there is no touchable window at (1.0, 1.0) on display 0.
11-18 18:22:20.334 I/Tracking( 1215): VEGA_MAPPER: == Initializing a new Map Context ==
11-18 18:22:20.334 E/MRSS    ( 1194): MIXEDREALITY: ServiceLogic: Render mutex timeout: isColor=false
11-18 18:22:20.335 W/MRSS    ( 1194): MIXEDREALITY: ServiceLogic: Unlock of ipc mutex grayscaleRenderDataMutex skipped.
11-18 18:22:20.332 I/[drm:dsi_display_set_mode] [msm-dsi-info](    0): mdp_transfer_time_us=0 us
11-18 18:22:20.332 I/[drm:dsi_display_set_mode] [msm-dsi-info](    0): hactive= 1920,vactive= 3664,fps=72
11-18 18:22:20.339 W/ProxyLayerLogic( 1752): Proxy layer (ID 1002, content 3) was ignored because its content layer could not be found
11-18 18:22:20.339 W/BackgroundPassthroughLogic( 1752): AppendServicePassthroughLayer: No layer available for BGPT
11-18 18:22:20.341 I/InputDispatcher( 1447): Dropping event because the pointer for device -1 is not down or we previously dropped the pointer down event in display 0: MotionEvent
11-18 18:22:20.341 D/UserSwitchHelper( 2120): hide()
11-18 18:22:20.344 V/DGW     ( 3571): V[handleFrame:775] DgwRetriableNetworkLayer handle frame
11-18 18:22:20.344 V/DGW     ( 3571): V[hasIngressTraffic:348] ConnectivityManager has ingress traffic.
11-18 18:22:20.348 W/PowerManagerService( 1447): Screen on took 1089 ms
11-18 18:22:20.351 I/Vsync   ( 1752): Vsync 93:  1 x 11.14 ms (72.00 Hz, at 1715.951)
11-18 18:22:20.351 W/ProxyLayerLogic( 1752): Proxy layer (ID 1002, content 3) was ignored because its content layer could not be found
11-18 18:22:20.351 W/BackgroundPassthroughLogic( 1752): AppendServicePassthroughLayer: No layer available for BGPT
11-18 18:22:20.354 I/Tracking( 1215): LocalizationStateMachine: Reset reloc timer for new frontend session and start relocalizing.
11-18 18:22:20.354 I/Tracking( 1215): LocalizationStateMachine: LocalizationStateMachine updated from NoAction to FineLocalizationOnly
11-18 18:22:20.354 I/OpenXR_GPUMemTrace( 1194): Swapchain creation, id=430, idx=0, MemoryAllocationSize: 1621 KB
11-18 18:22:20.354 I/OpenXR_GPUMemTrace( 1194): Swapchain creation, id=430, idx=1, MemoryAllocationSize: 1621 KB
11-18 18:22:20.358 I/VrRuntimeClient( 1194): UpdateEvents: HMT was mounted
11-18 18:22:20.359 D/XrApp   ( 2120): RenderThread started
11-18 18:22:20.359 D/UI      ( 2120): Creating VrUiRenderer: nativeWindow_ is 0xb400007de3edb010
11-18 18:22:20.359 D/VrEmptyLockscreen( 2120): populateUsers()
11-18 18:22:20.359 D/UserSwitchHelper( 2120): populateUsers()
11-18 18:22:20.360 D/XrApp   ( 2120): Initializing runtime...
11-18 18:22:20.360 D/UserSwitchPanel( 2120): populateUsers()
11-18 18:22:20.360 I/VrApi   ( 2120): ---------- vrapi_EnterVrMode [start] ----------
11-18 18:22:20.360 W/VrRuntimeClient( 2120): useHzInterstitialCBGKEnabled not enabled
11-18 18:22:20.361 D/VrEmptyLockscreen( 2120): updateFocusedUser(0)
11-18 18:22:20.361 D/VrFocus ( 1226): Received XR_SESSION_STATE_VISIBLE for pid: 2120, uid: 1000
11-18 18:22:20.362 I/Vsync   ( 1752): Vsync 94:  1 x 11.15 ms (72.00 Hz, at 1715.962)
11-18 18:22:20.362 D/[UNSET] ShellApplication( 3392): New TopActivityChanged event: topActivity=com.oculus.browser, isHomeActive=false, isInVrui=true
11-18 18:22:20.362 I/EnvironmentBlendModeHelper( 1752): Client 1 (/system_ext/bin/mrsystemservice) changed environment blend mode to OPAQUE
11-18 18:22:20.362 I/CompositorVR( 1752): Passthrough usage state changed: app 0, guardian 0, shell 1, system 0
11-18 18:22:20.362 I/CompositorVR( 1752): Overall Passthrough usage state changed to used
11-18 18:22:20.362 D/VrFocus ( 1226): VrFocusEventReporter: reportImmersiveAppUpdate
11-18 18:22:20.362 W/VrRuntimeClient( 2120): useHzInterstitialCBGKEnabled not enabled
11-18 18:22:20.363 I/MRSS    ( 1194): MIXEDREALITY: MrServiceController: VrFocusManager::Top Activity Changed, topActivity now is: 'com.oculus.browser', immersiveApp now is: 'com.oculus.os.vrlockscreen'.
11-18 18:22:20.363 I/FocusedClientsListener( 1752): onTopActivityChanged: Updated TopActivityChangeEvent - topActivityName: com.oculus.browser, immersiveAppPackageName: com.oculus.os.vrlockscreen, isImmersiveAppTopActivity: true
11-18 18:22:20.363 I/ClientMgr( 1752): OnForegroundVrAppClient: uid 1000 pid 2120 hasImmersiveApp 1 isTopActivity 1 --> com.oculus.os.vrlockscreen, show splash = 1
11-18 18:22:20.363 I/ClientMgr( 1752): ClientMgr::SetForegroundClient: ID changed: -1076211432->-572736366
11-18 18:22:20.363 I/ClientMgr( 1752): ClientMgr::SetForegroundClient: 2120:com.oculus.os.vrlockscreen type 0
11-18 18:22:20.363 I/UnifiedTelemetryWrapper( 1752): Setting destination as com.oculus.os.vrlockscreen
11-18 18:22:20.363 I/InterstitialManager( 1752): Foreground app change: immersiveApp com.oculus.os.vrlockscreen, renderingEnabled: 0. submittedFrames: 0
11-18 18:22:20.363 I/DRR     ( 2120): DRR is supported: 1
11-18 18:22:20.363 I/DRR     ( 2120): DRR is enabled: 0
11-18 18:22:20.364 E/[SUI] BackgroundActivityManager( 4829): CALL item not currently in display
11-18 18:22:20.364 I/XrPerformanceManager( 1752): [EVENT] Performance profile changed to: COLLABORATION
11-18 18:22:20.364 I/ClientMgr( 1752): Performance event: PROFILE_CHANGED to 3.
11-18 18:22:20.364 I/InterstitialManager( 1752): Update: Current client changed to immersiveApp package com.oculus.os.vrlockscreen, renderingEnabled=0, submittedFrames=0
11-18 18:22:20.364 I/InterstitialManager( 1752): ComputeRequiredInterstitials: com.oculus.os.vrlockscreen enabled for rendering: 0
11-18 18:22:20.364 I/InterstitialRenderer( 1752): SetTransitionType: background=1
11-18 18:22:20.364 I/InterstitialRenderer( 1752): ovrInterstitialRenderer::Start frameType=2, clientPackageName=com.oculus.os.vrlockscreen, description=Black frame over passthrough for OS Dialog launchId=
11-18 18:22:20.364 I/CompositorClientManager( 1752): Enable client 0
11-18 18:22:20.364 I/CompositorServer( 1752): EnableCompositorClient client(0): default aperture id(0) layer placement(252) flags(8) sm(0x7dd74e4458)
11-18 18:22:20.365 I/InterstitialRendererLoggerSession( 1752): ---------- InterstitialRenderer LoggerSession Begin ----------
11-18 18:22:20.365 I/InterstitialRendererLoggerSession( 1752): ID: 16a674287552e2b855765b76ec4c2afc
11-18 18:22:20.365 I/InterstitialRendererLoggerSession( 1752): Frame Type: Black[2]
11-18 18:22:20.365 I/InterstitialRendererLoggerSession( 1752): Event Type: start
11-18 18:22:20.365 I/InterstitialRendererLoggerSession( 1752): Status: Started [3]
11-18 18:22:20.365 I/InterstitialRendererLoggerSession( 1752): [Start Time 1715964]
11-18 18:22:20.365 I/InterstitialRendererLoggerSession( 1752): 	 [event_type: start]
11-18 18:22:20.365 I/InterstitialRendererLoggerSession( 1752): 	 [launch_id: ]
11-18 18:22:20.365 I/InterstitialRendererLoggerSession( 1752): 	 [last_top_activity_start: com.oculus.browser]
11-18 18:22:20.365 I/InterstitialRendererLoggerSession( 1752): 	 [top_activity_start: com.oculus.browser]
11-18 18:22:20.365 I/InterstitialRendererLoggerSession( 1752): 	 [description: Black frame over passthrough for OS Dialog]
11-18 18:22:20.365 I/InterstitialRendererLoggerSession( 1752): 	 [client_package_name: com.oculus.os.vrlockscreen]
11-18 18:22:20.365 I/InterstitialRendererLoggerSession( 1752): 	 [transition_type: 1]
11-18 18:22:20.365 I/InterstitialRendererLoggerSession( 1752): 	 [frame_type: 2]
11-18 18:22:20.365 I/InterstitialRendererLoggerSession( 1752): 
11-18 18:22:20.365 I/InterstitialRendererLoggerSession( 1752): ---------- InterstitialRenderer LoggerSession End ----------
11-18 18:22:20.365 I/InterstitialRendererLoggerSession( 1752): SessionId: 16a674287552e2b855765b76ec4c2afc, Event: start, FrameType: Black, Reason: Black frame over passthrough for OS Dialog, Duration: 0
11-18 18:22:20.365 I/InterstitialRenderer( 1752): Starting logsoftTimer_
11-18 18:22:20.365 I/InterstitialRenderer( 1752): Starting broadcastTimer_
11-18 18:22:20.366 I/ClientSurface( 1752): ClientSurface.SetOvrState: vr_compositor_3664x1920 ovrState=23
11-18 18:22:20.368 V/DGW     ( 3571): V[handleFrame:775] DgwRetriableNetworkLayer handle frame
11-18 18:22:20.368 V/DGW     ( 3571): V[hasIngressTraffic:348] ConnectivityManager has ingress traffic.
11-18 18:22:20.369 I/[SEO] GuardianController( 3392): [MaybeUpdateInterstitialRequest] Received an updated Guardian interstitial of type NONE with reason TRANSITION_TO_AUTO_STATIONARY
11-18 18:22:20.369 I/[SEO] GuardianController( 3392): [MaybeUpdateInterstitialRequest] Replacing interstitial type NONE with type NONE because reason is TRANSITION_TO_AUTO_STATIONARY, and we do not want to submit black nor loading dots for this reason
11-18 18:22:20.369 I/[SEO] GuardianController( 3392): [MaybeUpdateInterstitialRequest] Requesting interstitial type NONE for interstitial reason TRANSITION_TO_AUTO_STATIONARY
11-18 18:22:20.370 I/VrRuntimeService( 1752): RuntimeServiceSDKServer::UpdateInterstitialRequest 0
11-18 18:22:20.370 I/InterstitialManager( 1752): Guardian request: none
11-18 18:22:20.370 I/PreferenceListener( 1752): Preference 'is_displaying_passthrough_content' set to 1
11-18 18:22:20.370 I/VrRuntimeService( 1752): Input preference 'is_displaying_passthrough_content' changed from 0 to 1
11-18 18:22:20.370 I/SyncBossHAL(  979): [info   ] syncboss_hal_input_controller.c(179): Controller f67c929a891a75c5 battery level changed: 0% -> 30%
11-18 18:22:20.370 I/VrRuntimeClient( 6962): UpdateEvents: Detected LOCAL_FLOOR reference space update. Sending reference space update event
11-18 18:22:20.370 I/VrRuntimeClient( 6962): UpdateEvents: Detected LOCAL reference space update. Sending reference space update event
11-18 18:22:20.370 I/chromium( 6962): [INFO:device/vr/openxr/openxr_api_wrapper.cc:2040] XR_TYPE_EVENT_DATA_REFERENCE_SPACE_CHANGE_PENDING for space 2
11-18 18:22:20.371 W/ShellHsr( 3392): Entity: Failed to activate asset 0:0:0 for component horizon::physics::ShapeComponent on entity 1193155 (ErrorInvalidArg).
11-18 18:22:20.371 W/ShellHsr( 3392): Entity: Failed to activate asset 0:0:0 for component horizon::physics::ShapeComponent on entity 1193156 (ErrorInvalidArg).
11-18 18:22:20.371 W/ShellHsr( 3392): Entity: Failed to activate asset 0:0:0 for component horizon::physics::ShapeComponent on entity 1193157 (ErrorInvalidArg).
11-18 18:22:20.371 I/GuardianFocusListener( 2387): [GuardianFocusListener::onTopActivityChanged] updated TopActivityChangeEvent - topActivityName: com.oculus.browser, immersiveAppPackageName: com.oculus.os.vrlockscreen, isImmersiveAppTopActivity: true
11-18 18:22:20.372 D/SensorService(  979): Syncboss input 486bfdd6a5361743 hardware type 4, subtype 1, revision 0x09
11-18 18:22:20.372 I/SensorService(  979): preparePairedControllerInfo is adding device with valid 1
11-18 18:22:20.372 D/SensorService(  979): Syncboss input f67c929a891a75c5 hardware type 4, subtype 2, revision 0x09
11-18 18:22:20.372 I/SensorService(  979): preparePairedControllerInfo is adding device with valid 1
11-18 18:22:20.373 D/SensorService(  979): stateChangeNotifierFunc(): Reporting controller info. Change token: 52, paired=2 connected=2
11-18 18:22:20.373 D/ControllerManagement( 2125): processStateChange([PairedControllerInfo JEDI 486bfdd6a5361743 connected detached mcnt=0])
11-18 18:22:20.373 I/[SEO] ShellApp( 3392): Top Activity changed to: com.oculus.browser, isHomeActive active: 0, is in VRUI: 1
11-18 18:22:20.375 D/SensorService(  979): Found paired controllers: 2
11-18 18:22:20.375 D/SensorService(  979): Syncboss input 486bfdd6a5361743 hardware type 4, subtype 1, revision 0x09
11-18 18:22:20.375 I/SensorService(  979): preparePairedControllerInfo is adding device with valid 1
11-18 18:22:20.375 D/SensorService(  979): Syncboss input f67c929a891a75c5 hardware type 4, subtype 2, revision 0x09
11-18 18:22:20.375 I/SensorService(  979): preparePairedControllerInfo is adding device with valid 1
11-18 18:22:20.375 D/ControllerManagement( 2125): processStateChange([PairedControllerInfo JEDI f67c929a891a75c5 connected detached mcnt=0])
11-18 18:22:20.376 W/TrackingService( 1215): Timeout: (power: STANDBY, mux: --) => (power: RUNNING, mux: --), Observer=hand, Timeouts=0, slowTimeouts=1
11-18 18:22:20.378 D/SensorService(  979): Found paired controllers: 2
11-18 18:22:20.378 D/SensorService(  979): Syncboss input 486bfdd6a5361743 hardware type 4, subtype 1, revision 0x09
11-18 18:22:20.378 I/SensorService(  979): preparePairedControllerInfo is adding device with valid 1
11-18 18:22:20.378 D/SensorService(  979): Syncboss input f67c929a891a75c5 hardware type 4, subtype 2, revision 0x09
11-18 18:22:20.378 I/SensorService(  979): preparePairedControllerInfo is adding device with valid 1
11-18 18:22:20.381 W/FrameSetDispatcher(  979): [{0,0},{1,0},{2,0},{3,0}] Client pid=1194 (MrSSCamS): client is taking longer than 33ms to return FrameSets (1x in the past 0.210s)
11-18 18:22:20.381 D/[SEO] HostPlatformPackages( 3392): app.isMvanLaunchRestricted in HostPlatformPackages false
11-18 18:22:20.382 D/[SEO] HostPlatformPackages( 3392): packageName (trying to launch): com.oculus.browser
11-18 18:22:20.382 D/[SEO] HostPlatformPackages( 3392): isUpdateDialogDisabledByDefault=true, disableUpdatesForSideLoadedApps=true, shouldShowUpdateDialog=false
11-18 18:22:20.382 I/ClientSurface( 1752): ClientSurface.SetOvrState: vr_compositor_protected_3664x1920 ovrState=23
11-18 18:22:20.382 I/ClientSurface( 1752): ClientSurface.SetOvrState: vr_compositor_with_depth_test_3664x1920 ovrState=23
11-18 18:22:20.382 I/Vsync   ( 1752): Vsync 96:  2 x 13.92 ms (71.98 Hz, at 1715.982)
11-18 18:22:20.382 I/CompositorUtil( 1752): Adjusting 96.20 > 95 to 96
11-18 18:22:20.383 I/SensorService(  979): registerDirectChannel_: Allocated direct channel handle 8 (to pid 1447)
11-18 18:22:20.384 I/[CT]    ( 3775): SP:AP:AnchorPersistenceConfig: PreferencesManager: has_seen_spatial_data_sharing_notice_v2: false
11-18 18:22:20.385 W/HWComposer( 1110): Ignoring duplicate VSYNC event from HWC for display 4630946791093499009 (t=1715927101000)
11-18 18:22:20.385 I/SensorService(  979): configDirectReport for channelHandle:8 sensorHandle:3 Rate:1
11-18 18:22:20.385 I/Sensor  ( 2120): Using IAD sensor direct channel
11-18 18:22:20.387 W/HWComposer( 1110): Ignoring duplicate VSYNC event from HWC for display 4630946791093499009 (t=1715938253000)
11-18 18:22:20.387 W/HWComposer( 1110): Ignoring duplicate VSYNC event from HWC for display 4630946791093499009 (t=1715952189000)
11-18 18:22:20.387 W/HWComposer( 1110): Ignoring duplicate VSYNC event from HWC for display 4630946791093499009 (t=1715966126000)
11-18 18:22:20.388 W/HWComposer( 1110): Ignoring duplicate VSYNC event from HWC for display 4630946791093499009 (t=1715980041000)
11-18 18:22:20.388 D/MemoryBrokerClient( 2120): memorybroker::ClientConnection ctor
11-18 18:22:20.388 D/TelemetryService( 1151): Telemetry received setDestination OSSDK call with package name: com.oculus.os.vrlockscreen
11-18 18:22:20.389 I/EnvironmentBlendModeHelper( 1752): Client 0 (internal:InterstitialRenderer) changed environment blend mode to ALPHA_BLEND
11-18 18:22:20.389 W/BackgroundPassthroughLogic( 1752): AppendServicePassthroughLayer: No layer available for BGPT
11-18 18:22:20.389 I/CompositorVR( 1752): Passthrough usage state changed: app 0, guardian 0, shell 1, system 1
11-18 18:22:20.389 I/MRSS    ( 1194): MIXEDREALITY: MrService: onBackgroundPassthroughCallback: true
11-18 18:22:20.389 I/MRSS    ( 1194): MIXEDREALITY: BackgroundPassthroughController: Starting based on compositor request
11-18 18:22:20.389 I/MRSS    ( 1194): MIXEDREALITY: MrServiceController: clientConnected: 9223372036854775808//system_ext/bin/mrsystemservice//system_ext/bin/mrsystemservice
11-18 18:22:20.389 I/MRSS    ( 1194): MIXEDREALITY: ClientsStatus: ====== Connected clients ======
11-18 18:22:20.389 I/MRSS    ( 1194): MIXEDREALITY: ClientsStatus: Client: 770767987/com.oculus.vrshell/com.oculus.vrshell:3392
11-18 18:22:20.389 I/MRSS    ( 1194): MIXEDREALITY: ClientsStatus:    [Passthrough] -> Started
11-18 18:22:20.389 I/MRSS    ( 1194): MIXEDREALITY: ClientsStatus: Client: 1310376013/com.oculus.guardian/com.oculus.vrguardianservice:2387
11-18 18:22:20.389 I/MRSS    ( 1194): MIXEDREALITY: ClientsStatus:    [Passthrough] -> Created
11-18 18:22:20.389 I/MRSS    ( 1194): MIXEDREALITY: ClientsStatus: ===============================
11-18 18:22:20.389 I/MRSS    ( 1194): MIXEDREALITY: ClientsStatus: Registration from 9223372036854775808//system_ext/bin/mrsystemservice//system_ext/bin/mrsystemservice accepted.
11-18 18:22:20.389 I/MRSS    ( 1194): MIXEDREALITY: MrClientModelStates: registerClient: For client 9223372036854775808 (/system_ext/bin/mrsystemservice:/system_ext/bin/mrsystemservice, in VR mode? true).
11-18 18:22:20.389 I/MRSS    ( 1194): MIXEDREALITY: MrClientModelStates: createLayer: For client 9223372036854775808 with content MR_COMPOSITION_LAYER_BACKGROUND_PASSTHROUGH
11-18 18:22:20.389 I/MRSS    ( 1194): MIXEDREALITY: MrSvc: PassthroughLayer: Layer 1055 started on the creation
11-18 18:22:20.389 I/MRSS    ( 1194): MIXEDREALITY: MrClientModelStates: createLayer: Created layer with id 1055, running, total num layers 1.
11-18 18:22:20.389 I/MRSS    ( 1194): MIXEDREALITY: MrFeatureStatus: Passthrough: Client 9223372036854775808 status changed from Destroyed to Created.
11-18 18:22:20.389 I/MRSS    ( 1194): MIXEDREALITY: MrFeatureStatus: Passthrough for client 9223372036854775808: Target status Started, CurrentStatus: Started
11-18 18:22:20.389 I/MRSS    ( 1194): MIXEDREALITY: MrFeatureStatus: Passthrough: Client 9223372036854775808 status changed from Created to Started.
11-18 18:22:20.389 I/MRSS    ( 1194): MIXEDREALITY: MrFeatureStatus: Passthrough for client 9223372036854775808: Target status Started, CurrentStatus: Started
11-18 18:22:20.389 I/MRSS    ( 1194): MIXEDREALITY: BackgroundPassthroughController: Started
11-18 18:22:20.391 I/GuardianPreferenceStoreListener( 2387): [GuardianPreferenceStoreListener] synced preference change: is_displaying_passthrough_content: 0 -> 1
11-18 18:22:20.391 E/MRSS    ( 1194): MUSTFIX: MIXEDREALITY.MrRuntimeImpl: [Throttled count=1] fetchLatestTexturesFromSharedMemory failed, assume sensor service is dead
11-18 18:22:20.392 I/MRSS    ( 1194): MIXEDREALITY: MrRuntimeImplBase: reinitRenderingIfRequested: status=0.
11-18 18:22:20.392 I/MRSS    ( 1194): MIXEDREALITY: MrRuntimeImpl: EglStorage: cleared EGL images
11-18 18:22:20.392 I/MRSS    ( 1194): MIXEDREALITY: MrRuntimeImplBase: clearSharedMemoryBase: clearing
11-18 18:22:20.392 I/ResourceProtectionService( 1447): Clearing Immersive App: com.oculus.browser
11-18 18:22:20.393 W/VrDeviceManagerService( 1224): Thread 14028 died before priority could be set on it
11-18 18:22:20.394 W/VrDeviceManagerService( 1224): Thread 14028 in process 1752 died before policy 2 could be set on it
11-18 18:22:20.395 W/HWComposer( 1110): Ignoring duplicate VSYNC event from HWC for display 4630946791093499009 (t=1715993961000)
11-18 18:22:20.396 W/TrustedCallerVerifier( 2945): Could not verify trusted caller for uidPackageNames=[com.oculus.metacam] and uidSignature=android.content.pm.Signature@89661ab1
11-18 18:22:20.398 I/MRSS    ( 1194): MIXEDREALITY: MrRuntimeImplBase: acquireSharedMemory
11-18 18:22:20.398 I/MRSS    ( 1194): MIXEDREALITY: MrRuntimeImplBase: clearSharedMemoryBase: clearing
11-18 18:22:20.398 I/MRSS    ( 1194): MIXEDREALITY: MrRuntimeImplBase: acquireSharedMemory: success.
11-18 18:22:20.398 I/MRSS    ( 1194): MIXEDREALITY: MrRuntimeImplBase: reinitRenderingIfRequested: Reconnected.
11-18 18:22:20.398 I/MRSS    ( 1194): MIXEDREALITY: MrRuntimeImpl: MrRuntimeImpl enabled features: passthrough=true, depth=false.
11-18 18:22:20.398 I/MRSS    ( 1194): MIXEDREALITY: MrRuntimeImpl: connection to MrSystemService successful.
11-18 18:22:20.398 I/MRSS    ( 1194): MIXEDREALITY: MrRuntimeImpl: Resuming capabilities after reconnect
11-18 18:22:20.398 I/MRSS    ( 1194): MIXEDREALITY: MrRuntimeImpl: onResume: Capability Passthrough on device 2.
11-18 18:22:20.398 I/MRSS    ( 1194): MIXEDREALITY: CalibrationRefresher: MR: MrRuntimeImpl:onResume: Updated refresh interval to 10 seconds.
11-18 18:22:20.399 I/[SEO] FlowController( 3392): UpdateActiveFlow from TransitionsFlow to OsDialogFlow
11-18 18:22:20.399 I/[SEO] SurfaceTypingController( 3392): RequestDeactivate
11-18 18:22:20.399 I/[SEO] TransitionsFlow( 3392): Deactivated - Ending Immersive Transition
11-18 18:22:20.399 I/[SEO] OsDialogFlow( 3392): Activated
11-18 18:22:20.399 I/[SEO] DialogController( 3392): Reset resetReason:7
11-18 18:22:20.399 I/MRSS    ( 1194): MIXEDREALITY: MrRuntimeImpl: EglStorage: cached 2 EGL images
11-18 18:22:20.399 I/MRSS    ( 1194): MIXEDREALITY: MrRuntimeImpl: Initializing Passthrough Rendering Capability
11-18 18:22:20.399 I/[SEO] ShellApp( 3392): ResolveInteractionState: change from Rendering to None
11-18 18:22:20.399 I/[SEO] ShellApp( 3392): LeaveVrMode: Interaction state from Rendering to None
11-18 18:22:20.399 I/[SEO] ShellApp( 3392): LeaveVrMode - Skipping in Single Process Mode
11-18 18:22:20.399 D/[UNSET] ShellApplication( 3392): Setting boost to false for foreground panel service com.oculus.vrshell/com.oculus.vrshell.ShellService
11-18 18:22:20.400 I/MRSS    ( 1194): MIXEDREALITY: ClientMessengerImpl: Posting event PassthroughLayerResumed for layerId: 1002 clientId: 770767987
11-18 18:22:20.400 I/MRSS    ( 1194): MIXEDREALITY: MrServiceView: (Frame #23143/0) Initialized 1 passthrough layers with presentation layers.
11-18 18:22:20.403 W/BackgroundPassthroughLogic( 1752): AppendServicePassthroughLayer: No layer available for BGPT
11-18 18:22:20.403 I/Sensor  ( 2120): OSSDKTRACKING Initializing controller tracking
11-18 18:22:20.404 W/TrustedCallerVerifier( 2945): Could not verify trusted caller for uidPackageNames=[com.oculus.systemux] and uidSignature=android.content.pm.Signature@89661ab1
11-18 18:22:20.405 I/[CT]    ( 3775): SP:AP:AnchorPersistenceConfig: PreferencesManager: anchor_persistence_cloud_anchor_service_enabled: true
11-18 18:22:20.405 I/[CT]    ( 3775): SP:AP:AnchorPersistenceConfig: getCloudPermissionEnabledVps: userPreference(anchor_persistence_cloud_anchor_service_enabled_vps)=true, cloudPermissionOverride: -1
11-18 18:22:20.405 W/ThreadHelpers [RUNTIMEIPC]( 3775): RuntimeIPC::SetName: thread name 'AsyncRequestWorker' was truncated to 'AsyncRequestWor'
11-18 18:22:20.408 I/Sensor  ( 2120): OSSDKTRACKING Controller tracker != nullpointer 0xb400007de3ff6000, 1
11-18 18:22:20.409 W/HWComposer( 1110): Ignoring duplicate VSYNC event from HWC for display 4630946791093499009 (t=1716007871000)
11-18 18:22:20.411 I/[CT]    ( 3775): SlamAnchorPersistenceRuntimeIpcClient: SlamAnchorPersistenceRuntimeIpcClient: Get Features Query took 0.006433802 s. Query timestamp = -1
11-18 18:22:20.412 E/[CT]    ( 3775): SP:VpsModule:RequestHandler: Failed to get features query result, error code: ErrorSystemNotReady(-7). event uuid: 18645740-35fb-2861-0a14-a4dfa1eca084
11-18 18:22:20.412 I/[CT]    ( 3775): SP:VpsModule:RequestHandler: VPS request finished event uuid: 18645740-35fb-2861-0a14-a4dfa1eca084
11-18 18:22:20.412 E/[CT]    ( 3775): SP:VpsModule:TelemertyReporter: VPS request failed with vps error code: -30030 event uuid: 18645740-35fb-2861-0a14-a4dfa1eca084
11-18 18:22:20.414 W/BackgroundPassthroughLogic( 1752): AppendServicePassthroughLayer: No layer available for BGPT
11-18 18:22:20.416 I/AppManagerInternal( 2945): Caller(3392:com.oculus.vrshell) is already registered, replacing existing listener.
11-18 18:22:20.416 I/AppManagerInternal( 2945): Registered Caller(3392:com.oculus.vrshell).
11-18 18:22:20.419 W/OVRLibrary( 2808): null cursor received for query content://com.oculus.ocms.library/apps/android.uid.system%3A1000
11-18 18:22:20.424 W/HWComposer( 1110): Ignoring duplicate VSYNC event from HWC for display 4630946791093499009 (t=1716021783000)
11-18 18:22:20.424 I/ResourceProtectionService( 1447): Setting Immersive App To: com.oculus.os.vrlockscreen
11-18 18:22:20.425 D/[UNSET] ShellApplication( 3392): Setting boost to false for foreground panel service com.oculus.systemux/com.oculus.panelapp.anytimeui.AnytimeUIPanelService
11-18 18:22:20.426 W/ActivityManager( 1447): setIsForegroundPanelService: ComponentInfo{com.oculus.systemux/com.oculus.panelapp.anytimeui.AnytimeUIPanelService} not found
11-18 18:22:20.426 D/[UNSET] ShellApplication( 3392): Setting boost to false for foreground panel service com.oculus.vrshell/com.oculus.panelapp.toasts.ToastsPanelService
11-18 18:22:20.426 W/ActivityManager( 1447): setIsForegroundPanelService: ComponentInfo{com.oculus.vrshell/com.oculus.panelapp.toasts.ToastsPanelService} not found
11-18 18:22:20.426 D/[UNSET] ShellApplication( 3392): Setting boost to false for foreground panel service com.oculus.vrshell/com.oculus.panelapp.qam.QuickActionsMenuActivity
11-18 18:22:20.426 W/ActivityManager( 1447): setIsForegroundPanelService: ComponentInfo{com.oculus.vrshell/com.oculus.panelapp.qam.QuickActionsMenuActivity} not found
11-18 18:22:20.427 D/[UNSET] ShellApplication( 3392): Setting boost to false for foreground panel service com.oculus.vrshell/com.oculus.panelapp.controlbar.ControlBarActivity
11-18 18:22:20.427 W/ActivityManager( 1447): setIsForegroundPanelService: ComponentInfo{com.oculus.vrshell/com.oculus.panelapp.controlbar.ControlBarActivity} not found
11-18 18:22:20.427 D/[UNSET] ShellApplication( 3392): Setting boost to false for foreground panel service com.oculus.vrshell/com.oculus.panelapp.controlbar.UnifiedControlBarActivity
11-18 18:22:20.427 W/ActivityManager( 1447): setIsForegroundPanelService: ComponentInfo{com.oculus.vrshell/com.oculus.panelapp.controlbar.UnifiedControlBarActivity} not found
11-18 18:22:20.428 W/BackgroundPassthroughLogic( 1752): AppendServicePassthroughLayer: No layer available for BGPT
11-18 18:22:20.428 I/[SEO] ShellInputConfigurationDataProvider( 3392): InteractionMode changed, mode: Headset activation method: Headset Presence displayTimeActivated 1716.038181
11-18 18:22:20.429 E/Shell   ( 3392): createPhysicsShape() called with invalid obb extents (0.000000, 0.000000, 0.000000)
11-18 18:22:20.429 E/Shell   ( 3392): _createAndSetupHsrCollisionObject() called with invalid shapeBase
11-18 18:22:20.429 E/Shell   ( 3392): createPhysicsShape() called with invalid obb extents (0.000000, 0.000000, 0.000000)
11-18 18:22:20.429 E/Shell   ( 3392): _createAndSetupHsrCollisionObject() called with invalid shapeBase
11-18 18:22:20.429 E/Shell   ( 3392): createPhysicsShape() called with invalid obb extents (0.000000, 0.000000, 0.000000)
11-18 18:22:20.430 E/Shell   ( 3392): _createAndSetupHsrCollisionObject() called with invalid shapeBase
11-18 18:22:20.431 I/SyncBossInput(  979): [info   ] [jedi ( left) 486bfdd6a5361743]: 13676370 [info   ] {HPTH}: Set haptics frequency to 0x223C
11-18 18:22:20.440 I/MRSS    ( 1194): MIXEDREALITY: MrServiceController: VrFocusManager::Top Activity Changed, topActivity now is: 'com.oculus.browser', immersiveApp now is: 'com.oculus.os.vrlockscreen'.
11-18 18:22:20.441 E/[SUI] BackgroundActivityManager( 4829): CALL item not currently in display
11-18 18:22:20.442 W/BackgroundPassthroughLogic( 1752): AppendServicePassthroughLayer: No layer available for BGPT
11-18 18:22:20.445 I/DeviceStatus( 2120): nativeHeadsetEvent(0)
11-18 18:22:20.448 I/VrRuntimeClient( 2120): UpdateCompositorClientFeatureFlag sets clientFeatureFlag 0 
11-18 18:22:20.450 I/Tracking( 1215): AnchorCacheHelpers: Wrote Anchor Cache To Disk: 12 anchors 12 anchor loc edges 0 l1 loc edges
11-18 18:22:20.450 E/MemoryBroker( 1447): Access denied. Failed to start AppOp 137 for package android (uid: 1000, pid: 2120). Response: 1.
11-18 18:22:20.450 E/MemoryBroker( 1447): FACE_TRACKER: client 2120 not found
11-18 18:22:20.450 I/MRSS    ( 1194): MIXEDREALITY: PassthroughPresentationLayerImpl: Allocating framebuffers for layer: 1055 of size: 640x640, color internal format: 0x822b, depth internal format: 0x0, swap chain length: 2, textureSamplingFilter: 1, 
11-18 18:22:20.450 I/MRSS    ( 1194): MIXEDREALITY: GlFramebufferFactory: framebuffer pool creating buffer (elements in pool=0)
11-18 18:22:20.450 W/MemoryBrokerClient( 2120): Face: failed to remap FACE_TRACKER: getSharedMemoryFileDescriptor (Status(-1, EX_SECURITY): 'missing runtime permission(s)')
11-18 18:22:20.450 I/MRSS    ( 1194): MIXEDREALITY: GlFramebufferFactory: framebuffer pool miss (pool was empty=true). GlobalCount: 2
11-18 18:22:20.451 I/VrRuntimeService( 1752): CreateSwapChain: 4258670078
11-18 18:22:20.451 I/VrRuntimeService( 1752): CreateSwapChain: api:gles 2 0x822b 640 640 1 2 2 0 3
11-18 18:22:20.451 I/@@@     ( 1752): surface: SUCCESS posting result to queue
11-18 18:22:20.451 I/CompositorServer( 1752): CreateTextureSwapChain: result importswapchainfromdevice 1
11-18 18:22:20.452 W/OVRLibrary( 2808): null cursor received for query content://com.oculus.ocms.library/apps/android.uid.system%3A1000
11-18 18:22:20.453 I/GuardianFocusListener( 2387): [GuardianFocusListener::UpdateCurrentProcess] com.oculus.os.vrlockscreen
11-18 18:22:20.453 I/GuardianLifecycleMgr( 2387): [GuardianLifecycleMgr::SetIsOSAppRunning] OS dialog com.oculus.os.vrlockscreen is running.
11-18 18:22:20.453 I/GuardianShellAndProcessUtil( 2387): SetCurrentProcessName: com.oculus.os.vrlockscreen, previous ProcessName: com.oculus.browser
11-18 18:22:20.453 I/OpenXR_GPUMemTrace( 1194): Swapchain creation, id=431, idx=0, MemoryAllocationSize: 1621 KB
11-18 18:22:20.453 I/OpenXR_GPUMemTrace( 1194): Swapchain creation, id=431, idx=1, MemoryAllocationSize: 1621 KB
11-18 18:22:20.453 I/[SEO] VrPlatformOpenXr( 3392): xrPollEvent: received XR_TYPE_EVENT_DATA_PASSTHROUGH_LAYER_RESUMED_META event
11-18 18:22:20.453 I/[SEO] MrServiceClientOpenXr( 3392): OnPassthroughLayerResumedEvent: KEYBOARD_HANDS_LAYER[0] PASSTHROUGH_FEATURE_FRAMEWORK_LAYER[1] PROJECTED_LAYER[0]
11-18 18:22:20.453 I/GuardianLifecycleMgr( 2387): GuardianLifecycleMgr::DetermineSuspendedLifecycleState Guardian is suspended when GetIsOSAppRunning() 1 GetIsGuardianPausedViaPrefStore() 0 GetIsIn3DofMode() 0 GetIsGuardianPausedViaSysProp() 0 GetIsHmdUnmounted() 0 
11-18 18:22:20.453 I/GuardianLifecycleMgr( 2387): ~~[GuardianLifecycleMgr::UpdateLifecycleState] Lifecycle state changed from SAFETY_SYSTEM_VR to SUSPENDED
11-18 18:22:20.454 I/SurfaceKeyboardClient( 2120): Surface keyboard is not supported on device
11-18 18:22:20.456 W/BackgroundPassthroughLogic( 1752): AppendServicePassthroughLayer: No layer available for BGPT
11-18 18:22:20.456 I/RuntimeIPCClient [RUNTIMEIPC]( 2120): InitServerStateBuffer: SUCCESS. 0, Client: com.oculus.os.vrlockscreen:com.oculus.os.vrlockscreen:2120, Server: com.oculus.guardian:com.oculus.vrguardianservice:0 (guardianserver)
11-18 18:22:20.457 I/VrRuntimeClient( 2120): Mounted state at BeginSession: True
11-18 18:22:20.458 I/crcs    ( 1000): Performance profile changed to collaboration
11-18 18:22:20.459 I/LogTimer( 2120): CPUTIME: VrRuntimeClient_BeginSession took 95.7734 ms
11-18 18:22:20.459 W/MRSS    ( 1194): MIXEDREALITY: CameraComputeCapability: WatchdogProbe: Frame Grayscale delayed for 45ms, expected max delay 45ms. 
11-18 18:22:20.462 W/MRSS    ( 1194): MIXEDREALITY: CameraComputeCapability: WatchdogProbe: Frame Grayscale arrived after 47ms, expected max delay 45ms. 
11-18 18:22:20.465 I/ClientInputSettings( 2120): HANDTRACKING: enabled input settings, setting hand mode control settings to ControllersOnly
11-18 18:22:20.465 I/ClientInputSettings( 2120): HANDTRACKING package name is com.oculus.os.vrlockscreen
11-18 18:22:20.466 W/Telemetry( 2120): [XRINPUT] HANDTRACKING Deprecated Manifest Permission request from ; com.oculus.os.vrlockscreen
11-18 18:22:20.466 W/ClientInputSettings( 2120): HANDTRACKING: Deprecated Manifest Permission request for com.oculus.os.vrlockscreen please update to 'horizonos.permission.HAND_TRACKING'
11-18 18:22:20.466 I/ClientInputSettings( 2120): HANDTRACKING: Manifest Permission request for com.oculus.os.vrlockscreen
11-18 18:22:20.466 I/ClientInputSettings( 2120): HANDTRACKING:  'com.oculus.os.vrlockscreen' Is hands or controller.
11-18 18:22:20.466 I/ClientInputSettings( 2120): HANDTRACKING: feature flag set to 2
11-18 18:22:20.466 I/ClientInputInterface( 2120): HANDTRACKING sethandmanifest 2
11-18 18:22:20.470 W/ProxyLayerLogic( 1752): Layer (Type 1, ID 1002, content 3) was dropped because its required proxy layer could not be found
11-18 18:22:20.470 W/BackgroundPassthroughLogic( 1752): Unmatched layer (ID 1002, content 3) used as replacement for background passthrough layer, because its required proxy layer could not be found
11-18 18:22:20.470 I/CompositorVR( 1752): Passthrough usage state changed: app 0, guardian 0, shell 0, system 1
11-18 18:22:20.472 I/InputDeviceManager( 2120): ovrInputDeviceManager::Initialize
11-18 18:22:20.477 W/OVRLibrary( 4829): null cursor received for query content://com.oculus.ocms.library/apps/com.oculus.os.vrlockscreen
11-18 18:22:20.482 I/XrPerformanceManager( 1752): [EVENT] Performance profile changed to: SOCIAL_PRESENCE
11-18 18:22:20.482 I/ClientMgr( 1752): Performance event: PROFILE_CHANGED to 2.
11-18 18:22:20.483 W/ProxyLayerLogic( 1752): Layer (Type 1, ID 1002, content 3) was dropped because its required proxy layer could not be found
11-18 18:22:20.483 W/BackgroundPassthroughLogic( 1752): Unmatched layer (ID 1002, content 3) used as replacement for background passthrough layer, because its required proxy layer could not be found
11-18 18:22:20.486 W/OVRLibrary( 4142): null cursor received for query content://com.oculus.ocms.library/apps/com.oculus.os.vrlockscreen
11-18 18:22:20.489 W/TrustedCallerVerifier( 2945): Could not verify trusted caller for uidPackageNames=[com.oculus.metacam] and uidSignature=android.content.pm.Signature@89661ab1
11-18 18:22:20.497 I/InputDevice_Hand_Legacy( 2120): BodyPoweredHands checkSysPropForBodyAPIOverride 0
11-18 18:22:20.497 W/ProxyLayerLogic( 1752): Layer (Type 1, ID 1002, content 3) was dropped because its required proxy layer could not be found
11-18 18:22:20.499 I/InputDevice_Hand_Legacy( 2120): BodyPoweredHands checkSysPropForBodyAPIOverride 0
11-18 18:22:20.500 I/TREX    ( 2120): Interface 'WristbandClientInterface', version 10 was not found. Check debug build for more information.
11-18 18:22:20.500 I/VrApi   ( 2120): SetScreenCaptureInhibitFlag : DISABLED due to IsPackageInList true
11-18 18:22:20.500 I/Distortion( 2120): Initializing Mesh Decenter Correction
11-18 18:22:20.502 I/Distortion( 2120): SetLensPositions - iad=0.0679831, left offset=0.00208699,-0.00120678, right offset=-0.00249522,-0.00129203
11-18 18:22:20.502 I/Distortion( 2120): persist.debug.oculus.use.persisted.custom.fov = 0
11-18 18:22:20.502 I/Distortion( 2120): Initializing Mesh Decenter Correction
11-18 18:22:20.505 I/Distortion( 2120): SetLensPositions - iad=0.0679831, left offset=0.00208699,-0.00120678, right offset=-0.00249522,-0.00129203
11-18 18:22:20.505 I/Distortion( 2120): persist.debug.oculus.use.persisted.custom.fov = 0
11-18 18:22:20.505 I/VrApi   ( 2120): ovrModeParms::VRAPI_MODE_FLAG_RESET_WINDOW_FULLSCREEN = 1
11-18 18:22:20.505 I/VrApi   ( 2120): ovrModeParms::VRAPI_MODE_FLAG_NATIVE_WINDOW = 1
11-18 18:22:20.505 I/VrApi   ( 2120): ovrModeParms::VRAPI_MODE_FLAG_FRONT_BUFFER_SRGB = 0
11-18 18:22:20.506 I/VrApi   ( 2120): ovrModeParms::VRAPI_MODE_FLAG_PHASE_SYNC = 0
11-18 18:22:20.506 I/VrApi   ( 2120): ovrModeParms::VRAPI_MODE_FLAG_APP_SPACE_WARP = 0
11-18 18:22:20.506 I/VrRuntimeClient( 2120): SetPhaseSyncMode 0
11-18 18:22:20.506 I/VrApi   ( 2120): PhaseSync disabled
11-18 18:22:20.506 I/VrApi   ( 2120): HMD sensor attached.
11-18 18:22:20.506 I/JVMHandler( 2120): JVMHandler: callStaticMethodWithVariableArguments. [functionName:getClientWindow] is valid: [1]
11-18 18:22:20.507 I/JVMHandler( 2120): JVMHandler: callStaticMethodWithVariableArguments. [functionName:getActivityID] is valid: [1]
11-18 18:22:20.511 W/ProxyLayerLogic( 1752): Layer (Type 1, ID 1002, content 3) was dropped because its required proxy layer could not be found
11-18 18:22:20.513 I/VrRuntimeService( 1752): RuntimeServiceSDKServer::EnableRendering: 0x7dd762a560, 2, com.oculus.os.vrlockscreen
11-18 18:22:20.513 I/VrRuntimeService( 1752): RuntimeServiceSDKServer::EnableRendering: 0x0, 0, com.oculus.os.vrlockscreen
11-18 18:22:20.513 I/ClientMgr( 1752): ShouldClientHaveFocus: Client[com.oculus.os.vrlockscreen:2120]: Given ClientWindow = 0x7dd762a560, FocusedWindow = 0x7dd762a560, 
11-18 18:22:20.513 I/ClientMgr( 1752): EnableRendering2: Calling SetFocusedClient: 3722230930
